[INFO] Scanning for projects...
[INFO] 
[INFO] ------------------< villagecompute:village-calendar >-------------------
[INFO] Building village-calendar 1.0-SNAPSHOT
[INFO]   from pom.xml
[INFO] --------------------------------[ jar ]---------------------------------
[INFO] 
[INFO] --- jacoco:0.8.11:prepare-agent (prepare-agent) @ village-calendar ---
[INFO] argLine set to -javaagent:/Users/tea/.m2/repository/org/jacoco/org.jacoco.agent/0.8.11/org.jacoco.agent-0.8.11-runtime.jar=destfile=/Users/tea/dev/VillageCompute/code/village-calendar/target/jacoco.exec
[INFO] 
[INFO] --- resources:3.3.1:resources (default-resources) @ village-calendar ---
[INFO] Copying 7 resources from src/main/resources to target/classes
[INFO] 
[INFO] --- quarkus:3.26.2:generate-code (default) @ village-calendar ---
[INFO] 
[INFO] --- compiler:3.13.0:compile (default-compile) @ village-calendar ---
[INFO] Nothing to compile - all classes are up to date.
[INFO] 
[INFO] --- quarkus:3.26.2:generate-code-tests (default) @ village-calendar ---
[INFO] 
[INFO] --- resources:3.3.1:testResources (default-testResources) @ village-calendar ---
[INFO] Copying 1 resource from src/test/resources to target/test-classes
[INFO] 
[INFO] --- compiler:3.13.0:testCompile (default-testCompile) @ village-calendar ---
[INFO] Nothing to compile - all classes are up to date.
[INFO] 
[INFO] --- surefire:3.5.2:test (default-test) @ village-calendar ---
[INFO] Using auto detected provider org.apache.maven.surefire.junitplatform.JUnitPlatformProvider
[INFO] 
[INFO] -------------------------------------------------------
[INFO]  T E S T S
[INFO] -------------------------------------------------------
2025-10-17 04:13:01,497 WARN  [io.qua.qui.dep.QuinoaProcessor] (build-46) Quinoa is disabled by default in tests.
2025-10-17 04:13:01,642 INFO  [org.tes.DockerClientFactory] (build-31) Testcontainers version: 1.21.3
2025-10-17 04:13:01,871 INFO  [org.tes.doc.DockerClientProviderStrategy] (build-31) Loaded org.testcontainers.dockerclient.UnixSocketClientProviderStrategy from ~/.testcontainers.properties, will try it first
2025-10-17 04:13:02,088 INFO  [org.tes.doc.DockerClientProviderStrategy] (build-31) Found Docker environment with local Unix socket (unix:///var/run/docker.sock)
2025-10-17 04:13:02,090 INFO  [org.tes.DockerClientFactory] (build-31) Docker host IP address is localhost
2025-10-17 04:13:02,115 INFO  [org.tes.DockerClientFactory] (build-31) Connected to docker: 
  Server Version: 28.1.1
  API Version: 1.49
  Operating System: Docker Desktop
  Total Memory: 15973 MB
  Labels: 
    com.docker.desktop.address=unix:///Users/tea/Library/Containers/com.docker.docker/Data/docker-cli.sock
2025-10-17 04:13:02,135 INFO  [org.tes.ima.PullPolicy] (build-31) Image pull policy will be performed by: DefaultPullPolicy()
2025-10-17 04:13:02,137 INFO  [org.tes.uti.ImageNameSubstitutor] (build-31) Image name substitution will be performed by: DefaultImageNameSubstitutor (composite of 'ConfigurationFileImageNameSubstitutor' and 'PrefixingImageNameSubstitutor')
2025-10-17 04:13:02,140 INFO  [org.tes.DockerClientFactory] (build-31) Checking the system...
2025-10-17 04:13:02,140 INFO  [org.tes.DockerClientFactory] (build-31) ✔︎ Docker server version should be at least 1.6.0
2025-10-17 04:13:02,203 INFO  [io.qua.dev.key.KeycloakDevServicesProcessor] (build-57) Using Quarkus powered Keycloak distribution
2025-10-17 04:13:02,228 INFO  [tc.qua.io/.3.0] (build-57) Creating container for image: quay.io/keycloak/keycloak:26.3.0
2025-10-17 04:13:02,247 INFO  [tc.tes.12.0] (build-57) Creating container for image: testcontainers/ryuk:0.12.0
2025-10-17 04:13:02,345 INFO  [tc.tes.12.0] (build-57) Container testcontainers/ryuk:0.12.0 is starting: 3656ed43e121de8ffc9412b5fb8ef58c25900830e39070d1301832d659eaea68
2025-10-17 04:13:02,589 INFO  [tc.tes.12.0] (build-57) Container testcontainers/ryuk:0.12.0 started in PT0.342512S
2025-10-17 04:13:02,710 INFO  [tc.qua.io/.3.0] (build-57) Container quay.io/keycloak/keycloak:26.3.0 is starting: b51846939faaca534c7c769ab5f687487fdc1ab079a24c1a1ee9ddf1c7b5401e
2025-10-17 04:13:11,795 INFO  [tc.qua.io/.3.0] (build-57) Container quay.io/keycloak/keycloak:26.3.0 started in PT9.566962S
2025-10-17 04:13:13,343 INFO  [io.qua.dev.key.KeycloakDevServicesProcessor] (build-57) Dev Services for Keycloak started.
[INFO] Running villagecompute.calendar.api.graphql.CalendarGraphQLTest
2025-10-17 04:13:14,207 INFO  [org.hib.jpa.int.uti.LogHelper] (main) HHH000204: Processing PersistenceUnitInfo [name: <default>]
2025-10-17 04:13:14,240 INFO  [org.hib.Version] (main) HHH000412: Hibernate ORM core version 7.1.0.Final
2025-10-17 04:13:14,416 INFO  [org.hib.orm.con.pooling] (main) HHH10001005: Database info:
	Database JDBC URL [undefined/unknown]
	Database driver: undefined/unknown
	Database dialect: H2Dialect
	Database version: 2.3.230
	Default catalog/schema: unknown/unknown
	Autocommit mode: undefined/unknown
	Isolation level: <unknown>
	JDBC fetch size: undefined/unknown
	Pool: undefined/unknown
	Minimum pool size: undefined/unknown
	Maximum pool size: undefined/unknown
2025-10-17 04:13:14,591 INFO  [org.hib.val.int.uti.Version] (main) HV000001: Hibernate Validator 9.0.1.Final
2025-10-17 04:13:14,949 WARN  [io.qua.config] (main) Unrecognized configuration key "quarkus.oidc.apple.enabled" was provided; it will be ignored; verify that the dependency extension for this configuration is set or that you did not make a typo
2025-10-17 04:13:14,949 WARN  [io.qua.config] (main) Unrecognized configuration key "quarkus.oidc.facebook.enabled" was provided; it will be ignored; verify that the dependency extension for this configuration is set or that you did not make a typo
2025-10-17 04:13:14,949 WARN  [io.qua.config] (main) Unrecognized configuration key "quarkus.oidc.google.enabled" was provided; it will be ignored; verify that the dependency extension for this configuration is set or that you did not make a typo
2025-10-17 04:13:14,949 WARN  [io.qua.config] (main) Unrecognized configuration key "quarkus.smallrye-graphql.additional-scalars" was provided; it will be ignored; verify that the dependency extension for this configuration is set or that you did not make a typo
2025-10-17 04:13:14,954 WARN  [io.qua.config] (main) The "quarkus.hibernate-orm.database.generation" config property is deprecated and should not be used anymore.
2025-10-17 04:13:14,955 WARN  [io.qua.config] (main) The "quarkus.smallrye-graphql.ui.enable" config property is deprecated and should not be used anymore.
2025-10-17 04:13:17,719 WARN  [io.qua.oid.run.TenantConfigContextImpl] (vert.x-eventloop-thread-1) Secret key for encrypting tokens in a session cookie should be at least 32 characters long for the strongest cookie encryption to be produced. Please configure 'quarkus.oidc.token-state-manager.encryption-secret' or update the configured client secret. You can disable the session cookie encryption with 'quarkus.oidc.token-state-manager.encryption-required=false' but only if it is considered to be safe in your application's network.
[Hibernate] 
    drop table if exists analytics_rollups cascade 
[Hibernate] 
    drop table if exists calendar_orders cascade 
[Hibernate] 
    drop table if exists calendar_templates cascade 
[Hibernate] 
    drop table if exists calendar_users cascade 
[Hibernate] 
    drop table if exists delayed_jobs cascade 
[Hibernate] 
    drop table if exists page_views cascade 
[Hibernate] 
    drop table if exists user_calendars cascade 
[Hibernate] 
    create table analytics_rollups (
        value numeric(15,2) not null,
        created timestamp(6) with time zone not null,
        period_end timestamp(6) with time zone not null,
        period_start timestamp(6) with time zone not null,
        updated timestamp(6) with time zone,
        version bigint,
        id uuid not null,
        dimension_value varchar(500),
        dimension_key varchar(255),
        metric_name varchar(255) not null,
        primary key (id),
        constraint uk_analytics_rollups_unique unique (metric_name, dimension_key, dimension_value, period_start, period_end)
    )
2025-10-17 04:13:19,768 WARN  [org.hib.too.sch.int.ExceptionHandlerLoggedImpl] (JPA Startup Thread) GenerationTarget encountered exception accepting command : Error executing DDL "
    create table analytics_rollups (
        value numeric(15,2) not null,
        created timestamp(6) with time zone not null,
        period_end timestamp(6) with time zone not null,
        period_start timestamp(6) with time zone not null,
        updated timestamp(6) with time zone,
        version bigint,
        id uuid not null,
        dimension_value varchar(500),
        dimension_key varchar(255),
        metric_name varchar(255) not null,
        primary key (id),
        constraint uk_analytics_rollups_unique unique (metric_name, dimension_key, dimension_value, period_start, period_end)
    )" via JDBC [Syntax error in SQL statement "\000a    create table analytics_rollups (\000a        [*]value numeric(15,2) not null,\000a        created timestamp(6) with time zone not null,\000a        period_end timestamp(6) with time zone not null,\000a        period_start timestamp(6) with time zone not null,\000a        updated timestamp(6) with time zone,\000a        version bigint,\000a        id uuid not null,\000a        dimension_value varchar(500),\000a        dimension_key varchar(255),\000a        metric_name varchar(255) not null,\000a        primary key (id),\000a        constraint uk_analytics_rollups_unique unique (metric_name, dimension_key, dimension_value, period_start, period_end)\000a    )"; expected "identifier";]: org.hibernate.tool.schema.spi.CommandAcceptanceException: Error executing DDL "
    create table analytics_rollups (
        value numeric(15,2) not null,
        created timestamp(6) with time zone not null,
        period_end timestamp(6) with time zone not null,
        period_start timestamp(6) with time zone not null,
        updated timestamp(6) with time zone,
        version bigint,
        id uuid not null,
        dimension_value varchar(500),
        dimension_key varchar(255),
        metric_name varchar(255) not null,
        primary key (id),
        constraint uk_analytics_rollups_unique unique (metric_name, dimension_key, dimension_value, period_start, period_end)
    )" via JDBC [Syntax error in SQL statement "\000a    create table analytics_rollups (\000a        [*]value numeric(15,2) not null,\000a        created timestamp(6) with time zone not null,\000a        period_end timestamp(6) with time zone not null,\000a        period_start timestamp(6) with time zone not null,\000a        updated timestamp(6) with time zone,\000a        version bigint,\000a        id uuid not null,\000a        dimension_value varchar(500),\000a        dimension_key varchar(255),\000a        metric_name varchar(255) not null,\000a        primary key (id),\000a        constraint uk_analytics_rollups_unique unique (metric_name, dimension_key, dimension_value, period_start, period_end)\000a    )"; expected "identifier";]
	at org.hibernate.tool.schema.internal.exec.GenerationTargetToDatabase.accept(GenerationTargetToDatabase.java:93)
	at org.hibernate.tool.schema.internal.Helper.applySqlString(Helper.java:222)
	at org.hibernate.tool.schema.internal.Helper.applySqlStrings(Helper.java:208)
	at org.hibernate.tool.schema.internal.SchemaCreatorImpl.createTables(SchemaCreatorImpl.java:417)
	at org.hibernate.tool.schema.internal.SchemaCreatorImpl.createSequencesTablesConstraints(SchemaCreatorImpl.java:333)
	at org.hibernate.tool.schema.internal.SchemaCreatorImpl.createFromMetadata(SchemaCreatorImpl.java:228)
	at org.hibernate.tool.schema.internal.SchemaCreatorImpl.performCreation(SchemaCreatorImpl.java:160)
	at org.hibernate.tool.schema.internal.SchemaCreatorImpl.doCreation(SchemaCreatorImpl.java:130)
	at org.hibernate.tool.schema.internal.SchemaCreatorImpl.doCreation(SchemaCreatorImpl.java:106)
	at org.hibernate.tool.schema.spi.SchemaManagementToolCoordinator.performDatabaseAction(SchemaManagementToolCoordinator.java:237)
	at org.hibernate.tool.schema.spi.SchemaManagementToolCoordinator.lambda$process$5(SchemaManagementToolCoordinator.java:142)
	at java.base/java.util.HashMap.forEach(HashMap.java:1429)
	at org.hibernate.tool.schema.spi.SchemaManagementToolCoordinator.process(SchemaManagementToolCoordinator.java:139)
	at io.quarkus.hibernate.orm.runtime.observers.SessionFactoryObserverForSchemaExport.sessionFactoryCreated(SessionFactoryObserverForSchemaExport.java:21)
	at org.hibernate.internal.SessionFactoryObserverChain.sessionFactoryCreated(SessionFactoryObserverChain.java:33)
	at org.hibernate.internal.SessionFactoryImpl.<init>(SessionFactoryImpl.java:350)
	at io.quarkus.hibernate.orm.runtime.boot.FastBootEntityManagerFactoryBuilder.build(FastBootEntityManagerFactoryBuilder.java:97)
	at io.quarkus.hibernate.orm.runtime.FastBootHibernatePersistenceProvider.createEntityManagerFactory(FastBootHibernatePersistenceProvider.java:88)
	at jakarta.persistence.Persistence.createEntityManagerFactory(Persistence.java:90)
	at io.quarkus.hibernate.orm.runtime.JPAConfig$LazyPersistenceUnit.get(JPAConfig.java:183)
	at io.quarkus.hibernate.orm.runtime.JPAConfig$1.run(JPAConfig.java:68)
	at java.base/java.lang.Thread.run(Thread.java:1583)
Caused by: org.h2.jdbc.JdbcSQLSyntaxErrorException: Syntax error in SQL statement "\000a    create table analytics_rollups (\000a        [*]value numeric(15,2) not null,\000a        created timestamp(6) with time zone not null,\000a        period_end timestamp(6) with time zone not null,\000a        period_start timestamp(6) with time zone not null,\000a        updated timestamp(6) with time zone,\000a        version bigint,\000a        id uuid not null,\000a        dimension_value varchar(500),\000a        dimension_key varchar(255),\000a        metric_name varchar(255) not null,\000a        primary key (id),\000a        constraint uk_analytics_rollups_unique unique (metric_name, dimension_key, dimension_value, period_start, period_end)\000a    )"; expected "identifier"; SQL statement:

    create table analytics_rollups (
        value numeric(15,2) not null,
        created timestamp(6) with time zone not null,
        period_end timestamp(6) with time zone not null,
        period_start timestamp(6) with time zone not null,
        updated timestamp(6) with time zone,
        version bigint,
        id uuid not null,
        dimension_value varchar(500),
        dimension_key varchar(255),
        metric_name varchar(255) not null,
        primary key (id),
        constraint uk_analytics_rollups_unique unique (metric_name, dimension_key, dimension_value, period_start, period_end)
    ) [42001-230]
	at org.h2.message.DbException.getJdbcSQLException(DbException.java:514)
	at org.h2.message.DbException.getJdbcSQLException(DbException.java:489)
	at org.h2.message.DbException.getSyntaxError(DbException.java:261)
	at org.h2.command.Parser.readIdentifier(Parser.java:5525)
	at org.h2.command.Parser.parseTableColumnDefinition(Parser.java:8870)
	at org.h2.command.Parser.parseCreateTable(Parser.java:8818)
	at org.h2.command.Parser.parseCreate(Parser.java:6396)
	at org.h2.command.Parser.parsePrepared(Parser.java:644)
	at org.h2.command.Parser.parse(Parser.java:580)
	at org.h2.command.Parser.parse(Parser.java:555)
	at org.h2.command.Parser.prepareCommand(Parser.java:484)
	at org.h2.engine.SessionLocal.prepareLocal(SessionLocal.java:644)
	at org.h2.engine.SessionLocal.prepareCommand(SessionLocal.java:560)
	at org.h2.jdbc.JdbcConnection.prepareCommand(JdbcConnection.java:1164)
	at org.h2.jdbc.JdbcStatement.executeInternal(JdbcStatement.java:245)
	at org.h2.jdbc.JdbcStatement.execute(JdbcStatement.java:231)
	at io.agroal.pool.wrapper.StatementWrapper.execute(StatementWrapper.java:222)
	at org.hibernate.tool.schema.internal.exec.GenerationTargetToDatabase.accept(GenerationTargetToDatabase.java:79)
	... 21 more

[Hibernate] 
    create table calendar_orders (
        quantity integer not null check (quantity>=1),
        total_price numeric(10,2) not null,
        unit_price numeric(10,2) not null,
        created timestamp(6) with time zone not null,
        paid_at timestamp(6) with time zone,
        shipped_at timestamp(6) with time zone,
        updated timestamp(6) with time zone,
        version bigint,
        calendar_id uuid not null,
        id uuid not null,
        user_id uuid not null,
        status varchar(50) not null,
        notes TEXT,
        stripe_charge_id varchar(255),
        stripe_payment_intent_id varchar(255),
        shipping_address jsonb,
        primary key (id)
    )
[Hibernate] 
    create table calendar_templates (
        display_order integer not null,
        is_active boolean not null,
        is_featured boolean not null,
        created timestamp(6) with time zone not null,
        updated timestamp(6) with time zone,
        version bigint,
        id uuid not null,
        thumbnail_url varchar(500),
        description TEXT,
        name varchar(255) not null,
        preview_svg TEXT,
        configuration jsonb not null,
        primary key (id)
    )
[Hibernate] 
    create table calendar_users (
        is_admin boolean not null,
        created timestamp(6) with time zone not null,
        last_login_at timestamp(6) with time zone,
        updated timestamp(6) with time zone,
        version bigint,
        id uuid not null,
        oauth_provider varchar(50) not null,
        profile_image_url varchar(500),
        display_name varchar(255),
        email varchar(255) not null,
        oauth_subject varchar(255) not null,
        primary key (id),
        constraint uk_calendar_users_oauth unique (oauth_provider, oauth_subject)
    )
[Hibernate] 
    create table delayed_jobs (
        attempts integer not null,
        complete boolean not null,
        completed_with_failure boolean not null,
        locked boolean not null,
        priority integer not null,
        completed_at timestamp(6) with time zone,
        created timestamp(6) with time zone not null,
        failed_at timestamp(6) with time zone,
        locked_at timestamp(6) with time zone,
        run_at timestamp(6) with time zone not null,
        updated timestamp(6) with time zone,
        version bigint,
        id uuid not null,
        actor_id VARCHAR(36) not null,
        failure_reason TEXT,
        last_error TEXT,
        queue enum ('EMAIL_GENERAL','EMAIL_ORDER_CONFIRMATION','EMAIL_SHIPPING_NOTIFICATION') not null,
        primary key (id)
    )
[Hibernate] 
    create table page_views (
        created timestamp(6) with time zone not null,
        updated timestamp(6) with time zone,
        version bigint,
        id uuid not null,
        user_id uuid,
        path varchar(500) not null,
        referrer varchar(500),
        user_agent varchar(1000),
        session_id varchar(255) not null,
        primary key (id)
    )
[Hibernate] 
    create table user_calendars (
        is_public boolean not null,
        "year" integer not null,
        created timestamp(6) with time zone not null,
        updated timestamp(6) with time zone,
        version bigint,
        id uuid not null,
        template_id uuid,
        user_id uuid,
        generated_pdf_url varchar(500),
        generated_svg TEXT,
        name varchar(255) not null,
        session_id varchar(255),
        configuration jsonb,
        primary key (id)
    )
[Hibernate] 
    create index idx_analytics_rollups_metric 
       on analytics_rollups (metric_name, period_start, dimension_key)
2025-10-17 04:13:19,781 WARN  [org.hib.too.sch.int.ExceptionHandlerLoggedImpl] (JPA Startup Thread) GenerationTarget encountered exception accepting command : Error executing DDL "
    create index idx_analytics_rollups_metric 
       on analytics_rollups (metric_name, period_start, dimension_key)" via JDBC [Table "analytics_rollups" not found;]: org.hibernate.tool.schema.spi.CommandAcceptanceException: Error executing DDL "
    create index idx_analytics_rollups_metric 
       on analytics_rollups (metric_name, period_start, dimension_key)" via JDBC [Table "analytics_rollups" not found;]
	at org.hibernate.tool.schema.internal.exec.GenerationTargetToDatabase.accept(GenerationTargetToDatabase.java:93)
	at org.hibernate.tool.schema.internal.Helper.applySqlString(Helper.java:222)
	at org.hibernate.tool.schema.internal.Helper.applySqlStrings(Helper.java:208)
	at org.hibernate.tool.schema.internal.SchemaCreatorImpl.createTableConstraints(SchemaCreatorImpl.java:379)
	at org.hibernate.tool.schema.internal.SchemaCreatorImpl.createSequencesTablesConstraints(SchemaCreatorImpl.java:345)
	at org.hibernate.tool.schema.internal.SchemaCreatorImpl.createFromMetadata(SchemaCreatorImpl.java:228)
	at org.hibernate.tool.schema.internal.SchemaCreatorImpl.performCreation(SchemaCreatorImpl.java:160)
	at org.hibernate.tool.schema.internal.SchemaCreatorImpl.doCreation(SchemaCreatorImpl.java:130)
	at org.hibernate.tool.schema.internal.SchemaCreatorImpl.doCreation(SchemaCreatorImpl.java:106)
	at org.hibernate.tool.schema.spi.SchemaManagementToolCoordinator.performDatabaseAction(SchemaManagementToolCoordinator.java:237)
	at org.hibernate.tool.schema.spi.SchemaManagementToolCoordinator.lambda$process$5(SchemaManagementToolCoordinator.java:142)
	at java.base/java.util.HashMap.forEach(HashMap.java:1429)
	at org.hibernate.tool.schema.spi.SchemaManagementToolCoordinator.process(SchemaManagementToolCoordinator.java:139)
	at io.quarkus.hibernate.orm.runtime.observers.SessionFactoryObserverForSchemaExport.sessionFactoryCreated(SessionFactoryObserverForSchemaExport.java:21)
	at org.hibernate.internal.SessionFactoryObserverChain.sessionFactoryCreated(SessionFactoryObserverChain.java:33)
	at org.hibernate.internal.SessionFactoryImpl.<init>(SessionFactoryImpl.java:350)
	at io.quarkus.hibernate.orm.runtime.boot.FastBootEntityManagerFactoryBuilder.build(FastBootEntityManagerFactoryBuilder.java:97)
	at io.quarkus.hibernate.orm.runtime.FastBootHibernatePersistenceProvider.createEntityManagerFactory(FastBootHibernatePersistenceProvider.java:88)
	at jakarta.persistence.Persistence.createEntityManagerFactory(Persistence.java:90)
	at io.quarkus.hibernate.orm.runtime.JPAConfig$LazyPersistenceUnit.get(JPAConfig.java:183)
	at io.quarkus.hibernate.orm.runtime.JPAConfig$1.run(JPAConfig.java:68)
	at java.base/java.lang.Thread.run(Thread.java:1583)
Caused by: org.h2.jdbc.JdbcSQLSyntaxErrorException: Table "analytics_rollups" not found; SQL statement:

    create index idx_analytics_rollups_metric 
       on analytics_rollups (metric_name, period_start, dimension [42102-230]
	at org.h2.message.DbException.getJdbcSQLException(DbException.java:514)
	at org.h2.message.DbException.getJdbcSQLException(DbException.java:489)
	at org.h2.message.DbException.get(DbException.java:223)
	at org.h2.message.DbException.get(DbException.java:199)
	at org.h2.command.ddl.CreateIndex.update(CreateIndex.java:70)
	at org.h2.command.CommandContainer.update(CommandContainer.java:139)
	at org.h2.command.Command.executeUpdate(Command.java:304)
	at org.h2.command.Command.executeUpdate(Command.java:248)
	at org.h2.jdbc.JdbcStatement.executeInternal(JdbcStatement.java:262)
	at org.h2.jdbc.JdbcStatement.execute(JdbcStatement.java:231)
	at io.agroal.pool.wrapper.StatementWrapper.execute(StatementWrapper.java:222)
	at org.hibernate.tool.schema.internal.exec.GenerationTargetToDatabase.accept(GenerationTargetToDatabase.java:79)
	... 21 more

[Hibernate] 
    create index idx_analytics_rollups_period 
       on analytics_rollups (period_start, period_end)
2025-10-17 04:13:19,782 WARN  [org.hib.too.sch.int.ExceptionHandlerLoggedImpl] (JPA Startup Thread) GenerationTarget encountered exception accepting command : Error executing DDL "
    create index idx_analytics_rollups_period 
       on analytics_rollups (period_start, period_end)" via JDBC [Table "analytics_rollups" not found;]: org.hibernate.tool.schema.spi.CommandAcceptanceException: Error executing DDL "
    create index idx_analytics_rollups_period 
       on analytics_rollups (period_start, period_end)" via JDBC [Table "analytics_rollups" not found;]
	at org.hibernate.tool.schema.internal.exec.GenerationTargetToDatabase.accept(GenerationTargetToDatabase.java:93)
	at org.hibernate.tool.schema.internal.Helper.applySqlString(Helper.java:222)
	at org.hibernate.tool.schema.internal.Helper.applySqlStrings(Helper.java:208)
	at org.hibernate.tool.schema.internal.SchemaCreatorImpl.createTableConstraints(SchemaCreatorImpl.java:379)
	at org.hibernate.tool.schema.internal.SchemaCreatorImpl.createSequencesTablesConstraints(SchemaCreatorImpl.java:345)
	at org.hibernate.tool.schema.internal.SchemaCreatorImpl.createFromMetadata(SchemaCreatorImpl.java:228)
	at org.hibernate.tool.schema.internal.SchemaCreatorImpl.performCreation(SchemaCreatorImpl.java:160)
	at org.hibernate.tool.schema.internal.SchemaCreatorImpl.doCreation(SchemaCreatorImpl.java:130)
	at org.hibernate.tool.schema.internal.SchemaCreatorImpl.doCreation(SchemaCreatorImpl.java:106)
	at org.hibernate.tool.schema.spi.SchemaManagementToolCoordinator.performDatabaseAction(SchemaManagementToolCoordinator.java:237)
	at org.hibernate.tool.schema.spi.SchemaManagementToolCoordinator.lambda$process$5(SchemaManagementToolCoordinator.java:142)
	at java.base/java.util.HashMap.forEach(HashMap.java:1429)
	at org.hibernate.tool.schema.spi.SchemaManagementToolCoordinator.process(SchemaManagementToolCoordinator.java:139)
	at io.quarkus.hibernate.orm.runtime.observers.SessionFactoryObserverForSchemaExport.sessionFactoryCreated(SessionFactoryObserverForSchemaExport.java:21)
	at org.hibernate.internal.SessionFactoryObserverChain.sessionFactoryCreated(SessionFactoryObserverChain.java:33)
	at org.hibernate.internal.SessionFactoryImpl.<init>(SessionFactoryImpl.java:350)
	at io.quarkus.hibernate.orm.runtime.boot.FastBootEntityManagerFactoryBuilder.build(FastBootEntityManagerFactoryBuilder.java:97)
	at io.quarkus.hibernate.orm.runtime.FastBootHibernatePersistenceProvider.createEntityManagerFactory(FastBootHibernatePersistenceProvider.java:88)
	at jakarta.persistence.Persistence.createEntityManagerFactory(Persistence.java:90)
	at io.quarkus.hibernate.orm.runtime.JPAConfig$LazyPersistenceUnit.get(JPAConfig.java:183)
	at io.quarkus.hibernate.orm.runtime.JPAConfig$1.run(JPAConfig.java:68)
	at java.base/java.lang.Thread.run(Thread.java:1583)
Caused by: org.h2.jdbc.JdbcSQLSyntaxErrorException: Table "analytics_rollups" not found; SQL statement:

    create index idx_analytics_rollups_period 
       on analytics_rollups (period_start, period [42102-230]
	at org.h2.message.DbException.getJdbcSQLException(DbException.java:514)
	at org.h2.message.DbException.getJdbcSQLException(DbException.java:489)
	at org.h2.message.DbException.get(DbException.java:223)
	at org.h2.message.DbException.get(DbException.java:199)
	at org.h2.command.ddl.CreateIndex.update(CreateIndex.java:70)
	at org.h2.command.CommandContainer.update(CommandContainer.java:139)
	at org.h2.command.Command.executeUpdate(Command.java:304)
	at org.h2.command.Command.executeUpdate(Command.java:248)
	at org.h2.jdbc.JdbcStatement.executeInternal(JdbcStatement.java:262)
	at org.h2.jdbc.JdbcStatement.execute(JdbcStatement.java:231)
	at io.agroal.pool.wrapper.StatementWrapper.execute(StatementWrapper.java:222)
	at org.hibernate.tool.schema.internal.exec.GenerationTargetToDatabase.accept(GenerationTargetToDatabase.java:79)
	... 21 more

[Hibernate] 
    create index idx_calendar_orders_user 
       on calendar_orders (user_id, created desc)
[Hibernate] 
    create index idx_calendar_orders_status 
       on calendar_orders (status, created desc)
[Hibernate] 
    create index idx_calendar_orders_calendar 
       on calendar_orders (calendar_id)
[Hibernate] 
    create index idx_calendar_orders_stripe_payment 
       on calendar_orders (stripe_payment_intent_id)
[Hibernate] 
    create index idx_calendar_templates_name 
       on calendar_templates (name)
[Hibernate] 
    create index idx_calendar_templates_active 
       on calendar_templates (is_active, display_order, name)
[Hibernate] 
    create index idx_calendar_templates_featured 
       on calendar_templates (is_featured, is_active, display_order)
[Hibernate] 
    create index idx_calendar_users_email 
       on calendar_users (email)
[Hibernate] 
    create index idx_calendar_users_last_login 
       on calendar_users (last_login_at desc)
[Hibernate] 
    create index idx_delayed_jobs_queue_run_at 
       on delayed_jobs (queue, run_at, complete, locked)
[Hibernate] 
    create index idx_page_views_session 
       on page_views (session_id, created desc)
[Hibernate] 
    create index idx_page_views_user 
       on page_views (user_id, created desc)
[Hibernate] 
    create index idx_page_views_path 
       on page_views (path, created desc)
[Hibernate] 
    create index idx_page_views_created 
       on page_views (created desc)
[Hibernate] 
    create index idx_user_calendars_user 
       on user_calendars (user_id, "year" desc)
[Hibernate] 
    create index idx_user_calendars_session 
       on user_calendars (session_id, updated desc)
[Hibernate] 
    create index idx_user_calendars_template 
       on user_calendars (template_id)
[Hibernate] 
    create index idx_user_calendars_public 
       on user_calendars (is_public, updated desc)
[Hibernate] 
    alter table if exists calendar_orders 
       add constraint fk_calendar_orders_calendar 
       foreign key (calendar_id) 
       references user_calendars
[Hibernate] 
    alter table if exists calendar_orders 
       add constraint fk_calendar_orders_user 
       foreign key (user_id) 
       references calendar_users
[Hibernate] 
    alter table if exists page_views 
       add constraint fk_page_views_user 
       foreign key (user_id) 
       references calendar_users
[Hibernate] 
    alter table if exists user_calendars 
       add constraint fk_user_calendars_template 
       foreign key (template_id) 
       references calendar_templates
[Hibernate] 
    alter table if exists user_calendars 
       add constraint fk_user_calendars_user 
       foreign key (user_id) 
       references calendar_users
2025-10-17 04:13:19,883 INFO  [vil.cal.con.OIDCConfig] (main) === OIDC Configuration ===
2025-10-17 04:13:19,883 INFO  [vil.cal.con.OIDCConfig] (main) Google OAuth: ENABLED (Client ID: configured)
2025-10-17 04:13:19,883 INFO  [vil.cal.con.OIDCConfig] (main) Facebook OAuth: DISABLED (Client ID: configured)
2025-10-17 04:13:19,883 INFO  [vil.cal.con.OIDCConfig] (main) Apple OAuth: DISABLED (Client ID: NOT CONFIGURED)
2025-10-17 04:13:19,883 INFO  [vil.cal.con.OIDCConfig] (main) ==========================
2025-10-17 04:13:19,906 INFO  [io.quarkus] (main) village-calendar 1.0-SNAPSHOT on JVM (powered by Quarkus 3.26.2) started in 19.341s. Listening on: http://localhost:8081
2025-10-17 04:13:19,907 INFO  [io.quarkus] (main) Profile test activated. 
2025-10-17 04:13:19,907 INFO  [io.quarkus] (main) Installed features: [agroal, cdi, compose, hibernate-orm, hibernate-orm-panache, hibernate-validator, jdbc-h2, jdbc-postgresql, mailer, micrometer, narayana-jta, oidc, opentelemetry, quinoa, qute, rest, rest-jackson, security, smallrye-context-propagation, smallrye-graphql, smallrye-graphql-client, smallrye-health, smallrye-jwt, smallrye-openapi, swagger-ui, vertx]
[Hibernate] 
    insert 
    into
        calendar_users
        (created, display_name, email, is_admin, last_login_at, oauth_provider, oauth_subject, profile_image_url, updated, version, id) 
    values
        (?, ?, ?, ?, ?, ?, ?, ?, ?, ?, ?)
[Hibernate] 
    insert 
    into
        calendar_templates
        (configuration, created, description, display_order, is_active, is_featured, name, preview_svg, thumbnail_url, updated, version, id) 
    values
        (?, ?, ?, ?, ?, ?, ?, ?, ?, ?, ?, ?)
2025-10-17 04:13:20,797 INFO  [vil.cal.api.gra.TemplateGraphQL] (executor-thread-1) Querying templates: isActive=true, isFeatured=null
[Hibernate] 
    select
        ct1_0.id,
        ct1_0.configuration,
        ct1_0.created,
        ct1_0.description,
        ct1_0.display_order,
        ct1_0.is_active,
        ct1_0.is_featured,
        ct1_0.name,
        ct1_0.preview_svg,
        ct1_0.thumbnail_url,
        ct1_0.updated,
        ct1_0.version 
    from
        calendar_templates ct1_0 
    where
        ct1_0.is_active=? 
    order by
        ct1_0.display_order,
        ct1_0.name
2025-10-17 04:13:20,890 INFO  [vil.cal.api.gra.TemplateGraphQL] (executor-thread-1) Returning 1 active templates
[Hibernate] 
    select
        ct1_0.id,
        ct1_0.configuration,
        ct1_0.created,
        ct1_0.description,
        ct1_0.display_order,
        ct1_0.is_active,
        ct1_0.is_featured,
        ct1_0.name,
        ct1_0.preview_svg,
        ct1_0.thumbnail_url,
        ct1_0.updated,
        ct1_0.version 
    from
        calendar_templates ct1_0 
    where
        ct1_0.id=?
[Hibernate] 
    select
        cu1_0.id,
        cu1_0.created,
        cu1_0.display_name,
        cu1_0.email,
        cu1_0.is_admin,
        cu1_0.last_login_at,
        cu1_0.oauth_provider,
        cu1_0.oauth_subject,
        cu1_0.profile_image_url,
        cu1_0.updated,
        cu1_0.version 
    from
        calendar_users cu1_0 
    where
        cu1_0.id=?
[Hibernate] 
    select
        c1_0.user_id,
        c1_0.id,
        c1_0.configuration,
        c1_0.created,
        c1_0.generated_pdf_url,
        c1_0.generated_svg,
        c1_0.is_public,
        c1_0.name,
        c1_0.session_id,
        t1_0.id,
        t1_0.configuration,
        t1_0.created,
        t1_0.description,
        t1_0.display_order,
        t1_0.is_active,
        t1_0.is_featured,
        t1_0.name,
        t1_0.preview_svg,
        t1_0.thumbnail_url,
        t1_0.updated,
        t1_0.version,
        c1_0.updated,
        c1_0.version,
        c1_0."year" 
    from
        user_calendars c1_0 
    left join
        calendar_templates t1_0 
            on t1_0.id=c1_0.template_id 
    where
        c1_0.user_id=?
[Hibernate] 
    select
        o1_0.user_id,
        o1_0.id,
        o1_0.calendar_id,
        c1_0.id,
        c1_0.configuration,
        c1_0.created,
        c1_0.generated_pdf_url,
        c1_0.generated_svg,
        c1_0.is_public,
        c1_0.name,
        c1_0.session_id,
        t1_0.id,
        t1_0.configuration,
        t1_0.created,
        t1_0.description,
        t1_0.display_order,
        t1_0.is_active,
        t1_0.is_featured,
        t1_0.name,
        t1_0.preview_svg,
        t1_0.thumbnail_url,
        t1_0.updated,
        t1_0.version,
        c1_0.updated,
        u1_0.id,
        u1_0.created,
        u1_0.display_name,
        u1_0.email,
        u1_0.is_admin,
        u1_0.last_login_at,
        u1_0.oauth_provider,
        u1_0.oauth_subject,
        u1_0.profile_image_url,
        u1_0.updated,
        u1_0.version,
        c1_0.version,
        c1_0."year",
        o1_0.created,
        o1_0.notes,
        o1_0.paid_at,
        o1_0.quantity,
        o1_0.shipped_at,
        o1_0.shipping_address,
        o1_0.status,
        o1_0.stripe_charge_id,
        o1_0.stripe_payment_intent_id,
        o1_0.total_price,
        o1_0.unit_price,
        o1_0.updated,
        o1_0.version 
    from
        calendar_orders o1_0 
    left join
        user_calendars c1_0 
            on c1_0.id=o1_0.calendar_id 
    left join
        calendar_templates t1_0 
            on t1_0.id=c1_0.template_id 
    left join
        calendar_users u1_0 
            on u1_0.id=c1_0.user_id 
    where
        o1_0.user_id=?
[Hibernate] 
    delete 
    from
        calendar_templates 
    where
        id=? 
        and version=?
[Hibernate] 
    delete 
    from
        calendar_users 
    where
        id=? 
        and version=?
[Hibernate] 
    insert 
    into
        calendar_users
        (created, display_name, email, is_admin, last_login_at, oauth_provider, oauth_subject, profile_image_url, updated, version, id) 
    values
        (?, ?, ?, ?, ?, ?, ?, ?, ?, ?, ?)
[Hibernate] 
    insert 
    into
        calendar_templates
        (configuration, created, description, display_order, is_active, is_featured, name, preview_svg, thumbnail_url, updated, version, id) 
    values
        (?, ?, ?, ?, ?, ?, ?, ?, ?, ?, ?, ?)
2025-10-17 04:13:21,260 INFO  [vil.cal.api.gra.TemplateGraphQL] (executor-thread-1) Querying template by ID: 06438c48-ac4a-4de9-b882-6fad67164337
[Hibernate] 
    select
        ct1_0.id,
        ct1_0.configuration,
        ct1_0.created,
        ct1_0.description,
        ct1_0.display_order,
        ct1_0.is_active,
        ct1_0.is_featured,
        ct1_0.name,
        ct1_0.preview_svg,
        ct1_0.thumbnail_url,
        ct1_0.updated,
        ct1_0.version 
    from
        calendar_templates ct1_0 
    where
        ct1_0.id=?
2025-10-17 04:13:21,261 INFO  [vil.cal.api.gra.TemplateGraphQL] (executor-thread-1) Found template: 06438c48-ac4a-4de9-b882-6fad67164337 (name=GraphQL Test Template 1760688801244)
[Hibernate] 
    select
        ct1_0.id,
        ct1_0.configuration,
        ct1_0.created,
        ct1_0.description,
        ct1_0.display_order,
        ct1_0.is_active,
        ct1_0.is_featured,
        ct1_0.name,
        ct1_0.preview_svg,
        ct1_0.thumbnail_url,
        ct1_0.updated,
        ct1_0.version 
    from
        calendar_templates ct1_0 
    where
        ct1_0.id=?
[Hibernate] 
    select
        cu1_0.id,
        cu1_0.created,
        cu1_0.display_name,
        cu1_0.email,
        cu1_0.is_admin,
        cu1_0.last_login_at,
        cu1_0.oauth_provider,
        cu1_0.oauth_subject,
        cu1_0.profile_image_url,
        cu1_0.updated,
        cu1_0.version 
    from
        calendar_users cu1_0 
    where
        cu1_0.id=?
[Hibernate] 
    select
        c1_0.user_id,
        c1_0.id,
        c1_0.configuration,
        c1_0.created,
        c1_0.generated_pdf_url,
        c1_0.generated_svg,
        c1_0.is_public,
        c1_0.name,
        c1_0.session_id,
        t1_0.id,
        t1_0.configuration,
        t1_0.created,
        t1_0.description,
        t1_0.display_order,
        t1_0.is_active,
        t1_0.is_featured,
        t1_0.name,
        t1_0.preview_svg,
        t1_0.thumbnail_url,
        t1_0.updated,
        t1_0.version,
        c1_0.updated,
        c1_0.version,
        c1_0."year" 
    from
        user_calendars c1_0 
    left join
        calendar_templates t1_0 
            on t1_0.id=c1_0.template_id 
    where
        c1_0.user_id=?
[Hibernate] 
    select
        o1_0.user_id,
        o1_0.id,
        o1_0.calendar_id,
        c1_0.id,
        c1_0.configuration,
        c1_0.created,
        c1_0.generated_pdf_url,
        c1_0.generated_svg,
        c1_0.is_public,
        c1_0.name,
        c1_0.session_id,
        t1_0.id,
        t1_0.configuration,
        t1_0.created,
        t1_0.description,
        t1_0.display_order,
        t1_0.is_active,
        t1_0.is_featured,
        t1_0.name,
        t1_0.preview_svg,
        t1_0.thumbnail_url,
        t1_0.updated,
        t1_0.version,
        c1_0.updated,
        u1_0.id,
        u1_0.created,
        u1_0.display_name,
        u1_0.email,
        u1_0.is_admin,
        u1_0.last_login_at,
        u1_0.oauth_provider,
        u1_0.oauth_subject,
        u1_0.profile_image_url,
        u1_0.updated,
        u1_0.version,
        c1_0.version,
        c1_0."year",
        o1_0.created,
        o1_0.notes,
        o1_0.paid_at,
        o1_0.quantity,
        o1_0.shipped_at,
        o1_0.shipping_address,
        o1_0.status,
        o1_0.stripe_charge_id,
        o1_0.stripe_payment_intent_id,
        o1_0.total_price,
        o1_0.unit_price,
        o1_0.updated,
        o1_0.version 
    from
        calendar_orders o1_0 
    left join
        user_calendars c1_0 
            on c1_0.id=o1_0.calendar_id 
    left join
        calendar_templates t1_0 
            on t1_0.id=c1_0.template_id 
    left join
        calendar_users u1_0 
            on u1_0.id=c1_0.user_id 
    where
        o1_0.user_id=?
[Hibernate] 
    delete 
    from
        calendar_templates 
    where
        id=? 
        and version=?
[Hibernate] 
    delete 
    from
        calendar_users 
    where
        id=? 
        and version=?
[Hibernate] 
    insert 
    into
        calendar_users
        (created, display_name, email, is_admin, last_login_at, oauth_provider, oauth_subject, profile_image_url, updated, version, id) 
    values
        (?, ?, ?, ?, ?, ?, ?, ?, ?, ?, ?)
[Hibernate] 
    insert 
    into
        calendar_templates
        (configuration, created, description, display_order, is_active, is_featured, name, preview_svg, thumbnail_url, updated, version, id) 
    values
        (?, ?, ?, ?, ?, ?, ?, ?, ?, ?, ?, ?)
[Hibernate] 
    select
        ct1_0.id,
        ct1_0.configuration,
        ct1_0.created,
        ct1_0.description,
        ct1_0.display_order,
        ct1_0.is_active,
        ct1_0.is_featured,
        ct1_0.name,
        ct1_0.preview_svg,
        ct1_0.thumbnail_url,
        ct1_0.updated,
        ct1_0.version 
    from
        calendar_templates ct1_0 
    where
        ct1_0.id=?
[Hibernate] 
    select
        cu1_0.id,
        cu1_0.created,
        cu1_0.display_name,
        cu1_0.email,
        cu1_0.is_admin,
        cu1_0.last_login_at,
        cu1_0.oauth_provider,
        cu1_0.oauth_subject,
        cu1_0.profile_image_url,
        cu1_0.updated,
        cu1_0.version 
    from
        calendar_users cu1_0 
    where
        cu1_0.id=?
[Hibernate] 
    select
        c1_0.user_id,
        c1_0.id,
        c1_0.configuration,
        c1_0.created,
        c1_0.generated_pdf_url,
        c1_0.generated_svg,
        c1_0.is_public,
        c1_0.name,
        c1_0.session_id,
        t1_0.id,
        t1_0.configuration,
        t1_0.created,
        t1_0.description,
        t1_0.display_order,
        t1_0.is_active,
        t1_0.is_featured,
        t1_0.name,
        t1_0.preview_svg,
        t1_0.thumbnail_url,
        t1_0.updated,
        t1_0.version,
        c1_0.updated,
        c1_0.version,
        c1_0."year" 
    from
        user_calendars c1_0 
    left join
        calendar_templates t1_0 
            on t1_0.id=c1_0.template_id 
    where
        c1_0.user_id=?
[Hibernate] 
    select
        o1_0.user_id,
        o1_0.id,
        o1_0.calendar_id,
        c1_0.id,
        c1_0.configuration,
        c1_0.created,
        c1_0.generated_pdf_url,
        c1_0.generated_svg,
        c1_0.is_public,
        c1_0.name,
        c1_0.session_id,
        t1_0.id,
        t1_0.configuration,
        t1_0.created,
        t1_0.description,
        t1_0.display_order,
        t1_0.is_active,
        t1_0.is_featured,
        t1_0.name,
        t1_0.preview_svg,
        t1_0.thumbnail_url,
        t1_0.updated,
        t1_0.version,
        c1_0.updated,
        u1_0.id,
        u1_0.created,
        u1_0.display_name,
        u1_0.email,
        u1_0.is_admin,
        u1_0.last_login_at,
        u1_0.oauth_provider,
        u1_0.oauth_subject,
        u1_0.profile_image_url,
        u1_0.updated,
        u1_0.version,
        c1_0.version,
        c1_0."year",
        o1_0.created,
        o1_0.notes,
        o1_0.paid_at,
        o1_0.quantity,
        o1_0.shipped_at,
        o1_0.shipping_address,
        o1_0.status,
        o1_0.stripe_charge_id,
        o1_0.stripe_payment_intent_id,
        o1_0.total_price,
        o1_0.unit_price,
        o1_0.updated,
        o1_0.version 
    from
        calendar_orders o1_0 
    left join
        user_calendars c1_0 
            on c1_0.id=o1_0.calendar_id 
    left join
        calendar_templates t1_0 
            on t1_0.id=c1_0.template_id 
    left join
        calendar_users u1_0 
            on u1_0.id=c1_0.user_id 
    where
        o1_0.user_id=?
[Hibernate] 
    delete 
    from
        calendar_templates 
    where
        id=? 
        and version=?
[Hibernate] 
    delete 
    from
        calendar_users 
    where
        id=? 
        and version=?
[Hibernate] 
    insert 
    into
        calendar_users
        (created, display_name, email, is_admin, last_login_at, oauth_provider, oauth_subject, profile_image_url, updated, version, id) 
    values
        (?, ?, ?, ?, ?, ?, ?, ?, ?, ?, ?)
[Hibernate] 
    insert 
    into
        calendar_templates
        (configuration, created, description, display_order, is_active, is_featured, name, preview_svg, thumbnail_url, updated, version, id) 
    values
        (?, ?, ?, ?, ?, ?, ?, ?, ?, ?, ?, ?)
2025-10-17 04:13:21,327 ERROR [io.sma.graphql] (vert.x-eventloop-thread-6) SRGQL012000: Data Fetching Error: io.quarkus.security.UnauthorizedException
	at io.quarkus.security.runtime.interceptor.check.RolesAllowedCheck.doApply(RolesAllowedCheck.java:70)
	at io.quarkus.security.runtime.interceptor.check.RolesAllowedCheck.apply(RolesAllowedCheck.java:55)
	at io.quarkus.security.runtime.interceptor.SecurityConstrainer.check(SecurityConstrainer.java:83)
	at io.quarkus.security.runtime.interceptor.SecurityHandler.handle(SecurityHandler.java:46)
	at io.quarkus.security.runtime.interceptor.RolesAllowedInterceptor.intercept(RolesAllowedInterceptor.java:29)
	at io.quarkus.security.runtime.interceptor.RolesAllowedInterceptor_Bean.intercept(Unknown Source)
	at io.quarkus.arc.impl.InterceptorInvocation.invoke(InterceptorInvocation.java:42)
	at io.quarkus.arc.impl.AroundInvokeInvocationContext.proceed(AroundInvokeInvocationContext.java:70)
	at io.quarkus.arc.impl.AroundInvokeInvocationContext.proceed(AroundInvokeInvocationContext.java:62)
	at io.quarkus.resteasy.reactive.server.runtime.StandardSecurityCheckInterceptor.intercept(StandardSecurityCheckInterceptor.java:44)
	at io.quarkus.resteasy.reactive.server.runtime.StandardSecurityCheckInterceptor_RolesAllowedInterceptor_Bean.intercept(Unknown Source)
	at io.quarkus.arc.impl.InterceptorInvocation.invoke(InterceptorInvocation.java:42)
	at io.quarkus.arc.impl.AroundInvokeInvocationContext.perform(AroundInvokeInvocationContext.java:30)
	at io.quarkus.arc.impl.InvocationContexts.performAroundInvoke(InvocationContexts.java:27)
	at villagecompute.calendar.api.graphql.CalendarGraphQL_Subclass.myCalendars(Unknown Source)
	at villagecompute.calendar.api.graphql.CalendarGraphQL_ClientProxy.myCalendars(Unknown Source)
	at java.base/jdk.internal.reflect.DirectMethodHandleAccessor.invoke(DirectMethodHandleAccessor.java:103)
	at java.base/java.lang.reflect.Method.invoke(Method.java:580)
	at io.smallrye.graphql.execution.datafetcher.helper.ReflectionInvoker.invoke(ReflectionInvoker.java:97)
	at io.quarkus.smallrye.graphql.runtime.spi.datafetcher.QuarkusDefaultDataFetcher.lambda$invokeAndTransformBlocking$0(QuarkusDefaultDataFetcher.java:84)
	at io.smallrye.context.impl.wrappers.SlowContextualCallable.call(SlowContextualCallable.java:21)
	at io.vertx.core.impl.ContextImpl.lambda$executeBlocking$4(ContextImpl.java:192)
	at io.vertx.core.impl.ContextInternal.dispatch(ContextInternal.java:270)
	at io.vertx.core.impl.ContextImpl$1.execute(ContextImpl.java:221)
	at io.vertx.core.impl.WorkerTask.run(WorkerTask.java:56)
	at io.vertx.core.impl.TaskQueue.run(TaskQueue.java:81)
	at io.quarkus.vertx.core.runtime.VertxCoreRecorder$15.runWith(VertxCoreRecorder.java:645)
	at org.jboss.threads.EnhancedQueueExecutor$Task.doRunWith(EnhancedQueueExecutor.java:2651)
	at org.jboss.threads.EnhancedQueueExecutor$Task.run(EnhancedQueueExecutor.java:2630)
	at org.jboss.threads.EnhancedQueueExecutor.runThreadBody(EnhancedQueueExecutor.java:1622)
	at org.jboss.threads.EnhancedQueueExecutor$ThreadBody.run(EnhancedQueueExecutor.java:1589)
	at org.jboss.threads.DelegatingRunnable.run(DelegatingRunnable.java:11)
	at org.jboss.threads.ThreadLocalResettingRunnable.run(ThreadLocalResettingRunnable.java:11)
	at io.netty.util.concurrent.FastThreadLocalRunnable.run(FastThreadLocalRunnable.java:30)
	at java.base/java.lang.Thread.run(Thread.java:1583)

[Hibernate] 
    select
        ct1_0.id,
        ct1_0.configuration,
        ct1_0.created,
        ct1_0.description,
        ct1_0.display_order,
        ct1_0.is_active,
        ct1_0.is_featured,
        ct1_0.name,
        ct1_0.preview_svg,
        ct1_0.thumbnail_url,
        ct1_0.updated,
        ct1_0.version 
    from
        calendar_templates ct1_0 
    where
        ct1_0.id=?
[Hibernate] 
    select
        cu1_0.id,
        cu1_0.created,
        cu1_0.display_name,
        cu1_0.email,
        cu1_0.is_admin,
        cu1_0.last_login_at,
        cu1_0.oauth_provider,
        cu1_0.oauth_subject,
        cu1_0.profile_image_url,
        cu1_0.updated,
        cu1_0.version 
    from
        calendar_users cu1_0 
    where
        cu1_0.id=?
[Hibernate] 
    select
        c1_0.user_id,
        c1_0.id,
        c1_0.configuration,
        c1_0.created,
        c1_0.generated_pdf_url,
        c1_0.generated_svg,
        c1_0.is_public,
        c1_0.name,
        c1_0.session_id,
        t1_0.id,
        t1_0.configuration,
        t1_0.created,
        t1_0.description,
        t1_0.display_order,
        t1_0.is_active,
        t1_0.is_featured,
        t1_0.name,
        t1_0.preview_svg,
        t1_0.thumbnail_url,
        t1_0.updated,
        t1_0.version,
        c1_0.updated,
        c1_0.version,
        c1_0."year" 
    from
        user_calendars c1_0 
    left join
        calendar_templates t1_0 
            on t1_0.id=c1_0.template_id 
    where
        c1_0.user_id=?
[Hibernate] 
    select
        o1_0.user_id,
        o1_0.id,
        o1_0.calendar_id,
        c1_0.id,
        c1_0.configuration,
        c1_0.created,
        c1_0.generated_pdf_url,
        c1_0.generated_svg,
        c1_0.is_public,
        c1_0.name,
        c1_0.session_id,
        t1_0.id,
        t1_0.configuration,
        t1_0.created,
        t1_0.description,
        t1_0.display_order,
        t1_0.is_active,
        t1_0.is_featured,
        t1_0.name,
        t1_0.preview_svg,
        t1_0.thumbnail_url,
        t1_0.updated,
        t1_0.version,
        c1_0.updated,
        u1_0.id,
        u1_0.created,
        u1_0.display_name,
        u1_0.email,
        u1_0.is_admin,
        u1_0.last_login_at,
        u1_0.oauth_provider,
        u1_0.oauth_subject,
        u1_0.profile_image_url,
        u1_0.updated,
        u1_0.version,
        c1_0.version,
        c1_0."year",
        o1_0.created,
        o1_0.notes,
        o1_0.paid_at,
        o1_0.quantity,
        o1_0.shipped_at,
        o1_0.shipping_address,
        o1_0.status,
        o1_0.stripe_charge_id,
        o1_0.stripe_payment_intent_id,
        o1_0.total_price,
        o1_0.unit_price,
        o1_0.updated,
        o1_0.version 
    from
        calendar_orders o1_0 
    left join
        user_calendars c1_0 
            on c1_0.id=o1_0.calendar_id 
    left join
        calendar_templates t1_0 
            on t1_0.id=c1_0.template_id 
    left join
        calendar_users u1_0 
            on u1_0.id=c1_0.user_id 
    where
        o1_0.user_id=?
[Hibernate] 
    delete 
    from
        calendar_templates 
    where
        id=? 
        and version=?
[Hibernate] 
    delete 
    from
        calendar_users 
    where
        id=? 
        and version=?
[Hibernate] 
    insert 
    into
        calendar_users
        (created, display_name, email, is_admin, last_login_at, oauth_provider, oauth_subject, profile_image_url, updated, version, id) 
    values
        (?, ?, ?, ?, ?, ?, ?, ?, ?, ?, ?)
[Hibernate] 
    insert 
    into
        calendar_templates
        (configuration, created, description, display_order, is_active, is_featured, name, preview_svg, thumbnail_url, updated, version, id) 
    values
        (?, ?, ?, ?, ?, ?, ?, ?, ?, ?, ?, ?)
2025-10-17 04:13:21,397 ERROR [io.sma.graphql] (vert.x-eventloop-thread-5) SRGQL012000: Data Fetching Error: io.quarkus.security.UnauthorizedException
	at io.quarkus.security.runtime.interceptor.check.RolesAllowedCheck.doApply(RolesAllowedCheck.java:70)
	at io.quarkus.security.runtime.interceptor.check.RolesAllowedCheck.apply(RolesAllowedCheck.java:55)
	at io.quarkus.security.runtime.interceptor.SecurityConstrainer.check(SecurityConstrainer.java:83)
	at io.quarkus.security.runtime.interceptor.SecurityHandler.handle(SecurityHandler.java:46)
	at io.quarkus.security.runtime.interceptor.RolesAllowedInterceptor.intercept(RolesAllowedInterceptor.java:29)
	at io.quarkus.security.runtime.interceptor.RolesAllowedInterceptor_Bean.intercept(Unknown Source)
	at io.quarkus.arc.impl.InterceptorInvocation.invoke(InterceptorInvocation.java:42)
	at io.quarkus.arc.impl.AroundInvokeInvocationContext.proceed(AroundInvokeInvocationContext.java:70)
	at io.quarkus.arc.impl.AroundInvokeInvocationContext$NextAroundInvokeInvocationContext.proceed(AroundInvokeInvocationContext.java:97)
	at io.quarkus.resteasy.reactive.server.runtime.StandardSecurityCheckInterceptor.intercept(StandardSecurityCheckInterceptor.java:44)
	at io.quarkus.resteasy.reactive.server.runtime.StandardSecurityCheckInterceptor_RolesAllowedInterceptor_Bean.intercept(Unknown Source)
	at io.quarkus.arc.impl.InterceptorInvocation.invoke(InterceptorInvocation.java:42)
	at io.quarkus.arc.impl.AroundInvokeInvocationContext.proceed(AroundInvokeInvocationContext.java:70)
	at io.quarkus.arc.impl.AroundInvokeInvocationContext.proceed(AroundInvokeInvocationContext.java:62)
	at io.quarkus.narayana.jta.runtime.interceptor.TransactionalInterceptorBase.invokeInOurTx(TransactionalInterceptorBase.java:136)
	at io.quarkus.narayana.jta.runtime.interceptor.TransactionalInterceptorBase.invokeInOurTx(TransactionalInterceptorBase.java:107)
	at io.quarkus.narayana.jta.runtime.interceptor.TransactionalInterceptorRequired.doIntercept(TransactionalInterceptorRequired.java:38)
	at io.quarkus.narayana.jta.runtime.interceptor.TransactionalInterceptorBase.intercept(TransactionalInterceptorBase.java:61)
	at io.quarkus.narayana.jta.runtime.interceptor.TransactionalInterceptorRequired.intercept(TransactionalInterceptorRequired.java:32)
	at io.quarkus.narayana.jta.runtime.interceptor.TransactionalInterceptorRequired_Bean.intercept(Unknown Source)
	at io.quarkus.arc.impl.InterceptorInvocation.invoke(InterceptorInvocation.java:42)
	at io.quarkus.arc.impl.AroundInvokeInvocationContext.perform(AroundInvokeInvocationContext.java:30)
	at io.quarkus.arc.impl.InvocationContexts.performAroundInvoke(InvocationContexts.java:27)
	at villagecompute.calendar.api.graphql.CalendarGraphQL_Subclass.createCalendar(Unknown Source)
	at villagecompute.calendar.api.graphql.CalendarGraphQL_ClientProxy.createCalendar(Unknown Source)
	at java.base/jdk.internal.reflect.DirectMethodHandleAccessor.invoke(DirectMethodHandleAccessor.java:103)
	at java.base/java.lang.reflect.Method.invoke(Method.java:580)
	at io.smallrye.graphql.execution.datafetcher.helper.ReflectionInvoker.invoke(ReflectionInvoker.java:97)
	at io.quarkus.smallrye.graphql.runtime.spi.datafetcher.QuarkusDefaultDataFetcher.lambda$invokeAndTransformBlocking$0(QuarkusDefaultDataFetcher.java:84)
	at io.smallrye.context.impl.wrappers.SlowContextualCallable.call(SlowContextualCallable.java:21)
	at io.vertx.core.impl.ContextImpl.lambda$executeBlocking$4(ContextImpl.java:192)
	at io.vertx.core.impl.ContextInternal.dispatch(ContextInternal.java:270)
	at io.vertx.core.impl.ContextImpl$1.execute(ContextImpl.java:221)
	at io.vertx.core.impl.WorkerTask.run(WorkerTask.java:56)
	at io.vertx.core.impl.TaskQueue.run(TaskQueue.java:81)
	at io.quarkus.vertx.core.runtime.VertxCoreRecorder$15.runWith(VertxCoreRecorder.java:645)
	at org.jboss.threads.EnhancedQueueExecutor$Task.doRunWith(EnhancedQueueExecutor.java:2651)
	at org.jboss.threads.EnhancedQueueExecutor$Task.run(EnhancedQueueExecutor.java:2630)
	at org.jboss.threads.EnhancedQueueExecutor.runThreadBody(EnhancedQueueExecutor.java:1622)
	at org.jboss.threads.EnhancedQueueExecutor$ThreadBody.run(EnhancedQueueExecutor.java:1589)
	at org.jboss.threads.DelegatingRunnable.run(DelegatingRunnable.java:11)
	at org.jboss.threads.ThreadLocalResettingRunnable.run(ThreadLocalResettingRunnable.java:11)
	at io.netty.util.concurrent.FastThreadLocalRunnable.run(FastThreadLocalRunnable.java:30)
	at java.base/java.lang.Thread.run(Thread.java:1583)

[Hibernate] 
    select
        ct1_0.id,
        ct1_0.configuration,
        ct1_0.created,
        ct1_0.description,
        ct1_0.display_order,
        ct1_0.is_active,
        ct1_0.is_featured,
        ct1_0.name,
        ct1_0.preview_svg,
        ct1_0.thumbnail_url,
        ct1_0.updated,
        ct1_0.version 
    from
        calendar_templates ct1_0 
    where
        ct1_0.id=?
[Hibernate] 
    select
        cu1_0.id,
        cu1_0.created,
        cu1_0.display_name,
        cu1_0.email,
        cu1_0.is_admin,
        cu1_0.last_login_at,
        cu1_0.oauth_provider,
        cu1_0.oauth_subject,
        cu1_0.profile_image_url,
        cu1_0.updated,
        cu1_0.version 
    from
        calendar_users cu1_0 
    where
        cu1_0.id=?
[Hibernate] 
    select
        c1_0.user_id,
        c1_0.id,
        c1_0.configuration,
        c1_0.created,
        c1_0.generated_pdf_url,
        c1_0.generated_svg,
        c1_0.is_public,
        c1_0.name,
        c1_0.session_id,
        t1_0.id,
        t1_0.configuration,
        t1_0.created,
        t1_0.description,
        t1_0.display_order,
        t1_0.is_active,
        t1_0.is_featured,
        t1_0.name,
        t1_0.preview_svg,
        t1_0.thumbnail_url,
        t1_0.updated,
        t1_0.version,
        c1_0.updated,
        c1_0.version,
        c1_0."year" 
    from
        user_calendars c1_0 
    left join
        calendar_templates t1_0 
            on t1_0.id=c1_0.template_id 
    where
        c1_0.user_id=?
[Hibernate] 
    select
        o1_0.user_id,
        o1_0.id,
        o1_0.calendar_id,
        c1_0.id,
        c1_0.configuration,
        c1_0.created,
        c1_0.generated_pdf_url,
        c1_0.generated_svg,
        c1_0.is_public,
        c1_0.name,
        c1_0.session_id,
        t1_0.id,
        t1_0.configuration,
        t1_0.created,
        t1_0.description,
        t1_0.display_order,
        t1_0.is_active,
        t1_0.is_featured,
        t1_0.name,
        t1_0.preview_svg,
        t1_0.thumbnail_url,
        t1_0.updated,
        t1_0.version,
        c1_0.updated,
        u1_0.id,
        u1_0.created,
        u1_0.display_name,
        u1_0.email,
        u1_0.is_admin,
        u1_0.last_login_at,
        u1_0.oauth_provider,
        u1_0.oauth_subject,
        u1_0.profile_image_url,
        u1_0.updated,
        u1_0.version,
        c1_0.version,
        c1_0."year",
        o1_0.created,
        o1_0.notes,
        o1_0.paid_at,
        o1_0.quantity,
        o1_0.shipped_at,
        o1_0.shipping_address,
        o1_0.status,
        o1_0.stripe_charge_id,
        o1_0.stripe_payment_intent_id,
        o1_0.total_price,
        o1_0.unit_price,
        o1_0.updated,
        o1_0.version 
    from
        calendar_orders o1_0 
    left join
        user_calendars c1_0 
            on c1_0.id=o1_0.calendar_id 
    left join
        calendar_templates t1_0 
            on t1_0.id=c1_0.template_id 
    left join
        calendar_users u1_0 
            on u1_0.id=c1_0.user_id 
    where
        o1_0.user_id=?
[Hibernate] 
    delete 
    from
        calendar_templates 
    where
        id=? 
        and version=?
[Hibernate] 
    delete 
    from
        calendar_users 
    where
        id=? 
        and version=?
[Hibernate] 
    insert 
    into
        calendar_users
        (created, display_name, email, is_admin, last_login_at, oauth_provider, oauth_subject, profile_image_url, updated, version, id) 
    values
        (?, ?, ?, ?, ?, ?, ?, ?, ?, ?, ?)
[Hibernate] 
    insert 
    into
        calendar_templates
        (configuration, created, description, display_order, is_active, is_featured, name, preview_svg, thumbnail_url, updated, version, id) 
    values
        (?, ?, ?, ?, ?, ?, ?, ?, ?, ?, ?, ?)
2025-10-17 04:13:21,425 ERROR [io.sma.graphql] (vert.x-eventloop-thread-6) SRGQL012000: Data Fetching Error: io.quarkus.security.UnauthorizedException
	at io.quarkus.security.runtime.interceptor.check.RolesAllowedCheck.doApply(RolesAllowedCheck.java:70)
	at io.quarkus.security.runtime.interceptor.check.RolesAllowedCheck.apply(RolesAllowedCheck.java:55)
	at io.quarkus.security.runtime.interceptor.SecurityConstrainer.check(SecurityConstrainer.java:83)
	at io.quarkus.security.runtime.interceptor.SecurityHandler.handle(SecurityHandler.java:46)
	at io.quarkus.security.runtime.interceptor.RolesAllowedInterceptor.intercept(RolesAllowedInterceptor.java:29)
	at io.quarkus.security.runtime.interceptor.RolesAllowedInterceptor_Bean.intercept(Unknown Source)
	at io.quarkus.arc.impl.InterceptorInvocation.invoke(InterceptorInvocation.java:42)
	at io.quarkus.arc.impl.AroundInvokeInvocationContext.proceed(AroundInvokeInvocationContext.java:70)
	at io.quarkus.arc.impl.AroundInvokeInvocationContext$NextAroundInvokeInvocationContext.proceed(AroundInvokeInvocationContext.java:97)
	at io.quarkus.resteasy.reactive.server.runtime.StandardSecurityCheckInterceptor.intercept(StandardSecurityCheckInterceptor.java:44)
	at io.quarkus.resteasy.reactive.server.runtime.StandardSecurityCheckInterceptor_RolesAllowedInterceptor_Bean.intercept(Unknown Source)
	at io.quarkus.arc.impl.InterceptorInvocation.invoke(InterceptorInvocation.java:42)
	at io.quarkus.arc.impl.AroundInvokeInvocationContext.proceed(AroundInvokeInvocationContext.java:70)
	at io.quarkus.arc.impl.AroundInvokeInvocationContext.proceed(AroundInvokeInvocationContext.java:62)
	at io.quarkus.narayana.jta.runtime.interceptor.TransactionalInterceptorBase.invokeInOurTx(TransactionalInterceptorBase.java:136)
	at io.quarkus.narayana.jta.runtime.interceptor.TransactionalInterceptorBase.invokeInOurTx(TransactionalInterceptorBase.java:107)
	at io.quarkus.narayana.jta.runtime.interceptor.TransactionalInterceptorRequired.doIntercept(TransactionalInterceptorRequired.java:38)
	at io.quarkus.narayana.jta.runtime.interceptor.TransactionalInterceptorBase.intercept(TransactionalInterceptorBase.java:61)
	at io.quarkus.narayana.jta.runtime.interceptor.TransactionalInterceptorRequired.intercept(TransactionalInterceptorRequired.java:32)
	at io.quarkus.narayana.jta.runtime.interceptor.TransactionalInterceptorRequired_Bean.intercept(Unknown Source)
	at io.quarkus.arc.impl.InterceptorInvocation.invoke(InterceptorInvocation.java:42)
	at io.quarkus.arc.impl.AroundInvokeInvocationContext.perform(AroundInvokeInvocationContext.java:30)
	at io.quarkus.arc.impl.InvocationContexts.performAroundInvoke(InvocationContexts.java:27)
	at villagecompute.calendar.api.graphql.CalendarGraphQL_Subclass.updateCalendar(Unknown Source)
	at villagecompute.calendar.api.graphql.CalendarGraphQL_ClientProxy.updateCalendar(Unknown Source)
	at java.base/jdk.internal.reflect.DirectMethodHandleAccessor.invoke(DirectMethodHandleAccessor.java:103)
	at java.base/java.lang.reflect.Method.invoke(Method.java:580)
	at io.smallrye.graphql.execution.datafetcher.helper.ReflectionInvoker.invoke(ReflectionInvoker.java:97)
	at io.quarkus.smallrye.graphql.runtime.spi.datafetcher.QuarkusDefaultDataFetcher.lambda$invokeAndTransformBlocking$0(QuarkusDefaultDataFetcher.java:84)
	at io.smallrye.context.impl.wrappers.SlowContextualCallable.call(SlowContextualCallable.java:21)
	at io.vertx.core.impl.ContextImpl.lambda$executeBlocking$4(ContextImpl.java:192)
	at io.vertx.core.impl.ContextInternal.dispatch(ContextInternal.java:270)
	at io.vertx.core.impl.ContextImpl$1.execute(ContextImpl.java:221)
	at io.vertx.core.impl.WorkerTask.run(WorkerTask.java:56)
	at io.vertx.core.impl.TaskQueue.run(TaskQueue.java:81)
	at io.quarkus.vertx.core.runtime.VertxCoreRecorder$15.runWith(VertxCoreRecorder.java:645)
	at org.jboss.threads.EnhancedQueueExecutor$Task.doRunWith(EnhancedQueueExecutor.java:2651)
	at org.jboss.threads.EnhancedQueueExecutor$Task.run(EnhancedQueueExecutor.java:2630)
	at org.jboss.threads.EnhancedQueueExecutor.runThreadBody(EnhancedQueueExecutor.java:1622)
	at org.jboss.threads.EnhancedQueueExecutor$ThreadBody.run(EnhancedQueueExecutor.java:1589)
	at org.jboss.threads.DelegatingRunnable.run(DelegatingRunnable.java:11)
	at org.jboss.threads.ThreadLocalResettingRunnable.run(ThreadLocalResettingRunnable.java:11)
	at io.netty.util.concurrent.FastThreadLocalRunnable.run(FastThreadLocalRunnable.java:30)
	at java.base/java.lang.Thread.run(Thread.java:1583)

[Hibernate] 
    select
        ct1_0.id,
        ct1_0.configuration,
        ct1_0.created,
        ct1_0.description,
        ct1_0.display_order,
        ct1_0.is_active,
        ct1_0.is_featured,
        ct1_0.name,
        ct1_0.preview_svg,
        ct1_0.thumbnail_url,
        ct1_0.updated,
        ct1_0.version 
    from
        calendar_templates ct1_0 
    where
        ct1_0.id=?
[Hibernate] 
    select
        cu1_0.id,
        cu1_0.created,
        cu1_0.display_name,
        cu1_0.email,
        cu1_0.is_admin,
        cu1_0.last_login_at,
        cu1_0.oauth_provider,
        cu1_0.oauth_subject,
        cu1_0.profile_image_url,
        cu1_0.updated,
        cu1_0.version 
    from
        calendar_users cu1_0 
    where
        cu1_0.id=?
[Hibernate] 
    select
        c1_0.user_id,
        c1_0.id,
        c1_0.configuration,
        c1_0.created,
        c1_0.generated_pdf_url,
        c1_0.generated_svg,
        c1_0.is_public,
        c1_0.name,
        c1_0.session_id,
        t1_0.id,
        t1_0.configuration,
        t1_0.created,
        t1_0.description,
        t1_0.display_order,
        t1_0.is_active,
        t1_0.is_featured,
        t1_0.name,
        t1_0.preview_svg,
        t1_0.thumbnail_url,
        t1_0.updated,
        t1_0.version,
        c1_0.updated,
        c1_0.version,
        c1_0."year" 
    from
        user_calendars c1_0 
    left join
        calendar_templates t1_0 
            on t1_0.id=c1_0.template_id 
    where
        c1_0.user_id=?
[Hibernate] 
    select
        o1_0.user_id,
        o1_0.id,
        o1_0.calendar_id,
        c1_0.id,
        c1_0.configuration,
        c1_0.created,
        c1_0.generated_pdf_url,
        c1_0.generated_svg,
        c1_0.is_public,
        c1_0.name,
        c1_0.session_id,
        t1_0.id,
        t1_0.configuration,
        t1_0.created,
        t1_0.description,
        t1_0.display_order,
        t1_0.is_active,
        t1_0.is_featured,
        t1_0.name,
        t1_0.preview_svg,
        t1_0.thumbnail_url,
        t1_0.updated,
        t1_0.version,
        c1_0.updated,
        u1_0.id,
        u1_0.created,
        u1_0.display_name,
        u1_0.email,
        u1_0.is_admin,
        u1_0.last_login_at,
        u1_0.oauth_provider,
        u1_0.oauth_subject,
        u1_0.profile_image_url,
        u1_0.updated,
        u1_0.version,
        c1_0.version,
        c1_0."year",
        o1_0.created,
        o1_0.notes,
        o1_0.paid_at,
        o1_0.quantity,
        o1_0.shipped_at,
        o1_0.shipping_address,
        o1_0.status,
        o1_0.stripe_charge_id,
        o1_0.stripe_payment_intent_id,
        o1_0.total_price,
        o1_0.unit_price,
        o1_0.updated,
        o1_0.version 
    from
        calendar_orders o1_0 
    left join
        user_calendars c1_0 
            on c1_0.id=o1_0.calendar_id 
    left join
        calendar_templates t1_0 
            on t1_0.id=c1_0.template_id 
    left join
        calendar_users u1_0 
            on u1_0.id=c1_0.user_id 
    where
        o1_0.user_id=?
[Hibernate] 
    delete 
    from
        calendar_templates 
    where
        id=? 
        and version=?
[Hibernate] 
    delete 
    from
        calendar_users 
    where
        id=? 
        and version=?
[Hibernate] 
    insert 
    into
        calendar_users
        (created, display_name, email, is_admin, last_login_at, oauth_provider, oauth_subject, profile_image_url, updated, version, id) 
    values
        (?, ?, ?, ?, ?, ?, ?, ?, ?, ?, ?)
[Hibernate] 
    insert 
    into
        calendar_templates
        (configuration, created, description, display_order, is_active, is_featured, name, preview_svg, thumbnail_url, updated, version, id) 
    values
        (?, ?, ?, ?, ?, ?, ?, ?, ?, ?, ?, ?)
2025-10-17 04:13:21,452 ERROR [io.sma.graphql] (vert.x-eventloop-thread-5) SRGQL012000: Data Fetching Error: io.quarkus.security.UnauthorizedException
	at io.quarkus.security.runtime.interceptor.check.RolesAllowedCheck.doApply(RolesAllowedCheck.java:70)
	at io.quarkus.security.runtime.interceptor.check.RolesAllowedCheck.apply(RolesAllowedCheck.java:55)
	at io.quarkus.security.runtime.interceptor.SecurityConstrainer.check(SecurityConstrainer.java:83)
	at io.quarkus.security.runtime.interceptor.SecurityHandler.handle(SecurityHandler.java:46)
	at io.quarkus.security.runtime.interceptor.RolesAllowedInterceptor.intercept(RolesAllowedInterceptor.java:29)
	at io.quarkus.security.runtime.interceptor.RolesAllowedInterceptor_Bean.intercept(Unknown Source)
	at io.quarkus.arc.impl.InterceptorInvocation.invoke(InterceptorInvocation.java:42)
	at io.quarkus.arc.impl.AroundInvokeInvocationContext.proceed(AroundInvokeInvocationContext.java:70)
	at io.quarkus.arc.impl.AroundInvokeInvocationContext$NextAroundInvokeInvocationContext.proceed(AroundInvokeInvocationContext.java:97)
	at io.quarkus.resteasy.reactive.server.runtime.StandardSecurityCheckInterceptor.intercept(StandardSecurityCheckInterceptor.java:44)
	at io.quarkus.resteasy.reactive.server.runtime.StandardSecurityCheckInterceptor_RolesAllowedInterceptor_Bean.intercept(Unknown Source)
	at io.quarkus.arc.impl.InterceptorInvocation.invoke(InterceptorInvocation.java:42)
	at io.quarkus.arc.impl.AroundInvokeInvocationContext.proceed(AroundInvokeInvocationContext.java:70)
	at io.quarkus.arc.impl.AroundInvokeInvocationContext.proceed(AroundInvokeInvocationContext.java:62)
	at io.quarkus.narayana.jta.runtime.interceptor.TransactionalInterceptorBase.invokeInOurTx(TransactionalInterceptorBase.java:136)
	at io.quarkus.narayana.jta.runtime.interceptor.TransactionalInterceptorBase.invokeInOurTx(TransactionalInterceptorBase.java:107)
	at io.quarkus.narayana.jta.runtime.interceptor.TransactionalInterceptorRequired.doIntercept(TransactionalInterceptorRequired.java:38)
	at io.quarkus.narayana.jta.runtime.interceptor.TransactionalInterceptorBase.intercept(TransactionalInterceptorBase.java:61)
	at io.quarkus.narayana.jta.runtime.interceptor.TransactionalInterceptorRequired.intercept(TransactionalInterceptorRequired.java:32)
	at io.quarkus.narayana.jta.runtime.interceptor.TransactionalInterceptorRequired_Bean.intercept(Unknown Source)
	at io.quarkus.arc.impl.InterceptorInvocation.invoke(InterceptorInvocation.java:42)
	at io.quarkus.arc.impl.AroundInvokeInvocationContext.perform(AroundInvokeInvocationContext.java:30)
	at io.quarkus.arc.impl.InvocationContexts.performAroundInvoke(InvocationContexts.java:27)
	at villagecompute.calendar.api.graphql.CalendarGraphQL_Subclass.deleteCalendar(Unknown Source)
	at villagecompute.calendar.api.graphql.CalendarGraphQL_ClientProxy.deleteCalendar(Unknown Source)
	at java.base/jdk.internal.reflect.DirectMethodHandleAccessor.invoke(DirectMethodHandleAccessor.java:103)
	at java.base/java.lang.reflect.Method.invoke(Method.java:580)
	at io.smallrye.graphql.execution.datafetcher.helper.ReflectionInvoker.invoke(ReflectionInvoker.java:97)
	at io.quarkus.smallrye.graphql.runtime.spi.datafetcher.QuarkusDefaultDataFetcher.lambda$invokeAndTransformBlocking$0(QuarkusDefaultDataFetcher.java:84)
	at io.smallrye.context.impl.wrappers.SlowContextualCallable.call(SlowContextualCallable.java:21)
	at io.vertx.core.impl.ContextImpl.lambda$executeBlocking$4(ContextImpl.java:192)
	at io.vertx.core.impl.ContextInternal.dispatch(ContextInternal.java:270)
	at io.vertx.core.impl.ContextImpl$1.execute(ContextImpl.java:221)
	at io.vertx.core.impl.WorkerTask.run(WorkerTask.java:56)
	at io.vertx.core.impl.TaskQueue.run(TaskQueue.java:81)
	at io.quarkus.vertx.core.runtime.VertxCoreRecorder$15.runWith(VertxCoreRecorder.java:645)
	at org.jboss.threads.EnhancedQueueExecutor$Task.doRunWith(EnhancedQueueExecutor.java:2651)
	at org.jboss.threads.EnhancedQueueExecutor$Task.run(EnhancedQueueExecutor.java:2630)
	at org.jboss.threads.EnhancedQueueExecutor.runThreadBody(EnhancedQueueExecutor.java:1622)
	at org.jboss.threads.EnhancedQueueExecutor$ThreadBody.run(EnhancedQueueExecutor.java:1589)
	at org.jboss.threads.DelegatingRunnable.run(DelegatingRunnable.java:11)
	at org.jboss.threads.ThreadLocalResettingRunnable.run(ThreadLocalResettingRunnable.java:11)
	at io.netty.util.concurrent.FastThreadLocalRunnable.run(FastThreadLocalRunnable.java:30)
	at java.base/java.lang.Thread.run(Thread.java:1583)

[Hibernate] 
    select
        ct1_0.id,
        ct1_0.configuration,
        ct1_0.created,
        ct1_0.description,
        ct1_0.display_order,
        ct1_0.is_active,
        ct1_0.is_featured,
        ct1_0.name,
        ct1_0.preview_svg,
        ct1_0.thumbnail_url,
        ct1_0.updated,
        ct1_0.version 
    from
        calendar_templates ct1_0 
    where
        ct1_0.id=?
[Hibernate] 
    select
        cu1_0.id,
        cu1_0.created,
        cu1_0.display_name,
        cu1_0.email,
        cu1_0.is_admin,
        cu1_0.last_login_at,
        cu1_0.oauth_provider,
        cu1_0.oauth_subject,
        cu1_0.profile_image_url,
        cu1_0.updated,
        cu1_0.version 
    from
        calendar_users cu1_0 
    where
        cu1_0.id=?
[Hibernate] 
    select
        c1_0.user_id,
        c1_0.id,
        c1_0.configuration,
        c1_0.created,
        c1_0.generated_pdf_url,
        c1_0.generated_svg,
        c1_0.is_public,
        c1_0.name,
        c1_0.session_id,
        t1_0.id,
        t1_0.configuration,
        t1_0.created,
        t1_0.description,
        t1_0.display_order,
        t1_0.is_active,
        t1_0.is_featured,
        t1_0.name,
        t1_0.preview_svg,
        t1_0.thumbnail_url,
        t1_0.updated,
        t1_0.version,
        c1_0.updated,
        c1_0.version,
        c1_0."year" 
    from
        user_calendars c1_0 
    left join
        calendar_templates t1_0 
            on t1_0.id=c1_0.template_id 
    where
        c1_0.user_id=?
[Hibernate] 
    select
        o1_0.user_id,
        o1_0.id,
        o1_0.calendar_id,
        c1_0.id,
        c1_0.configuration,
        c1_0.created,
        c1_0.generated_pdf_url,
        c1_0.generated_svg,
        c1_0.is_public,
        c1_0.name,
        c1_0.session_id,
        t1_0.id,
        t1_0.configuration,
        t1_0.created,
        t1_0.description,
        t1_0.display_order,
        t1_0.is_active,
        t1_0.is_featured,
        t1_0.name,
        t1_0.preview_svg,
        t1_0.thumbnail_url,
        t1_0.updated,
        t1_0.version,
        c1_0.updated,
        u1_0.id,
        u1_0.created,
        u1_0.display_name,
        u1_0.email,
        u1_0.is_admin,
        u1_0.last_login_at,
        u1_0.oauth_provider,
        u1_0.oauth_subject,
        u1_0.profile_image_url,
        u1_0.updated,
        u1_0.version,
        c1_0.version,
        c1_0."year",
        o1_0.created,
        o1_0.notes,
        o1_0.paid_at,
        o1_0.quantity,
        o1_0.shipped_at,
        o1_0.shipping_address,
        o1_0.status,
        o1_0.stripe_charge_id,
        o1_0.stripe_payment_intent_id,
        o1_0.total_price,
        o1_0.unit_price,
        o1_0.updated,
        o1_0.version 
    from
        calendar_orders o1_0 
    left join
        user_calendars c1_0 
            on c1_0.id=o1_0.calendar_id 
    left join
        calendar_templates t1_0 
            on t1_0.id=c1_0.template_id 
    left join
        calendar_users u1_0 
            on u1_0.id=c1_0.user_id 
    where
        o1_0.user_id=?
[Hibernate] 
    delete 
    from
        calendar_templates 
    where
        id=? 
        and version=?
[Hibernate] 
    delete 
    from
        calendar_users 
    where
        id=? 
        and version=?
[Hibernate] 
    insert 
    into
        calendar_users
        (created, display_name, email, is_admin, last_login_at, oauth_provider, oauth_subject, profile_image_url, updated, version, id) 
    values
        (?, ?, ?, ?, ?, ?, ?, ?, ?, ?, ?)
[Hibernate] 
    insert 
    into
        calendar_templates
        (configuration, created, description, display_order, is_active, is_featured, name, preview_svg, thumbnail_url, updated, version, id) 
    values
        (?, ?, ?, ?, ?, ?, ?, ?, ?, ?, ?, ?)
2025-10-17 04:13:21,477 INFO  [vil.cal.api.gra.TemplateGraphQL] (executor-thread-1) Querying template by ID: invalid-uuid
2025-10-17 04:13:21,477 ERROR [vil.cal.api.gra.TemplateGraphQL] (executor-thread-1) Invalid UUID format for template ID: invalid-uuid
2025-10-17 04:13:21,477 ERROR [io.sma.graphql] (vert.x-eventloop-thread-6) SRGQL012000: Data Fetching Error: java.lang.IllegalArgumentException: Invalid template ID format
	at villagecompute.calendar.api.graphql.TemplateGraphQL.template(TemplateGraphQL.java:119)
	at villagecompute.calendar.api.graphql.TemplateGraphQL_ClientProxy.template(Unknown Source)
	at java.base/jdk.internal.reflect.DirectMethodHandleAccessor.invoke(DirectMethodHandleAccessor.java:103)
	at java.base/java.lang.reflect.Method.invoke(Method.java:580)
	at io.smallrye.graphql.execution.datafetcher.helper.ReflectionInvoker.invoke(ReflectionInvoker.java:97)
	at io.quarkus.smallrye.graphql.runtime.spi.datafetcher.QuarkusDefaultDataFetcher.lambda$invokeAndTransformBlocking$0(QuarkusDefaultDataFetcher.java:84)
	at io.smallrye.context.impl.wrappers.SlowContextualCallable.call(SlowContextualCallable.java:21)
	at io.vertx.core.impl.ContextImpl.lambda$executeBlocking$4(ContextImpl.java:192)
	at io.vertx.core.impl.ContextInternal.dispatch(ContextInternal.java:270)
	at io.vertx.core.impl.ContextImpl$1.execute(ContextImpl.java:221)
	at io.vertx.core.impl.WorkerTask.run(WorkerTask.java:56)
	at io.vertx.core.impl.TaskQueue.run(TaskQueue.java:81)
	at io.quarkus.vertx.core.runtime.VertxCoreRecorder$15.runWith(VertxCoreRecorder.java:645)
	at org.jboss.threads.EnhancedQueueExecutor$Task.doRunWith(EnhancedQueueExecutor.java:2651)
	at org.jboss.threads.EnhancedQueueExecutor$Task.run(EnhancedQueueExecutor.java:2630)
	at org.jboss.threads.EnhancedQueueExecutor.runThreadBody(EnhancedQueueExecutor.java:1622)
	at org.jboss.threads.EnhancedQueueExecutor$ThreadBody.run(EnhancedQueueExecutor.java:1589)
	at org.jboss.threads.DelegatingRunnable.run(DelegatingRunnable.java:11)
	at org.jboss.threads.ThreadLocalResettingRunnable.run(ThreadLocalResettingRunnable.java:11)
	at io.netty.util.concurrent.FastThreadLocalRunnable.run(FastThreadLocalRunnable.java:30)
	at java.base/java.lang.Thread.run(Thread.java:1583)
Caused by: java.lang.IllegalArgumentException: Invalid UUID string: invalid-uuid
	at java.base/java.util.UUID.fromString1(UUID.java:282)
	at java.base/java.util.UUID.fromString(UUID.java:260)
	at villagecompute.calendar.api.graphql.TemplateGraphQL.template(TemplateGraphQL.java:99)
	... 20 more

[Hibernate] 
    select
        ct1_0.id,
        ct1_0.configuration,
        ct1_0.created,
        ct1_0.description,
        ct1_0.display_order,
        ct1_0.is_active,
        ct1_0.is_featured,
        ct1_0.name,
        ct1_0.preview_svg,
        ct1_0.thumbnail_url,
        ct1_0.updated,
        ct1_0.version 
    from
        calendar_templates ct1_0 
    where
        ct1_0.id=?
[Hibernate] 
    select
        cu1_0.id,
        cu1_0.created,
        cu1_0.display_name,
        cu1_0.email,
        cu1_0.is_admin,
        cu1_0.last_login_at,
        cu1_0.oauth_provider,
        cu1_0.oauth_subject,
        cu1_0.profile_image_url,
        cu1_0.updated,
        cu1_0.version 
    from
        calendar_users cu1_0 
    where
        cu1_0.id=?
[Hibernate] 
    select
        c1_0.user_id,
        c1_0.id,
        c1_0.configuration,
        c1_0.created,
        c1_0.generated_pdf_url,
        c1_0.generated_svg,
        c1_0.is_public,
        c1_0.name,
        c1_0.session_id,
        t1_0.id,
        t1_0.configuration,
        t1_0.created,
        t1_0.description,
        t1_0.display_order,
        t1_0.is_active,
        t1_0.is_featured,
        t1_0.name,
        t1_0.preview_svg,
        t1_0.thumbnail_url,
        t1_0.updated,
        t1_0.version,
        c1_0.updated,
        c1_0.version,
        c1_0."year" 
    from
        user_calendars c1_0 
    left join
        calendar_templates t1_0 
            on t1_0.id=c1_0.template_id 
    where
        c1_0.user_id=?
[Hibernate] 
    select
        o1_0.user_id,
        o1_0.id,
        o1_0.calendar_id,
        c1_0.id,
        c1_0.configuration,
        c1_0.created,
        c1_0.generated_pdf_url,
        c1_0.generated_svg,
        c1_0.is_public,
        c1_0.name,
        c1_0.session_id,
        t1_0.id,
        t1_0.configuration,
        t1_0.created,
        t1_0.description,
        t1_0.display_order,
        t1_0.is_active,
        t1_0.is_featured,
        t1_0.name,
        t1_0.preview_svg,
        t1_0.thumbnail_url,
        t1_0.updated,
        t1_0.version,
        c1_0.updated,
        u1_0.id,
        u1_0.created,
        u1_0.display_name,
        u1_0.email,
        u1_0.is_admin,
        u1_0.last_login_at,
        u1_0.oauth_provider,
        u1_0.oauth_subject,
        u1_0.profile_image_url,
        u1_0.updated,
        u1_0.version,
        c1_0.version,
        c1_0."year",
        o1_0.created,
        o1_0.notes,
        o1_0.paid_at,
        o1_0.quantity,
        o1_0.shipped_at,
        o1_0.shipping_address,
        o1_0.status,
        o1_0.stripe_charge_id,
        o1_0.stripe_payment_intent_id,
        o1_0.total_price,
        o1_0.unit_price,
        o1_0.updated,
        o1_0.version 
    from
        calendar_orders o1_0 
    left join
        user_calendars c1_0 
            on c1_0.id=o1_0.calendar_id 
    left join
        calendar_templates t1_0 
            on t1_0.id=c1_0.template_id 
    left join
        calendar_users u1_0 
            on u1_0.id=c1_0.user_id 
    where
        o1_0.user_id=?
[Hibernate] 
    delete 
    from
        calendar_templates 
    where
        id=? 
        and version=?
[Hibernate] 
    delete 
    from
        calendar_users 
    where
        id=? 
        and version=?
[Hibernate] 
    insert 
    into
        calendar_users
        (created, display_name, email, is_admin, last_login_at, oauth_provider, oauth_subject, profile_image_url, updated, version, id) 
    values
        (?, ?, ?, ?, ?, ?, ?, ?, ?, ?, ?)
[Hibernate] 
    insert 
    into
        calendar_templates
        (configuration, created, description, display_order, is_active, is_featured, name, preview_svg, thumbnail_url, updated, version, id) 
    values
        (?, ?, ?, ?, ?, ?, ?, ?, ?, ?, ?, ?)
2025-10-17 04:13:21,500 INFO  [vil.cal.api.gra.TemplateGraphQL] (executor-thread-1) Querying template by ID: 00000000-0000-0000-0000-000000000099
[Hibernate] 
    select
        ct1_0.id,
        ct1_0.configuration,
        ct1_0.created,
        ct1_0.description,
        ct1_0.display_order,
        ct1_0.is_active,
        ct1_0.is_featured,
        ct1_0.name,
        ct1_0.preview_svg,
        ct1_0.thumbnail_url,
        ct1_0.updated,
        ct1_0.version 
    from
        calendar_templates ct1_0 
    where
        ct1_0.id=?
2025-10-17 04:13:21,501 WARN  [vil.cal.api.gra.TemplateGraphQL] (executor-thread-1) Template not found: 00000000-0000-0000-0000-000000000099
[Hibernate] 
    select
        ct1_0.id,
        ct1_0.configuration,
        ct1_0.created,
        ct1_0.description,
        ct1_0.display_order,
        ct1_0.is_active,
        ct1_0.is_featured,
        ct1_0.name,
        ct1_0.preview_svg,
        ct1_0.thumbnail_url,
        ct1_0.updated,
        ct1_0.version 
    from
        calendar_templates ct1_0 
    where
        ct1_0.id=?
[Hibernate] 
    select
        cu1_0.id,
        cu1_0.created,
        cu1_0.display_name,
        cu1_0.email,
        cu1_0.is_admin,
        cu1_0.last_login_at,
        cu1_0.oauth_provider,
        cu1_0.oauth_subject,
        cu1_0.profile_image_url,
        cu1_0.updated,
        cu1_0.version 
    from
        calendar_users cu1_0 
    where
        cu1_0.id=?
[Hibernate] 
    select
        c1_0.user_id,
        c1_0.id,
        c1_0.configuration,
        c1_0.created,
        c1_0.generated_pdf_url,
        c1_0.generated_svg,
        c1_0.is_public,
        c1_0.name,
        c1_0.session_id,
        t1_0.id,
        t1_0.configuration,
        t1_0.created,
        t1_0.description,
        t1_0.display_order,
        t1_0.is_active,
        t1_0.is_featured,
        t1_0.name,
        t1_0.preview_svg,
        t1_0.thumbnail_url,
        t1_0.updated,
        t1_0.version,
        c1_0.updated,
        c1_0.version,
        c1_0."year" 
    from
        user_calendars c1_0 
    left join
        calendar_templates t1_0 
            on t1_0.id=c1_0.template_id 
    where
        c1_0.user_id=?
[Hibernate] 
    select
        o1_0.user_id,
        o1_0.id,
        o1_0.calendar_id,
        c1_0.id,
        c1_0.configuration,
        c1_0.created,
        c1_0.generated_pdf_url,
        c1_0.generated_svg,
        c1_0.is_public,
        c1_0.name,
        c1_0.session_id,
        t1_0.id,
        t1_0.configuration,
        t1_0.created,
        t1_0.description,
        t1_0.display_order,
        t1_0.is_active,
        t1_0.is_featured,
        t1_0.name,
        t1_0.preview_svg,
        t1_0.thumbnail_url,
        t1_0.updated,
        t1_0.version,
        c1_0.updated,
        u1_0.id,
        u1_0.created,
        u1_0.display_name,
        u1_0.email,
        u1_0.is_admin,
        u1_0.last_login_at,
        u1_0.oauth_provider,
        u1_0.oauth_subject,
        u1_0.profile_image_url,
        u1_0.updated,
        u1_0.version,
        c1_0.version,
        c1_0."year",
        o1_0.created,
        o1_0.notes,
        o1_0.paid_at,
        o1_0.quantity,
        o1_0.shipped_at,
        o1_0.shipping_address,
        o1_0.status,
        o1_0.stripe_charge_id,
        o1_0.stripe_payment_intent_id,
        o1_0.total_price,
        o1_0.unit_price,
        o1_0.updated,
        o1_0.version 
    from
        calendar_orders o1_0 
    left join
        user_calendars c1_0 
            on c1_0.id=o1_0.calendar_id 
    left join
        calendar_templates t1_0 
            on t1_0.id=c1_0.template_id 
    left join
        calendar_users u1_0 
            on u1_0.id=c1_0.user_id 
    where
        o1_0.user_id=?
[Hibernate] 
    delete 
    from
        calendar_templates 
    where
        id=? 
        and version=?
[Hibernate] 
    delete 
    from
        calendar_users 
    where
        id=? 
        and version=?
[Hibernate] 
    insert 
    into
        calendar_users
        (created, display_name, email, is_admin, last_login_at, oauth_provider, oauth_subject, profile_image_url, updated, version, id) 
    values
        (?, ?, ?, ?, ?, ?, ?, ?, ?, ?, ?)
[Hibernate] 
    insert 
    into
        calendar_templates
        (configuration, created, description, display_order, is_active, is_featured, name, preview_svg, thumbnail_url, updated, version, id) 
    values
        (?, ?, ?, ?, ?, ?, ?, ?, ?, ?, ?, ?)
[Hibernate] 
    select
        ct1_0.id,
        ct1_0.configuration,
        ct1_0.created,
        ct1_0.description,
        ct1_0.display_order,
        ct1_0.is_active,
        ct1_0.is_featured,
        ct1_0.name,
        ct1_0.preview_svg,
        ct1_0.thumbnail_url,
        ct1_0.updated,
        ct1_0.version 
    from
        calendar_templates ct1_0 
    where
        ct1_0.id=?
[Hibernate] 
    select
        cu1_0.id,
        cu1_0.created,
        cu1_0.display_name,
        cu1_0.email,
        cu1_0.is_admin,
        cu1_0.last_login_at,
        cu1_0.oauth_provider,
        cu1_0.oauth_subject,
        cu1_0.profile_image_url,
        cu1_0.updated,
        cu1_0.version 
    from
        calendar_users cu1_0 
    where
        cu1_0.id=?
[Hibernate] 
    select
        c1_0.user_id,
        c1_0.id,
        c1_0.configuration,
        c1_0.created,
        c1_0.generated_pdf_url,
        c1_0.generated_svg,
        c1_0.is_public,
        c1_0.name,
        c1_0.session_id,
        t1_0.id,
        t1_0.configuration,
        t1_0.created,
        t1_0.description,
        t1_0.display_order,
        t1_0.is_active,
        t1_0.is_featured,
        t1_0.name,
        t1_0.preview_svg,
        t1_0.thumbnail_url,
        t1_0.updated,
        t1_0.version,
        c1_0.updated,
        c1_0.version,
        c1_0."year" 
    from
        user_calendars c1_0 
    left join
        calendar_templates t1_0 
            on t1_0.id=c1_0.template_id 
    where
        c1_0.user_id=?
[Hibernate] 
    select
        o1_0.user_id,
        o1_0.id,
        o1_0.calendar_id,
        c1_0.id,
        c1_0.configuration,
        c1_0.created,
        c1_0.generated_pdf_url,
        c1_0.generated_svg,
        c1_0.is_public,
        c1_0.name,
        c1_0.session_id,
        t1_0.id,
        t1_0.configuration,
        t1_0.created,
        t1_0.description,
        t1_0.display_order,
        t1_0.is_active,
        t1_0.is_featured,
        t1_0.name,
        t1_0.preview_svg,
        t1_0.thumbnail_url,
        t1_0.updated,
        t1_0.version,
        c1_0.updated,
        u1_0.id,
        u1_0.created,
        u1_0.display_name,
        u1_0.email,
        u1_0.is_admin,
        u1_0.last_login_at,
        u1_0.oauth_provider,
        u1_0.oauth_subject,
        u1_0.profile_image_url,
        u1_0.updated,
        u1_0.version,
        c1_0.version,
        c1_0."year",
        o1_0.created,
        o1_0.notes,
        o1_0.paid_at,
        o1_0.quantity,
        o1_0.shipped_at,
        o1_0.shipping_address,
        o1_0.status,
        o1_0.stripe_charge_id,
        o1_0.stripe_payment_intent_id,
        o1_0.total_price,
        o1_0.unit_price,
        o1_0.updated,
        o1_0.version 
    from
        calendar_orders o1_0 
    left join
        user_calendars c1_0 
            on c1_0.id=o1_0.calendar_id 
    left join
        calendar_templates t1_0 
            on t1_0.id=c1_0.template_id 
    left join
        calendar_users u1_0 
            on u1_0.id=c1_0.user_id 
    where
        o1_0.user_id=?
[Hibernate] 
    delete 
    from
        calendar_templates 
    where
        id=? 
        and version=?
[Hibernate] 
    delete 
    from
        calendar_users 
    where
        id=? 
        and version=?
[Hibernate] 
    insert 
    into
        calendar_users
        (created, display_name, email, is_admin, last_login_at, oauth_provider, oauth_subject, profile_image_url, updated, version, id) 
    values
        (?, ?, ?, ?, ?, ?, ?, ?, ?, ?, ?)
[Hibernate] 
    insert 
    into
        calendar_templates
        (configuration, created, description, display_order, is_active, is_featured, name, preview_svg, thumbnail_url, updated, version, id) 
    values
        (?, ?, ?, ?, ?, ?, ?, ?, ?, ?, ?, ?)
[Hibernate] 
    select
        ct1_0.id,
        ct1_0.configuration,
        ct1_0.created,
        ct1_0.description,
        ct1_0.display_order,
        ct1_0.is_active,
        ct1_0.is_featured,
        ct1_0.name,
        ct1_0.preview_svg,
        ct1_0.thumbnail_url,
        ct1_0.updated,
        ct1_0.version 
    from
        calendar_templates ct1_0 
    where
        ct1_0.id=?
[Hibernate] 
    select
        cu1_0.id,
        cu1_0.created,
        cu1_0.display_name,
        cu1_0.email,
        cu1_0.is_admin,
        cu1_0.last_login_at,
        cu1_0.oauth_provider,
        cu1_0.oauth_subject,
        cu1_0.profile_image_url,
        cu1_0.updated,
        cu1_0.version 
    from
        calendar_users cu1_0 
    where
        cu1_0.id=?
[Hibernate] 
    select
        c1_0.user_id,
        c1_0.id,
        c1_0.configuration,
        c1_0.created,
        c1_0.generated_pdf_url,
        c1_0.generated_svg,
        c1_0.is_public,
        c1_0.name,
        c1_0.session_id,
        t1_0.id,
        t1_0.configuration,
        t1_0.created,
        t1_0.description,
        t1_0.display_order,
        t1_0.is_active,
        t1_0.is_featured,
        t1_0.name,
        t1_0.preview_svg,
        t1_0.thumbnail_url,
        t1_0.updated,
        t1_0.version,
        c1_0.updated,
        c1_0.version,
        c1_0."year" 
    from
        user_calendars c1_0 
    left join
        calendar_templates t1_0 
            on t1_0.id=c1_0.template_id 
    where
        c1_0.user_id=?
[Hibernate] 
    select
        o1_0.user_id,
        o1_0.id,
        o1_0.calendar_id,
        c1_0.id,
        c1_0.configuration,
        c1_0.created,
        c1_0.generated_pdf_url,
        c1_0.generated_svg,
        c1_0.is_public,
        c1_0.name,
        c1_0.session_id,
        t1_0.id,
        t1_0.configuration,
        t1_0.created,
        t1_0.description,
        t1_0.display_order,
        t1_0.is_active,
        t1_0.is_featured,
        t1_0.name,
        t1_0.preview_svg,
        t1_0.thumbnail_url,
        t1_0.updated,
        t1_0.version,
        c1_0.updated,
        u1_0.id,
        u1_0.created,
        u1_0.display_name,
        u1_0.email,
        u1_0.is_admin,
        u1_0.last_login_at,
        u1_0.oauth_provider,
        u1_0.oauth_subject,
        u1_0.profile_image_url,
        u1_0.updated,
        u1_0.version,
        c1_0.version,
        c1_0."year",
        o1_0.created,
        o1_0.notes,
        o1_0.paid_at,
        o1_0.quantity,
        o1_0.shipped_at,
        o1_0.shipping_address,
        o1_0.status,
        o1_0.stripe_charge_id,
        o1_0.stripe_payment_intent_id,
        o1_0.total_price,
        o1_0.unit_price,
        o1_0.updated,
        o1_0.version 
    from
        calendar_orders o1_0 
    left join
        user_calendars c1_0 
            on c1_0.id=o1_0.calendar_id 
    left join
        calendar_templates t1_0 
            on t1_0.id=c1_0.template_id 
    left join
        calendar_users u1_0 
            on u1_0.id=c1_0.user_id 
    where
        o1_0.user_id=?
[Hibernate] 
    delete 
    from
        calendar_templates 
    where
        id=? 
        and version=?
[Hibernate] 
    delete 
    from
        calendar_users 
    where
        id=? 
        and version=?
[INFO] Tests run: 11, Failures: 0, Errors: 0, Skipped: 0, Time elapsed: 7.758 s -- in villagecompute.calendar.api.graphql.CalendarGraphQLTest
[INFO] Running villagecompute.calendar.data.models.AnalyticsRollupTest
[Hibernate] 
    delete 
    from
        calendar_orders co1_0
[Hibernate] 
    delete 
    from
        user_calendars uc1_0
[Hibernate] 
    delete 
    from
        page_views pv1_0
[Hibernate] 
    delete 
    from
        analytics_rollups ar1_0
2025-10-17 04:13:21,605 WARN  [org.hib.orm.jdb.error] (main) HHH000247: ErrorCode: 42102, SQLState: 42S02
2025-10-17 04:13:21,605 WARN  [org.hib.orm.jdb.error] (main) Table "analytics_rollups" not found; SQL statement:
delete from analytics_rollups ar1_0 [42102-230]
[Hibernate] 
    delete 
    from
        delayed_jobs dj1_0
[Hibernate] 
    delete 
    from
        calendar_users cu1_0
[Hibernate] 
    delete 
    from
        calendar_templates ct1_0
[Hibernate] 
    delete 
    from
        calendar_orders co1_0
[Hibernate] 
    delete 
    from
        user_calendars uc1_0
[Hibernate] 
    delete 
    from
        page_views pv1_0
[Hibernate] 
    delete 
    from
        analytics_rollups ar1_0
2025-10-17 04:13:21,620 WARN  [org.hib.orm.jdb.error] (main) HHH000247: ErrorCode: 42102, SQLState: 42S02
2025-10-17 04:13:21,620 WARN  [org.hib.orm.jdb.error] (main) Table "analytics_rollups" not found; SQL statement:
delete from analytics_rollups ar1_0 [42102-230]
[Hibernate] 
    delete 
    from
        delayed_jobs dj1_0
[Hibernate] 
    delete 
    from
        calendar_users cu1_0
[Hibernate] 
    delete 
    from
        calendar_templates ct1_0
[Hibernate] 
    insert 
    into
        analytics_rollups
        (created, dimension_key, dimension_value, metric_name, period_end, period_start, updated, value, version, id) 
    values
        (?, ?, ?, ?, ?, ?, ?, ?, ?, ?)
2025-10-17 04:13:21,624 WARN  [org.hib.orm.jdb.error] (main) HHH000247: ErrorCode: 42102, SQLState: 42S02
2025-10-17 04:13:21,624 WARN  [org.hib.orm.jdb.error] (main) Table "analytics_rollups" not found; SQL statement:
insert into analytics_rollups (created,dimension_key,dimension_value,metric_name,period_end,period_start,updated,value,version,id) values (?,?,?,?,?,?,?,?,?,?) [42102-230]
[Hibernate] 
    delete 
    from
        calendar_orders co1_0
[Hibernate] 
    delete 
    from
        user_calendars uc1_0
[Hibernate] 
    delete 
    from
        page_views pv1_0
[Hibernate] 
    delete 
    from
        analytics_rollups ar1_0
2025-10-17 04:13:21,633 WARN  [org.hib.orm.jdb.error] (main) HHH000247: ErrorCode: 42102, SQLState: 42S02
2025-10-17 04:13:21,633 WARN  [org.hib.orm.jdb.error] (main) Table "analytics_rollups" not found; SQL statement:
delete from analytics_rollups ar1_0 [42102-230]
[Hibernate] 
    delete 
    from
        delayed_jobs dj1_0
[Hibernate] 
    delete 
    from
        calendar_users cu1_0
[Hibernate] 
    delete 
    from
        calendar_templates ct1_0
[Hibernate] 
    delete 
    from
        calendar_orders co1_0
[Hibernate] 
    delete 
    from
        user_calendars uc1_0
[Hibernate] 
    delete 
    from
        page_views pv1_0
[Hibernate] 
    delete 
    from
        analytics_rollups ar1_0
2025-10-17 04:13:21,636 WARN  [org.hib.orm.jdb.error] (main) HHH000247: ErrorCode: 42102, SQLState: 42S02
2025-10-17 04:13:21,637 WARN  [org.hib.orm.jdb.error] (main) Table "analytics_rollups" not found; SQL statement:
delete from analytics_rollups ar1_0 [42102-230]
[Hibernate] 
    delete 
    from
        delayed_jobs dj1_0
[Hibernate] 
    delete 
    from
        calendar_users cu1_0
[Hibernate] 
    delete 
    from
        calendar_templates ct1_0
[Hibernate] 
    delete 
    from
        calendar_orders co1_0
[Hibernate] 
    delete 
    from
        user_calendars uc1_0
[Hibernate] 
    delete 
    from
        page_views pv1_0
[Hibernate] 
    delete 
    from
        analytics_rollups ar1_0
2025-10-17 04:13:21,641 WARN  [org.hib.orm.jdb.error] (main) HHH000247: ErrorCode: 42102, SQLState: 42S02
2025-10-17 04:13:21,641 WARN  [org.hib.orm.jdb.error] (main) Table "analytics_rollups" not found; SQL statement:
delete from analytics_rollups ar1_0 [42102-230]
[Hibernate] 
    delete 
    from
        delayed_jobs dj1_0
[Hibernate] 
    delete 
    from
        calendar_users cu1_0
[Hibernate] 
    delete 
    from
        calendar_templates ct1_0
[Hibernate] 
    select
        coalesce(sum(ar1_0.value), 0) 
    from
        analytics_rollups ar1_0 
    where
        ar1_0.metric_name=? 
        and ar1_0.period_start>=? 
        and ar1_0.period_end<=? 
    fetch
        first ? rows only
2025-10-17 04:13:21,780 WARN  [org.hib.orm.jdb.error] (main) HHH000247: ErrorCode: 42001, SQLState: 42001
2025-10-17 04:13:21,780 WARN  [org.hib.orm.jdb.error] (main) Syntax error in SQL statement "select coalesce(sum(ar1_0.[*]value),0) from analytics_rollups ar1_0 where ar1_0.metric_name=? and ar1_0.period_start>=? and ar1_0.period_end<=? fetch first ? rows only"; expected "identifier"; SQL statement:
select coalesce(sum(ar1_0.value),0) from analytics_rollups ar1_0 where ar1_0.metric_name=? and ar1_0.period_start>=? and ar1_0.period_end<=? fetch first ? rows only [42001-230]
[Hibernate] 
    delete 
    from
        calendar_orders co1_0
[Hibernate] 
    delete 
    from
        user_calendars uc1_0
[Hibernate] 
    delete 
    from
        page_views pv1_0
[Hibernate] 
    delete 
    from
        analytics_rollups ar1_0
2025-10-17 04:13:21,785 WARN  [org.hib.orm.jdb.error] (main) HHH000247: ErrorCode: 42102, SQLState: 42S02
2025-10-17 04:13:21,785 WARN  [org.hib.orm.jdb.error] (main) Table "analytics_rollups" not found; SQL statement:
delete from analytics_rollups ar1_0 [42102-230]
[Hibernate] 
    delete 
    from
        delayed_jobs dj1_0
[Hibernate] 
    delete 
    from
        calendar_users cu1_0
[Hibernate] 
    delete 
    from
        calendar_templates ct1_0
[Hibernate] 
    delete 
    from
        calendar_orders co1_0
[Hibernate] 
    delete 
    from
        user_calendars uc1_0
[Hibernate] 
    delete 
    from
        page_views pv1_0
[Hibernate] 
    delete 
    from
        analytics_rollups ar1_0
2025-10-17 04:13:21,810 WARN  [org.hib.orm.jdb.error] (main) HHH000247: ErrorCode: 42102, SQLState: 42S02
2025-10-17 04:13:21,810 WARN  [org.hib.orm.jdb.error] (main) Table "analytics_rollups" not found; SQL statement:
delete from analytics_rollups ar1_0 [42102-230]
[Hibernate] 
    delete 
    from
        delayed_jobs dj1_0
[Hibernate] 
    delete 
    from
        calendar_users cu1_0
[Hibernate] 
    delete 
    from
        calendar_templates ct1_0
[Hibernate] 
    insert 
    into
        analytics_rollups
        (created, dimension_key, dimension_value, metric_name, period_end, period_start, updated, value, version, id) 
    values
        (?, ?, ?, ?, ?, ?, ?, ?, ?, ?)
2025-10-17 04:13:21,814 WARN  [org.hib.orm.jdb.error] (main) HHH000247: ErrorCode: 42102, SQLState: 42S02
2025-10-17 04:13:21,814 WARN  [org.hib.orm.jdb.error] (main) Table "analytics_rollups" not found; SQL statement:
insert into analytics_rollups (created,dimension_key,dimension_value,metric_name,period_end,period_start,updated,value,version,id) values (?,?,?,?,?,?,?,?,?,?) [42102-230]
[Hibernate] 
    delete 
    from
        calendar_orders co1_0
[Hibernate] 
    delete 
    from
        user_calendars uc1_0
[Hibernate] 
    delete 
    from
        page_views pv1_0
[Hibernate] 
    delete 
    from
        analytics_rollups ar1_0
2025-10-17 04:13:21,817 WARN  [org.hib.orm.jdb.error] (main) HHH000247: ErrorCode: 42102, SQLState: 42S02
2025-10-17 04:13:21,817 WARN  [org.hib.orm.jdb.error] (main) Table "analytics_rollups" not found; SQL statement:
delete from analytics_rollups ar1_0 [42102-230]
[Hibernate] 
    delete 
    from
        delayed_jobs dj1_0
[Hibernate] 
    delete 
    from
        calendar_users cu1_0
[Hibernate] 
    delete 
    from
        calendar_templates ct1_0
[Hibernate] 
    delete 
    from
        calendar_orders co1_0
[Hibernate] 
    delete 
    from
        user_calendars uc1_0
[Hibernate] 
    delete 
    from
        page_views pv1_0
[Hibernate] 
    delete 
    from
        analytics_rollups ar1_0
2025-10-17 04:13:21,821 WARN  [org.hib.orm.jdb.error] (main) HHH000247: ErrorCode: 42102, SQLState: 42S02
2025-10-17 04:13:21,821 WARN  [org.hib.orm.jdb.error] (main) Table "analytics_rollups" not found; SQL statement:
delete from analytics_rollups ar1_0 [42102-230]
[Hibernate] 
    delete 
    from
        delayed_jobs dj1_0
[Hibernate] 
    delete 
    from
        calendar_users cu1_0
[Hibernate] 
    delete 
    from
        calendar_templates ct1_0
[Hibernate] 
    insert 
    into
        analytics_rollups
        (created, dimension_key, dimension_value, metric_name, period_end, period_start, updated, value, version, id) 
    values
        (?, ?, ?, ?, ?, ?, ?, ?, ?, ?)
2025-10-17 04:13:21,824 WARN  [org.hib.orm.jdb.error] (main) HHH000247: ErrorCode: 42102, SQLState: 42S02
2025-10-17 04:13:21,824 WARN  [org.hib.orm.jdb.error] (main) Table "analytics_rollups" not found; SQL statement:
insert into analytics_rollups (created,dimension_key,dimension_value,metric_name,period_end,period_start,updated,value,version,id) values (?,?,?,?,?,?,?,?,?,?) [42102-230]
[Hibernate] 
    delete 
    from
        calendar_orders co1_0
[Hibernate] 
    delete 
    from
        user_calendars uc1_0
[Hibernate] 
    delete 
    from
        page_views pv1_0
[Hibernate] 
    delete 
    from
        analytics_rollups ar1_0
2025-10-17 04:13:21,827 WARN  [org.hib.orm.jdb.error] (main) HHH000247: ErrorCode: 42102, SQLState: 42S02
2025-10-17 04:13:21,827 WARN  [org.hib.orm.jdb.error] (main) Table "analytics_rollups" not found; SQL statement:
delete from analytics_rollups ar1_0 [42102-230]
[Hibernate] 
    delete 
    from
        delayed_jobs dj1_0
[Hibernate] 
    delete 
    from
        calendar_users cu1_0
[Hibernate] 
    delete 
    from
        calendar_templates ct1_0
[Hibernate] 
    insert 
    into
        analytics_rollups
        (created, dimension_key, dimension_value, metric_name, period_end, period_start, updated, value, version, id) 
    values
        (?, ?, ?, ?, ?, ?, ?, ?, ?, ?)
2025-10-17 04:13:21,830 WARN  [org.hib.orm.jdb.error] (main) HHH000247: ErrorCode: 42102, SQLState: 42S02
2025-10-17 04:13:21,830 WARN  [org.hib.orm.jdb.error] (main) Table "analytics_rollups" not found; SQL statement:
insert into analytics_rollups (created,dimension_key,dimension_value,metric_name,period_end,period_start,updated,value,version,id) values (?,?,?,?,?,?,?,?,?,?) [42102-230]
2025-10-17 04:13:21,831 WARN  [com.arj.ats.arjuna] (main) ARJUNA012125: TwoPhaseCoordinator.beforeCompletion - failed for SynchronizationImple< 0:ffff7f000001:d824:68f1faa0:de, org.hibernate.resource.transaction.backend.jta.internal.synchronization.RegisteredSynchronization@fc6ad74 >: org.hibernate.exception.SQLGrammarException: Could not prepare statement [Table "analytics_rollups" not found; SQL statement:
insert into analytics_rollups (created,dimension_key,dimension_value,metric_name,period_end,period_start,updated,value,version,id) values (?,?,?,?,?,?,?,?,?,?) [42102-230]] [insert into analytics_rollups (created,dimension_key,dimension_value,metric_name,period_end,period_start,updated,value,version,id) values (?,?,?,?,?,?,?,?,?,?)]
	at org.hibernate.exception.internal.SQLExceptionTypeDelegate.convert(SQLExceptionTypeDelegate.java:64)
	at org.hibernate.exception.internal.StandardSQLExceptionConverter.convert(StandardSQLExceptionConverter.java:34)
	at org.hibernate.engine.jdbc.spi.SqlExceptionHelper.convert(SqlExceptionHelper.java:115)
	at org.hibernate.engine.jdbc.internal.MutationStatementPreparerImpl$StatementPreparationTemplate.prepareStatement(MutationStatementPreparerImpl.java:112)
	at org.hibernate.engine.jdbc.internal.MutationStatementPreparerImpl.prepareStatement(MutationStatementPreparerImpl.java:36)
	at org.hibernate.engine.jdbc.mutation.internal.ModelMutationHelper.standardStatementPreparation(ModelMutationHelper.java:139)
	at org.hibernate.engine.jdbc.mutation.internal.ModelMutationHelper.lambda$standardPreparation$0(ModelMutationHelper.java:120)
	at org.hibernate.engine.jdbc.mutation.internal.PreparedStatementDetailsStandard.resolveStatement(PreparedStatementDetailsStandard.java:92)
	at org.hibernate.engine.jdbc.mutation.internal.JdbcValueBindingsImpl.lambda$beforeStatement$0(JdbcValueBindingsImpl.java:86)
	at java.base/java.lang.Iterable.forEach(Iterable.java:75)
	at org.hibernate.engine.jdbc.mutation.spi.BindingGroup.forEachBinding(BindingGroup.java:49)
	at org.hibernate.engine.jdbc.mutation.internal.JdbcValueBindingsImpl.beforeStatement(JdbcValueBindingsImpl.java:83)
	at org.hibernate.engine.jdbc.mutation.internal.AbstractMutationExecutor.performNonBatchedMutation(AbstractMutationExecutor.java:144)
	at org.hibernate.engine.jdbc.mutation.internal.MutationExecutorSingleNonBatched.performNonBatchedOperations(MutationExecutorSingleNonBatched.java:53)
	at org.hibernate.engine.jdbc.mutation.internal.AbstractMutationExecutor.execute(AbstractMutationExecutor.java:66)
	at org.hibernate.engine.jdbc.mutation.internal.AbstractMutationExecutor.execute(AbstractMutationExecutor.java:55)
	at org.hibernate.persister.entity.mutation.InsertCoordinatorStandard.doStaticInserts(InsertCoordinatorStandard.java:191)
	at org.hibernate.persister.entity.mutation.InsertCoordinatorStandard.coordinateInsert(InsertCoordinatorStandard.java:129)
	at org.hibernate.persister.entity.mutation.InsertCoordinatorStandard.insert(InsertCoordinatorStandard.java:101)
	at org.hibernate.action.internal.EntityInsertAction.execute(EntityInsertAction.java:113)
	at org.hibernate.engine.spi.ActionQueue.executeActions(ActionQueue.java:646)
	at org.hibernate.engine.spi.ActionQueue.executeActions(ActionQueue.java:513)
	at org.hibernate.event.internal.AbstractFlushingEventListener.performExecutions(AbstractFlushingEventListener.java:378)
	at org.hibernate.event.internal.DefaultFlushEventListener.onFlush(DefaultFlushEventListener.java:39)
	at org.hibernate.event.service.internal.EventListenerGroupImpl.fireEventOnEachListener(EventListenerGroupImpl.java:140)
	at org.hibernate.internal.SessionImpl.doFlush(SessionImpl.java:1443)
	at org.hibernate.internal.SessionImpl.managedFlush(SessionImpl.java:488)
	at org.hibernate.internal.SessionImpl.flushBeforeTransactionCompletion(SessionImpl.java:2321)
	at org.hibernate.internal.SessionImpl.beforeTransactionCompletion(SessionImpl.java:2029)
	at org.hibernate.engine.jdbc.internal.JdbcCoordinatorImpl.beforeTransactionCompletion(JdbcCoordinatorImpl.java:394)
	at org.hibernate.resource.transaction.backend.jta.internal.JtaTransactionCoordinatorImpl.beforeCompletion(JtaTransactionCoordinatorImpl.java:328)
	at org.hibernate.resource.transaction.backend.jta.internal.synchronization.SynchronizationCallbackCoordinatorNonTrackingImpl.beforeCompletion(SynchronizationCallbackCoordinatorNonTrackingImpl.java:39)
	at org.hibernate.resource.transaction.backend.jta.internal.synchronization.RegisteredSynchronization.beforeCompletion(RegisteredSynchronization.java:33)
	at com.arjuna.ats.internal.jta.resources.arjunacore.SynchronizationImple.beforeCompletion(SynchronizationImple.java:52)
	at com.arjuna.ats.arjuna.coordinator.TwoPhaseCoordinator.beforeCompletion(TwoPhaseCoordinator.java:348)
	at com.arjuna.ats.arjuna.coordinator.TwoPhaseCoordinator.end(TwoPhaseCoordinator.java:66)
	at com.arjuna.ats.arjuna.AtomicAction.commit(AtomicAction.java:135)
	at com.arjuna.ats.internal.jta.transaction.arjunacore.TransactionImple.commitAndDisassociate(TransactionImple.java:1307)
	at com.arjuna.ats.internal.jta.transaction.arjunacore.BaseTransaction.commit(BaseTransaction.java:104)
	at io.quarkus.narayana.jta.runtime.NotifyingTransactionManager.commit(NotifyingTransactionManager.java:70)
	at io.quarkus.narayana.jta.runtime.interceptor.TransactionalInterceptorBase.endTransaction(TransactionalInterceptorBase.java:406)
	at io.quarkus.narayana.jta.runtime.interceptor.TransactionalInterceptorBase.invokeInOurTx(TransactionalInterceptorBase.java:175)
	at io.quarkus.narayana.jta.runtime.interceptor.TransactionalInterceptorBase.invokeInOurTx(TransactionalInterceptorBase.java:107)
	at io.quarkus.narayana.jta.runtime.interceptor.TransactionalInterceptorRequired.doIntercept(TransactionalInterceptorRequired.java:38)
	at io.quarkus.narayana.jta.runtime.interceptor.TransactionalInterceptorBase.intercept(TransactionalInterceptorBase.java:61)
	at io.quarkus.narayana.jta.runtime.interceptor.TransactionalInterceptorRequired.intercept(TransactionalInterceptorRequired.java:32)
	at io.quarkus.narayana.jta.runtime.interceptor.TransactionalInterceptorRequired_Bean.intercept(Unknown Source)
	at io.quarkus.arc.impl.InterceptorInvocation.invoke(InterceptorInvocation.java:42)
	at io.quarkus.arc.impl.AroundInvokeInvocationContext.perform(AroundInvokeInvocationContext.java:30)
	at io.quarkus.arc.impl.InvocationContexts.performAroundInvoke(InvocationContexts.java:27)
	at villagecompute.calendar.data.models.AnalyticsRollupTest_Subclass.testOptionalDimensionFields(Unknown Source)
	at java.base/jdk.internal.reflect.DirectMethodHandleAccessor.invoke(DirectMethodHandleAccessor.java:103)
	at java.base/java.lang.reflect.Method.invoke(Method.java:580)
	at io.quarkus.test.junit.QuarkusTestExtension.runExtensionMethod(QuarkusTestExtension.java:1000)
	at io.quarkus.test.junit.QuarkusTestExtension.interceptTestMethod(QuarkusTestExtension.java:848)
	at org.junit.jupiter.engine.execution.InterceptingExecutableInvoker$ReflectiveInterceptorCall.lambda$ofVoidMethod$0(InterceptingExecutableInvoker.java:112)
	at org.junit.jupiter.engine.execution.InterceptingExecutableInvoker.lambda$invoke$0(InterceptingExecutableInvoker.java:94)
	at org.junit.jupiter.engine.execution.InvocationInterceptorChain$InterceptedInvocation.proceed(InvocationInterceptorChain.java:106)
	at org.junit.jupiter.engine.extension.TimeoutExtension.intercept(TimeoutExtension.java:161)
	at org.junit.jupiter.engine.extension.TimeoutExtension.interceptTestableMethod(TimeoutExtension.java:152)
	at org.junit.jupiter.engine.extension.TimeoutExtension.interceptTestMethod(TimeoutExtension.java:91)
	at org.junit.jupiter.engine.execution.InterceptingExecutableInvoker$ReflectiveInterceptorCall.lambda$ofVoidMethod$0(InterceptingExecutableInvoker.java:112)
	at org.junit.jupiter.engine.execution.InterceptingExecutableInvoker.lambda$invoke$0(InterceptingExecutableInvoker.java:94)
	at org.junit.jupiter.engine.execution.InvocationInterceptorChain$InterceptedInvocation.proceed(InvocationInterceptorChain.java:106)
	at org.junit.jupiter.engine.execution.InvocationInterceptorChain.proceed(InvocationInterceptorChain.java:64)
	at org.junit.jupiter.engine.execution.InvocationInterceptorChain.chainAndInvoke(InvocationInterceptorChain.java:45)
	at org.junit.jupiter.engine.execution.InvocationInterceptorChain.invoke(InvocationInterceptorChain.java:37)
	at org.junit.jupiter.engine.execution.InterceptingExecutableInvoker.invoke(InterceptingExecutableInvoker.java:93)
	at org.junit.jupiter.engine.execution.InterceptingExecutableInvoker.invoke(InterceptingExecutableInvoker.java:87)
	at org.junit.jupiter.engine.descriptor.TestMethodTestDescriptor.lambda$invokeTestMethod$4(TestMethodTestDescriptor.java:221)
	at org.junit.platform.engine.support.hierarchical.ThrowableCollector.execute(ThrowableCollector.java:73)
	at org.junit.jupiter.engine.descriptor.TestMethodTestDescriptor.invokeTestMethod(TestMethodTestDescriptor.java:217)
	at org.junit.jupiter.engine.descriptor.TestMethodTestDescriptor.execute(TestMethodTestDescriptor.java:159)
	at org.junit.jupiter.engine.descriptor.TestMethodTestDescriptor.execute(TestMethodTestDescriptor.java:70)
	at org.junit.platform.engine.support.hierarchical.NodeTestTask.lambda$executeRecursively$6(NodeTestTask.java:157)
	at org.junit.platform.engine.support.hierarchical.ThrowableCollector.execute(ThrowableCollector.java:73)
	at org.junit.platform.engine.support.hierarchical.NodeTestTask.lambda$executeRecursively$8(NodeTestTask.java:147)
	at org.junit.platform.engine.support.hierarchical.Node.around(Node.java:137)
	at org.junit.platform.engine.support.hierarchical.NodeTestTask.lambda$executeRecursively$9(NodeTestTask.java:145)
	at org.junit.platform.engine.support.hierarchical.ThrowableCollector.execute(ThrowableCollector.java:73)
	at org.junit.platform.engine.support.hierarchical.NodeTestTask.executeRecursively(NodeTestTask.java:144)
	at org.junit.platform.engine.support.hierarchical.NodeTestTask.execute(NodeTestTask.java:101)
	at java.base/java.util.ArrayList.forEach(ArrayList.java:1596)
	at org.junit.platform.engine.support.hierarchical.SameThreadHierarchicalTestExecutorService.invokeAll(SameThreadHierarchicalTestExecutorService.java:41)
	at org.junit.platform.engine.support.hierarchical.NodeTestTask.lambda$executeRecursively$6(NodeTestTask.java:161)
	at org.junit.platform.engine.support.hierarchical.ThrowableCollector.execute(ThrowableCollector.java:73)
	at org.junit.platform.engine.support.hierarchical.NodeTestTask.lambda$executeRecursively$8(NodeTestTask.java:147)
	at org.junit.platform.engine.support.hierarchical.Node.around(Node.java:137)
	at org.junit.platform.engine.support.hierarchical.NodeTestTask.lambda$executeRecursively$9(NodeTestTask.java:145)
	at org.junit.platform.engine.support.hierarchical.ThrowableCollector.execute(ThrowableCollector.java:73)
	at org.junit.platform.engine.support.hierarchical.NodeTestTask.executeRecursively(NodeTestTask.java:144)
	at org.junit.platform.engine.support.hierarchical.NodeTestTask.execute(NodeTestTask.java:101)
	at java.base/java.util.ArrayList.forEach(ArrayList.java:1596)
	at org.junit.platform.engine.support.hierarchical.SameThreadHierarchicalTestExecutorService.invokeAll(SameThreadHierarchicalTestExecutorService.java:41)
	at org.junit.platform.engine.support.hierarchical.NodeTestTask.lambda$executeRecursively$6(NodeTestTask.java:161)
	at org.junit.platform.engine.support.hierarchical.ThrowableCollector.execute(ThrowableCollector.java:73)
	at org.junit.platform.engine.support.hierarchical.NodeTestTask.lambda$executeRecursively$8(NodeTestTask.java:147)
	at org.junit.platform.engine.support.hierarchical.Node.around(Node.java:137)
	at org.junit.platform.engine.support.hierarchical.NodeTestTask.lambda$executeRecursively$9(NodeTestTask.java:145)
	at org.junit.platform.engine.support.hierarchical.ThrowableCollector.execute(ThrowableCollector.java:73)
	at org.junit.platform.engine.support.hierarchical.NodeTestTask.executeRecursively(NodeTestTask.java:144)
	at org.junit.platform.engine.support.hierarchical.NodeTestTask.execute(NodeTestTask.java:101)
	at org.junit.platform.engine.support.hierarchical.SameThreadHierarchicalTestExecutorService.submit(SameThreadHierarchicalTestExecutorService.java:35)
	at org.junit.platform.engine.support.hierarchical.HierarchicalTestExecutor.execute(HierarchicalTestExecutor.java:57)
	at org.junit.platform.engine.support.hierarchical.HierarchicalTestEngine.execute(HierarchicalTestEngine.java:54)
	at org.junit.platform.launcher.core.EngineExecutionOrchestrator.executeEngine(EngineExecutionOrchestrator.java:230)
	at org.junit.platform.launcher.core.EngineExecutionOrchestrator.failOrExecuteEngine(EngineExecutionOrchestrator.java:204)
	at org.junit.platform.launcher.core.EngineExecutionOrchestrator.execute(EngineExecutionOrchestrator.java:172)
	at org.junit.platform.launcher.core.EngineExecutionOrchestrator.execute(EngineExecutionOrchestrator.java:101)
	at org.junit.platform.launcher.core.EngineExecutionOrchestrator.lambda$execute$0(EngineExecutionOrchestrator.java:64)
	at org.junit.platform.launcher.core.EngineExecutionOrchestrator.withInterceptedStreams(EngineExecutionOrchestrator.java:150)
	at org.junit.platform.launcher.core.EngineExecutionOrchestrator.execute(EngineExecutionOrchestrator.java:63)
	at org.junit.platform.launcher.core.DefaultLauncher.execute(DefaultLauncher.java:109)
	at org.junit.platform.launcher.core.DefaultLauncher.execute(DefaultLauncher.java:91)
	at org.junit.platform.launcher.core.DelegatingLauncher.execute(DelegatingLauncher.java:47)
	at org.junit.platform.launcher.core.InterceptingLauncher.lambda$execute$1(InterceptingLauncher.java:39)
	at org.junit.platform.launcher.core.ClasspathAlignmentCheckingLauncherInterceptor.intercept(ClasspathAlignmentCheckingLauncherInterceptor.java:25)
	at org.junit.platform.launcher.core.InterceptingLauncher.execute(InterceptingLauncher.java:38)
	at org.junit.platform.launcher.core.DelegatingLauncher.execute(DelegatingLauncher.java:47)
	at org.apache.maven.surefire.junitplatform.LazyLauncher.execute(LazyLauncher.java:56)
	at org.apache.maven.surefire.junitplatform.JUnitPlatformProvider.execute(JUnitPlatformProvider.java:184)
	at org.apache.maven.surefire.junitplatform.JUnitPlatformProvider.invokeAllTests(JUnitPlatformProvider.java:148)
	at org.apache.maven.surefire.junitplatform.JUnitPlatformProvider.invoke(JUnitPlatformProvider.java:122)
	at org.apache.maven.surefire.booter.ForkedBooter.runSuitesInProcess(ForkedBooter.java:385)
	at org.apache.maven.surefire.booter.ForkedBooter.execute(ForkedBooter.java:162)
	at org.apache.maven.surefire.booter.ForkedBooter.run(ForkedBooter.java:507)
	at org.apache.maven.surefire.booter.ForkedBooter.main(ForkedBooter.java:495)
Caused by: org.h2.jdbc.JdbcSQLSyntaxErrorException: Table "analytics_rollups" not found; SQL statement:
insert into analytics_rollups (created,dimension_key,dimension_value,metric_name,period_end,period_start,updated,value,version,id) values (?,?,?,?,?,?,?,?,?,?) [42102-230]
	at org.h2.message.DbException.getJdbcSQLException(DbException.java:514)
	at org.h2.message.DbException.getJdbcSQLException(DbException.java:489)
	at org.h2.message.DbException.get(DbException.java:223)
	at org.h2.message.DbException.get(DbException.java:199)
	at org.h2.command.Parser.getTableOrViewNotFoundDbException(Parser.java:7944)
	at org.h2.command.Parser.getTableOrViewNotFoundDbException(Parser.java:7915)
	at org.h2.command.Parser.readTableOrView(Parser.java:7894)
	at org.h2.command.Parser.readTableOrView(Parser.java:7856)
	at org.h2.command.Parser.parseInsert(Parser.java:1520)
	at org.h2.command.Parser.parsePrepared(Parser.java:697)
	at org.h2.command.Parser.parse(Parser.java:580)
	at org.h2.command.Parser.parse(Parser.java:555)
	at org.h2.command.Parser.prepareCommand(Parser.java:484)
	at org.h2.engine.SessionLocal.prepareLocal(SessionLocal.java:644)
	at org.h2.engine.SessionLocal.prepareCommand(SessionLocal.java:560)
	at org.h2.jdbc.JdbcConnection.prepareCommand(JdbcConnection.java:1164)
	at org.h2.jdbc.JdbcPreparedStatement.<init>(JdbcPreparedStatement.java:93)
	at org.h2.jdbc.JdbcConnection.prepareStatement(JdbcConnection.java:315)
	at io.agroal.pool.wrapper.ConnectionWrapper.prepareStatement(ConnectionWrapper.java:649)
	at org.hibernate.engine.jdbc.internal.MutationStatementPreparerImpl$1.doPrepare(MutationStatementPreparerImpl.java:46)
	at org.hibernate.engine.jdbc.internal.MutationStatementPreparerImpl$StatementPreparationTemplate.prepareStatement(MutationStatementPreparerImpl.java:101)
	... 123 more

[Hibernate] 
    delete 
    from
        calendar_orders co1_0
[Hibernate] 
    delete 
    from
        user_calendars uc1_0
[Hibernate] 
    delete 
    from
        page_views pv1_0
[Hibernate] 
    delete 
    from
        analytics_rollups ar1_0
2025-10-17 04:13:21,835 WARN  [org.hib.orm.jdb.error] (main) HHH000247: ErrorCode: 42102, SQLState: 42S02
2025-10-17 04:13:21,835 WARN  [org.hib.orm.jdb.error] (main) Table "analytics_rollups" not found; SQL statement:
delete from analytics_rollups ar1_0 [42102-230]
[Hibernate] 
    delete 
    from
        delayed_jobs dj1_0
[Hibernate] 
    delete 
    from
        calendar_users cu1_0
[Hibernate] 
    delete 
    from
        calendar_templates ct1_0
[Hibernate] 
    insert 
    into
        analytics_rollups
        (created, dimension_key, dimension_value, metric_name, period_end, period_start, updated, value, version, id) 
    values
        (?, ?, ?, ?, ?, ?, ?, ?, ?, ?)
2025-10-17 04:13:21,836 WARN  [org.hib.orm.jdb.error] (main) HHH000247: ErrorCode: 42102, SQLState: 42S02
2025-10-17 04:13:21,836 WARN  [org.hib.orm.jdb.error] (main) Table "analytics_rollups" not found; SQL statement:
insert into analytics_rollups (created,dimension_key,dimension_value,metric_name,period_end,period_start,updated,value,version,id) values (?,?,?,?,?,?,?,?,?,?) [42102-230]
2025-10-17 04:13:21,836 WARN  [com.arj.ats.arjuna] (main) ARJUNA012125: TwoPhaseCoordinator.beforeCompletion - failed for SynchronizationImple< 0:ffff7f000001:d824:68f1faa0:ea, org.hibernate.resource.transaction.backend.jta.internal.synchronization.RegisteredSynchronization@655f16e0 >: org.hibernate.exception.SQLGrammarException: Could not prepare statement [Table "analytics_rollups" not found; SQL statement:
insert into analytics_rollups (created,dimension_key,dimension_value,metric_name,period_end,period_start,updated,value,version,id) values (?,?,?,?,?,?,?,?,?,?) [42102-230]] [insert into analytics_rollups (created,dimension_key,dimension_value,metric_name,period_end,period_start,updated,value,version,id) values (?,?,?,?,?,?,?,?,?,?)]
	at org.hibernate.exception.internal.SQLExceptionTypeDelegate.convert(SQLExceptionTypeDelegate.java:64)
	at org.hibernate.exception.internal.StandardSQLExceptionConverter.convert(StandardSQLExceptionConverter.java:34)
	at org.hibernate.engine.jdbc.spi.SqlExceptionHelper.convert(SqlExceptionHelper.java:115)
	at org.hibernate.engine.jdbc.internal.MutationStatementPreparerImpl$StatementPreparationTemplate.prepareStatement(MutationStatementPreparerImpl.java:112)
	at org.hibernate.engine.jdbc.internal.MutationStatementPreparerImpl.prepareStatement(MutationStatementPreparerImpl.java:36)
	at org.hibernate.engine.jdbc.mutation.internal.ModelMutationHelper.standardStatementPreparation(ModelMutationHelper.java:139)
	at org.hibernate.engine.jdbc.mutation.internal.ModelMutationHelper.lambda$standardPreparation$0(ModelMutationHelper.java:120)
	at org.hibernate.engine.jdbc.mutation.internal.PreparedStatementDetailsStandard.resolveStatement(PreparedStatementDetailsStandard.java:92)
	at org.hibernate.engine.jdbc.mutation.internal.JdbcValueBindingsImpl.lambda$beforeStatement$0(JdbcValueBindingsImpl.java:86)
	at java.base/java.lang.Iterable.forEach(Iterable.java:75)
	at org.hibernate.engine.jdbc.mutation.spi.BindingGroup.forEachBinding(BindingGroup.java:49)
	at org.hibernate.engine.jdbc.mutation.internal.JdbcValueBindingsImpl.beforeStatement(JdbcValueBindingsImpl.java:83)
	at org.hibernate.engine.jdbc.mutation.internal.AbstractMutationExecutor.performNonBatchedMutation(AbstractMutationExecutor.java:144)
	at org.hibernate.engine.jdbc.mutation.internal.MutationExecutorSingleNonBatched.performNonBatchedOperations(MutationExecutorSingleNonBatched.java:53)
	at org.hibernate.engine.jdbc.mutation.internal.AbstractMutationExecutor.execute(AbstractMutationExecutor.java:66)
	at org.hibernate.engine.jdbc.mutation.internal.AbstractMutationExecutor.execute(AbstractMutationExecutor.java:55)
	at org.hibernate.persister.entity.mutation.InsertCoordinatorStandard.doStaticInserts(InsertCoordinatorStandard.java:191)
	at org.hibernate.persister.entity.mutation.InsertCoordinatorStandard.coordinateInsert(InsertCoordinatorStandard.java:129)
	at org.hibernate.persister.entity.mutation.InsertCoordinatorStandard.insert(InsertCoordinatorStandard.java:101)
	at org.hibernate.action.internal.EntityInsertAction.execute(EntityInsertAction.java:113)
	at org.hibernate.engine.spi.ActionQueue.executeActions(ActionQueue.java:646)
	at org.hibernate.engine.spi.ActionQueue.executeActions(ActionQueue.java:513)
	at org.hibernate.event.internal.AbstractFlushingEventListener.performExecutions(AbstractFlushingEventListener.java:378)
	at org.hibernate.event.internal.DefaultFlushEventListener.onFlush(DefaultFlushEventListener.java:39)
	at org.hibernate.event.service.internal.EventListenerGroupImpl.fireEventOnEachListener(EventListenerGroupImpl.java:140)
	at org.hibernate.internal.SessionImpl.doFlush(SessionImpl.java:1443)
	at org.hibernate.internal.SessionImpl.managedFlush(SessionImpl.java:488)
	at org.hibernate.internal.SessionImpl.flushBeforeTransactionCompletion(SessionImpl.java:2321)
	at org.hibernate.internal.SessionImpl.beforeTransactionCompletion(SessionImpl.java:2029)
	at org.hibernate.engine.jdbc.internal.JdbcCoordinatorImpl.beforeTransactionCompletion(JdbcCoordinatorImpl.java:394)
	at org.hibernate.resource.transaction.backend.jta.internal.JtaTransactionCoordinatorImpl.beforeCompletion(JtaTransactionCoordinatorImpl.java:328)
	at org.hibernate.resource.transaction.backend.jta.internal.synchronization.SynchronizationCallbackCoordinatorNonTrackingImpl.beforeCompletion(SynchronizationCallbackCoordinatorNonTrackingImpl.java:39)
	at org.hibernate.resource.transaction.backend.jta.internal.synchronization.RegisteredSynchronization.beforeCompletion(RegisteredSynchronization.java:33)
	at com.arjuna.ats.internal.jta.resources.arjunacore.SynchronizationImple.beforeCompletion(SynchronizationImple.java:52)
	at com.arjuna.ats.arjuna.coordinator.TwoPhaseCoordinator.beforeCompletion(TwoPhaseCoordinator.java:348)
	at com.arjuna.ats.arjuna.coordinator.TwoPhaseCoordinator.end(TwoPhaseCoordinator.java:66)
	at com.arjuna.ats.arjuna.AtomicAction.commit(AtomicAction.java:135)
	at com.arjuna.ats.internal.jta.transaction.arjunacore.TransactionImple.commitAndDisassociate(TransactionImple.java:1307)
	at com.arjuna.ats.internal.jta.transaction.arjunacore.BaseTransaction.commit(BaseTransaction.java:104)
	at io.quarkus.narayana.jta.runtime.NotifyingTransactionManager.commit(NotifyingTransactionManager.java:70)
	at io.quarkus.narayana.jta.runtime.interceptor.TransactionalInterceptorBase.endTransaction(TransactionalInterceptorBase.java:406)
	at io.quarkus.narayana.jta.runtime.interceptor.TransactionalInterceptorBase.invokeInOurTx(TransactionalInterceptorBase.java:175)
	at io.quarkus.narayana.jta.runtime.interceptor.TransactionalInterceptorBase.invokeInOurTx(TransactionalInterceptorBase.java:107)
	at io.quarkus.narayana.jta.runtime.interceptor.TransactionalInterceptorRequired.doIntercept(TransactionalInterceptorRequired.java:38)
	at io.quarkus.narayana.jta.runtime.interceptor.TransactionalInterceptorBase.intercept(TransactionalInterceptorBase.java:61)
	at io.quarkus.narayana.jta.runtime.interceptor.TransactionalInterceptorRequired.intercept(TransactionalInterceptorRequired.java:32)
	at io.quarkus.narayana.jta.runtime.interceptor.TransactionalInterceptorRequired_Bean.intercept(Unknown Source)
	at io.quarkus.arc.impl.InterceptorInvocation.invoke(InterceptorInvocation.java:42)
	at io.quarkus.arc.impl.AroundInvokeInvocationContext.perform(AroundInvokeInvocationContext.java:30)
	at io.quarkus.arc.impl.InvocationContexts.performAroundInvoke(InvocationContexts.java:27)
	at villagecompute.calendar.data.models.AnalyticsRollupTest_Subclass.testUniqueConstraint(Unknown Source)
	at java.base/jdk.internal.reflect.DirectMethodHandleAccessor.invoke(DirectMethodHandleAccessor.java:103)
	at java.base/java.lang.reflect.Method.invoke(Method.java:580)
	at io.quarkus.test.junit.QuarkusTestExtension.runExtensionMethod(QuarkusTestExtension.java:1000)
	at io.quarkus.test.junit.QuarkusTestExtension.interceptTestMethod(QuarkusTestExtension.java:848)
	at org.junit.jupiter.engine.execution.InterceptingExecutableInvoker$ReflectiveInterceptorCall.lambda$ofVoidMethod$0(InterceptingExecutableInvoker.java:112)
	at org.junit.jupiter.engine.execution.InterceptingExecutableInvoker.lambda$invoke$0(InterceptingExecutableInvoker.java:94)
	at org.junit.jupiter.engine.execution.InvocationInterceptorChain$InterceptedInvocation.proceed(InvocationInterceptorChain.java:106)
	at org.junit.jupiter.engine.extension.TimeoutExtension.intercept(TimeoutExtension.java:161)
	at org.junit.jupiter.engine.extension.TimeoutExtension.interceptTestableMethod(TimeoutExtension.java:152)
	at org.junit.jupiter.engine.extension.TimeoutExtension.interceptTestMethod(TimeoutExtension.java:91)
	at org.junit.jupiter.engine.execution.InterceptingExecutableInvoker$ReflectiveInterceptorCall.lambda$ofVoidMethod$0(InterceptingExecutableInvoker.java:112)
	at org.junit.jupiter.engine.execution.InterceptingExecutableInvoker.lambda$invoke$0(InterceptingExecutableInvoker.java:94)
	at org.junit.jupiter.engine.execution.InvocationInterceptorChain$InterceptedInvocation.proceed(InvocationInterceptorChain.java:106)
	at org.junit.jupiter.engine.execution.InvocationInterceptorChain.proceed(InvocationInterceptorChain.java:64)
	at org.junit.jupiter.engine.execution.InvocationInterceptorChain.chainAndInvoke(InvocationInterceptorChain.java:45)
	at org.junit.jupiter.engine.execution.InvocationInterceptorChain.invoke(InvocationInterceptorChain.java:37)
	at org.junit.jupiter.engine.execution.InterceptingExecutableInvoker.invoke(InterceptingExecutableInvoker.java:93)
	at org.junit.jupiter.engine.execution.InterceptingExecutableInvoker.invoke(InterceptingExecutableInvoker.java:87)
	at org.junit.jupiter.engine.descriptor.TestMethodTestDescriptor.lambda$invokeTestMethod$4(TestMethodTestDescriptor.java:221)
	at org.junit.platform.engine.support.hierarchical.ThrowableCollector.execute(ThrowableCollector.java:73)
	at org.junit.jupiter.engine.descriptor.TestMethodTestDescriptor.invokeTestMethod(TestMethodTestDescriptor.java:217)
	at org.junit.jupiter.engine.descriptor.TestMethodTestDescriptor.execute(TestMethodTestDescriptor.java:159)
	at org.junit.jupiter.engine.descriptor.TestMethodTestDescriptor.execute(TestMethodTestDescriptor.java:70)
	at org.junit.platform.engine.support.hierarchical.NodeTestTask.lambda$executeRecursively$6(NodeTestTask.java:157)
	at org.junit.platform.engine.support.hierarchical.ThrowableCollector.execute(ThrowableCollector.java:73)
	at org.junit.platform.engine.support.hierarchical.NodeTestTask.lambda$executeRecursively$8(NodeTestTask.java:147)
	at org.junit.platform.engine.support.hierarchical.Node.around(Node.java:137)
	at org.junit.platform.engine.support.hierarchical.NodeTestTask.lambda$executeRecursively$9(NodeTestTask.java:145)
	at org.junit.platform.engine.support.hierarchical.ThrowableCollector.execute(ThrowableCollector.java:73)
	at org.junit.platform.engine.support.hierarchical.NodeTestTask.executeRecursively(NodeTestTask.java:144)
	at org.junit.platform.engine.support.hierarchical.NodeTestTask.execute(NodeTestTask.java:101)
	at java.base/java.util.ArrayList.forEach(ArrayList.java:1596)
	at org.junit.platform.engine.support.hierarchical.SameThreadHierarchicalTestExecutorService.invokeAll(SameThreadHierarchicalTestExecutorService.java:41)
	at org.junit.platform.engine.support.hierarchical.NodeTestTask.lambda$executeRecursively$6(NodeTestTask.java:161)
	at org.junit.platform.engine.support.hierarchical.ThrowableCollector.execute(ThrowableCollector.java:73)
	at org.junit.platform.engine.support.hierarchical.NodeTestTask.lambda$executeRecursively$8(NodeTestTask.java:147)
	at org.junit.platform.engine.support.hierarchical.Node.around(Node.java:137)
	at org.junit.platform.engine.support.hierarchical.NodeTestTask.lambda$executeRecursively$9(NodeTestTask.java:145)
	at org.junit.platform.engine.support.hierarchical.ThrowableCollector.execute(ThrowableCollector.java:73)
	at org.junit.platform.engine.support.hierarchical.NodeTestTask.executeRecursively(NodeTestTask.java:144)
	at org.junit.platform.engine.support.hierarchical.NodeTestTask.execute(NodeTestTask.java:101)
	at java.base/java.util.ArrayList.forEach(ArrayList.java:1596)
	at org.junit.platform.engine.support.hierarchical.SameThreadHierarchicalTestExecutorService.invokeAll(SameThreadHierarchicalTestExecutorService.java:41)
	at org.junit.platform.engine.support.hierarchical.NodeTestTask.lambda$executeRecursively$6(NodeTestTask.java:161)
	at org.junit.platform.engine.support.hierarchical.ThrowableCollector.execute(ThrowableCollector.java:73)
	at org.junit.platform.engine.support.hierarchical.NodeTestTask.lambda$executeRecursively$8(NodeTestTask.java:147)
	at org.junit.platform.engine.support.hierarchical.Node.around(Node.java:137)
	at org.junit.platform.engine.support.hierarchical.NodeTestTask.lambda$executeRecursively$9(NodeTestTask.java:145)
	at org.junit.platform.engine.support.hierarchical.ThrowableCollector.execute(ThrowableCollector.java:73)
	at org.junit.platform.engine.support.hierarchical.NodeTestTask.executeRecursively(NodeTestTask.java:144)
	at org.junit.platform.engine.support.hierarchical.NodeTestTask.execute(NodeTestTask.java:101)
	at org.junit.platform.engine.support.hierarchical.SameThreadHierarchicalTestExecutorService.submit(SameThreadHierarchicalTestExecutorService.java:35)
	at org.junit.platform.engine.support.hierarchical.HierarchicalTestExecutor.execute(HierarchicalTestExecutor.java:57)
	at org.junit.platform.engine.support.hierarchical.HierarchicalTestEngine.execute(HierarchicalTestEngine.java:54)
	at org.junit.platform.launcher.core.EngineExecutionOrchestrator.executeEngine(EngineExecutionOrchestrator.java:230)
	at org.junit.platform.launcher.core.EngineExecutionOrchestrator.failOrExecuteEngine(EngineExecutionOrchestrator.java:204)
	at org.junit.platform.launcher.core.EngineExecutionOrchestrator.execute(EngineExecutionOrchestrator.java:172)
	at org.junit.platform.launcher.core.EngineExecutionOrchestrator.execute(EngineExecutionOrchestrator.java:101)
	at org.junit.platform.launcher.core.EngineExecutionOrchestrator.lambda$execute$0(EngineExecutionOrchestrator.java:64)
	at org.junit.platform.launcher.core.EngineExecutionOrchestrator.withInterceptedStreams(EngineExecutionOrchestrator.java:150)
	at org.junit.platform.launcher.core.EngineExecutionOrchestrator.execute(EngineExecutionOrchestrator.java:63)
	at org.junit.platform.launcher.core.DefaultLauncher.execute(DefaultLauncher.java:109)
	at org.junit.platform.launcher.core.DefaultLauncher.execute(DefaultLauncher.java:91)
	at org.junit.platform.launcher.core.DelegatingLauncher.execute(DelegatingLauncher.java:47)
	at org.junit.platform.launcher.core.InterceptingLauncher.lambda$execute$1(InterceptingLauncher.java:39)
	at org.junit.platform.launcher.core.ClasspathAlignmentCheckingLauncherInterceptor.intercept(ClasspathAlignmentCheckingLauncherInterceptor.java:25)
	at org.junit.platform.launcher.core.InterceptingLauncher.execute(InterceptingLauncher.java:38)
	at org.junit.platform.launcher.core.DelegatingLauncher.execute(DelegatingLauncher.java:47)
	at org.apache.maven.surefire.junitplatform.LazyLauncher.execute(LazyLauncher.java:56)
	at org.apache.maven.surefire.junitplatform.JUnitPlatformProvider.execute(JUnitPlatformProvider.java:184)
	at org.apache.maven.surefire.junitplatform.JUnitPlatformProvider.invokeAllTests(JUnitPlatformProvider.java:148)
	at org.apache.maven.surefire.junitplatform.JUnitPlatformProvider.invoke(JUnitPlatformProvider.java:122)
	at org.apache.maven.surefire.booter.ForkedBooter.runSuitesInProcess(ForkedBooter.java:385)
	at org.apache.maven.surefire.booter.ForkedBooter.execute(ForkedBooter.java:162)
	at org.apache.maven.surefire.booter.ForkedBooter.run(ForkedBooter.java:507)
	at org.apache.maven.surefire.booter.ForkedBooter.main(ForkedBooter.java:495)
Caused by: org.h2.jdbc.JdbcSQLSyntaxErrorException: Table "analytics_rollups" not found; SQL statement:
insert into analytics_rollups (created,dimension_key,dimension_value,metric_name,period_end,period_start,updated,value,version,id) values (?,?,?,?,?,?,?,?,?,?) [42102-230]
	at org.h2.message.DbException.getJdbcSQLException(DbException.java:514)
	at org.h2.message.DbException.getJdbcSQLException(DbException.java:489)
	at org.h2.message.DbException.get(DbException.java:223)
	at org.h2.message.DbException.get(DbException.java:199)
	at org.h2.command.Parser.getTableOrViewNotFoundDbException(Parser.java:7944)
	at org.h2.command.Parser.getTableOrViewNotFoundDbException(Parser.java:7915)
	at org.h2.command.Parser.readTableOrView(Parser.java:7894)
	at org.h2.command.Parser.readTableOrView(Parser.java:7856)
	at org.h2.command.Parser.parseInsert(Parser.java:1520)
	at org.h2.command.Parser.parsePrepared(Parser.java:697)
	at org.h2.command.Parser.parse(Parser.java:580)
	at org.h2.command.Parser.parse(Parser.java:555)
	at org.h2.command.Parser.prepareCommand(Parser.java:484)
	at org.h2.engine.SessionLocal.prepareLocal(SessionLocal.java:644)
	at org.h2.engine.SessionLocal.prepareCommand(SessionLocal.java:560)
	at org.h2.jdbc.JdbcConnection.prepareCommand(JdbcConnection.java:1164)
	at org.h2.jdbc.JdbcPreparedStatement.<init>(JdbcPreparedStatement.java:93)
	at org.h2.jdbc.JdbcConnection.prepareStatement(JdbcConnection.java:315)
	at io.agroal.pool.wrapper.ConnectionWrapper.prepareStatement(ConnectionWrapper.java:649)
	at org.hibernate.engine.jdbc.internal.MutationStatementPreparerImpl$1.doPrepare(MutationStatementPreparerImpl.java:46)
	at org.hibernate.engine.jdbc.internal.MutationStatementPreparerImpl$StatementPreparationTemplate.prepareStatement(MutationStatementPreparerImpl.java:101)
	... 123 more

[Hibernate] 
    delete 
    from
        calendar_orders co1_0
[Hibernate] 
    delete 
    from
        user_calendars uc1_0
[Hibernate] 
    delete 
    from
        page_views pv1_0
[Hibernate] 
    delete 
    from
        analytics_rollups ar1_0
2025-10-17 04:13:21,839 WARN  [org.hib.orm.jdb.error] (main) HHH000247: ErrorCode: 42102, SQLState: 42S02
2025-10-17 04:13:21,840 WARN  [org.hib.orm.jdb.error] (main) Table "analytics_rollups" not found; SQL statement:
delete from analytics_rollups ar1_0 [42102-230]
[Hibernate] 
    delete 
    from
        delayed_jobs dj1_0
[Hibernate] 
    delete 
    from
        calendar_users cu1_0
[Hibernate] 
    delete 
    from
        calendar_templates ct1_0
[Hibernate] 
    insert 
    into
        analytics_rollups
        (created, dimension_key, dimension_value, metric_name, period_end, period_start, updated, value, version, id) 
    values
        (?, ?, ?, ?, ?, ?, ?, ?, ?, ?)
2025-10-17 04:13:21,843 WARN  [org.hib.orm.jdb.error] (main) HHH000247: ErrorCode: 42102, SQLState: 42S02
2025-10-17 04:13:21,843 WARN  [org.hib.orm.jdb.error] (main) Table "analytics_rollups" not found; SQL statement:
insert into analytics_rollups (created,dimension_key,dimension_value,metric_name,period_end,period_start,updated,value,version,id) values (?,?,?,?,?,?,?,?,?,?) [42102-230]
[Hibernate] 
    delete 
    from
        calendar_orders co1_0
[Hibernate] 
    delete 
    from
        user_calendars uc1_0
[Hibernate] 
    delete 
    from
        page_views pv1_0
[Hibernate] 
    delete 
    from
        analytics_rollups ar1_0
2025-10-17 04:13:21,846 WARN  [org.hib.orm.jdb.error] (main) HHH000247: ErrorCode: 42102, SQLState: 42S02
2025-10-17 04:13:21,846 WARN  [org.hib.orm.jdb.error] (main) Table "analytics_rollups" not found; SQL statement:
delete from analytics_rollups ar1_0 [42102-230]
[Hibernate] 
    delete 
    from
        delayed_jobs dj1_0
[Hibernate] 
    delete 
    from
        calendar_users cu1_0
[Hibernate] 
    delete 
    from
        calendar_templates ct1_0
[Hibernate] 
    insert 
    into
        analytics_rollups
        (created, dimension_key, dimension_value, metric_name, period_end, period_start, updated, value, version, id) 
    values
        (?, ?, ?, ?, ?, ?, ?, ?, ?, ?)
2025-10-17 04:13:21,850 WARN  [org.hib.orm.jdb.error] (main) HHH000247: ErrorCode: 42102, SQLState: 42S02
2025-10-17 04:13:21,850 WARN  [org.hib.orm.jdb.error] (main) Table "analytics_rollups" not found; SQL statement:
insert into analytics_rollups (created,dimension_key,dimension_value,metric_name,period_end,period_start,updated,value,version,id) values (?,?,?,?,?,?,?,?,?,?) [42102-230]
[Hibernate] 
    delete 
    from
        calendar_orders co1_0
[Hibernate] 
    delete 
    from
        user_calendars uc1_0
[Hibernate] 
    delete 
    from
        page_views pv1_0
[Hibernate] 
    delete 
    from
        analytics_rollups ar1_0
2025-10-17 04:13:21,853 WARN  [org.hib.orm.jdb.error] (main) HHH000247: ErrorCode: 42102, SQLState: 42S02
2025-10-17 04:13:21,853 WARN  [org.hib.orm.jdb.error] (main) Table "analytics_rollups" not found; SQL statement:
delete from analytics_rollups ar1_0 [42102-230]
[Hibernate] 
    delete 
    from
        delayed_jobs dj1_0
[Hibernate] 
    delete 
    from
        calendar_users cu1_0
[Hibernate] 
    delete 
    from
        calendar_templates ct1_0
[Hibernate] 
    insert 
    into
        analytics_rollups
        (created, dimension_key, dimension_value, metric_name, period_end, period_start, updated, value, version, id) 
    values
        (?, ?, ?, ?, ?, ?, ?, ?, ?, ?)
2025-10-17 04:13:21,857 WARN  [org.hib.orm.jdb.error] (main) HHH000247: ErrorCode: 42102, SQLState: 42S02
2025-10-17 04:13:21,857 WARN  [org.hib.orm.jdb.error] (main) Table "analytics_rollups" not found; SQL statement:
insert into analytics_rollups (created,dimension_key,dimension_value,metric_name,period_end,period_start,updated,value,version,id) values (?,?,?,?,?,?,?,?,?,?) [42102-230]
[Hibernate] 
    delete 
    from
        calendar_orders co1_0
[Hibernate] 
    delete 
    from
        user_calendars uc1_0
[Hibernate] 
    delete 
    from
        page_views pv1_0
[Hibernate] 
    delete 
    from
        analytics_rollups ar1_0
2025-10-17 04:13:21,860 WARN  [org.hib.orm.jdb.error] (main) HHH000247: ErrorCode: 42102, SQLState: 42S02
2025-10-17 04:13:21,860 WARN  [org.hib.orm.jdb.error] (main) Table "analytics_rollups" not found; SQL statement:
delete from analytics_rollups ar1_0 [42102-230]
[Hibernate] 
    delete 
    from
        delayed_jobs dj1_0
[Hibernate] 
    delete 
    from
        calendar_users cu1_0
[Hibernate] 
    delete 
    from
        calendar_templates ct1_0
[Hibernate] 
    insert 
    into
        analytics_rollups
        (created, dimension_key, dimension_value, metric_name, period_end, period_start, updated, value, version, id) 
    values
        (?, ?, ?, ?, ?, ?, ?, ?, ?, ?)
2025-10-17 04:13:21,861 WARN  [org.hib.orm.jdb.error] (main) HHH000247: ErrorCode: 42102, SQLState: 42S02
2025-10-17 04:13:21,861 WARN  [org.hib.orm.jdb.error] (main) Table "analytics_rollups" not found; SQL statement:
insert into analytics_rollups (created,dimension_key,dimension_value,metric_name,period_end,period_start,updated,value,version,id) values (?,?,?,?,?,?,?,?,?,?) [42102-230]
2025-10-17 04:13:21,861 WARN  [com.arj.ats.arjuna] (main) ARJUNA012125: TwoPhaseCoordinator.beforeCompletion - failed for SynchronizationImple< 0:ffff7f000001:d824:68f1faa0:11a, org.hibernate.resource.transaction.backend.jta.internal.synchronization.RegisteredSynchronization@77fcc6ae >: org.hibernate.exception.SQLGrammarException: Could not prepare statement [Table "analytics_rollups" not found; SQL statement:
insert into analytics_rollups (created,dimension_key,dimension_value,metric_name,period_end,period_start,updated,value,version,id) values (?,?,?,?,?,?,?,?,?,?) [42102-230]] [insert into analytics_rollups (created,dimension_key,dimension_value,metric_name,period_end,period_start,updated,value,version,id) values (?,?,?,?,?,?,?,?,?,?)]
	at org.hibernate.exception.internal.SQLExceptionTypeDelegate.convert(SQLExceptionTypeDelegate.java:64)
	at org.hibernate.exception.internal.StandardSQLExceptionConverter.convert(StandardSQLExceptionConverter.java:34)
	at org.hibernate.engine.jdbc.spi.SqlExceptionHelper.convert(SqlExceptionHelper.java:115)
	at org.hibernate.engine.jdbc.internal.MutationStatementPreparerImpl$StatementPreparationTemplate.prepareStatement(MutationStatementPreparerImpl.java:112)
	at org.hibernate.engine.jdbc.internal.MutationStatementPreparerImpl.prepareStatement(MutationStatementPreparerImpl.java:36)
	at org.hibernate.engine.jdbc.mutation.internal.ModelMutationHelper.standardStatementPreparation(ModelMutationHelper.java:139)
	at org.hibernate.engine.jdbc.mutation.internal.ModelMutationHelper.lambda$standardPreparation$0(ModelMutationHelper.java:120)
	at org.hibernate.engine.jdbc.mutation.internal.PreparedStatementDetailsStandard.resolveStatement(PreparedStatementDetailsStandard.java:92)
	at org.hibernate.engine.jdbc.mutation.internal.JdbcValueBindingsImpl.lambda$beforeStatement$0(JdbcValueBindingsImpl.java:86)
	at java.base/java.lang.Iterable.forEach(Iterable.java:75)
	at org.hibernate.engine.jdbc.mutation.spi.BindingGroup.forEachBinding(BindingGroup.java:49)
	at org.hibernate.engine.jdbc.mutation.internal.JdbcValueBindingsImpl.beforeStatement(JdbcValueBindingsImpl.java:83)
	at org.hibernate.engine.jdbc.mutation.internal.AbstractMutationExecutor.performNonBatchedMutation(AbstractMutationExecutor.java:144)
	at org.hibernate.engine.jdbc.mutation.internal.MutationExecutorSingleNonBatched.performNonBatchedOperations(MutationExecutorSingleNonBatched.java:53)
	at org.hibernate.engine.jdbc.mutation.internal.AbstractMutationExecutor.execute(AbstractMutationExecutor.java:66)
	at org.hibernate.engine.jdbc.mutation.internal.AbstractMutationExecutor.execute(AbstractMutationExecutor.java:55)
	at org.hibernate.persister.entity.mutation.InsertCoordinatorStandard.doStaticInserts(InsertCoordinatorStandard.java:191)
	at org.hibernate.persister.entity.mutation.InsertCoordinatorStandard.coordinateInsert(InsertCoordinatorStandard.java:129)
	at org.hibernate.persister.entity.mutation.InsertCoordinatorStandard.insert(InsertCoordinatorStandard.java:101)
	at org.hibernate.action.internal.EntityInsertAction.execute(EntityInsertAction.java:113)
	at org.hibernate.engine.spi.ActionQueue.executeActions(ActionQueue.java:646)
	at org.hibernate.engine.spi.ActionQueue.executeActions(ActionQueue.java:513)
	at org.hibernate.event.internal.AbstractFlushingEventListener.performExecutions(AbstractFlushingEventListener.java:378)
	at org.hibernate.event.internal.DefaultFlushEventListener.onFlush(DefaultFlushEventListener.java:39)
	at org.hibernate.event.service.internal.EventListenerGroupImpl.fireEventOnEachListener(EventListenerGroupImpl.java:140)
	at org.hibernate.internal.SessionImpl.doFlush(SessionImpl.java:1443)
	at org.hibernate.internal.SessionImpl.managedFlush(SessionImpl.java:488)
	at org.hibernate.internal.SessionImpl.flushBeforeTransactionCompletion(SessionImpl.java:2321)
	at org.hibernate.internal.SessionImpl.beforeTransactionCompletion(SessionImpl.java:2029)
	at org.hibernate.engine.jdbc.internal.JdbcCoordinatorImpl.beforeTransactionCompletion(JdbcCoordinatorImpl.java:394)
	at org.hibernate.resource.transaction.backend.jta.internal.JtaTransactionCoordinatorImpl.beforeCompletion(JtaTransactionCoordinatorImpl.java:328)
	at org.hibernate.resource.transaction.backend.jta.internal.synchronization.SynchronizationCallbackCoordinatorNonTrackingImpl.beforeCompletion(SynchronizationCallbackCoordinatorNonTrackingImpl.java:39)
	at org.hibernate.resource.transaction.backend.jta.internal.synchronization.RegisteredSynchronization.beforeCompletion(RegisteredSynchronization.java:33)
	at com.arjuna.ats.internal.jta.resources.arjunacore.SynchronizationImple.beforeCompletion(SynchronizationImple.java:52)
	at com.arjuna.ats.arjuna.coordinator.TwoPhaseCoordinator.beforeCompletion(TwoPhaseCoordinator.java:348)
	at com.arjuna.ats.arjuna.coordinator.TwoPhaseCoordinator.end(TwoPhaseCoordinator.java:66)
	at com.arjuna.ats.arjuna.AtomicAction.commit(AtomicAction.java:135)
	at com.arjuna.ats.internal.jta.transaction.arjunacore.TransactionImple.commitAndDisassociate(TransactionImple.java:1307)
	at com.arjuna.ats.internal.jta.transaction.arjunacore.BaseTransaction.commit(BaseTransaction.java:104)
	at io.quarkus.narayana.jta.runtime.NotifyingTransactionManager.commit(NotifyingTransactionManager.java:70)
	at io.quarkus.narayana.jta.runtime.interceptor.TransactionalInterceptorBase.endTransaction(TransactionalInterceptorBase.java:406)
	at io.quarkus.narayana.jta.runtime.interceptor.TransactionalInterceptorBase.invokeInOurTx(TransactionalInterceptorBase.java:175)
	at io.quarkus.narayana.jta.runtime.interceptor.TransactionalInterceptorBase.invokeInOurTx(TransactionalInterceptorBase.java:107)
	at io.quarkus.narayana.jta.runtime.interceptor.TransactionalInterceptorRequired.doIntercept(TransactionalInterceptorRequired.java:38)
	at io.quarkus.narayana.jta.runtime.interceptor.TransactionalInterceptorBase.intercept(TransactionalInterceptorBase.java:61)
	at io.quarkus.narayana.jta.runtime.interceptor.TransactionalInterceptorRequired.intercept(TransactionalInterceptorRequired.java:32)
	at io.quarkus.narayana.jta.runtime.interceptor.TransactionalInterceptorRequired_Bean.intercept(Unknown Source)
	at io.quarkus.arc.impl.InterceptorInvocation.invoke(InterceptorInvocation.java:42)
	at io.quarkus.arc.impl.AroundInvokeInvocationContext.perform(AroundInvokeInvocationContext.java:30)
	at io.quarkus.arc.impl.InvocationContexts.performAroundInvoke(InvocationContexts.java:27)
	at villagecompute.calendar.data.models.AnalyticsRollupTest_Subclass.testDecimalPrecision(Unknown Source)
	at java.base/jdk.internal.reflect.DirectMethodHandleAccessor.invoke(DirectMethodHandleAccessor.java:103)
	at java.base/java.lang.reflect.Method.invoke(Method.java:580)
	at io.quarkus.test.junit.QuarkusTestExtension.runExtensionMethod(QuarkusTestExtension.java:1000)
	at io.quarkus.test.junit.QuarkusTestExtension.interceptTestMethod(QuarkusTestExtension.java:848)
	at org.junit.jupiter.engine.execution.InterceptingExecutableInvoker$ReflectiveInterceptorCall.lambda$ofVoidMethod$0(InterceptingExecutableInvoker.java:112)
	at org.junit.jupiter.engine.execution.InterceptingExecutableInvoker.lambda$invoke$0(InterceptingExecutableInvoker.java:94)
	at org.junit.jupiter.engine.execution.InvocationInterceptorChain$InterceptedInvocation.proceed(InvocationInterceptorChain.java:106)
	at org.junit.jupiter.engine.extension.TimeoutExtension.intercept(TimeoutExtension.java:161)
	at org.junit.jupiter.engine.extension.TimeoutExtension.interceptTestableMethod(TimeoutExtension.java:152)
	at org.junit.jupiter.engine.extension.TimeoutExtension.interceptTestMethod(TimeoutExtension.java:91)
	at org.junit.jupiter.engine.execution.InterceptingExecutableInvoker$ReflectiveInterceptorCall.lambda$ofVoidMethod$0(InterceptingExecutableInvoker.java:112)
	at org.junit.jupiter.engine.execution.InterceptingExecutableInvoker.lambda$invoke$0(InterceptingExecutableInvoker.java:94)
	at org.junit.jupiter.engine.execution.InvocationInterceptorChain$InterceptedInvocation.proceed(InvocationInterceptorChain.java:106)
	at org.junit.jupiter.engine.execution.InvocationInterceptorChain.proceed(InvocationInterceptorChain.java:64)
	at org.junit.jupiter.engine.execution.InvocationInterceptorChain.chainAndInvoke(InvocationInterceptorChain.java:45)
	at org.junit.jupiter.engine.execution.InvocationInterceptorChain.invoke(InvocationInterceptorChain.java:37)
	at org.junit.jupiter.engine.execution.InterceptingExecutableInvoker.invoke(InterceptingExecutableInvoker.java:93)
	at org.junit.jupiter.engine.execution.InterceptingExecutableInvoker.invoke(InterceptingExecutableInvoker.java:87)
	at org.junit.jupiter.engine.descriptor.TestMethodTestDescriptor.lambda$invokeTestMethod$4(TestMethodTestDescriptor.java:221)
	at org.junit.platform.engine.support.hierarchical.ThrowableCollector.execute(ThrowableCollector.java:73)
	at org.junit.jupiter.engine.descriptor.TestMethodTestDescriptor.invokeTestMethod(TestMethodTestDescriptor.java:217)
	at org.junit.jupiter.engine.descriptor.TestMethodTestDescriptor.execute(TestMethodTestDescriptor.java:159)
	at org.junit.jupiter.engine.descriptor.TestMethodTestDescriptor.execute(TestMethodTestDescriptor.java:70)
	at org.junit.platform.engine.support.hierarchical.NodeTestTask.lambda$executeRecursively$6(NodeTestTask.java:157)
	at org.junit.platform.engine.support.hierarchical.ThrowableCollector.execute(ThrowableCollector.java:73)
	at org.junit.platform.engine.support.hierarchical.NodeTestTask.lambda$executeRecursively$8(NodeTestTask.java:147)
	at org.junit.platform.engine.support.hierarchical.Node.around(Node.java:137)
	at org.junit.platform.engine.support.hierarchical.NodeTestTask.lambda$executeRecursively$9(NodeTestTask.java:145)
	at org.junit.platform.engine.support.hierarchical.ThrowableCollector.execute(ThrowableCollector.java:73)
	at org.junit.platform.engine.support.hierarchical.NodeTestTask.executeRecursively(NodeTestTask.java:144)
	at org.junit.platform.engine.support.hierarchical.NodeTestTask.execute(NodeTestTask.java:101)
	at java.base/java.util.ArrayList.forEach(ArrayList.java:1596)
	at org.junit.platform.engine.support.hierarchical.SameThreadHierarchicalTestExecutorService.invokeAll(SameThreadHierarchicalTestExecutorService.java:41)
	at org.junit.platform.engine.support.hierarchical.NodeTestTask.lambda$executeRecursively$6(NodeTestTask.java:161)
	at org.junit.platform.engine.support.hierarchical.ThrowableCollector.execute(ThrowableCollector.java:73)
	at org.junit.platform.engine.support.hierarchical.NodeTestTask.lambda$executeRecursively$8(NodeTestTask.java:147)
	at org.junit.platform.engine.support.hierarchical.Node.around(Node.java:137)
	at org.junit.platform.engine.support.hierarchical.NodeTestTask.lambda$executeRecursively$9(NodeTestTask.java:145)
	at org.junit.platform.engine.support.hierarchical.ThrowableCollector.execute(ThrowableCollector.java:73)
	at org.junit.platform.engine.support.hierarchical.NodeTestTask.executeRecursively(NodeTestTask.java:144)
	at org.junit.platform.engine.support.hierarchical.NodeTestTask.execute(NodeTestTask.java:101)
	at java.base/java.util.ArrayList.forEach(ArrayList.java:1596)
	at org.junit.platform.engine.support.hierarchical.SameThreadHierarchicalTestExecutorService.invokeAll(SameThreadHierarchicalTestExecutorService.java:41)
	at org.junit.platform.engine.support.hierarchical.NodeTestTask.lambda$executeRecursively$6(NodeTestTask.java:161)
	at org.junit.platform.engine.support.hierarchical.ThrowableCollector.execute(ThrowableCollector.java:73)
	at org.junit.platform.engine.support.hierarchical.NodeTestTask.lambda$executeRecursively$8(NodeTestTask.java:147)
	at org.junit.platform.engine.support.hierarchical.Node.around(Node.java:137)
	at org.junit.platform.engine.support.hierarchical.NodeTestTask.lambda$executeRecursively$9(NodeTestTask.java:145)
	at org.junit.platform.engine.support.hierarchical.ThrowableCollector.execute(ThrowableCollector.java:73)
	at org.junit.platform.engine.support.hierarchical.NodeTestTask.executeRecursively(NodeTestTask.java:144)
	at org.junit.platform.engine.support.hierarchical.NodeTestTask.execute(NodeTestTask.java:101)
	at org.junit.platform.engine.support.hierarchical.SameThreadHierarchicalTestExecutorService.submit(SameThreadHierarchicalTestExecutorService.java:35)
	at org.junit.platform.engine.support.hierarchical.HierarchicalTestExecutor.execute(HierarchicalTestExecutor.java:57)
	at org.junit.platform.engine.support.hierarchical.HierarchicalTestEngine.execute(HierarchicalTestEngine.java:54)
	at org.junit.platform.launcher.core.EngineExecutionOrchestrator.executeEngine(EngineExecutionOrchestrator.java:230)
	at org.junit.platform.launcher.core.EngineExecutionOrchestrator.failOrExecuteEngine(EngineExecutionOrchestrator.java:204)
	at org.junit.platform.launcher.core.EngineExecutionOrchestrator.execute(EngineExecutionOrchestrator.java:172)
	at org.junit.platform.launcher.core.EngineExecutionOrchestrator.execute(EngineExecutionOrchestrator.java:101)
	at org.junit.platform.launcher.core.EngineExecutionOrchestrator.lambda$execute$0(EngineExecutionOrchestrator.java:64)
	at org.junit.platform.launcher.core.EngineExecutionOrchestrator.withInterceptedStreams(EngineExecutionOrchestrator.java:150)
	at org.junit.platform.launcher.core.EngineExecutionOrchestrator.execute(EngineExecutionOrchestrator.java:63)
	at org.junit.platform.launcher.core.DefaultLauncher.execute(DefaultLauncher.java:109)
	at org.junit.platform.launcher.core.DefaultLauncher.execute(DefaultLauncher.java:91)
	at org.junit.platform.launcher.core.DelegatingLauncher.execute(DelegatingLauncher.java:47)
	at org.junit.platform.launcher.core.InterceptingLauncher.lambda$execute$1(InterceptingLauncher.java:39)
	at org.junit.platform.launcher.core.ClasspathAlignmentCheckingLauncherInterceptor.intercept(ClasspathAlignmentCheckingLauncherInterceptor.java:25)
	at org.junit.platform.launcher.core.InterceptingLauncher.execute(InterceptingLauncher.java:38)
	at org.junit.platform.launcher.core.DelegatingLauncher.execute(DelegatingLauncher.java:47)
	at org.apache.maven.surefire.junitplatform.LazyLauncher.execute(LazyLauncher.java:56)
	at org.apache.maven.surefire.junitplatform.JUnitPlatformProvider.execute(JUnitPlatformProvider.java:184)
	at org.apache.maven.surefire.junitplatform.JUnitPlatformProvider.invokeAllTests(JUnitPlatformProvider.java:148)
	at org.apache.maven.surefire.junitplatform.JUnitPlatformProvider.invoke(JUnitPlatformProvider.java:122)
	at org.apache.maven.surefire.booter.ForkedBooter.runSuitesInProcess(ForkedBooter.java:385)
	at org.apache.maven.surefire.booter.ForkedBooter.execute(ForkedBooter.java:162)
	at org.apache.maven.surefire.booter.ForkedBooter.run(ForkedBooter.java:507)
	at org.apache.maven.surefire.booter.ForkedBooter.main(ForkedBooter.java:495)
Caused by: org.h2.jdbc.JdbcSQLSyntaxErrorException: Table "analytics_rollups" not found; SQL statement:
insert into analytics_rollups (created,dimension_key,dimension_value,metric_name,period_end,period_start,updated,value,version,id) values (?,?,?,?,?,?,?,?,?,?) [42102-230]
	at org.h2.message.DbException.getJdbcSQLException(DbException.java:514)
	at org.h2.message.DbException.getJdbcSQLException(DbException.java:489)
	at org.h2.message.DbException.get(DbException.java:223)
	at org.h2.message.DbException.get(DbException.java:199)
	at org.h2.command.Parser.getTableOrViewNotFoundDbException(Parser.java:7944)
	at org.h2.command.Parser.getTableOrViewNotFoundDbException(Parser.java:7915)
	at org.h2.command.Parser.readTableOrView(Parser.java:7894)
	at org.h2.command.Parser.readTableOrView(Parser.java:7856)
	at org.h2.command.Parser.parseInsert(Parser.java:1520)
	at org.h2.command.Parser.parsePrepared(Parser.java:697)
	at org.h2.command.Parser.parse(Parser.java:580)
	at org.h2.command.Parser.parse(Parser.java:555)
	at org.h2.command.Parser.prepareCommand(Parser.java:484)
	at org.h2.engine.SessionLocal.prepareLocal(SessionLocal.java:644)
	at org.h2.engine.SessionLocal.prepareCommand(SessionLocal.java:560)
	at org.h2.jdbc.JdbcConnection.prepareCommand(JdbcConnection.java:1164)
	at org.h2.jdbc.JdbcPreparedStatement.<init>(JdbcPreparedStatement.java:93)
	at org.h2.jdbc.JdbcConnection.prepareStatement(JdbcConnection.java:315)
	at io.agroal.pool.wrapper.ConnectionWrapper.prepareStatement(ConnectionWrapper.java:649)
	at org.hibernate.engine.jdbc.internal.MutationStatementPreparerImpl$1.doPrepare(MutationStatementPreparerImpl.java:46)
	at org.hibernate.engine.jdbc.internal.MutationStatementPreparerImpl$StatementPreparationTemplate.prepareStatement(MutationStatementPreparerImpl.java:101)
	... 123 more

[Hibernate] 
    delete 
    from
        calendar_orders co1_0
[Hibernate] 
    delete 
    from
        user_calendars uc1_0
[Hibernate] 
    delete 
    from
        page_views pv1_0
[Hibernate] 
    delete 
    from
        analytics_rollups ar1_0
2025-10-17 04:13:21,864 WARN  [org.hib.orm.jdb.error] (main) HHH000247: ErrorCode: 42102, SQLState: 42S02
2025-10-17 04:13:21,864 WARN  [org.hib.orm.jdb.error] (main) Table "analytics_rollups" not found; SQL statement:
delete from analytics_rollups ar1_0 [42102-230]
[Hibernate] 
    delete 
    from
        delayed_jobs dj1_0
[Hibernate] 
    delete 
    from
        calendar_users cu1_0
[Hibernate] 
    delete 
    from
        calendar_templates ct1_0
[Hibernate] 
    delete 
    from
        calendar_orders co1_0
[Hibernate] 
    delete 
    from
        user_calendars uc1_0
[Hibernate] 
    delete 
    from
        page_views pv1_0
[Hibernate] 
    delete 
    from
        analytics_rollups ar1_0
2025-10-17 04:13:21,867 WARN  [org.hib.orm.jdb.error] (main) HHH000247: ErrorCode: 42102, SQLState: 42S02
2025-10-17 04:13:21,867 WARN  [org.hib.orm.jdb.error] (main) Table "analytics_rollups" not found; SQL statement:
delete from analytics_rollups ar1_0 [42102-230]
[Hibernate] 
    delete 
    from
        delayed_jobs dj1_0
[Hibernate] 
    delete 
    from
        calendar_users cu1_0
[Hibernate] 
    delete 
    from
        calendar_templates ct1_0
[ERROR] Tests run: 17, Failures: 1, Errors: 10, Skipped: 0, Time elapsed: 0.282 s <<< FAILURE! -- in villagecompute.calendar.data.models.AnalyticsRollupTest
[ERROR] villagecompute.calendar.data.models.AnalyticsRollupTest.testFindByMetric -- Time elapsed: 0.010 s <<< ERROR!
org.hibernate.exception.SQLGrammarException: 
Could not prepare statement [Table "analytics_rollups" not found; SQL statement:
insert into analytics_rollups (created,dimension_key,dimension_value,metric_name,period_end,period_start,updated,value,version,id) values (?,?,?,?,?,?,?,?,?,?) [42102-230]] [insert into analytics_rollups (created,dimension_key,dimension_value,metric_name,period_end,period_start,updated,value,version,id) values (?,?,?,?,?,?,?,?,?,?)]
	at org.hibernate.exception.internal.SQLExceptionTypeDelegate.convert(SQLExceptionTypeDelegate.java:64)
	at org.hibernate.exception.internal.StandardSQLExceptionConverter.convert(StandardSQLExceptionConverter.java:34)
	at org.hibernate.engine.jdbc.spi.SqlExceptionHelper.convert(SqlExceptionHelper.java:115)
	at org.hibernate.engine.jdbc.internal.MutationStatementPreparerImpl$StatementPreparationTemplate.prepareStatement(MutationStatementPreparerImpl.java:112)
	at org.hibernate.engine.jdbc.internal.MutationStatementPreparerImpl.prepareStatement(MutationStatementPreparerImpl.java:36)
	at org.hibernate.engine.jdbc.mutation.internal.ModelMutationHelper.standardStatementPreparation(ModelMutationHelper.java:139)
	at org.hibernate.engine.jdbc.mutation.internal.ModelMutationHelper.lambda$standardPreparation$0(ModelMutationHelper.java:120)
	at org.hibernate.engine.jdbc.mutation.internal.PreparedStatementDetailsStandard.resolveStatement(PreparedStatementDetailsStandard.java:92)
	at org.hibernate.engine.jdbc.mutation.internal.JdbcValueBindingsImpl.lambda$beforeStatement$0(JdbcValueBindingsImpl.java:86)
	at java.base/java.lang.Iterable.forEach(Iterable.java:75)
	at org.hibernate.engine.jdbc.mutation.spi.BindingGroup.forEachBinding(BindingGroup.java:49)
	at org.hibernate.engine.jdbc.mutation.internal.JdbcValueBindingsImpl.beforeStatement(JdbcValueBindingsImpl.java:83)
	at org.hibernate.engine.jdbc.mutation.internal.AbstractMutationExecutor.performNonBatchedMutation(AbstractMutationExecutor.java:144)
	at org.hibernate.engine.jdbc.mutation.internal.MutationExecutorSingleNonBatched.performNonBatchedOperations(MutationExecutorSingleNonBatched.java:53)
	at org.hibernate.engine.jdbc.mutation.internal.AbstractMutationExecutor.execute(AbstractMutationExecutor.java:66)
	at org.hibernate.engine.jdbc.mutation.internal.AbstractMutationExecutor.execute(AbstractMutationExecutor.java:55)
	at org.hibernate.persister.entity.mutation.InsertCoordinatorStandard.doStaticInserts(InsertCoordinatorStandard.java:191)
	at org.hibernate.persister.entity.mutation.InsertCoordinatorStandard.coordinateInsert(InsertCoordinatorStandard.java:129)
	at org.hibernate.persister.entity.mutation.InsertCoordinatorStandard.insert(InsertCoordinatorStandard.java:101)
	at org.hibernate.action.internal.EntityInsertAction.execute(EntityInsertAction.java:113)
	at org.hibernate.engine.spi.ActionQueue.executeActions(ActionQueue.java:646)
	at org.hibernate.engine.spi.ActionQueue.executeActions(ActionQueue.java:513)
	at org.hibernate.event.internal.AbstractFlushingEventListener.performExecutions(AbstractFlushingEventListener.java:378)
	at org.hibernate.event.internal.DefaultAutoFlushEventListener.onAutoFlush(DefaultAutoFlushEventListener.java:67)
	at org.hibernate.event.service.internal.EventListenerGroupImpl.fireEventOnEachListener(EventListenerGroupImpl.java:140)
	at org.hibernate.internal.SessionImpl.autoFlushIfRequired(SessionImpl.java:1400)
	at org.hibernate.query.sqm.internal.ConcreteSqmSelectQueryPlan.lambda$new$1(ConcreteSqmSelectQueryPlan.java:138)
	at org.hibernate.query.sqm.internal.ConcreteSqmSelectQueryPlan.withCacheableSqmInterpretation(ConcreteSqmSelectQueryPlan.java:455)
	at org.hibernate.query.sqm.internal.ConcreteSqmSelectQueryPlan.performList(ConcreteSqmSelectQueryPlan.java:388)
	at org.hibernate.query.sqm.internal.SqmSelectionQueryImpl.doList(SqmSelectionQueryImpl.java:423)
	at org.hibernate.query.spi.AbstractSelectionQuery.list(AbstractSelectionQuery.java:154)
	at org.hibernate.query.SelectionQuery.getResultList(SelectionQuery.java:145)
	at io.quarkus.hibernate.orm.panache.common.runtime.CommonPanacheQueryImpl.list(CommonPanacheQueryImpl.java:301)
	at io.quarkus.hibernate.orm.panache.runtime.PanacheQueryImpl.list(PanacheQueryImpl.java:150)
	at villagecompute.calendar.data.models.AnalyticsRollupTest.testFindByMetric(AnalyticsRollupTest.java:160)
	at villagecompute.calendar.data.models.AnalyticsRollupTest_Subclass.testFindByMetric$$superforward(Unknown Source)
	at villagecompute.calendar.data.models.AnalyticsRollupTest_Subclass$$function$$3.apply(Unknown Source)
	at io.quarkus.arc.impl.AroundInvokeInvocationContext.proceed(AroundInvokeInvocationContext.java:73)
	at io.quarkus.arc.impl.AroundInvokeInvocationContext.proceed(AroundInvokeInvocationContext.java:62)
	at io.quarkus.narayana.jta.runtime.interceptor.TransactionalInterceptorBase.invokeInOurTx(TransactionalInterceptorBase.java:136)
	at io.quarkus.narayana.jta.runtime.interceptor.TransactionalInterceptorBase.invokeInOurTx(TransactionalInterceptorBase.java:107)
	at io.quarkus.narayana.jta.runtime.interceptor.TransactionalInterceptorRequired.doIntercept(TransactionalInterceptorRequired.java:38)
	at io.quarkus.narayana.jta.runtime.interceptor.TransactionalInterceptorBase.intercept(TransactionalInterceptorBase.java:61)
	at io.quarkus.narayana.jta.runtime.interceptor.TransactionalInterceptorRequired.intercept(TransactionalInterceptorRequired.java:32)
	at io.quarkus.narayana.jta.runtime.interceptor.TransactionalInterceptorRequired_Bean.intercept(Unknown Source)
	at io.quarkus.arc.impl.InterceptorInvocation.invoke(InterceptorInvocation.java:42)
	at io.quarkus.arc.impl.AroundInvokeInvocationContext.perform(AroundInvokeInvocationContext.java:30)
	at io.quarkus.arc.impl.InvocationContexts.performAroundInvoke(InvocationContexts.java:27)
	at villagecompute.calendar.data.models.AnalyticsRollupTest_Subclass.testFindByMetric(Unknown Source)
	at java.base/java.lang.reflect.Method.invoke(Method.java:580)
	at io.quarkus.test.junit.QuarkusTestExtension.runExtensionMethod(QuarkusTestExtension.java:1000)
	at io.quarkus.test.junit.QuarkusTestExtension.interceptTestMethod(QuarkusTestExtension.java:848)
	at java.base/java.util.ArrayList.forEach(ArrayList.java:1596)
	at java.base/java.util.ArrayList.forEach(ArrayList.java:1596)
Caused by: org.h2.jdbc.JdbcSQLSyntaxErrorException: Table "analytics_rollups" not found; SQL statement:
insert into analytics_rollups (created,dimension_key,dimension_value,metric_name,period_end,period_start,updated,value,version,id) values (?,?,?,?,?,?,?,?,?,?) [42102-230]
	at org.h2.message.DbException.getJdbcSQLException(DbException.java:514)
	at org.h2.message.DbException.getJdbcSQLException(DbException.java:489)
	at org.h2.message.DbException.get(DbException.java:223)
	at org.h2.message.DbException.get(DbException.java:199)
	at org.h2.command.Parser.getTableOrViewNotFoundDbException(Parser.java:7944)
	at org.h2.command.Parser.getTableOrViewNotFoundDbException(Parser.java:7915)
	at org.h2.command.Parser.readTableOrView(Parser.java:7894)
	at org.h2.command.Parser.readTableOrView(Parser.java:7856)
	at org.h2.command.Parser.parseInsert(Parser.java:1520)
	at org.h2.command.Parser.parsePrepared(Parser.java:697)
	at org.h2.command.Parser.parse(Parser.java:580)
	at org.h2.command.Parser.parse(Parser.java:555)
	at org.h2.command.Parser.prepareCommand(Parser.java:484)
	at org.h2.engine.SessionLocal.prepareLocal(SessionLocal.java:644)
	at org.h2.engine.SessionLocal.prepareCommand(SessionLocal.java:560)
	at org.h2.jdbc.JdbcConnection.prepareCommand(JdbcConnection.java:1164)
	at org.h2.jdbc.JdbcPreparedStatement.<init>(JdbcPreparedStatement.java:93)
	at org.h2.jdbc.JdbcConnection.prepareStatement(JdbcConnection.java:315)
	at io.agroal.pool.wrapper.ConnectionWrapper.prepareStatement(ConnectionWrapper.java:649)
	at org.hibernate.engine.jdbc.internal.MutationStatementPreparerImpl$1.doPrepare(MutationStatementPreparerImpl.java:46)
	at org.hibernate.engine.jdbc.internal.MutationStatementPreparerImpl$StatementPreparationTemplate.prepareStatement(MutationStatementPreparerImpl.java:101)
	... 50 more

[ERROR] villagecompute.calendar.data.models.AnalyticsRollupTest.testValidEntity_Success -- Time elapsed: 0.004 s <<< FAILURE!
org.opentest4j.AssertionFailedError: expected: not <null>
	at org.junit.jupiter.api.AssertionFailureBuilder.build(AssertionFailureBuilder.java:152)
	at org.junit.jupiter.api.AssertionFailureBuilder.buildAndThrow(AssertionFailureBuilder.java:132)
	at org.junit.jupiter.api.AssertNotNull.failNull(AssertNotNull.java:49)
	at org.junit.jupiter.api.AssertNotNull.assertNotNull(AssertNotNull.java:35)
	at org.junit.jupiter.api.AssertNotNull.assertNotNull(AssertNotNull.java:30)
	at org.junit.jupiter.api.Assertions.assertNotNull(Assertions.java:304)
	at villagecompute.calendar.data.models.AnalyticsRollupTest.testValidEntity_Success(AnalyticsRollupTest.java:46)
	at villagecompute.calendar.data.models.AnalyticsRollupTest_Subclass.testValidEntity_Success$$superforward(Unknown Source)
	at villagecompute.calendar.data.models.AnalyticsRollupTest_Subclass$$function$$12.apply(Unknown Source)
	at io.quarkus.arc.impl.AroundInvokeInvocationContext.proceed(AroundInvokeInvocationContext.java:73)
	at io.quarkus.arc.impl.AroundInvokeInvocationContext.proceed(AroundInvokeInvocationContext.java:62)
	at io.quarkus.narayana.jta.runtime.interceptor.TransactionalInterceptorBase.invokeInOurTx(TransactionalInterceptorBase.java:136)
	at io.quarkus.narayana.jta.runtime.interceptor.TransactionalInterceptorBase.invokeInOurTx(TransactionalInterceptorBase.java:107)
	at io.quarkus.narayana.jta.runtime.interceptor.TransactionalInterceptorRequired.doIntercept(TransactionalInterceptorRequired.java:38)
	at io.quarkus.narayana.jta.runtime.interceptor.TransactionalInterceptorBase.intercept(TransactionalInterceptorBase.java:61)
	at io.quarkus.narayana.jta.runtime.interceptor.TransactionalInterceptorRequired.intercept(TransactionalInterceptorRequired.java:32)
	at io.quarkus.narayana.jta.runtime.interceptor.TransactionalInterceptorRequired_Bean.intercept(Unknown Source)
	at io.quarkus.arc.impl.InterceptorInvocation.invoke(InterceptorInvocation.java:42)
	at io.quarkus.arc.impl.AroundInvokeInvocationContext.perform(AroundInvokeInvocationContext.java:30)
	at io.quarkus.arc.impl.InvocationContexts.performAroundInvoke(InvocationContexts.java:27)
	at villagecompute.calendar.data.models.AnalyticsRollupTest_Subclass.testValidEntity_Success(Unknown Source)
	at java.base/java.lang.reflect.Method.invoke(Method.java:580)
	at io.quarkus.test.junit.QuarkusTestExtension.runExtensionMethod(QuarkusTestExtension.java:1000)
	at io.quarkus.test.junit.QuarkusTestExtension.interceptTestMethod(QuarkusTestExtension.java:848)
	at java.base/java.util.ArrayList.forEach(ArrayList.java:1596)
	at java.base/java.util.ArrayList.forEach(ArrayList.java:1596)

[ERROR] villagecompute.calendar.data.models.AnalyticsRollupTest.testSumByMetricAndTimeRange_NoResults -- Time elapsed: 0.141 s <<< ERROR!
org.hibernate.exception.SQLGrammarException: 
Could not prepare statement [Syntax error in SQL statement "select coalesce(sum(ar1_0.[*]value),0) from analytics_rollups ar1_0 where ar1_0.metric_name=? and ar1_0.period_start>=? and ar1_0.period_end<=? fetch first ? rows only"; expected "identifier"; SQL statement:
select coalesce(sum(ar1_0.value),0) from analytics_rollups ar1_0 where ar1_0.metric_name=? and ar1_0.period_start>=? and ar1_0.period_end<=? fetch first ? rows only [42001-230]] [select coalesce(sum(ar1_0.value),0) from analytics_rollups ar1_0 where ar1_0.metric_name=? and ar1_0.period_start>=? and ar1_0.period_end<=? fetch first ? rows only]
	at org.hibernate.exception.internal.SQLExceptionTypeDelegate.convert(SQLExceptionTypeDelegate.java:64)
	at org.hibernate.exception.internal.StandardSQLExceptionConverter.convert(StandardSQLExceptionConverter.java:34)
	at org.hibernate.engine.jdbc.spi.SqlExceptionHelper.convert(SqlExceptionHelper.java:115)
	at org.hibernate.engine.jdbc.internal.StatementPreparerImpl$StatementPreparationTemplate.prepareStatement(StatementPreparerImpl.java:198)
	at org.hibernate.engine.jdbc.internal.StatementPreparerImpl.prepareQueryStatement(StatementPreparerImpl.java:160)
	at org.hibernate.sql.exec.internal.StandardStatementCreator.createStatement(StandardStatementCreator.java:47)
	at org.hibernate.sql.results.jdbc.internal.DeferredResultSetAccess.executeQuery(DeferredResultSetAccess.java:271)
	at org.hibernate.sql.results.jdbc.internal.DeferredResultSetAccess.getResultSet(DeferredResultSetAccess.java:200)
	at org.hibernate.sql.results.jdbc.internal.JdbcValuesResultSetImpl.<init>(JdbcValuesResultSetImpl.java:72)
	at org.hibernate.sql.exec.internal.JdbcSelectExecutorStandardImpl.resolveJdbcValues(JdbcSelectExecutorStandardImpl.java:372)
	at org.hibernate.sql.exec.internal.JdbcSelectExecutorStandardImpl.resolveJdbcValuesSource(JdbcSelectExecutorStandardImpl.java:332)
	at org.hibernate.sql.exec.internal.JdbcSelectExecutorStandardImpl.doExecuteQuery(JdbcSelectExecutorStandardImpl.java:135)
	at org.hibernate.sql.exec.internal.JdbcSelectExecutorStandardImpl.executeQuery(JdbcSelectExecutorStandardImpl.java:100)
	at org.hibernate.sql.exec.spi.JdbcSelectExecutor.executeQuery(JdbcSelectExecutor.java:64)
	at org.hibernate.sql.exec.spi.JdbcSelectExecutor.list(JdbcSelectExecutor.java:138)
	at org.hibernate.query.sqm.internal.ConcreteSqmSelectQueryPlan.lambda$new$1(ConcreteSqmSelectQueryPlan.java:146)
	at org.hibernate.query.sqm.internal.ConcreteSqmSelectQueryPlan.withCacheableSqmInterpretation(ConcreteSqmSelectQueryPlan.java:455)
	at org.hibernate.query.sqm.internal.ConcreteSqmSelectQueryPlan.performList(ConcreteSqmSelectQueryPlan.java:388)
	at org.hibernate.query.sqm.internal.SqmSelectionQueryImpl.doList(SqmSelectionQueryImpl.java:423)
	at org.hibernate.query.spi.AbstractSelectionQuery.list(AbstractSelectionQuery.java:154)
	at org.hibernate.query.SelectionQuery.getResultList(SelectionQuery.java:145)
	at io.quarkus.hibernate.orm.panache.common.runtime.CommonPanacheQueryImpl.firstResult(CommonPanacheQueryImpl.java:317)
	at io.quarkus.hibernate.orm.panache.runtime.PanacheQueryImpl.firstResult(PanacheQueryImpl.java:160)
	at villagecompute.calendar.data.models.AnalyticsRollup.sumByMetricAndTimeRange(AnalyticsRollup.java:170)
	at villagecompute.calendar.data.models.AnalyticsRollupTest.testSumByMetricAndTimeRange_NoResults(AnalyticsRollupTest.java:352)
	at villagecompute.calendar.data.models.AnalyticsRollupTest_Subclass.testSumByMetricAndTimeRange_NoResults$$superforward(Unknown Source)
	at villagecompute.calendar.data.models.AnalyticsRollupTest_Subclass$$function$$10.apply(Unknown Source)
	at io.quarkus.arc.impl.AroundInvokeInvocationContext.proceed(AroundInvokeInvocationContext.java:73)
	at io.quarkus.arc.impl.AroundInvokeInvocationContext.proceed(AroundInvokeInvocationContext.java:62)
	at io.quarkus.narayana.jta.runtime.interceptor.TransactionalInterceptorBase.invokeInOurTx(TransactionalInterceptorBase.java:136)
	at io.quarkus.narayana.jta.runtime.interceptor.TransactionalInterceptorBase.invokeInOurTx(TransactionalInterceptorBase.java:107)
	at io.quarkus.narayana.jta.runtime.interceptor.TransactionalInterceptorRequired.doIntercept(TransactionalInterceptorRequired.java:38)
	at io.quarkus.narayana.jta.runtime.interceptor.TransactionalInterceptorBase.intercept(TransactionalInterceptorBase.java:61)
	at io.quarkus.narayana.jta.runtime.interceptor.TransactionalInterceptorRequired.intercept(TransactionalInterceptorRequired.java:32)
	at io.quarkus.narayana.jta.runtime.interceptor.TransactionalInterceptorRequired_Bean.intercept(Unknown Source)
	at io.quarkus.arc.impl.InterceptorInvocation.invoke(InterceptorInvocation.java:42)
	at io.quarkus.arc.impl.AroundInvokeInvocationContext.perform(AroundInvokeInvocationContext.java:30)
	at io.quarkus.arc.impl.InvocationContexts.performAroundInvoke(InvocationContexts.java:27)
	at villagecompute.calendar.data.models.AnalyticsRollupTest_Subclass.testSumByMetricAndTimeRange_NoResults(Unknown Source)
	at java.base/java.lang.reflect.Method.invoke(Method.java:580)
	at io.quarkus.test.junit.QuarkusTestExtension.runExtensionMethod(QuarkusTestExtension.java:1000)
	at io.quarkus.test.junit.QuarkusTestExtension.interceptTestMethod(QuarkusTestExtension.java:848)
	at java.base/java.util.ArrayList.forEach(ArrayList.java:1596)
	at java.base/java.util.ArrayList.forEach(ArrayList.java:1596)
Caused by: org.h2.jdbc.JdbcSQLSyntaxErrorException: Syntax error in SQL statement "select coalesce(sum(ar1_0.[*]value),0) from analytics_rollups ar1_0 where ar1_0.metric_name=? and ar1_0.period_start>=? and ar1_0.period_end<=? fetch first ? rows only"; expected "identifier"; SQL statement:
select coalesce(sum(ar1_0.value),0) from analytics_rollups ar1_0 where ar1_0.metric_name=? and ar1_0.period_start>=? and ar1_0.period_end<=? fetch first ? rows only [42001-230]
	at org.h2.message.DbException.getJdbcSQLException(DbException.java:514)
	at org.h2.message.DbException.getJdbcSQLException(DbException.java:489)
	at org.h2.message.DbException.getSyntaxError(DbException.java:261)
	at org.h2.command.Parser.readIdentifier(Parser.java:5525)
	at org.h2.command.Parser.readTermObjectDot(Parser.java:4790)
	at org.h2.command.Parser.readTermWithIdentifier(Parser.java:5142)
	at org.h2.command.Parser.readTerm(Parser.java:4826)
	at org.h2.command.Parser.readFactor(Parser.java:3322)
	at org.h2.command.Parser.readSum(Parser.java:3309)
	at org.h2.command.Parser.readConcat(Parser.java:3274)
	at org.h2.command.Parser.readCondition(Parser.java:3064)
	at org.h2.command.Parser.readExpression(Parser.java:2984)
	at org.h2.command.Parser.readAggregate(Parser.java:3507)
	at org.h2.command.Parser.readFunction(Parser.java:3751)
	at org.h2.command.Parser.readTermWithIdentifier(Parser.java:5140)
	at org.h2.command.Parser.readTerm(Parser.java:4826)
	at org.h2.command.Parser.readFactor(Parser.java:3322)
	at org.h2.command.Parser.readSum(Parser.java:3309)
	at org.h2.command.Parser.readConcat(Parser.java:3274)
	at org.h2.command.Parser.readCondition(Parser.java:3064)
	at org.h2.command.Parser.readExpression(Parser.java:2984)
	at org.h2.command.Parser.readCoalesceFunction(Parser.java:4494)
	at org.h2.command.Parser.readBuiltinFunctionIf(Parser.java:4252)
	at org.h2.command.Parser.readFunction(Parser.java:3753)
	at org.h2.command.Parser.readTermWithIdentifier(Parser.java:5140)
	at org.h2.command.Parser.readTerm(Parser.java:4826)
	at org.h2.command.Parser.readFactor(Parser.java:3322)
	at org.h2.command.Parser.readSum(Parser.java:3309)
	at org.h2.command.Parser.readConcat(Parser.java:3274)
	at org.h2.command.Parser.readCondition(Parser.java:3064)
	at org.h2.command.Parser.readExpression(Parser.java:2984)
	at org.h2.command.Parser.parseSelectExpressions(Parser.java:2784)
	at org.h2.command.Parser.parseSelect(Parser.java:2802)
	at org.h2.command.Parser.parseQueryPrimary(Parser.java:2691)
	at org.h2.command.Parser.parseQueryTerm(Parser.java:2546)
	at org.h2.command.Parser.parseQueryExpressionBody(Parser.java:2525)
	at org.h2.command.Parser.parseQueryExpressionBodyAndEndOfQuery(Parser.java:2518)
	at org.h2.command.Parser.parseQueryExpression(Parser.java:2511)
	at org.h2.command.Parser.parseQuery(Parser.java:2478)
	at org.h2.command.Parser.parsePrepared(Parser.java:609)
	at org.h2.command.Parser.parse(Parser.java:580)
	at org.h2.command.Parser.parse(Parser.java:555)
	at org.h2.command.Parser.prepareCommand(Parser.java:484)
	at org.h2.engine.SessionLocal.prepareLocal(SessionLocal.java:644)
	at org.h2.engine.SessionLocal.prepareCommand(SessionLocal.java:560)
	at org.h2.jdbc.JdbcConnection.prepareCommand(JdbcConnection.java:1164)
	at org.h2.jdbc.JdbcPreparedStatement.<init>(JdbcPreparedStatement.java:93)
	at org.h2.jdbc.JdbcConnection.prepareStatement(JdbcConnection.java:687)
	at io.agroal.pool.wrapper.ConnectionWrapper.prepareStatement(ConnectionWrapper.java:661)
	at org.hibernate.engine.jdbc.internal.StatementPreparerImpl$4.doPrepare(StatementPreparerImpl.java:158)
	at org.hibernate.engine.jdbc.internal.StatementPreparerImpl$StatementPreparationTemplate.prepareStatement(StatementPreparerImpl.java:187)
	... 40 more

[ERROR] villagecompute.calendar.data.models.AnalyticsRollupTest.testFindByMetricAndDimensionValue -- Time elapsed: 0.007 s <<< ERROR!
org.hibernate.exception.SQLGrammarException: 
Could not prepare statement [Table "analytics_rollups" not found; SQL statement:
insert into analytics_rollups (created,dimension_key,dimension_value,metric_name,period_end,period_start,updated,value,version,id) values (?,?,?,?,?,?,?,?,?,?) [42102-230]] [insert into analytics_rollups (created,dimension_key,dimension_value,metric_name,period_end,period_start,updated,value,version,id) values (?,?,?,?,?,?,?,?,?,?)]
	at org.hibernate.exception.internal.SQLExceptionTypeDelegate.convert(SQLExceptionTypeDelegate.java:64)
	at org.hibernate.exception.internal.StandardSQLExceptionConverter.convert(StandardSQLExceptionConverter.java:34)
	at org.hibernate.engine.jdbc.spi.SqlExceptionHelper.convert(SqlExceptionHelper.java:115)
	at org.hibernate.engine.jdbc.internal.MutationStatementPreparerImpl$StatementPreparationTemplate.prepareStatement(MutationStatementPreparerImpl.java:112)
	at org.hibernate.engine.jdbc.internal.MutationStatementPreparerImpl.prepareStatement(MutationStatementPreparerImpl.java:36)
	at org.hibernate.engine.jdbc.mutation.internal.ModelMutationHelper.standardStatementPreparation(ModelMutationHelper.java:139)
	at org.hibernate.engine.jdbc.mutation.internal.ModelMutationHelper.lambda$standardPreparation$0(ModelMutationHelper.java:120)
	at org.hibernate.engine.jdbc.mutation.internal.PreparedStatementDetailsStandard.resolveStatement(PreparedStatementDetailsStandard.java:92)
	at org.hibernate.engine.jdbc.mutation.internal.JdbcValueBindingsImpl.lambda$beforeStatement$0(JdbcValueBindingsImpl.java:86)
	at java.base/java.lang.Iterable.forEach(Iterable.java:75)
	at org.hibernate.engine.jdbc.mutation.spi.BindingGroup.forEachBinding(BindingGroup.java:49)
	at org.hibernate.engine.jdbc.mutation.internal.JdbcValueBindingsImpl.beforeStatement(JdbcValueBindingsImpl.java:83)
	at org.hibernate.engine.jdbc.mutation.internal.AbstractMutationExecutor.performNonBatchedMutation(AbstractMutationExecutor.java:144)
	at org.hibernate.engine.jdbc.mutation.internal.MutationExecutorSingleNonBatched.performNonBatchedOperations(MutationExecutorSingleNonBatched.java:53)
	at org.hibernate.engine.jdbc.mutation.internal.AbstractMutationExecutor.execute(AbstractMutationExecutor.java:66)
	at org.hibernate.engine.jdbc.mutation.internal.AbstractMutationExecutor.execute(AbstractMutationExecutor.java:55)
	at org.hibernate.persister.entity.mutation.InsertCoordinatorStandard.doStaticInserts(InsertCoordinatorStandard.java:191)
	at org.hibernate.persister.entity.mutation.InsertCoordinatorStandard.coordinateInsert(InsertCoordinatorStandard.java:129)
	at org.hibernate.persister.entity.mutation.InsertCoordinatorStandard.insert(InsertCoordinatorStandard.java:101)
	at org.hibernate.action.internal.EntityInsertAction.execute(EntityInsertAction.java:113)
	at org.hibernate.engine.spi.ActionQueue.executeActions(ActionQueue.java:646)
	at org.hibernate.engine.spi.ActionQueue.executeActions(ActionQueue.java:513)
	at org.hibernate.event.internal.AbstractFlushingEventListener.performExecutions(AbstractFlushingEventListener.java:378)
	at org.hibernate.event.internal.DefaultAutoFlushEventListener.onAutoFlush(DefaultAutoFlushEventListener.java:67)
	at org.hibernate.event.service.internal.EventListenerGroupImpl.fireEventOnEachListener(EventListenerGroupImpl.java:140)
	at org.hibernate.internal.SessionImpl.autoFlushIfRequired(SessionImpl.java:1400)
	at org.hibernate.query.sqm.internal.ConcreteSqmSelectQueryPlan.lambda$new$1(ConcreteSqmSelectQueryPlan.java:138)
	at org.hibernate.query.sqm.internal.ConcreteSqmSelectQueryPlan.withCacheableSqmInterpretation(ConcreteSqmSelectQueryPlan.java:455)
	at org.hibernate.query.sqm.internal.ConcreteSqmSelectQueryPlan.performList(ConcreteSqmSelectQueryPlan.java:388)
	at org.hibernate.query.sqm.internal.SqmSelectionQueryImpl.doList(SqmSelectionQueryImpl.java:423)
	at org.hibernate.query.spi.AbstractSelectionQuery.list(AbstractSelectionQuery.java:154)
	at org.hibernate.query.SelectionQuery.getResultList(SelectionQuery.java:145)
	at io.quarkus.hibernate.orm.panache.common.runtime.CommonPanacheQueryImpl.list(CommonPanacheQueryImpl.java:301)
	at io.quarkus.hibernate.orm.panache.runtime.PanacheQueryImpl.list(PanacheQueryImpl.java:150)
	at villagecompute.calendar.data.models.AnalyticsRollupTest.testFindByMetricAndDimensionValue(AnalyticsRollupTest.java:226)
	at villagecompute.calendar.data.models.AnalyticsRollupTest_Subclass.testFindByMetricAndDimensionValue$$superforward(Unknown Source)
	at villagecompute.calendar.data.models.AnalyticsRollupTest_Subclass$$function$$5.apply(Unknown Source)
	at io.quarkus.arc.impl.AroundInvokeInvocationContext.proceed(AroundInvokeInvocationContext.java:73)
	at io.quarkus.arc.impl.AroundInvokeInvocationContext.proceed(AroundInvokeInvocationContext.java:62)
	at io.quarkus.narayana.jta.runtime.interceptor.TransactionalInterceptorBase.invokeInOurTx(TransactionalInterceptorBase.java:136)
	at io.quarkus.narayana.jta.runtime.interceptor.TransactionalInterceptorBase.invokeInOurTx(TransactionalInterceptorBase.java:107)
	at io.quarkus.narayana.jta.runtime.interceptor.TransactionalInterceptorRequired.doIntercept(TransactionalInterceptorRequired.java:38)
	at io.quarkus.narayana.jta.runtime.interceptor.TransactionalInterceptorBase.intercept(TransactionalInterceptorBase.java:61)
	at io.quarkus.narayana.jta.runtime.interceptor.TransactionalInterceptorRequired.intercept(TransactionalInterceptorRequired.java:32)
	at io.quarkus.narayana.jta.runtime.interceptor.TransactionalInterceptorRequired_Bean.intercept(Unknown Source)
	at io.quarkus.arc.impl.InterceptorInvocation.invoke(InterceptorInvocation.java:42)
	at io.quarkus.arc.impl.AroundInvokeInvocationContext.perform(AroundInvokeInvocationContext.java:30)
	at io.quarkus.arc.impl.InvocationContexts.performAroundInvoke(InvocationContexts.java:27)
	at villagecompute.calendar.data.models.AnalyticsRollupTest_Subclass.testFindByMetricAndDimensionValue(Unknown Source)
	at java.base/java.lang.reflect.Method.invoke(Method.java:580)
	at io.quarkus.test.junit.QuarkusTestExtension.runExtensionMethod(QuarkusTestExtension.java:1000)
	at io.quarkus.test.junit.QuarkusTestExtension.interceptTestMethod(QuarkusTestExtension.java:848)
	at java.base/java.util.ArrayList.forEach(ArrayList.java:1596)
	at java.base/java.util.ArrayList.forEach(ArrayList.java:1596)
Caused by: org.h2.jdbc.JdbcSQLSyntaxErrorException: Table "analytics_rollups" not found; SQL statement:
insert into analytics_rollups (created,dimension_key,dimension_value,metric_name,period_end,period_start,updated,value,version,id) values (?,?,?,?,?,?,?,?,?,?) [42102-230]
	at org.h2.message.DbException.getJdbcSQLException(DbException.java:514)
	at org.h2.message.DbException.getJdbcSQLException(DbException.java:489)
	at org.h2.message.DbException.get(DbException.java:223)
	at org.h2.message.DbException.get(DbException.java:199)
	at org.h2.command.Parser.getTableOrViewNotFoundDbException(Parser.java:7944)
	at org.h2.command.Parser.getTableOrViewNotFoundDbException(Parser.java:7915)
	at org.h2.command.Parser.readTableOrView(Parser.java:7894)
	at org.h2.command.Parser.readTableOrView(Parser.java:7856)
	at org.h2.command.Parser.parseInsert(Parser.java:1520)
	at org.h2.command.Parser.parsePrepared(Parser.java:697)
	at org.h2.command.Parser.parse(Parser.java:580)
	at org.h2.command.Parser.parse(Parser.java:555)
	at org.h2.command.Parser.prepareCommand(Parser.java:484)
	at org.h2.engine.SessionLocal.prepareLocal(SessionLocal.java:644)
	at org.h2.engine.SessionLocal.prepareCommand(SessionLocal.java:560)
	at org.h2.jdbc.JdbcConnection.prepareCommand(JdbcConnection.java:1164)
	at org.h2.jdbc.JdbcPreparedStatement.<init>(JdbcPreparedStatement.java:93)
	at org.h2.jdbc.JdbcConnection.prepareStatement(JdbcConnection.java:315)
	at io.agroal.pool.wrapper.ConnectionWrapper.prepareStatement(ConnectionWrapper.java:649)
	at org.hibernate.engine.jdbc.internal.MutationStatementPreparerImpl$1.doPrepare(MutationStatementPreparerImpl.java:46)
	at org.hibernate.engine.jdbc.internal.MutationStatementPreparerImpl$StatementPreparationTemplate.prepareStatement(MutationStatementPreparerImpl.java:101)
	... 50 more

[ERROR] villagecompute.calendar.data.models.AnalyticsRollupTest.testSumByMetricAndTimeRange -- Time elapsed: 0.006 s <<< ERROR!
org.hibernate.exception.SQLGrammarException: 
Could not prepare statement [Table "analytics_rollups" not found; SQL statement:
insert into analytics_rollups (created,dimension_key,dimension_value,metric_name,period_end,period_start,updated,value,version,id) values (?,?,?,?,?,?,?,?,?,?) [42102-230]] [insert into analytics_rollups (created,dimension_key,dimension_value,metric_name,period_end,period_start,updated,value,version,id) values (?,?,?,?,?,?,?,?,?,?)]
	at org.hibernate.exception.internal.SQLExceptionTypeDelegate.convert(SQLExceptionTypeDelegate.java:64)
	at org.hibernate.exception.internal.StandardSQLExceptionConverter.convert(StandardSQLExceptionConverter.java:34)
	at org.hibernate.engine.jdbc.spi.SqlExceptionHelper.convert(SqlExceptionHelper.java:115)
	at org.hibernate.engine.jdbc.internal.MutationStatementPreparerImpl$StatementPreparationTemplate.prepareStatement(MutationStatementPreparerImpl.java:112)
	at org.hibernate.engine.jdbc.internal.MutationStatementPreparerImpl.prepareStatement(MutationStatementPreparerImpl.java:36)
	at org.hibernate.engine.jdbc.mutation.internal.ModelMutationHelper.standardStatementPreparation(ModelMutationHelper.java:139)
	at org.hibernate.engine.jdbc.mutation.internal.ModelMutationHelper.lambda$standardPreparation$0(ModelMutationHelper.java:120)
	at org.hibernate.engine.jdbc.mutation.internal.PreparedStatementDetailsStandard.resolveStatement(PreparedStatementDetailsStandard.java:92)
	at org.hibernate.engine.jdbc.mutation.internal.JdbcValueBindingsImpl.lambda$beforeStatement$0(JdbcValueBindingsImpl.java:86)
	at java.base/java.lang.Iterable.forEach(Iterable.java:75)
	at org.hibernate.engine.jdbc.mutation.spi.BindingGroup.forEachBinding(BindingGroup.java:49)
	at org.hibernate.engine.jdbc.mutation.internal.JdbcValueBindingsImpl.beforeStatement(JdbcValueBindingsImpl.java:83)
	at org.hibernate.engine.jdbc.mutation.internal.AbstractMutationExecutor.performNonBatchedMutation(AbstractMutationExecutor.java:144)
	at org.hibernate.engine.jdbc.mutation.internal.MutationExecutorSingleNonBatched.performNonBatchedOperations(MutationExecutorSingleNonBatched.java:53)
	at org.hibernate.engine.jdbc.mutation.internal.AbstractMutationExecutor.execute(AbstractMutationExecutor.java:66)
	at org.hibernate.engine.jdbc.mutation.internal.AbstractMutationExecutor.execute(AbstractMutationExecutor.java:55)
	at org.hibernate.persister.entity.mutation.InsertCoordinatorStandard.doStaticInserts(InsertCoordinatorStandard.java:191)
	at org.hibernate.persister.entity.mutation.InsertCoordinatorStandard.coordinateInsert(InsertCoordinatorStandard.java:129)
	at org.hibernate.persister.entity.mutation.InsertCoordinatorStandard.insert(InsertCoordinatorStandard.java:101)
	at org.hibernate.action.internal.EntityInsertAction.execute(EntityInsertAction.java:113)
	at org.hibernate.engine.spi.ActionQueue.executeActions(ActionQueue.java:646)
	at org.hibernate.engine.spi.ActionQueue.executeActions(ActionQueue.java:513)
	at org.hibernate.event.internal.AbstractFlushingEventListener.performExecutions(AbstractFlushingEventListener.java:378)
	at org.hibernate.event.internal.DefaultAutoFlushEventListener.onAutoFlush(DefaultAutoFlushEventListener.java:67)
	at org.hibernate.event.service.internal.EventListenerGroupImpl.fireEventOnEachListener(EventListenerGroupImpl.java:140)
	at org.hibernate.internal.SessionImpl.autoFlushIfRequired(SessionImpl.java:1400)
	at org.hibernate.query.sqm.internal.ConcreteSqmSelectQueryPlan.lambda$new$1(ConcreteSqmSelectQueryPlan.java:138)
	at org.hibernate.query.sqm.internal.ConcreteSqmSelectQueryPlan.withCacheableSqmInterpretation(ConcreteSqmSelectQueryPlan.java:455)
	at org.hibernate.query.sqm.internal.ConcreteSqmSelectQueryPlan.performList(ConcreteSqmSelectQueryPlan.java:388)
	at org.hibernate.query.sqm.internal.SqmSelectionQueryImpl.doList(SqmSelectionQueryImpl.java:423)
	at org.hibernate.query.spi.AbstractSelectionQuery.list(AbstractSelectionQuery.java:154)
	at org.hibernate.query.SelectionQuery.getResultList(SelectionQuery.java:145)
	at io.quarkus.hibernate.orm.panache.common.runtime.CommonPanacheQueryImpl.firstResult(CommonPanacheQueryImpl.java:317)
	at io.quarkus.hibernate.orm.panache.runtime.PanacheQueryImpl.firstResult(PanacheQueryImpl.java:160)
	at villagecompute.calendar.data.models.AnalyticsRollup.sumByMetricAndTimeRange(AnalyticsRollup.java:170)
	at villagecompute.calendar.data.models.AnalyticsRollupTest.testSumByMetricAndTimeRange(AnalyticsRollupTest.java:338)
	at villagecompute.calendar.data.models.AnalyticsRollupTest_Subclass.testSumByMetricAndTimeRange$$superforward(Unknown Source)
	at villagecompute.calendar.data.models.AnalyticsRollupTest_Subclass$$function$$9.apply(Unknown Source)
	at io.quarkus.arc.impl.AroundInvokeInvocationContext.proceed(AroundInvokeInvocationContext.java:73)
	at io.quarkus.arc.impl.AroundInvokeInvocationContext.proceed(AroundInvokeInvocationContext.java:62)
	at io.quarkus.narayana.jta.runtime.interceptor.TransactionalInterceptorBase.invokeInOurTx(TransactionalInterceptorBase.java:136)
	at io.quarkus.narayana.jta.runtime.interceptor.TransactionalInterceptorBase.invokeInOurTx(TransactionalInterceptorBase.java:107)
	at io.quarkus.narayana.jta.runtime.interceptor.TransactionalInterceptorRequired.doIntercept(TransactionalInterceptorRequired.java:38)
	at io.quarkus.narayana.jta.runtime.interceptor.TransactionalInterceptorBase.intercept(TransactionalInterceptorBase.java:61)
	at io.quarkus.narayana.jta.runtime.interceptor.TransactionalInterceptorRequired.intercept(TransactionalInterceptorRequired.java:32)
	at io.quarkus.narayana.jta.runtime.interceptor.TransactionalInterceptorRequired_Bean.intercept(Unknown Source)
	at io.quarkus.arc.impl.InterceptorInvocation.invoke(InterceptorInvocation.java:42)
	at io.quarkus.arc.impl.AroundInvokeInvocationContext.perform(AroundInvokeInvocationContext.java:30)
	at io.quarkus.arc.impl.InvocationContexts.performAroundInvoke(InvocationContexts.java:27)
	at villagecompute.calendar.data.models.AnalyticsRollupTest_Subclass.testSumByMetricAndTimeRange(Unknown Source)
	at java.base/java.lang.reflect.Method.invoke(Method.java:580)
	at io.quarkus.test.junit.QuarkusTestExtension.runExtensionMethod(QuarkusTestExtension.java:1000)
	at io.quarkus.test.junit.QuarkusTestExtension.interceptTestMethod(QuarkusTestExtension.java:848)
	at java.base/java.util.ArrayList.forEach(ArrayList.java:1596)
	at java.base/java.util.ArrayList.forEach(ArrayList.java:1596)
Caused by: org.h2.jdbc.JdbcSQLSyntaxErrorException: Table "analytics_rollups" not found; SQL statement:
insert into analytics_rollups (created,dimension_key,dimension_value,metric_name,period_end,period_start,updated,value,version,id) values (?,?,?,?,?,?,?,?,?,?) [42102-230]
	at org.h2.message.DbException.getJdbcSQLException(DbException.java:514)
	at org.h2.message.DbException.getJdbcSQLException(DbException.java:489)
	at org.h2.message.DbException.get(DbException.java:223)
	at org.h2.message.DbException.get(DbException.java:199)
	at org.h2.command.Parser.getTableOrViewNotFoundDbException(Parser.java:7944)
	at org.h2.command.Parser.getTableOrViewNotFoundDbException(Parser.java:7915)
	at org.h2.command.Parser.readTableOrView(Parser.java:7894)
	at org.h2.command.Parser.readTableOrView(Parser.java:7856)
	at org.h2.command.Parser.parseInsert(Parser.java:1520)
	at org.h2.command.Parser.parsePrepared(Parser.java:697)
	at org.h2.command.Parser.parse(Parser.java:580)
	at org.h2.command.Parser.parse(Parser.java:555)
	at org.h2.command.Parser.prepareCommand(Parser.java:484)
	at org.h2.engine.SessionLocal.prepareLocal(SessionLocal.java:644)
	at org.h2.engine.SessionLocal.prepareCommand(SessionLocal.java:560)
	at org.h2.jdbc.JdbcConnection.prepareCommand(JdbcConnection.java:1164)
	at org.h2.jdbc.JdbcPreparedStatement.<init>(JdbcPreparedStatement.java:93)
	at org.h2.jdbc.JdbcConnection.prepareStatement(JdbcConnection.java:315)
	at io.agroal.pool.wrapper.ConnectionWrapper.prepareStatement(ConnectionWrapper.java:649)
	at org.hibernate.engine.jdbc.internal.MutationStatementPreparerImpl$1.doPrepare(MutationStatementPreparerImpl.java:46)
	at org.hibernate.engine.jdbc.internal.MutationStatementPreparerImpl$StatementPreparationTemplate.prepareStatement(MutationStatementPreparerImpl.java:101)
	... 51 more

[ERROR] villagecompute.calendar.data.models.AnalyticsRollupTest.testOptionalDimensionFields -- Time elapsed: 0.006 s <<< ERROR!
io.quarkus.arc.ArcUndeclaredThrowableException: Error invoking subclass method
	at villagecompute.calendar.data.models.AnalyticsRollupTest_Subclass.testOptionalDimensionFields(Unknown Source)
	at java.base/java.lang.reflect.Method.invoke(Method.java:580)
	at io.quarkus.test.junit.QuarkusTestExtension.runExtensionMethod(QuarkusTestExtension.java:1000)
	at io.quarkus.test.junit.QuarkusTestExtension.interceptTestMethod(QuarkusTestExtension.java:848)
	at java.base/java.util.ArrayList.forEach(ArrayList.java:1596)
	at java.base/java.util.ArrayList.forEach(ArrayList.java:1596)
	Suppressed: org.hibernate.exception.SQLGrammarException: Could not prepare statement [Table "analytics_rollups" not found; SQL statement:
insert into analytics_rollups (created,dimension_key,dimension_value,metric_name,period_end,period_start,updated,value,version,id) values (?,?,?,?,?,?,?,?,?,?) [42102-230]] [insert into analytics_rollups (created,dimension_key,dimension_value,metric_name,period_end,period_start,updated,value,version,id) values (?,?,?,?,?,?,?,?,?,?)]
		at org.hibernate.exception.internal.SQLExceptionTypeDelegate.convert(SQLExceptionTypeDelegate.java:64)
		at org.hibernate.exception.internal.StandardSQLExceptionConverter.convert(StandardSQLExceptionConverter.java:34)
		at org.hibernate.engine.jdbc.spi.SqlExceptionHelper.convert(SqlExceptionHelper.java:115)
		at org.hibernate.engine.jdbc.internal.MutationStatementPreparerImpl$StatementPreparationTemplate.prepareStatement(MutationStatementPreparerImpl.java:112)
		at org.hibernate.engine.jdbc.internal.MutationStatementPreparerImpl.prepareStatement(MutationStatementPreparerImpl.java:36)
		at org.hibernate.engine.jdbc.mutation.internal.ModelMutationHelper.standardStatementPreparation(ModelMutationHelper.java:139)
		at org.hibernate.engine.jdbc.mutation.internal.ModelMutationHelper.lambda$standardPreparation$0(ModelMutationHelper.java:120)
		at org.hibernate.engine.jdbc.mutation.internal.PreparedStatementDetailsStandard.resolveStatement(PreparedStatementDetailsStandard.java:92)
		at org.hibernate.engine.jdbc.mutation.internal.JdbcValueBindingsImpl.lambda$beforeStatement$0(JdbcValueBindingsImpl.java:86)
		at java.base/java.lang.Iterable.forEach(Iterable.java:75)
		at org.hibernate.engine.jdbc.mutation.spi.BindingGroup.forEachBinding(BindingGroup.java:49)
		at org.hibernate.engine.jdbc.mutation.internal.JdbcValueBindingsImpl.beforeStatement(JdbcValueBindingsImpl.java:83)
		at org.hibernate.engine.jdbc.mutation.internal.AbstractMutationExecutor.performNonBatchedMutation(AbstractMutationExecutor.java:144)
		at org.hibernate.engine.jdbc.mutation.internal.MutationExecutorSingleNonBatched.performNonBatchedOperations(MutationExecutorSingleNonBatched.java:53)
		at org.hibernate.engine.jdbc.mutation.internal.AbstractMutationExecutor.execute(AbstractMutationExecutor.java:66)
		at org.hibernate.engine.jdbc.mutation.internal.AbstractMutationExecutor.execute(AbstractMutationExecutor.java:55)
		at org.hibernate.persister.entity.mutation.InsertCoordinatorStandard.doStaticInserts(InsertCoordinatorStandard.java:191)
		at org.hibernate.persister.entity.mutation.InsertCoordinatorStandard.coordinateInsert(InsertCoordinatorStandard.java:129)
		at org.hibernate.persister.entity.mutation.InsertCoordinatorStandard.insert(InsertCoordinatorStandard.java:101)
		at org.hibernate.action.internal.EntityInsertAction.execute(EntityInsertAction.java:113)
		at org.hibernate.engine.spi.ActionQueue.executeActions(ActionQueue.java:646)
		at org.hibernate.engine.spi.ActionQueue.executeActions(ActionQueue.java:513)
		at org.hibernate.event.internal.AbstractFlushingEventListener.performExecutions(AbstractFlushingEventListener.java:378)
		at org.hibernate.event.internal.DefaultFlushEventListener.onFlush(DefaultFlushEventListener.java:39)
		at org.hibernate.event.service.internal.EventListenerGroupImpl.fireEventOnEachListener(EventListenerGroupImpl.java:140)
		at org.hibernate.internal.SessionImpl.doFlush(SessionImpl.java:1443)
		at org.hibernate.internal.SessionImpl.managedFlush(SessionImpl.java:488)
		at org.hibernate.internal.SessionImpl.flushBeforeTransactionCompletion(SessionImpl.java:2321)
		at org.hibernate.internal.SessionImpl.beforeTransactionCompletion(SessionImpl.java:2029)
		at org.hibernate.engine.jdbc.internal.JdbcCoordinatorImpl.beforeTransactionCompletion(JdbcCoordinatorImpl.java:394)
		at org.hibernate.resource.transaction.backend.jta.internal.JtaTransactionCoordinatorImpl.beforeCompletion(JtaTransactionCoordinatorImpl.java:328)
		at org.hibernate.resource.transaction.backend.jta.internal.synchronization.SynchronizationCallbackCoordinatorNonTrackingImpl.beforeCompletion(SynchronizationCallbackCoordinatorNonTrackingImpl.java:39)
		at org.hibernate.resource.transaction.backend.jta.internal.synchronization.RegisteredSynchronization.beforeCompletion(RegisteredSynchronization.java:33)
		at com.arjuna.ats.internal.jta.resources.arjunacore.SynchronizationImple.beforeCompletion(SynchronizationImple.java:52)
		at com.arjuna.ats.arjuna.coordinator.TwoPhaseCoordinator.beforeCompletion(TwoPhaseCoordinator.java:348)
		at com.arjuna.ats.arjuna.coordinator.TwoPhaseCoordinator.end(TwoPhaseCoordinator.java:66)
		at com.arjuna.ats.arjuna.AtomicAction.commit(AtomicAction.java:135)
		at com.arjuna.ats.internal.jta.transaction.arjunacore.TransactionImple.commitAndDisassociate(TransactionImple.java:1307)
		at com.arjuna.ats.internal.jta.transaction.arjunacore.BaseTransaction.commit(BaseTransaction.java:104)
		at io.quarkus.narayana.jta.runtime.NotifyingTransactionManager.commit(NotifyingTransactionManager.java:70)
		at io.quarkus.narayana.jta.runtime.interceptor.TransactionalInterceptorBase.endTransaction(TransactionalInterceptorBase.java:406)
		at io.quarkus.narayana.jta.runtime.interceptor.TransactionalInterceptorBase.invokeInOurTx(TransactionalInterceptorBase.java:175)
		at io.quarkus.narayana.jta.runtime.interceptor.TransactionalInterceptorBase.invokeInOurTx(TransactionalInterceptorBase.java:107)
		at io.quarkus.narayana.jta.runtime.interceptor.TransactionalInterceptorRequired.doIntercept(TransactionalInterceptorRequired.java:38)
		at io.quarkus.narayana.jta.runtime.interceptor.TransactionalInterceptorBase.intercept(TransactionalInterceptorBase.java:61)
		at io.quarkus.narayana.jta.runtime.interceptor.TransactionalInterceptorRequired.intercept(TransactionalInterceptorRequired.java:32)
		at io.quarkus.narayana.jta.runtime.interceptor.TransactionalInterceptorRequired_Bean.intercept(Unknown Source)
		at io.quarkus.arc.impl.InterceptorInvocation.invoke(InterceptorInvocation.java:42)
		at io.quarkus.arc.impl.AroundInvokeInvocationContext.perform(AroundInvokeInvocationContext.java:30)
		at io.quarkus.arc.impl.InvocationContexts.performAroundInvoke(InvocationContexts.java:27)
		... 6 more
	Caused by: org.h2.jdbc.JdbcSQLSyntaxErrorException: Table "analytics_rollups" not found; SQL statement:
insert into analytics_rollups (created,dimension_key,dimension_value,metric_name,period_end,period_start,updated,value,version,id) values (?,?,?,?,?,?,?,?,?,?) [42102-230]
		at org.h2.message.DbException.getJdbcSQLException(DbException.java:514)
		at org.h2.message.DbException.getJdbcSQLException(DbException.java:489)
		at org.h2.message.DbException.get(DbException.java:223)
		at org.h2.message.DbException.get(DbException.java:199)
		at org.h2.command.Parser.getTableOrViewNotFoundDbException(Parser.java:7944)
		at org.h2.command.Parser.getTableOrViewNotFoundDbException(Parser.java:7915)
		at org.h2.command.Parser.readTableOrView(Parser.java:7894)
		at org.h2.command.Parser.readTableOrView(Parser.java:7856)
		at org.h2.command.Parser.parseInsert(Parser.java:1520)
		at org.h2.command.Parser.parsePrepared(Parser.java:697)
		at org.h2.command.Parser.parse(Parser.java:580)
		at org.h2.command.Parser.parse(Parser.java:555)
		at org.h2.command.Parser.prepareCommand(Parser.java:484)
		at org.h2.engine.SessionLocal.prepareLocal(SessionLocal.java:644)
		at org.h2.engine.SessionLocal.prepareCommand(SessionLocal.java:560)
		at org.h2.jdbc.JdbcConnection.prepareCommand(JdbcConnection.java:1164)
		at org.h2.jdbc.JdbcPreparedStatement.<init>(JdbcPreparedStatement.java:93)
		at org.h2.jdbc.JdbcConnection.prepareStatement(JdbcConnection.java:315)
		at io.agroal.pool.wrapper.ConnectionWrapper.prepareStatement(ConnectionWrapper.java:649)
		at org.hibernate.engine.jdbc.internal.MutationStatementPreparerImpl$1.doPrepare(MutationStatementPreparerImpl.java:46)
		at org.hibernate.engine.jdbc.internal.MutationStatementPreparerImpl$StatementPreparationTemplate.prepareStatement(MutationStatementPreparerImpl.java:101)
		... 52 more
Caused by: jakarta.transaction.RollbackException: ARJUNA016053: Could not commit transaction.
	at com.arjuna.ats.internal.jta.transaction.arjunacore.TransactionImple.commitAndDisassociate(TransactionImple.java:1319)
	at com.arjuna.ats.internal.jta.transaction.arjunacore.BaseTransaction.commit(BaseTransaction.java:104)
	at io.quarkus.narayana.jta.runtime.NotifyingTransactionManager.commit(NotifyingTransactionManager.java:70)
	at io.quarkus.narayana.jta.runtime.interceptor.TransactionalInterceptorBase.endTransaction(TransactionalInterceptorBase.java:406)
	at io.quarkus.narayana.jta.runtime.interceptor.TransactionalInterceptorBase.invokeInOurTx(TransactionalInterceptorBase.java:175)
	at io.quarkus.narayana.jta.runtime.interceptor.TransactionalInterceptorBase.invokeInOurTx(TransactionalInterceptorBase.java:107)
	at io.quarkus.narayana.jta.runtime.interceptor.TransactionalInterceptorRequired.doIntercept(TransactionalInterceptorRequired.java:38)
	at io.quarkus.narayana.jta.runtime.interceptor.TransactionalInterceptorBase.intercept(TransactionalInterceptorBase.java:61)
	at io.quarkus.narayana.jta.runtime.interceptor.TransactionalInterceptorRequired.intercept(TransactionalInterceptorRequired.java:32)
	at io.quarkus.narayana.jta.runtime.interceptor.TransactionalInterceptorRequired_Bean.intercept(Unknown Source)
	at io.quarkus.arc.impl.InterceptorInvocation.invoke(InterceptorInvocation.java:42)
	at io.quarkus.arc.impl.AroundInvokeInvocationContext.perform(AroundInvokeInvocationContext.java:30)
	at io.quarkus.arc.impl.InvocationContexts.performAroundInvoke(InvocationContexts.java:27)
	... 6 more
Caused by: [CIRCULAR REFERENCE: org.hibernate.exception.SQLGrammarException: Could not prepare statement [Table "analytics_rollups" not found; SQL statement:
insert into analytics_rollups (created,dimension_key,dimension_value,metric_name,period_end,period_start,updated,value,version,id) values (?,?,?,?,?,?,?,?,?,?) [42102-230]] [insert into analytics_rollups (created,dimension_key,dimension_value,metric_name,period_end,period_start,updated,value,version,id) values (?,?,?,?,?,?,?,?,?,?)]]

[ERROR] villagecompute.calendar.data.models.AnalyticsRollupTest.testUniqueConstraint -- Time elapsed: 0.004 s <<< ERROR!
io.quarkus.arc.ArcUndeclaredThrowableException: Error invoking subclass method
	at villagecompute.calendar.data.models.AnalyticsRollupTest_Subclass.testUniqueConstraint(Unknown Source)
	at java.base/java.lang.reflect.Method.invoke(Method.java:580)
	at io.quarkus.test.junit.QuarkusTestExtension.runExtensionMethod(QuarkusTestExtension.java:1000)
	at io.quarkus.test.junit.QuarkusTestExtension.interceptTestMethod(QuarkusTestExtension.java:848)
	at java.base/java.util.ArrayList.forEach(ArrayList.java:1596)
	at java.base/java.util.ArrayList.forEach(ArrayList.java:1596)
	Suppressed: org.hibernate.exception.SQLGrammarException: Could not prepare statement [Table "analytics_rollups" not found; SQL statement:
insert into analytics_rollups (created,dimension_key,dimension_value,metric_name,period_end,period_start,updated,value,version,id) values (?,?,?,?,?,?,?,?,?,?) [42102-230]] [insert into analytics_rollups (created,dimension_key,dimension_value,metric_name,period_end,period_start,updated,value,version,id) values (?,?,?,?,?,?,?,?,?,?)]
		at org.hibernate.exception.internal.SQLExceptionTypeDelegate.convert(SQLExceptionTypeDelegate.java:64)
		at org.hibernate.exception.internal.StandardSQLExceptionConverter.convert(StandardSQLExceptionConverter.java:34)
		at org.hibernate.engine.jdbc.spi.SqlExceptionHelper.convert(SqlExceptionHelper.java:115)
		at org.hibernate.engine.jdbc.internal.MutationStatementPreparerImpl$StatementPreparationTemplate.prepareStatement(MutationStatementPreparerImpl.java:112)
		at org.hibernate.engine.jdbc.internal.MutationStatementPreparerImpl.prepareStatement(MutationStatementPreparerImpl.java:36)
		at org.hibernate.engine.jdbc.mutation.internal.ModelMutationHelper.standardStatementPreparation(ModelMutationHelper.java:139)
		at org.hibernate.engine.jdbc.mutation.internal.ModelMutationHelper.lambda$standardPreparation$0(ModelMutationHelper.java:120)
		at org.hibernate.engine.jdbc.mutation.internal.PreparedStatementDetailsStandard.resolveStatement(PreparedStatementDetailsStandard.java:92)
		at org.hibernate.engine.jdbc.mutation.internal.JdbcValueBindingsImpl.lambda$beforeStatement$0(JdbcValueBindingsImpl.java:86)
		at java.base/java.lang.Iterable.forEach(Iterable.java:75)
		at org.hibernate.engine.jdbc.mutation.spi.BindingGroup.forEachBinding(BindingGroup.java:49)
		at org.hibernate.engine.jdbc.mutation.internal.JdbcValueBindingsImpl.beforeStatement(JdbcValueBindingsImpl.java:83)
		at org.hibernate.engine.jdbc.mutation.internal.AbstractMutationExecutor.performNonBatchedMutation(AbstractMutationExecutor.java:144)
		at org.hibernate.engine.jdbc.mutation.internal.MutationExecutorSingleNonBatched.performNonBatchedOperations(MutationExecutorSingleNonBatched.java:53)
		at org.hibernate.engine.jdbc.mutation.internal.AbstractMutationExecutor.execute(AbstractMutationExecutor.java:66)
		at org.hibernate.engine.jdbc.mutation.internal.AbstractMutationExecutor.execute(AbstractMutationExecutor.java:55)
		at org.hibernate.persister.entity.mutation.InsertCoordinatorStandard.doStaticInserts(InsertCoordinatorStandard.java:191)
		at org.hibernate.persister.entity.mutation.InsertCoordinatorStandard.coordinateInsert(InsertCoordinatorStandard.java:129)
		at org.hibernate.persister.entity.mutation.InsertCoordinatorStandard.insert(InsertCoordinatorStandard.java:101)
		at org.hibernate.action.internal.EntityInsertAction.execute(EntityInsertAction.java:113)
		at org.hibernate.engine.spi.ActionQueue.executeActions(ActionQueue.java:646)
		at org.hibernate.engine.spi.ActionQueue.executeActions(ActionQueue.java:513)
		at org.hibernate.event.internal.AbstractFlushingEventListener.performExecutions(AbstractFlushingEventListener.java:378)
		at org.hibernate.event.internal.DefaultFlushEventListener.onFlush(DefaultFlushEventListener.java:39)
		at org.hibernate.event.service.internal.EventListenerGroupImpl.fireEventOnEachListener(EventListenerGroupImpl.java:140)
		at org.hibernate.internal.SessionImpl.doFlush(SessionImpl.java:1443)
		at org.hibernate.internal.SessionImpl.managedFlush(SessionImpl.java:488)
		at org.hibernate.internal.SessionImpl.flushBeforeTransactionCompletion(SessionImpl.java:2321)
		at org.hibernate.internal.SessionImpl.beforeTransactionCompletion(SessionImpl.java:2029)
		at org.hibernate.engine.jdbc.internal.JdbcCoordinatorImpl.beforeTransactionCompletion(JdbcCoordinatorImpl.java:394)
		at org.hibernate.resource.transaction.backend.jta.internal.JtaTransactionCoordinatorImpl.beforeCompletion(JtaTransactionCoordinatorImpl.java:328)
		at org.hibernate.resource.transaction.backend.jta.internal.synchronization.SynchronizationCallbackCoordinatorNonTrackingImpl.beforeCompletion(SynchronizationCallbackCoordinatorNonTrackingImpl.java:39)
		at org.hibernate.resource.transaction.backend.jta.internal.synchronization.RegisteredSynchronization.beforeCompletion(RegisteredSynchronization.java:33)
		at com.arjuna.ats.internal.jta.resources.arjunacore.SynchronizationImple.beforeCompletion(SynchronizationImple.java:52)
		at com.arjuna.ats.arjuna.coordinator.TwoPhaseCoordinator.beforeCompletion(TwoPhaseCoordinator.java:348)
		at com.arjuna.ats.arjuna.coordinator.TwoPhaseCoordinator.end(TwoPhaseCoordinator.java:66)
		at com.arjuna.ats.arjuna.AtomicAction.commit(AtomicAction.java:135)
		at com.arjuna.ats.internal.jta.transaction.arjunacore.TransactionImple.commitAndDisassociate(TransactionImple.java:1307)
		at com.arjuna.ats.internal.jta.transaction.arjunacore.BaseTransaction.commit(BaseTransaction.java:104)
		at io.quarkus.narayana.jta.runtime.NotifyingTransactionManager.commit(NotifyingTransactionManager.java:70)
		at io.quarkus.narayana.jta.runtime.interceptor.TransactionalInterceptorBase.endTransaction(TransactionalInterceptorBase.java:406)
		at io.quarkus.narayana.jta.runtime.interceptor.TransactionalInterceptorBase.invokeInOurTx(TransactionalInterceptorBase.java:175)
		at io.quarkus.narayana.jta.runtime.interceptor.TransactionalInterceptorBase.invokeInOurTx(TransactionalInterceptorBase.java:107)
		at io.quarkus.narayana.jta.runtime.interceptor.TransactionalInterceptorRequired.doIntercept(TransactionalInterceptorRequired.java:38)
		at io.quarkus.narayana.jta.runtime.interceptor.TransactionalInterceptorBase.intercept(TransactionalInterceptorBase.java:61)
		at io.quarkus.narayana.jta.runtime.interceptor.TransactionalInterceptorRequired.intercept(TransactionalInterceptorRequired.java:32)
		at io.quarkus.narayana.jta.runtime.interceptor.TransactionalInterceptorRequired_Bean.intercept(Unknown Source)
		at io.quarkus.arc.impl.InterceptorInvocation.invoke(InterceptorInvocation.java:42)
		at io.quarkus.arc.impl.AroundInvokeInvocationContext.perform(AroundInvokeInvocationContext.java:30)
		at io.quarkus.arc.impl.InvocationContexts.performAroundInvoke(InvocationContexts.java:27)
		... 6 more
	Caused by: org.h2.jdbc.JdbcSQLSyntaxErrorException: Table "analytics_rollups" not found; SQL statement:
insert into analytics_rollups (created,dimension_key,dimension_value,metric_name,period_end,period_start,updated,value,version,id) values (?,?,?,?,?,?,?,?,?,?) [42102-230]
		at org.h2.message.DbException.getJdbcSQLException(DbException.java:514)
		at org.h2.message.DbException.getJdbcSQLException(DbException.java:489)
		at org.h2.message.DbException.get(DbException.java:223)
		at org.h2.message.DbException.get(DbException.java:199)
		at org.h2.command.Parser.getTableOrViewNotFoundDbException(Parser.java:7944)
		at org.h2.command.Parser.getTableOrViewNotFoundDbException(Parser.java:7915)
		at org.h2.command.Parser.readTableOrView(Parser.java:7894)
		at org.h2.command.Parser.readTableOrView(Parser.java:7856)
		at org.h2.command.Parser.parseInsert(Parser.java:1520)
		at org.h2.command.Parser.parsePrepared(Parser.java:697)
		at org.h2.command.Parser.parse(Parser.java:580)
		at org.h2.command.Parser.parse(Parser.java:555)
		at org.h2.command.Parser.prepareCommand(Parser.java:484)
		at org.h2.engine.SessionLocal.prepareLocal(SessionLocal.java:644)
		at org.h2.engine.SessionLocal.prepareCommand(SessionLocal.java:560)
		at org.h2.jdbc.JdbcConnection.prepareCommand(JdbcConnection.java:1164)
		at org.h2.jdbc.JdbcPreparedStatement.<init>(JdbcPreparedStatement.java:93)
		at org.h2.jdbc.JdbcConnection.prepareStatement(JdbcConnection.java:315)
		at io.agroal.pool.wrapper.ConnectionWrapper.prepareStatement(ConnectionWrapper.java:649)
		at org.hibernate.engine.jdbc.internal.MutationStatementPreparerImpl$1.doPrepare(MutationStatementPreparerImpl.java:46)
		at org.hibernate.engine.jdbc.internal.MutationStatementPreparerImpl$StatementPreparationTemplate.prepareStatement(MutationStatementPreparerImpl.java:101)
		... 52 more
Caused by: jakarta.transaction.RollbackException: ARJUNA016053: Could not commit transaction.
	at com.arjuna.ats.internal.jta.transaction.arjunacore.TransactionImple.commitAndDisassociate(TransactionImple.java:1319)
	at com.arjuna.ats.internal.jta.transaction.arjunacore.BaseTransaction.commit(BaseTransaction.java:104)
	at io.quarkus.narayana.jta.runtime.NotifyingTransactionManager.commit(NotifyingTransactionManager.java:70)
	at io.quarkus.narayana.jta.runtime.interceptor.TransactionalInterceptorBase.endTransaction(TransactionalInterceptorBase.java:406)
	at io.quarkus.narayana.jta.runtime.interceptor.TransactionalInterceptorBase.invokeInOurTx(TransactionalInterceptorBase.java:175)
	at io.quarkus.narayana.jta.runtime.interceptor.TransactionalInterceptorBase.invokeInOurTx(TransactionalInterceptorBase.java:107)
	at io.quarkus.narayana.jta.runtime.interceptor.TransactionalInterceptorRequired.doIntercept(TransactionalInterceptorRequired.java:38)
	at io.quarkus.narayana.jta.runtime.interceptor.TransactionalInterceptorBase.intercept(TransactionalInterceptorBase.java:61)
	at io.quarkus.narayana.jta.runtime.interceptor.TransactionalInterceptorRequired.intercept(TransactionalInterceptorRequired.java:32)
	at io.quarkus.narayana.jta.runtime.interceptor.TransactionalInterceptorRequired_Bean.intercept(Unknown Source)
	at io.quarkus.arc.impl.InterceptorInvocation.invoke(InterceptorInvocation.java:42)
	at io.quarkus.arc.impl.AroundInvokeInvocationContext.perform(AroundInvokeInvocationContext.java:30)
	at io.quarkus.arc.impl.InvocationContexts.performAroundInvoke(InvocationContexts.java:27)
	... 6 more
Caused by: [CIRCULAR REFERENCE: org.hibernate.exception.SQLGrammarException: Could not prepare statement [Table "analytics_rollups" not found; SQL statement:
insert into analytics_rollups (created,dimension_key,dimension_value,metric_name,period_end,period_start,updated,value,version,id) values (?,?,?,?,?,?,?,?,?,?) [42102-230]] [insert into analytics_rollups (created,dimension_key,dimension_value,metric_name,period_end,period_start,updated,value,version,id) values (?,?,?,?,?,?,?,?,?,?)]]

[ERROR] villagecompute.calendar.data.models.AnalyticsRollupTest.testFindByMetricAndDimension -- Time elapsed: 0.006 s <<< ERROR!
org.hibernate.exception.SQLGrammarException: 
Could not prepare statement [Table "analytics_rollups" not found; SQL statement:
insert into analytics_rollups (created,dimension_key,dimension_value,metric_name,period_end,period_start,updated,value,version,id) values (?,?,?,?,?,?,?,?,?,?) [42102-230]] [insert into analytics_rollups (created,dimension_key,dimension_value,metric_name,period_end,period_start,updated,value,version,id) values (?,?,?,?,?,?,?,?,?,?)]
	at org.hibernate.exception.internal.SQLExceptionTypeDelegate.convert(SQLExceptionTypeDelegate.java:64)
	at org.hibernate.exception.internal.StandardSQLExceptionConverter.convert(StandardSQLExceptionConverter.java:34)
	at org.hibernate.engine.jdbc.spi.SqlExceptionHelper.convert(SqlExceptionHelper.java:115)
	at org.hibernate.engine.jdbc.internal.MutationStatementPreparerImpl$StatementPreparationTemplate.prepareStatement(MutationStatementPreparerImpl.java:112)
	at org.hibernate.engine.jdbc.internal.MutationStatementPreparerImpl.prepareStatement(MutationStatementPreparerImpl.java:36)
	at org.hibernate.engine.jdbc.mutation.internal.ModelMutationHelper.standardStatementPreparation(ModelMutationHelper.java:139)
	at org.hibernate.engine.jdbc.mutation.internal.ModelMutationHelper.lambda$standardPreparation$0(ModelMutationHelper.java:120)
	at org.hibernate.engine.jdbc.mutation.internal.PreparedStatementDetailsStandard.resolveStatement(PreparedStatementDetailsStandard.java:92)
	at org.hibernate.engine.jdbc.mutation.internal.JdbcValueBindingsImpl.lambda$beforeStatement$0(JdbcValueBindingsImpl.java:86)
	at java.base/java.lang.Iterable.forEach(Iterable.java:75)
	at org.hibernate.engine.jdbc.mutation.spi.BindingGroup.forEachBinding(BindingGroup.java:49)
	at org.hibernate.engine.jdbc.mutation.internal.JdbcValueBindingsImpl.beforeStatement(JdbcValueBindingsImpl.java:83)
	at org.hibernate.engine.jdbc.mutation.internal.AbstractMutationExecutor.performNonBatchedMutation(AbstractMutationExecutor.java:144)
	at org.hibernate.engine.jdbc.mutation.internal.MutationExecutorSingleNonBatched.performNonBatchedOperations(MutationExecutorSingleNonBatched.java:53)
	at org.hibernate.engine.jdbc.mutation.internal.AbstractMutationExecutor.execute(AbstractMutationExecutor.java:66)
	at org.hibernate.engine.jdbc.mutation.internal.AbstractMutationExecutor.execute(AbstractMutationExecutor.java:55)
	at org.hibernate.persister.entity.mutation.InsertCoordinatorStandard.doStaticInserts(InsertCoordinatorStandard.java:191)
	at org.hibernate.persister.entity.mutation.InsertCoordinatorStandard.coordinateInsert(InsertCoordinatorStandard.java:129)
	at org.hibernate.persister.entity.mutation.InsertCoordinatorStandard.insert(InsertCoordinatorStandard.java:101)
	at org.hibernate.action.internal.EntityInsertAction.execute(EntityInsertAction.java:113)
	at org.hibernate.engine.spi.ActionQueue.executeActions(ActionQueue.java:646)
	at org.hibernate.engine.spi.ActionQueue.executeActions(ActionQueue.java:513)
	at org.hibernate.event.internal.AbstractFlushingEventListener.performExecutions(AbstractFlushingEventListener.java:378)
	at org.hibernate.event.internal.DefaultAutoFlushEventListener.onAutoFlush(DefaultAutoFlushEventListener.java:67)
	at org.hibernate.event.service.internal.EventListenerGroupImpl.fireEventOnEachListener(EventListenerGroupImpl.java:140)
	at org.hibernate.internal.SessionImpl.autoFlushIfRequired(SessionImpl.java:1400)
	at org.hibernate.query.sqm.internal.ConcreteSqmSelectQueryPlan.lambda$new$1(ConcreteSqmSelectQueryPlan.java:138)
	at org.hibernate.query.sqm.internal.ConcreteSqmSelectQueryPlan.withCacheableSqmInterpretation(ConcreteSqmSelectQueryPlan.java:455)
	at org.hibernate.query.sqm.internal.ConcreteSqmSelectQueryPlan.performList(ConcreteSqmSelectQueryPlan.java:388)
	at org.hibernate.query.sqm.internal.SqmSelectionQueryImpl.doList(SqmSelectionQueryImpl.java:423)
	at org.hibernate.query.spi.AbstractSelectionQuery.list(AbstractSelectionQuery.java:154)
	at org.hibernate.query.SelectionQuery.getResultList(SelectionQuery.java:145)
	at io.quarkus.hibernate.orm.panache.common.runtime.CommonPanacheQueryImpl.list(CommonPanacheQueryImpl.java:301)
	at io.quarkus.hibernate.orm.panache.runtime.PanacheQueryImpl.list(PanacheQueryImpl.java:150)
	at villagecompute.calendar.data.models.AnalyticsRollupTest.testFindByMetricAndDimension(AnalyticsRollupTest.java:190)
	at villagecompute.calendar.data.models.AnalyticsRollupTest_Subclass.testFindByMetricAndDimension$$superforward(Unknown Source)
	at villagecompute.calendar.data.models.AnalyticsRollupTest_Subclass$$function$$4.apply(Unknown Source)
	at io.quarkus.arc.impl.AroundInvokeInvocationContext.proceed(AroundInvokeInvocationContext.java:73)
	at io.quarkus.arc.impl.AroundInvokeInvocationContext.proceed(AroundInvokeInvocationContext.java:62)
	at io.quarkus.narayana.jta.runtime.interceptor.TransactionalInterceptorBase.invokeInOurTx(TransactionalInterceptorBase.java:136)
	at io.quarkus.narayana.jta.runtime.interceptor.TransactionalInterceptorBase.invokeInOurTx(TransactionalInterceptorBase.java:107)
	at io.quarkus.narayana.jta.runtime.interceptor.TransactionalInterceptorRequired.doIntercept(TransactionalInterceptorRequired.java:38)
	at io.quarkus.narayana.jta.runtime.interceptor.TransactionalInterceptorBase.intercept(TransactionalInterceptorBase.java:61)
	at io.quarkus.narayana.jta.runtime.interceptor.TransactionalInterceptorRequired.intercept(TransactionalInterceptorRequired.java:32)
	at io.quarkus.narayana.jta.runtime.interceptor.TransactionalInterceptorRequired_Bean.intercept(Unknown Source)
	at io.quarkus.arc.impl.InterceptorInvocation.invoke(InterceptorInvocation.java:42)
	at io.quarkus.arc.impl.AroundInvokeInvocationContext.perform(AroundInvokeInvocationContext.java:30)
	at io.quarkus.arc.impl.InvocationContexts.performAroundInvoke(InvocationContexts.java:27)
	at villagecompute.calendar.data.models.AnalyticsRollupTest_Subclass.testFindByMetricAndDimension(Unknown Source)
	at java.base/java.lang.reflect.Method.invoke(Method.java:580)
	at io.quarkus.test.junit.QuarkusTestExtension.runExtensionMethod(QuarkusTestExtension.java:1000)
	at io.quarkus.test.junit.QuarkusTestExtension.interceptTestMethod(QuarkusTestExtension.java:848)
	at java.base/java.util.ArrayList.forEach(ArrayList.java:1596)
	at java.base/java.util.ArrayList.forEach(ArrayList.java:1596)
Caused by: org.h2.jdbc.JdbcSQLSyntaxErrorException: Table "analytics_rollups" not found; SQL statement:
insert into analytics_rollups (created,dimension_key,dimension_value,metric_name,period_end,period_start,updated,value,version,id) values (?,?,?,?,?,?,?,?,?,?) [42102-230]
	at org.h2.message.DbException.getJdbcSQLException(DbException.java:514)
	at org.h2.message.DbException.getJdbcSQLException(DbException.java:489)
	at org.h2.message.DbException.get(DbException.java:223)
	at org.h2.message.DbException.get(DbException.java:199)
	at org.h2.command.Parser.getTableOrViewNotFoundDbException(Parser.java:7944)
	at org.h2.command.Parser.getTableOrViewNotFoundDbException(Parser.java:7915)
	at org.h2.command.Parser.readTableOrView(Parser.java:7894)
	at org.h2.command.Parser.readTableOrView(Parser.java:7856)
	at org.h2.command.Parser.parseInsert(Parser.java:1520)
	at org.h2.command.Parser.parsePrepared(Parser.java:697)
	at org.h2.command.Parser.parse(Parser.java:580)
	at org.h2.command.Parser.parse(Parser.java:555)
	at org.h2.command.Parser.prepareCommand(Parser.java:484)
	at org.h2.engine.SessionLocal.prepareLocal(SessionLocal.java:644)
	at org.h2.engine.SessionLocal.prepareCommand(SessionLocal.java:560)
	at org.h2.jdbc.JdbcConnection.prepareCommand(JdbcConnection.java:1164)
	at org.h2.jdbc.JdbcPreparedStatement.<init>(JdbcPreparedStatement.java:93)
	at org.h2.jdbc.JdbcConnection.prepareStatement(JdbcConnection.java:315)
	at io.agroal.pool.wrapper.ConnectionWrapper.prepareStatement(ConnectionWrapper.java:649)
	at org.hibernate.engine.jdbc.internal.MutationStatementPreparerImpl$1.doPrepare(MutationStatementPreparerImpl.java:46)
	at org.hibernate.engine.jdbc.internal.MutationStatementPreparerImpl$StatementPreparationTemplate.prepareStatement(MutationStatementPreparerImpl.java:101)
	... 50 more

[ERROR] villagecompute.calendar.data.models.AnalyticsRollupTest.testFindByTimeRange -- Time elapsed: 0.006 s <<< ERROR!
org.hibernate.exception.SQLGrammarException: 
Could not prepare statement [Table "analytics_rollups" not found; SQL statement:
insert into analytics_rollups (created,dimension_key,dimension_value,metric_name,period_end,period_start,updated,value,version,id) values (?,?,?,?,?,?,?,?,?,?) [42102-230]] [insert into analytics_rollups (created,dimension_key,dimension_value,metric_name,period_end,period_start,updated,value,version,id) values (?,?,?,?,?,?,?,?,?,?)]
	at org.hibernate.exception.internal.SQLExceptionTypeDelegate.convert(SQLExceptionTypeDelegate.java:64)
	at org.hibernate.exception.internal.StandardSQLExceptionConverter.convert(StandardSQLExceptionConverter.java:34)
	at org.hibernate.engine.jdbc.spi.SqlExceptionHelper.convert(SqlExceptionHelper.java:115)
	at org.hibernate.engine.jdbc.internal.MutationStatementPreparerImpl$StatementPreparationTemplate.prepareStatement(MutationStatementPreparerImpl.java:112)
	at org.hibernate.engine.jdbc.internal.MutationStatementPreparerImpl.prepareStatement(MutationStatementPreparerImpl.java:36)
	at org.hibernate.engine.jdbc.mutation.internal.ModelMutationHelper.standardStatementPreparation(ModelMutationHelper.java:139)
	at org.hibernate.engine.jdbc.mutation.internal.ModelMutationHelper.lambda$standardPreparation$0(ModelMutationHelper.java:120)
	at org.hibernate.engine.jdbc.mutation.internal.PreparedStatementDetailsStandard.resolveStatement(PreparedStatementDetailsStandard.java:92)
	at org.hibernate.engine.jdbc.mutation.internal.JdbcValueBindingsImpl.lambda$beforeStatement$0(JdbcValueBindingsImpl.java:86)
	at java.base/java.lang.Iterable.forEach(Iterable.java:75)
	at org.hibernate.engine.jdbc.mutation.spi.BindingGroup.forEachBinding(BindingGroup.java:49)
	at org.hibernate.engine.jdbc.mutation.internal.JdbcValueBindingsImpl.beforeStatement(JdbcValueBindingsImpl.java:83)
	at org.hibernate.engine.jdbc.mutation.internal.AbstractMutationExecutor.performNonBatchedMutation(AbstractMutationExecutor.java:144)
	at org.hibernate.engine.jdbc.mutation.internal.MutationExecutorSingleNonBatched.performNonBatchedOperations(MutationExecutorSingleNonBatched.java:53)
	at org.hibernate.engine.jdbc.mutation.internal.AbstractMutationExecutor.execute(AbstractMutationExecutor.java:66)
	at org.hibernate.engine.jdbc.mutation.internal.AbstractMutationExecutor.execute(AbstractMutationExecutor.java:55)
	at org.hibernate.persister.entity.mutation.InsertCoordinatorStandard.doStaticInserts(InsertCoordinatorStandard.java:191)
	at org.hibernate.persister.entity.mutation.InsertCoordinatorStandard.coordinateInsert(InsertCoordinatorStandard.java:129)
	at org.hibernate.persister.entity.mutation.InsertCoordinatorStandard.insert(InsertCoordinatorStandard.java:101)
	at org.hibernate.action.internal.EntityInsertAction.execute(EntityInsertAction.java:113)
	at org.hibernate.engine.spi.ActionQueue.executeActions(ActionQueue.java:646)
	at org.hibernate.engine.spi.ActionQueue.executeActions(ActionQueue.java:513)
	at org.hibernate.event.internal.AbstractFlushingEventListener.performExecutions(AbstractFlushingEventListener.java:378)
	at org.hibernate.event.internal.DefaultAutoFlushEventListener.onAutoFlush(DefaultAutoFlushEventListener.java:67)
	at org.hibernate.event.service.internal.EventListenerGroupImpl.fireEventOnEachListener(EventListenerGroupImpl.java:140)
	at org.hibernate.internal.SessionImpl.autoFlushIfRequired(SessionImpl.java:1400)
	at org.hibernate.query.sqm.internal.ConcreteSqmSelectQueryPlan.lambda$new$1(ConcreteSqmSelectQueryPlan.java:138)
	at org.hibernate.query.sqm.internal.ConcreteSqmSelectQueryPlan.withCacheableSqmInterpretation(ConcreteSqmSelectQueryPlan.java:455)
	at org.hibernate.query.sqm.internal.ConcreteSqmSelectQueryPlan.performList(ConcreteSqmSelectQueryPlan.java:388)
	at org.hibernate.query.sqm.internal.SqmSelectionQueryImpl.doList(SqmSelectionQueryImpl.java:423)
	at org.hibernate.query.spi.AbstractSelectionQuery.list(AbstractSelectionQuery.java:154)
	at org.hibernate.query.SelectionQuery.getResultList(SelectionQuery.java:145)
	at io.quarkus.hibernate.orm.panache.common.runtime.CommonPanacheQueryImpl.list(CommonPanacheQueryImpl.java:301)
	at io.quarkus.hibernate.orm.panache.runtime.PanacheQueryImpl.list(PanacheQueryImpl.java:150)
	at villagecompute.calendar.data.models.AnalyticsRollupTest.testFindByTimeRange(AnalyticsRollupTest.java:257)
	at villagecompute.calendar.data.models.AnalyticsRollupTest_Subclass.testFindByTimeRange$$superforward(Unknown Source)
	at villagecompute.calendar.data.models.AnalyticsRollupTest_Subclass$$function$$7.apply(Unknown Source)
	at io.quarkus.arc.impl.AroundInvokeInvocationContext.proceed(AroundInvokeInvocationContext.java:73)
	at io.quarkus.arc.impl.AroundInvokeInvocationContext.proceed(AroundInvokeInvocationContext.java:62)
	at io.quarkus.narayana.jta.runtime.interceptor.TransactionalInterceptorBase.invokeInOurTx(TransactionalInterceptorBase.java:136)
	at io.quarkus.narayana.jta.runtime.interceptor.TransactionalInterceptorBase.invokeInOurTx(TransactionalInterceptorBase.java:107)
	at io.quarkus.narayana.jta.runtime.interceptor.TransactionalInterceptorRequired.doIntercept(TransactionalInterceptorRequired.java:38)
	at io.quarkus.narayana.jta.runtime.interceptor.TransactionalInterceptorBase.intercept(TransactionalInterceptorBase.java:61)
	at io.quarkus.narayana.jta.runtime.interceptor.TransactionalInterceptorRequired.intercept(TransactionalInterceptorRequired.java:32)
	at io.quarkus.narayana.jta.runtime.interceptor.TransactionalInterceptorRequired_Bean.intercept(Unknown Source)
	at io.quarkus.arc.impl.InterceptorInvocation.invoke(InterceptorInvocation.java:42)
	at io.quarkus.arc.impl.AroundInvokeInvocationContext.perform(AroundInvokeInvocationContext.java:30)
	at io.quarkus.arc.impl.InvocationContexts.performAroundInvoke(InvocationContexts.java:27)
	at villagecompute.calendar.data.models.AnalyticsRollupTest_Subclass.testFindByTimeRange(Unknown Source)
	at java.base/java.lang.reflect.Method.invoke(Method.java:580)
	at io.quarkus.test.junit.QuarkusTestExtension.runExtensionMethod(QuarkusTestExtension.java:1000)
	at io.quarkus.test.junit.QuarkusTestExtension.interceptTestMethod(QuarkusTestExtension.java:848)
	at java.base/java.util.ArrayList.forEach(ArrayList.java:1596)
	at java.base/java.util.ArrayList.forEach(ArrayList.java:1596)
Caused by: org.h2.jdbc.JdbcSQLSyntaxErrorException: Table "analytics_rollups" not found; SQL statement:
insert into analytics_rollups (created,dimension_key,dimension_value,metric_name,period_end,period_start,updated,value,version,id) values (?,?,?,?,?,?,?,?,?,?) [42102-230]
	at org.h2.message.DbException.getJdbcSQLException(DbException.java:514)
	at org.h2.message.DbException.getJdbcSQLException(DbException.java:489)
	at org.h2.message.DbException.get(DbException.java:223)
	at org.h2.message.DbException.get(DbException.java:199)
	at org.h2.command.Parser.getTableOrViewNotFoundDbException(Parser.java:7944)
	at org.h2.command.Parser.getTableOrViewNotFoundDbException(Parser.java:7915)
	at org.h2.command.Parser.readTableOrView(Parser.java:7894)
	at org.h2.command.Parser.readTableOrView(Parser.java:7856)
	at org.h2.command.Parser.parseInsert(Parser.java:1520)
	at org.h2.command.Parser.parsePrepared(Parser.java:697)
	at org.h2.command.Parser.parse(Parser.java:580)
	at org.h2.command.Parser.parse(Parser.java:555)
	at org.h2.command.Parser.prepareCommand(Parser.java:484)
	at org.h2.engine.SessionLocal.prepareLocal(SessionLocal.java:644)
	at org.h2.engine.SessionLocal.prepareCommand(SessionLocal.java:560)
	at org.h2.jdbc.JdbcConnection.prepareCommand(JdbcConnection.java:1164)
	at org.h2.jdbc.JdbcPreparedStatement.<init>(JdbcPreparedStatement.java:93)
	at org.h2.jdbc.JdbcConnection.prepareStatement(JdbcConnection.java:315)
	at io.agroal.pool.wrapper.ConnectionWrapper.prepareStatement(ConnectionWrapper.java:649)
	at org.hibernate.engine.jdbc.internal.MutationStatementPreparerImpl$1.doPrepare(MutationStatementPreparerImpl.java:46)
	at org.hibernate.engine.jdbc.internal.MutationStatementPreparerImpl$StatementPreparationTemplate.prepareStatement(MutationStatementPreparerImpl.java:101)
	... 50 more

[ERROR] villagecompute.calendar.data.models.AnalyticsRollupTest.testFindByMetricAndTimeRange -- Time elapsed: 0.007 s <<< ERROR!
org.hibernate.exception.SQLGrammarException: 
Could not prepare statement [Table "analytics_rollups" not found; SQL statement:
insert into analytics_rollups (created,dimension_key,dimension_value,metric_name,period_end,period_start,updated,value,version,id) values (?,?,?,?,?,?,?,?,?,?) [42102-230]] [insert into analytics_rollups (created,dimension_key,dimension_value,metric_name,period_end,period_start,updated,value,version,id) values (?,?,?,?,?,?,?,?,?,?)]
	at org.hibernate.exception.internal.SQLExceptionTypeDelegate.convert(SQLExceptionTypeDelegate.java:64)
	at org.hibernate.exception.internal.StandardSQLExceptionConverter.convert(StandardSQLExceptionConverter.java:34)
	at org.hibernate.engine.jdbc.spi.SqlExceptionHelper.convert(SqlExceptionHelper.java:115)
	at org.hibernate.engine.jdbc.internal.MutationStatementPreparerImpl$StatementPreparationTemplate.prepareStatement(MutationStatementPreparerImpl.java:112)
	at org.hibernate.engine.jdbc.internal.MutationStatementPreparerImpl.prepareStatement(MutationStatementPreparerImpl.java:36)
	at org.hibernate.engine.jdbc.mutation.internal.ModelMutationHelper.standardStatementPreparation(ModelMutationHelper.java:139)
	at org.hibernate.engine.jdbc.mutation.internal.ModelMutationHelper.lambda$standardPreparation$0(ModelMutationHelper.java:120)
	at org.hibernate.engine.jdbc.mutation.internal.PreparedStatementDetailsStandard.resolveStatement(PreparedStatementDetailsStandard.java:92)
	at org.hibernate.engine.jdbc.mutation.internal.JdbcValueBindingsImpl.lambda$beforeStatement$0(JdbcValueBindingsImpl.java:86)
	at java.base/java.lang.Iterable.forEach(Iterable.java:75)
	at org.hibernate.engine.jdbc.mutation.spi.BindingGroup.forEachBinding(BindingGroup.java:49)
	at org.hibernate.engine.jdbc.mutation.internal.JdbcValueBindingsImpl.beforeStatement(JdbcValueBindingsImpl.java:83)
	at org.hibernate.engine.jdbc.mutation.internal.AbstractMutationExecutor.performNonBatchedMutation(AbstractMutationExecutor.java:144)
	at org.hibernate.engine.jdbc.mutation.internal.MutationExecutorSingleNonBatched.performNonBatchedOperations(MutationExecutorSingleNonBatched.java:53)
	at org.hibernate.engine.jdbc.mutation.internal.AbstractMutationExecutor.execute(AbstractMutationExecutor.java:66)
	at org.hibernate.engine.jdbc.mutation.internal.AbstractMutationExecutor.execute(AbstractMutationExecutor.java:55)
	at org.hibernate.persister.entity.mutation.InsertCoordinatorStandard.doStaticInserts(InsertCoordinatorStandard.java:191)
	at org.hibernate.persister.entity.mutation.InsertCoordinatorStandard.coordinateInsert(InsertCoordinatorStandard.java:129)
	at org.hibernate.persister.entity.mutation.InsertCoordinatorStandard.insert(InsertCoordinatorStandard.java:101)
	at org.hibernate.action.internal.EntityInsertAction.execute(EntityInsertAction.java:113)
	at org.hibernate.engine.spi.ActionQueue.executeActions(ActionQueue.java:646)
	at org.hibernate.engine.spi.ActionQueue.executeActions(ActionQueue.java:513)
	at org.hibernate.event.internal.AbstractFlushingEventListener.performExecutions(AbstractFlushingEventListener.java:378)
	at org.hibernate.event.internal.DefaultAutoFlushEventListener.onAutoFlush(DefaultAutoFlushEventListener.java:67)
	at org.hibernate.event.service.internal.EventListenerGroupImpl.fireEventOnEachListener(EventListenerGroupImpl.java:140)
	at org.hibernate.internal.SessionImpl.autoFlushIfRequired(SessionImpl.java:1400)
	at org.hibernate.query.sqm.internal.ConcreteSqmSelectQueryPlan.lambda$new$1(ConcreteSqmSelectQueryPlan.java:138)
	at org.hibernate.query.sqm.internal.ConcreteSqmSelectQueryPlan.withCacheableSqmInterpretation(ConcreteSqmSelectQueryPlan.java:455)
	at org.hibernate.query.sqm.internal.ConcreteSqmSelectQueryPlan.performList(ConcreteSqmSelectQueryPlan.java:388)
	at org.hibernate.query.sqm.internal.SqmSelectionQueryImpl.doList(SqmSelectionQueryImpl.java:423)
	at org.hibernate.query.spi.AbstractSelectionQuery.list(AbstractSelectionQuery.java:154)
	at org.hibernate.query.SelectionQuery.getResultList(SelectionQuery.java:145)
	at io.quarkus.hibernate.orm.panache.common.runtime.CommonPanacheQueryImpl.list(CommonPanacheQueryImpl.java:301)
	at io.quarkus.hibernate.orm.panache.runtime.PanacheQueryImpl.list(PanacheQueryImpl.java:150)
	at villagecompute.calendar.data.models.AnalyticsRollupTest.testFindByMetricAndTimeRange(AnalyticsRollupTest.java:293)
	at villagecompute.calendar.data.models.AnalyticsRollupTest_Subclass.testFindByMetricAndTimeRange$$superforward(Unknown Source)
	at villagecompute.calendar.data.models.AnalyticsRollupTest_Subclass$$function$$6.apply(Unknown Source)
	at io.quarkus.arc.impl.AroundInvokeInvocationContext.proceed(AroundInvokeInvocationContext.java:73)
	at io.quarkus.arc.impl.AroundInvokeInvocationContext.proceed(AroundInvokeInvocationContext.java:62)
	at io.quarkus.narayana.jta.runtime.interceptor.TransactionalInterceptorBase.invokeInOurTx(TransactionalInterceptorBase.java:136)
	at io.quarkus.narayana.jta.runtime.interceptor.TransactionalInterceptorBase.invokeInOurTx(TransactionalInterceptorBase.java:107)
	at io.quarkus.narayana.jta.runtime.interceptor.TransactionalInterceptorRequired.doIntercept(TransactionalInterceptorRequired.java:38)
	at io.quarkus.narayana.jta.runtime.interceptor.TransactionalInterceptorBase.intercept(TransactionalInterceptorBase.java:61)
	at io.quarkus.narayana.jta.runtime.interceptor.TransactionalInterceptorRequired.intercept(TransactionalInterceptorRequired.java:32)
	at io.quarkus.narayana.jta.runtime.interceptor.TransactionalInterceptorRequired_Bean.intercept(Unknown Source)
	at io.quarkus.arc.impl.InterceptorInvocation.invoke(InterceptorInvocation.java:42)
	at io.quarkus.arc.impl.AroundInvokeInvocationContext.perform(AroundInvokeInvocationContext.java:30)
	at io.quarkus.arc.impl.InvocationContexts.performAroundInvoke(InvocationContexts.java:27)
	at villagecompute.calendar.data.models.AnalyticsRollupTest_Subclass.testFindByMetricAndTimeRange(Unknown Source)
	at java.base/java.lang.reflect.Method.invoke(Method.java:580)
	at io.quarkus.test.junit.QuarkusTestExtension.runExtensionMethod(QuarkusTestExtension.java:1000)
	at io.quarkus.test.junit.QuarkusTestExtension.interceptTestMethod(QuarkusTestExtension.java:848)
	at java.base/java.util.ArrayList.forEach(ArrayList.java:1596)
	at java.base/java.util.ArrayList.forEach(ArrayList.java:1596)
Caused by: org.h2.jdbc.JdbcSQLSyntaxErrorException: Table "analytics_rollups" not found; SQL statement:
insert into analytics_rollups (created,dimension_key,dimension_value,metric_name,period_end,period_start,updated,value,version,id) values (?,?,?,?,?,?,?,?,?,?) [42102-230]
	at org.h2.message.DbException.getJdbcSQLException(DbException.java:514)
	at org.h2.message.DbException.getJdbcSQLException(DbException.java:489)
	at org.h2.message.DbException.get(DbException.java:223)
	at org.h2.message.DbException.get(DbException.java:199)
	at org.h2.command.Parser.getTableOrViewNotFoundDbException(Parser.java:7944)
	at org.h2.command.Parser.getTableOrViewNotFoundDbException(Parser.java:7915)
	at org.h2.command.Parser.readTableOrView(Parser.java:7894)
	at org.h2.command.Parser.readTableOrView(Parser.java:7856)
	at org.h2.command.Parser.parseInsert(Parser.java:1520)
	at org.h2.command.Parser.parsePrepared(Parser.java:697)
	at org.h2.command.Parser.parse(Parser.java:580)
	at org.h2.command.Parser.parse(Parser.java:555)
	at org.h2.command.Parser.prepareCommand(Parser.java:484)
	at org.h2.engine.SessionLocal.prepareLocal(SessionLocal.java:644)
	at org.h2.engine.SessionLocal.prepareCommand(SessionLocal.java:560)
	at org.h2.jdbc.JdbcConnection.prepareCommand(JdbcConnection.java:1164)
	at org.h2.jdbc.JdbcPreparedStatement.<init>(JdbcPreparedStatement.java:93)
	at org.h2.jdbc.JdbcConnection.prepareStatement(JdbcConnection.java:315)
	at io.agroal.pool.wrapper.ConnectionWrapper.prepareStatement(ConnectionWrapper.java:649)
	at org.hibernate.engine.jdbc.internal.MutationStatementPreparerImpl$1.doPrepare(MutationStatementPreparerImpl.java:46)
	at org.hibernate.engine.jdbc.internal.MutationStatementPreparerImpl$StatementPreparationTemplate.prepareStatement(MutationStatementPreparerImpl.java:101)
	... 50 more

[ERROR] villagecompute.calendar.data.models.AnalyticsRollupTest.testDecimalPrecision -- Time elapsed: 0.004 s <<< ERROR!
io.quarkus.arc.ArcUndeclaredThrowableException: Error invoking subclass method
	at villagecompute.calendar.data.models.AnalyticsRollupTest_Subclass.testDecimalPrecision(Unknown Source)
	at java.base/java.lang.reflect.Method.invoke(Method.java:580)
	at io.quarkus.test.junit.QuarkusTestExtension.runExtensionMethod(QuarkusTestExtension.java:1000)
	at io.quarkus.test.junit.QuarkusTestExtension.interceptTestMethod(QuarkusTestExtension.java:848)
	at java.base/java.util.ArrayList.forEach(ArrayList.java:1596)
	at java.base/java.util.ArrayList.forEach(ArrayList.java:1596)
	Suppressed: org.hibernate.exception.SQLGrammarException: Could not prepare statement [Table "analytics_rollups" not found; SQL statement:
insert into analytics_rollups (created,dimension_key,dimension_value,metric_name,period_end,period_start,updated,value,version,id) values (?,?,?,?,?,?,?,?,?,?) [42102-230]] [insert into analytics_rollups (created,dimension_key,dimension_value,metric_name,period_end,period_start,updated,value,version,id) values (?,?,?,?,?,?,?,?,?,?)]
		at org.hibernate.exception.internal.SQLExceptionTypeDelegate.convert(SQLExceptionTypeDelegate.java:64)
		at org.hibernate.exception.internal.StandardSQLExceptionConverter.convert(StandardSQLExceptionConverter.java:34)
		at org.hibernate.engine.jdbc.spi.SqlExceptionHelper.convert(SqlExceptionHelper.java:115)
		at org.hibernate.engine.jdbc.internal.MutationStatementPreparerImpl$StatementPreparationTemplate.prepareStatement(MutationStatementPreparerImpl.java:112)
		at org.hibernate.engine.jdbc.internal.MutationStatementPreparerImpl.prepareStatement(MutationStatementPreparerImpl.java:36)
		at org.hibernate.engine.jdbc.mutation.internal.ModelMutationHelper.standardStatementPreparation(ModelMutationHelper.java:139)
		at org.hibernate.engine.jdbc.mutation.internal.ModelMutationHelper.lambda$standardPreparation$0(ModelMutationHelper.java:120)
		at org.hibernate.engine.jdbc.mutation.internal.PreparedStatementDetailsStandard.resolveStatement(PreparedStatementDetailsStandard.java:92)
		at org.hibernate.engine.jdbc.mutation.internal.JdbcValueBindingsImpl.lambda$beforeStatement$0(JdbcValueBindingsImpl.java:86)
		at java.base/java.lang.Iterable.forEach(Iterable.java:75)
		at org.hibernate.engine.jdbc.mutation.spi.BindingGroup.forEachBinding(BindingGroup.java:49)
		at org.hibernate.engine.jdbc.mutation.internal.JdbcValueBindingsImpl.beforeStatement(JdbcValueBindingsImpl.java:83)
		at org.hibernate.engine.jdbc.mutation.internal.AbstractMutationExecutor.performNonBatchedMutation(AbstractMutationExecutor.java:144)
		at org.hibernate.engine.jdbc.mutation.internal.MutationExecutorSingleNonBatched.performNonBatchedOperations(MutationExecutorSingleNonBatched.java:53)
		at org.hibernate.engine.jdbc.mutation.internal.AbstractMutationExecutor.execute(AbstractMutationExecutor.java:66)
		at org.hibernate.engine.jdbc.mutation.internal.AbstractMutationExecutor.execute(AbstractMutationExecutor.java:55)
		at org.hibernate.persister.entity.mutation.InsertCoordinatorStandard.doStaticInserts(InsertCoordinatorStandard.java:191)
		at org.hibernate.persister.entity.mutation.InsertCoordinatorStandard.coordinateInsert(InsertCoordinatorStandard.java:129)
		at org.hibernate.persister.entity.mutation.InsertCoordinatorStandard.insert(InsertCoordinatorStandard.java:101)
		at org.hibernate.action.internal.EntityInsertAction.execute(EntityInsertAction.java:113)
		at org.hibernate.engine.spi.ActionQueue.executeActions(ActionQueue.java:646)
		at org.hibernate.engine.spi.ActionQueue.executeActions(ActionQueue.java:513)
		at org.hibernate.event.internal.AbstractFlushingEventListener.performExecutions(AbstractFlushingEventListener.java:378)
		at org.hibernate.event.internal.DefaultFlushEventListener.onFlush(DefaultFlushEventListener.java:39)
		at org.hibernate.event.service.internal.EventListenerGroupImpl.fireEventOnEachListener(EventListenerGroupImpl.java:140)
		at org.hibernate.internal.SessionImpl.doFlush(SessionImpl.java:1443)
		at org.hibernate.internal.SessionImpl.managedFlush(SessionImpl.java:488)
		at org.hibernate.internal.SessionImpl.flushBeforeTransactionCompletion(SessionImpl.java:2321)
		at org.hibernate.internal.SessionImpl.beforeTransactionCompletion(SessionImpl.java:2029)
		at org.hibernate.engine.jdbc.internal.JdbcCoordinatorImpl.beforeTransactionCompletion(JdbcCoordinatorImpl.java:394)
		at org.hibernate.resource.transaction.backend.jta.internal.JtaTransactionCoordinatorImpl.beforeCompletion(JtaTransactionCoordinatorImpl.java:328)
		at org.hibernate.resource.transaction.backend.jta.internal.synchronization.SynchronizationCallbackCoordinatorNonTrackingImpl.beforeCompletion(SynchronizationCallbackCoordinatorNonTrackingImpl.java:39)
		at org.hibernate.resource.transaction.backend.jta.internal.synchronization.RegisteredSynchronization.beforeCompletion(RegisteredSynchronization.java:33)
		at com.arjuna.ats.internal.jta.resources.arjunacore.SynchronizationImple.beforeCompletion(SynchronizationImple.java:52)
		at com.arjuna.ats.arjuna.coordinator.TwoPhaseCoordinator.beforeCompletion(TwoPhaseCoordinator.java:348)
		at com.arjuna.ats.arjuna.coordinator.TwoPhaseCoordinator.end(TwoPhaseCoordinator.java:66)
		at com.arjuna.ats.arjuna.AtomicAction.commit(AtomicAction.java:135)
		at com.arjuna.ats.internal.jta.transaction.arjunacore.TransactionImple.commitAndDisassociate(TransactionImple.java:1307)
		at com.arjuna.ats.internal.jta.transaction.arjunacore.BaseTransaction.commit(BaseTransaction.java:104)
		at io.quarkus.narayana.jta.runtime.NotifyingTransactionManager.commit(NotifyingTransactionManager.java:70)
		at io.quarkus.narayana.jta.runtime.interceptor.TransactionalInterceptorBase.endTransaction(TransactionalInterceptorBase.java:406)
		at io.quarkus.narayana.jta.runtime.interceptor.TransactionalInterceptorBase.invokeInOurTx(TransactionalInterceptorBase.java:175)
		at io.quarkus.narayana.jta.runtime.interceptor.TransactionalInterceptorBase.invokeInOurTx(TransactionalInterceptorBase.java:107)
		at io.quarkus.narayana.jta.runtime.interceptor.TransactionalInterceptorRequired.doIntercept(TransactionalInterceptorRequired.java:38)
		at io.quarkus.narayana.jta.runtime.interceptor.TransactionalInterceptorBase.intercept(TransactionalInterceptorBase.java:61)
		at io.quarkus.narayana.jta.runtime.interceptor.TransactionalInterceptorRequired.intercept(TransactionalInterceptorRequired.java:32)
		at io.quarkus.narayana.jta.runtime.interceptor.TransactionalInterceptorRequired_Bean.intercept(Unknown Source)
		at io.quarkus.arc.impl.InterceptorInvocation.invoke(InterceptorInvocation.java:42)
		at io.quarkus.arc.impl.AroundInvokeInvocationContext.perform(AroundInvokeInvocationContext.java:30)
		at io.quarkus.arc.impl.InvocationContexts.performAroundInvoke(InvocationContexts.java:27)
		... 6 more
	Caused by: org.h2.jdbc.JdbcSQLSyntaxErrorException: Table "analytics_rollups" not found; SQL statement:
insert into analytics_rollups (created,dimension_key,dimension_value,metric_name,period_end,period_start,updated,value,version,id) values (?,?,?,?,?,?,?,?,?,?) [42102-230]
		at org.h2.message.DbException.getJdbcSQLException(DbException.java:514)
		at org.h2.message.DbException.getJdbcSQLException(DbException.java:489)
		at org.h2.message.DbException.get(DbException.java:223)
		at org.h2.message.DbException.get(DbException.java:199)
		at org.h2.command.Parser.getTableOrViewNotFoundDbException(Parser.java:7944)
		at org.h2.command.Parser.getTableOrViewNotFoundDbException(Parser.java:7915)
		at org.h2.command.Parser.readTableOrView(Parser.java:7894)
		at org.h2.command.Parser.readTableOrView(Parser.java:7856)
		at org.h2.command.Parser.parseInsert(Parser.java:1520)
		at org.h2.command.Parser.parsePrepared(Parser.java:697)
		at org.h2.command.Parser.parse(Parser.java:580)
		at org.h2.command.Parser.parse(Parser.java:555)
		at org.h2.command.Parser.prepareCommand(Parser.java:484)
		at org.h2.engine.SessionLocal.prepareLocal(SessionLocal.java:644)
		at org.h2.engine.SessionLocal.prepareCommand(SessionLocal.java:560)
		at org.h2.jdbc.JdbcConnection.prepareCommand(JdbcConnection.java:1164)
		at org.h2.jdbc.JdbcPreparedStatement.<init>(JdbcPreparedStatement.java:93)
		at org.h2.jdbc.JdbcConnection.prepareStatement(JdbcConnection.java:315)
		at io.agroal.pool.wrapper.ConnectionWrapper.prepareStatement(ConnectionWrapper.java:649)
		at org.hibernate.engine.jdbc.internal.MutationStatementPreparerImpl$1.doPrepare(MutationStatementPreparerImpl.java:46)
		at org.hibernate.engine.jdbc.internal.MutationStatementPreparerImpl$StatementPreparationTemplate.prepareStatement(MutationStatementPreparerImpl.java:101)
		... 52 more
Caused by: jakarta.transaction.RollbackException: ARJUNA016053: Could not commit transaction.
	at com.arjuna.ats.internal.jta.transaction.arjunacore.TransactionImple.commitAndDisassociate(TransactionImple.java:1319)
	at com.arjuna.ats.internal.jta.transaction.arjunacore.BaseTransaction.commit(BaseTransaction.java:104)
	at io.quarkus.narayana.jta.runtime.NotifyingTransactionManager.commit(NotifyingTransactionManager.java:70)
	at io.quarkus.narayana.jta.runtime.interceptor.TransactionalInterceptorBase.endTransaction(TransactionalInterceptorBase.java:406)
	at io.quarkus.narayana.jta.runtime.interceptor.TransactionalInterceptorBase.invokeInOurTx(TransactionalInterceptorBase.java:175)
	at io.quarkus.narayana.jta.runtime.interceptor.TransactionalInterceptorBase.invokeInOurTx(TransactionalInterceptorBase.java:107)
	at io.quarkus.narayana.jta.runtime.interceptor.TransactionalInterceptorRequired.doIntercept(TransactionalInterceptorRequired.java:38)
	at io.quarkus.narayana.jta.runtime.interceptor.TransactionalInterceptorBase.intercept(TransactionalInterceptorBase.java:61)
	at io.quarkus.narayana.jta.runtime.interceptor.TransactionalInterceptorRequired.intercept(TransactionalInterceptorRequired.java:32)
	at io.quarkus.narayana.jta.runtime.interceptor.TransactionalInterceptorRequired_Bean.intercept(Unknown Source)
	at io.quarkus.arc.impl.InterceptorInvocation.invoke(InterceptorInvocation.java:42)
	at io.quarkus.arc.impl.AroundInvokeInvocationContext.perform(AroundInvokeInvocationContext.java:30)
	at io.quarkus.arc.impl.InvocationContexts.performAroundInvoke(InvocationContexts.java:27)
	... 6 more
Caused by: [CIRCULAR REFERENCE: org.hibernate.exception.SQLGrammarException: Could not prepare statement [Table "analytics_rollups" not found; SQL statement:
insert into analytics_rollups (created,dimension_key,dimension_value,metric_name,period_end,period_start,updated,value,version,id) values (?,?,?,?,?,?,?,?,?,?) [42102-230]] [insert into analytics_rollups (created,dimension_key,dimension_value,metric_name,period_end,period_start,updated,value,version,id) values (?,?,?,?,?,?,?,?,?,?)]]

[INFO] Running villagecompute.calendar.data.models.CalendarOrderTest
[Hibernate] 
    delete 
    from
        calendar_orders co1_0
[Hibernate] 
    delete 
    from
        user_calendars uc1_0
[Hibernate] 
    delete 
    from
        page_views pv1_0
[Hibernate] 
    delete 
    from
        analytics_rollups ar1_0
2025-10-17 04:13:21,872 WARN  [org.hib.orm.jdb.error] (main) HHH000247: ErrorCode: 42102, SQLState: 42S02
2025-10-17 04:13:21,872 WARN  [org.hib.orm.jdb.error] (main) Table "analytics_rollups" not found; SQL statement:
delete from analytics_rollups ar1_0 [42102-230]
[Hibernate] 
    delete 
    from
        delayed_jobs dj1_0
[Hibernate] 
    delete 
    from
        calendar_users cu1_0
[Hibernate] 
    delete 
    from
        calendar_templates ct1_0
[Hibernate] 
    insert 
    into
        calendar_users
        (created, display_name, email, is_admin, last_login_at, oauth_provider, oauth_subject, profile_image_url, updated, version, id) 
    values
        (?, ?, ?, ?, ?, ?, ?, ?, ?, ?, ?)
[Hibernate] 
    insert 
    into
        calendar_templates
        (configuration, created, description, display_order, is_active, is_featured, name, preview_svg, thumbnail_url, updated, version, id) 
    values
        (?, ?, ?, ?, ?, ?, ?, ?, ?, ?, ?, ?)
[Hibernate] 
    insert 
    into
        user_calendars
        (configuration, created, generated_pdf_url, generated_svg, is_public, name, session_id, template_id, updated, user_id, version, "year", id) 
    values
        (?, ?, ?, ?, ?, ?, ?, ?, ?, ?, ?, ?, ?)
[Hibernate] 
    insert 
    into
        calendar_orders
        (calendar_id, created, notes, paid_at, quantity, shipped_at, shipping_address, status, stripe_charge_id, stripe_payment_intent_id, total_price, unit_price, updated, user_id, version, id) 
    values
        (?, ?, ?, ?, ?, ?, ?, ?, ?, ?, ?, ?, ?, ?, ?, ?)
2025-10-17 04:13:21,878 WARN  [org.hib.orm.jdb.error] (main) HHH000247: ErrorCode: 23506, SQLState: 23506
2025-10-17 04:13:21,879 WARN  [org.hib.orm.jdb.error] (main) Referential integrity constraint violation: "fk_calendar_orders_calendar: public.calendar_orders FOREIGN KEY(calendar_id) REFERENCES public.user_calendars(id) (UUID '6d4867a8-9ccb-44e8-bc2c-f771ce7f3a0a')"; SQL statement:
insert into calendar_orders (calendar_id,created,notes,paid_at,quantity,shipped_at,shipping_address,status,stripe_charge_id,stripe_payment_intent_id,total_price,unit_price,updated,user_id,version,id) values (?,?,?,?,?,?,?,?,?,?,?,?,?,?,?,?) [23506-230]
2025-10-17 04:13:21,879 WARN  [com.arj.ats.arjuna] (main) ARJUNA012125: TwoPhaseCoordinator.beforeCompletion - failed for SynchronizationImple< 0:ffff7f000001:d824:68f1faa0:132, org.hibernate.resource.transaction.backend.jta.internal.synchronization.RegisteredSynchronization@69cbfc9c >: org.hibernate.exception.ConstraintViolationException: could not execute statement [Referential integrity constraint violation: "fk_calendar_orders_calendar: public.calendar_orders FOREIGN KEY(calendar_id) REFERENCES public.user_calendars(id) (UUID '6d4867a8-9ccb-44e8-bc2c-f771ce7f3a0a')"; SQL statement:
insert into calendar_orders (calendar_id,created,notes,paid_at,quantity,shipped_at,shipping_address,status,stripe_charge_id,stripe_payment_intent_id,total_price,unit_price,updated,user_id,version,id) values (?,?,?,?,?,?,?,?,?,?,?,?,?,?,?,?) [23506-230]] [insert into calendar_orders (calendar_id,created,notes,paid_at,quantity,shipped_at,shipping_address,status,stripe_charge_id,stripe_payment_intent_id,total_price,unit_price,updated,user_id,version,id) values (?,?,?,?,?,?,?,?,?,?,?,?,?,?,?,?)]
	at org.hibernate.dialect.H2Dialect.lambda$buildSQLExceptionConversionDelegate$1(H2Dialect.java:853)
	at org.hibernate.exception.internal.StandardSQLExceptionConverter.convert(StandardSQLExceptionConverter.java:34)
	at org.hibernate.engine.jdbc.spi.SqlExceptionHelper.convert(SqlExceptionHelper.java:115)
	at org.hibernate.engine.jdbc.internal.ResultSetReturnImpl.executeUpdate(ResultSetReturnImpl.java:193)
	at org.hibernate.engine.jdbc.mutation.internal.AbstractMutationExecutor.performNonBatchedMutation(AbstractMutationExecutor.java:148)
	at org.hibernate.engine.jdbc.mutation.internal.MutationExecutorSingleNonBatched.performNonBatchedOperations(MutationExecutorSingleNonBatched.java:53)
	at org.hibernate.engine.jdbc.mutation.internal.AbstractMutationExecutor.execute(AbstractMutationExecutor.java:66)
	at org.hibernate.engine.jdbc.mutation.internal.AbstractMutationExecutor.execute(AbstractMutationExecutor.java:55)
	at org.hibernate.persister.entity.mutation.InsertCoordinatorStandard.doStaticInserts(InsertCoordinatorStandard.java:191)
	at org.hibernate.persister.entity.mutation.InsertCoordinatorStandard.coordinateInsert(InsertCoordinatorStandard.java:129)
	at org.hibernate.persister.entity.mutation.InsertCoordinatorStandard.insert(InsertCoordinatorStandard.java:101)
	at org.hibernate.action.internal.EntityInsertAction.execute(EntityInsertAction.java:113)
	at org.hibernate.engine.spi.ActionQueue.executeActions(ActionQueue.java:646)
	at org.hibernate.engine.spi.ActionQueue.executeActions(ActionQueue.java:513)
	at org.hibernate.event.internal.AbstractFlushingEventListener.performExecutions(AbstractFlushingEventListener.java:378)
	at org.hibernate.event.internal.DefaultFlushEventListener.onFlush(DefaultFlushEventListener.java:39)
	at org.hibernate.event.service.internal.EventListenerGroupImpl.fireEventOnEachListener(EventListenerGroupImpl.java:140)
	at org.hibernate.internal.SessionImpl.doFlush(SessionImpl.java:1443)
	at org.hibernate.internal.SessionImpl.managedFlush(SessionImpl.java:488)
	at org.hibernate.internal.SessionImpl.flushBeforeTransactionCompletion(SessionImpl.java:2321)
	at org.hibernate.internal.SessionImpl.beforeTransactionCompletion(SessionImpl.java:2029)
	at org.hibernate.engine.jdbc.internal.JdbcCoordinatorImpl.beforeTransactionCompletion(JdbcCoordinatorImpl.java:394)
	at org.hibernate.resource.transaction.backend.jta.internal.JtaTransactionCoordinatorImpl.beforeCompletion(JtaTransactionCoordinatorImpl.java:328)
	at org.hibernate.resource.transaction.backend.jta.internal.synchronization.SynchronizationCallbackCoordinatorNonTrackingImpl.beforeCompletion(SynchronizationCallbackCoordinatorNonTrackingImpl.java:39)
	at org.hibernate.resource.transaction.backend.jta.internal.synchronization.RegisteredSynchronization.beforeCompletion(RegisteredSynchronization.java:33)
	at com.arjuna.ats.internal.jta.resources.arjunacore.SynchronizationImple.beforeCompletion(SynchronizationImple.java:52)
	at com.arjuna.ats.arjuna.coordinator.TwoPhaseCoordinator.beforeCompletion(TwoPhaseCoordinator.java:348)
	at com.arjuna.ats.arjuna.coordinator.TwoPhaseCoordinator.end(TwoPhaseCoordinator.java:66)
	at com.arjuna.ats.arjuna.AtomicAction.commit(AtomicAction.java:135)
	at com.arjuna.ats.internal.jta.transaction.arjunacore.TransactionImple.commitAndDisassociate(TransactionImple.java:1307)
	at com.arjuna.ats.internal.jta.transaction.arjunacore.BaseTransaction.commit(BaseTransaction.java:104)
	at io.quarkus.narayana.jta.runtime.NotifyingTransactionManager.commit(NotifyingTransactionManager.java:70)
	at io.quarkus.narayana.jta.runtime.interceptor.TransactionalInterceptorBase.endTransaction(TransactionalInterceptorBase.java:406)
	at io.quarkus.narayana.jta.runtime.interceptor.TransactionalInterceptorBase.invokeInOurTx(TransactionalInterceptorBase.java:175)
	at io.quarkus.narayana.jta.runtime.interceptor.TransactionalInterceptorBase.invokeInOurTx(TransactionalInterceptorBase.java:107)
	at io.quarkus.narayana.jta.runtime.interceptor.TransactionalInterceptorRequired.doIntercept(TransactionalInterceptorRequired.java:38)
	at io.quarkus.narayana.jta.runtime.interceptor.TransactionalInterceptorBase.intercept(TransactionalInterceptorBase.java:61)
	at io.quarkus.narayana.jta.runtime.interceptor.TransactionalInterceptorRequired.intercept(TransactionalInterceptorRequired.java:32)
	at io.quarkus.narayana.jta.runtime.interceptor.TransactionalInterceptorRequired_Bean.intercept(Unknown Source)
	at io.quarkus.arc.impl.InterceptorInvocation.invoke(InterceptorInvocation.java:42)
	at io.quarkus.arc.impl.AroundInvokeInvocationContext.perform(AroundInvokeInvocationContext.java:30)
	at io.quarkus.arc.impl.InvocationContexts.performAroundInvoke(InvocationContexts.java:27)
	at villagecompute.calendar.data.models.CalendarOrderTest_Subclass.testJsonbSerialization_ShippingAddress(Unknown Source)
	at java.base/jdk.internal.reflect.DirectMethodHandleAccessor.invoke(DirectMethodHandleAccessor.java:103)
	at java.base/java.lang.reflect.Method.invoke(Method.java:580)
	at io.quarkus.test.junit.QuarkusTestExtension.runExtensionMethod(QuarkusTestExtension.java:1000)
	at io.quarkus.test.junit.QuarkusTestExtension.interceptTestMethod(QuarkusTestExtension.java:848)
	at org.junit.jupiter.engine.execution.InterceptingExecutableInvoker$ReflectiveInterceptorCall.lambda$ofVoidMethod$0(InterceptingExecutableInvoker.java:112)
	at org.junit.jupiter.engine.execution.InterceptingExecutableInvoker.lambda$invoke$0(InterceptingExecutableInvoker.java:94)
	at org.junit.jupiter.engine.execution.InvocationInterceptorChain$InterceptedInvocation.proceed(InvocationInterceptorChain.java:106)
	at org.junit.jupiter.engine.extension.TimeoutExtension.intercept(TimeoutExtension.java:161)
	at org.junit.jupiter.engine.extension.TimeoutExtension.interceptTestableMethod(TimeoutExtension.java:152)
	at org.junit.jupiter.engine.extension.TimeoutExtension.interceptTestMethod(TimeoutExtension.java:91)
	at org.junit.jupiter.engine.execution.InterceptingExecutableInvoker$ReflectiveInterceptorCall.lambda$ofVoidMethod$0(InterceptingExecutableInvoker.java:112)
	at org.junit.jupiter.engine.execution.InterceptingExecutableInvoker.lambda$invoke$0(InterceptingExecutableInvoker.java:94)
	at org.junit.jupiter.engine.execution.InvocationInterceptorChain$InterceptedInvocation.proceed(InvocationInterceptorChain.java:106)
	at org.junit.jupiter.engine.execution.InvocationInterceptorChain.proceed(InvocationInterceptorChain.java:64)
	at org.junit.jupiter.engine.execution.InvocationInterceptorChain.chainAndInvoke(InvocationInterceptorChain.java:45)
	at org.junit.jupiter.engine.execution.InvocationInterceptorChain.invoke(InvocationInterceptorChain.java:37)
	at org.junit.jupiter.engine.execution.InterceptingExecutableInvoker.invoke(InterceptingExecutableInvoker.java:93)
	at org.junit.jupiter.engine.execution.InterceptingExecutableInvoker.invoke(InterceptingExecutableInvoker.java:87)
	at org.junit.jupiter.engine.descriptor.TestMethodTestDescriptor.lambda$invokeTestMethod$4(TestMethodTestDescriptor.java:221)
	at org.junit.platform.engine.support.hierarchical.ThrowableCollector.execute(ThrowableCollector.java:73)
	at org.junit.jupiter.engine.descriptor.TestMethodTestDescriptor.invokeTestMethod(TestMethodTestDescriptor.java:217)
	at org.junit.jupiter.engine.descriptor.TestMethodTestDescriptor.execute(TestMethodTestDescriptor.java:159)
	at org.junit.jupiter.engine.descriptor.TestMethodTestDescriptor.execute(TestMethodTestDescriptor.java:70)
	at org.junit.platform.engine.support.hierarchical.NodeTestTask.lambda$executeRecursively$6(NodeTestTask.java:157)
	at org.junit.platform.engine.support.hierarchical.ThrowableCollector.execute(ThrowableCollector.java:73)
	at org.junit.platform.engine.support.hierarchical.NodeTestTask.lambda$executeRecursively$8(NodeTestTask.java:147)
	at org.junit.platform.engine.support.hierarchical.Node.around(Node.java:137)
	at org.junit.platform.engine.support.hierarchical.NodeTestTask.lambda$executeRecursively$9(NodeTestTask.java:145)
	at org.junit.platform.engine.support.hierarchical.ThrowableCollector.execute(ThrowableCollector.java:73)
	at org.junit.platform.engine.support.hierarchical.NodeTestTask.executeRecursively(NodeTestTask.java:144)
	at org.junit.platform.engine.support.hierarchical.NodeTestTask.execute(NodeTestTask.java:101)
	at java.base/java.util.ArrayList.forEach(ArrayList.java:1596)
	at org.junit.platform.engine.support.hierarchical.SameThreadHierarchicalTestExecutorService.invokeAll(SameThreadHierarchicalTestExecutorService.java:41)
	at org.junit.platform.engine.support.hierarchical.NodeTestTask.lambda$executeRecursively$6(NodeTestTask.java:161)
	at org.junit.platform.engine.support.hierarchical.ThrowableCollector.execute(ThrowableCollector.java:73)
	at org.junit.platform.engine.support.hierarchical.NodeTestTask.lambda$executeRecursively$8(NodeTestTask.java:147)
	at org.junit.platform.engine.support.hierarchical.Node.around(Node.java:137)
	at org.junit.platform.engine.support.hierarchical.NodeTestTask.lambda$executeRecursively$9(NodeTestTask.java:145)
	at org.junit.platform.engine.support.hierarchical.ThrowableCollector.execute(ThrowableCollector.java:73)
	at org.junit.platform.engine.support.hierarchical.NodeTestTask.executeRecursively(NodeTestTask.java:144)
	at org.junit.platform.engine.support.hierarchical.NodeTestTask.execute(NodeTestTask.java:101)
	at java.base/java.util.ArrayList.forEach(ArrayList.java:1596)
	at org.junit.platform.engine.support.hierarchical.SameThreadHierarchicalTestExecutorService.invokeAll(SameThreadHierarchicalTestExecutorService.java:41)
	at org.junit.platform.engine.support.hierarchical.NodeTestTask.lambda$executeRecursively$6(NodeTestTask.java:161)
	at org.junit.platform.engine.support.hierarchical.ThrowableCollector.execute(ThrowableCollector.java:73)
	at org.junit.platform.engine.support.hierarchical.NodeTestTask.lambda$executeRecursively$8(NodeTestTask.java:147)
	at org.junit.platform.engine.support.hierarchical.Node.around(Node.java:137)
	at org.junit.platform.engine.support.hierarchical.NodeTestTask.lambda$executeRecursively$9(NodeTestTask.java:145)
	at org.junit.platform.engine.support.hierarchical.ThrowableCollector.execute(ThrowableCollector.java:73)
	at org.junit.platform.engine.support.hierarchical.NodeTestTask.executeRecursively(NodeTestTask.java:144)
	at org.junit.platform.engine.support.hierarchical.NodeTestTask.execute(NodeTestTask.java:101)
	at org.junit.platform.engine.support.hierarchical.SameThreadHierarchicalTestExecutorService.submit(SameThreadHierarchicalTestExecutorService.java:35)
	at org.junit.platform.engine.support.hierarchical.HierarchicalTestExecutor.execute(HierarchicalTestExecutor.java:57)
	at org.junit.platform.engine.support.hierarchical.HierarchicalTestEngine.execute(HierarchicalTestEngine.java:54)
	at org.junit.platform.launcher.core.EngineExecutionOrchestrator.executeEngine(EngineExecutionOrchestrator.java:230)
	at org.junit.platform.launcher.core.EngineExecutionOrchestrator.failOrExecuteEngine(EngineExecutionOrchestrator.java:204)
	at org.junit.platform.launcher.core.EngineExecutionOrchestrator.execute(EngineExecutionOrchestrator.java:172)
	at org.junit.platform.launcher.core.EngineExecutionOrchestrator.execute(EngineExecutionOrchestrator.java:101)
	at org.junit.platform.launcher.core.EngineExecutionOrchestrator.lambda$execute$0(EngineExecutionOrchestrator.java:64)
	at org.junit.platform.launcher.core.EngineExecutionOrchestrator.withInterceptedStreams(EngineExecutionOrchestrator.java:150)
	at org.junit.platform.launcher.core.EngineExecutionOrchestrator.execute(EngineExecutionOrchestrator.java:63)
	at org.junit.platform.launcher.core.DefaultLauncher.execute(DefaultLauncher.java:109)
	at org.junit.platform.launcher.core.DefaultLauncher.execute(DefaultLauncher.java:91)
	at org.junit.platform.launcher.core.DelegatingLauncher.execute(DelegatingLauncher.java:47)
	at org.junit.platform.launcher.core.InterceptingLauncher.lambda$execute$1(InterceptingLauncher.java:39)
	at org.junit.platform.launcher.core.ClasspathAlignmentCheckingLauncherInterceptor.intercept(ClasspathAlignmentCheckingLauncherInterceptor.java:25)
	at org.junit.platform.launcher.core.InterceptingLauncher.execute(InterceptingLauncher.java:38)
	at org.junit.platform.launcher.core.DelegatingLauncher.execute(DelegatingLauncher.java:47)
	at org.apache.maven.surefire.junitplatform.LazyLauncher.execute(LazyLauncher.java:56)
	at org.apache.maven.surefire.junitplatform.JUnitPlatformProvider.execute(JUnitPlatformProvider.java:184)
	at org.apache.maven.surefire.junitplatform.JUnitPlatformProvider.invokeAllTests(JUnitPlatformProvider.java:148)
	at org.apache.maven.surefire.junitplatform.JUnitPlatformProvider.invoke(JUnitPlatformProvider.java:122)
	at org.apache.maven.surefire.booter.ForkedBooter.runSuitesInProcess(ForkedBooter.java:385)
	at org.apache.maven.surefire.booter.ForkedBooter.execute(ForkedBooter.java:162)
	at org.apache.maven.surefire.booter.ForkedBooter.run(ForkedBooter.java:507)
	at org.apache.maven.surefire.booter.ForkedBooter.main(ForkedBooter.java:495)
Caused by: org.h2.jdbc.JdbcSQLIntegrityConstraintViolationException: Referential integrity constraint violation: "fk_calendar_orders_calendar: public.calendar_orders FOREIGN KEY(calendar_id) REFERENCES public.user_calendars(id) (UUID '6d4867a8-9ccb-44e8-bc2c-f771ce7f3a0a')"; SQL statement:
insert into calendar_orders (calendar_id,created,notes,paid_at,quantity,shipped_at,shipping_address,status,stripe_charge_id,stripe_payment_intent_id,total_price,unit_price,updated,user_id,version,id) values (?,?,?,?,?,?,?,?,?,?,?,?,?,?,?,?) [23506-230]
	at org.h2.message.DbException.getJdbcSQLException(DbException.java:520)
	at org.h2.message.DbException.getJdbcSQLException(DbException.java:489)
	at org.h2.message.DbException.get(DbException.java:223)
	at org.h2.message.DbException.get(DbException.java:199)
	at org.h2.constraint.ConstraintReferential.checkRowOwnTable(ConstraintReferential.java:308)
	at org.h2.constraint.ConstraintReferential.checkRow(ConstraintReferential.java:249)
	at org.h2.table.Table.fireConstraints(Table.java:1227)
	at org.h2.table.Table.fireAfterRow(Table.java:1245)
	at org.h2.command.dml.Insert.insertRows(Insert.java:188)
	at org.h2.command.dml.Insert.update(Insert.java:135)
	at org.h2.command.dml.DataChangeStatement.update(DataChangeStatement.java:74)
	at org.h2.command.CommandContainer.update(CommandContainer.java:139)
	at org.h2.command.Command.executeUpdate(Command.java:304)
	at org.h2.command.Command.executeUpdate(Command.java:248)
	at org.h2.jdbc.JdbcPreparedStatement.executeUpdateInternal(JdbcPreparedStatement.java:213)
	at org.h2.jdbc.JdbcPreparedStatement.executeUpdate(JdbcPreparedStatement.java:172)
	at io.agroal.pool.wrapper.PreparedStatementWrapper.executeUpdate(PreparedStatementWrapper.java:90)
	at org.hibernate.engine.jdbc.internal.ResultSetReturnImpl.executeUpdate(ResultSetReturnImpl.java:190)
	... 115 more

[Hibernate] 
    delete 
    from
        calendar_orders co1_0
[Hibernate] 
    delete 
    from
        user_calendars uc1_0
[Hibernate] 
    delete 
    from
        page_views pv1_0
[Hibernate] 
    delete 
    from
        analytics_rollups ar1_0
2025-10-17 04:13:21,882 WARN  [org.hib.orm.jdb.error] (main) HHH000247: ErrorCode: 42102, SQLState: 42S02
2025-10-17 04:13:21,882 WARN  [org.hib.orm.jdb.error] (main) Table "analytics_rollups" not found; SQL statement:
delete from analytics_rollups ar1_0 [42102-230]
[Hibernate] 
    delete 
    from
        delayed_jobs dj1_0
[Hibernate] 
    delete 
    from
        calendar_users cu1_0
[Hibernate] 
    delete 
    from
        calendar_templates ct1_0
[Hibernate] 
    insert 
    into
        calendar_users
        (created, display_name, email, is_admin, last_login_at, oauth_provider, oauth_subject, profile_image_url, updated, version, id) 
    values
        (?, ?, ?, ?, ?, ?, ?, ?, ?, ?, ?)
[Hibernate] 
    insert 
    into
        calendar_templates
        (configuration, created, description, display_order, is_active, is_featured, name, preview_svg, thumbnail_url, updated, version, id) 
    values
        (?, ?, ?, ?, ?, ?, ?, ?, ?, ?, ?, ?)
[Hibernate] 
    insert 
    into
        user_calendars
        (configuration, created, generated_pdf_url, generated_svg, is_public, name, session_id, template_id, updated, user_id, version, "year", id) 
    values
        (?, ?, ?, ?, ?, ?, ?, ?, ?, ?, ?, ?, ?)
[Hibernate] 
    insert 
    into
        calendar_orders
        (calendar_id, created, notes, paid_at, quantity, shipped_at, shipping_address, status, stripe_charge_id, stripe_payment_intent_id, total_price, unit_price, updated, user_id, version, id) 
    values
        (?, ?, ?, ?, ?, ?, ?, ?, ?, ?, ?, ?, ?, ?, ?, ?)
2025-10-17 04:13:21,887 WARN  [org.hib.orm.jdb.error] (main) HHH000247: ErrorCode: 23506, SQLState: 23506
2025-10-17 04:13:21,887 WARN  [org.hib.orm.jdb.error] (main) Referential integrity constraint violation: "fk_calendar_orders_calendar: public.calendar_orders FOREIGN KEY(calendar_id) REFERENCES public.user_calendars(id) (UUID '0dd375ee-9a5e-4d44-970e-f787cf07bbdd')"; SQL statement:
insert into calendar_orders (calendar_id,created,notes,paid_at,quantity,shipped_at,shipping_address,status,stripe_charge_id,stripe_payment_intent_id,total_price,unit_price,updated,user_id,version,id) values (?,?,?,?,?,?,?,?,?,?,?,?,?,?,?,?) [23506-230]
2025-10-17 04:13:21,887 WARN  [com.arj.ats.arjuna] (main) ARJUNA012125: TwoPhaseCoordinator.beforeCompletion - failed for SynchronizationImple< 0:ffff7f000001:d824:68f1faa0:13e, org.hibernate.resource.transaction.backend.jta.internal.synchronization.RegisteredSynchronization@4e00c10b >: org.hibernate.exception.ConstraintViolationException: could not execute statement [Referential integrity constraint violation: "fk_calendar_orders_calendar: public.calendar_orders FOREIGN KEY(calendar_id) REFERENCES public.user_calendars(id) (UUID '0dd375ee-9a5e-4d44-970e-f787cf07bbdd')"; SQL statement:
insert into calendar_orders (calendar_id,created,notes,paid_at,quantity,shipped_at,shipping_address,status,stripe_charge_id,stripe_payment_intent_id,total_price,unit_price,updated,user_id,version,id) values (?,?,?,?,?,?,?,?,?,?,?,?,?,?,?,?) [23506-230]] [insert into calendar_orders (calendar_id,created,notes,paid_at,quantity,shipped_at,shipping_address,status,stripe_charge_id,stripe_payment_intent_id,total_price,unit_price,updated,user_id,version,id) values (?,?,?,?,?,?,?,?,?,?,?,?,?,?,?,?)]
	at org.hibernate.dialect.H2Dialect.lambda$buildSQLExceptionConversionDelegate$1(H2Dialect.java:853)
	at org.hibernate.exception.internal.StandardSQLExceptionConverter.convert(StandardSQLExceptionConverter.java:34)
	at org.hibernate.engine.jdbc.spi.SqlExceptionHelper.convert(SqlExceptionHelper.java:115)
	at org.hibernate.engine.jdbc.internal.ResultSetReturnImpl.executeUpdate(ResultSetReturnImpl.java:193)
	at org.hibernate.engine.jdbc.mutation.internal.AbstractMutationExecutor.performNonBatchedMutation(AbstractMutationExecutor.java:148)
	at org.hibernate.engine.jdbc.mutation.internal.MutationExecutorSingleNonBatched.performNonBatchedOperations(MutationExecutorSingleNonBatched.java:53)
	at org.hibernate.engine.jdbc.mutation.internal.AbstractMutationExecutor.execute(AbstractMutationExecutor.java:66)
	at org.hibernate.engine.jdbc.mutation.internal.AbstractMutationExecutor.execute(AbstractMutationExecutor.java:55)
	at org.hibernate.persister.entity.mutation.InsertCoordinatorStandard.doStaticInserts(InsertCoordinatorStandard.java:191)
	at org.hibernate.persister.entity.mutation.InsertCoordinatorStandard.coordinateInsert(InsertCoordinatorStandard.java:129)
	at org.hibernate.persister.entity.mutation.InsertCoordinatorStandard.insert(InsertCoordinatorStandard.java:101)
	at org.hibernate.action.internal.EntityInsertAction.execute(EntityInsertAction.java:113)
	at org.hibernate.engine.spi.ActionQueue.executeActions(ActionQueue.java:646)
	at org.hibernate.engine.spi.ActionQueue.executeActions(ActionQueue.java:513)
	at org.hibernate.event.internal.AbstractFlushingEventListener.performExecutions(AbstractFlushingEventListener.java:378)
	at org.hibernate.event.internal.DefaultFlushEventListener.onFlush(DefaultFlushEventListener.java:39)
	at org.hibernate.event.service.internal.EventListenerGroupImpl.fireEventOnEachListener(EventListenerGroupImpl.java:140)
	at org.hibernate.internal.SessionImpl.doFlush(SessionImpl.java:1443)
	at org.hibernate.internal.SessionImpl.managedFlush(SessionImpl.java:488)
	at org.hibernate.internal.SessionImpl.flushBeforeTransactionCompletion(SessionImpl.java:2321)
	at org.hibernate.internal.SessionImpl.beforeTransactionCompletion(SessionImpl.java:2029)
	at org.hibernate.engine.jdbc.internal.JdbcCoordinatorImpl.beforeTransactionCompletion(JdbcCoordinatorImpl.java:394)
	at org.hibernate.resource.transaction.backend.jta.internal.JtaTransactionCoordinatorImpl.beforeCompletion(JtaTransactionCoordinatorImpl.java:328)
	at org.hibernate.resource.transaction.backend.jta.internal.synchronization.SynchronizationCallbackCoordinatorNonTrackingImpl.beforeCompletion(SynchronizationCallbackCoordinatorNonTrackingImpl.java:39)
	at org.hibernate.resource.transaction.backend.jta.internal.synchronization.RegisteredSynchronization.beforeCompletion(RegisteredSynchronization.java:33)
	at com.arjuna.ats.internal.jta.resources.arjunacore.SynchronizationImple.beforeCompletion(SynchronizationImple.java:52)
	at com.arjuna.ats.arjuna.coordinator.TwoPhaseCoordinator.beforeCompletion(TwoPhaseCoordinator.java:348)
	at com.arjuna.ats.arjuna.coordinator.TwoPhaseCoordinator.end(TwoPhaseCoordinator.java:66)
	at com.arjuna.ats.arjuna.AtomicAction.commit(AtomicAction.java:135)
	at com.arjuna.ats.internal.jta.transaction.arjunacore.TransactionImple.commitAndDisassociate(TransactionImple.java:1307)
	at com.arjuna.ats.internal.jta.transaction.arjunacore.BaseTransaction.commit(BaseTransaction.java:104)
	at io.quarkus.narayana.jta.runtime.NotifyingTransactionManager.commit(NotifyingTransactionManager.java:70)
	at io.quarkus.narayana.jta.runtime.interceptor.TransactionalInterceptorBase.endTransaction(TransactionalInterceptorBase.java:406)
	at io.quarkus.narayana.jta.runtime.interceptor.TransactionalInterceptorBase.invokeInOurTx(TransactionalInterceptorBase.java:175)
	at io.quarkus.narayana.jta.runtime.interceptor.TransactionalInterceptorBase.invokeInOurTx(TransactionalInterceptorBase.java:107)
	at io.quarkus.narayana.jta.runtime.interceptor.TransactionalInterceptorRequired.doIntercept(TransactionalInterceptorRequired.java:38)
	at io.quarkus.narayana.jta.runtime.interceptor.TransactionalInterceptorBase.intercept(TransactionalInterceptorBase.java:61)
	at io.quarkus.narayana.jta.runtime.interceptor.TransactionalInterceptorRequired.intercept(TransactionalInterceptorRequired.java:32)
	at io.quarkus.narayana.jta.runtime.interceptor.TransactionalInterceptorRequired_Bean.intercept(Unknown Source)
	at io.quarkus.arc.impl.InterceptorInvocation.invoke(InterceptorInvocation.java:42)
	at io.quarkus.arc.impl.AroundInvokeInvocationContext.perform(AroundInvokeInvocationContext.java:30)
	at io.quarkus.arc.impl.InvocationContexts.performAroundInvoke(InvocationContexts.java:27)
	at villagecompute.calendar.data.models.CalendarOrderTest_Subclass.testRelationships_ManyToOneUser(Unknown Source)
	at java.base/jdk.internal.reflect.DirectMethodHandleAccessor.invoke(DirectMethodHandleAccessor.java:103)
	at java.base/java.lang.reflect.Method.invoke(Method.java:580)
	at io.quarkus.test.junit.QuarkusTestExtension.runExtensionMethod(QuarkusTestExtension.java:1000)
	at io.quarkus.test.junit.QuarkusTestExtension.interceptTestMethod(QuarkusTestExtension.java:848)
	at org.junit.jupiter.engine.execution.InterceptingExecutableInvoker$ReflectiveInterceptorCall.lambda$ofVoidMethod$0(InterceptingExecutableInvoker.java:112)
	at org.junit.jupiter.engine.execution.InterceptingExecutableInvoker.lambda$invoke$0(InterceptingExecutableInvoker.java:94)
	at org.junit.jupiter.engine.execution.InvocationInterceptorChain$InterceptedInvocation.proceed(InvocationInterceptorChain.java:106)
	at org.junit.jupiter.engine.extension.TimeoutExtension.intercept(TimeoutExtension.java:161)
	at org.junit.jupiter.engine.extension.TimeoutExtension.interceptTestableMethod(TimeoutExtension.java:152)
	at org.junit.jupiter.engine.extension.TimeoutExtension.interceptTestMethod(TimeoutExtension.java:91)
	at org.junit.jupiter.engine.execution.InterceptingExecutableInvoker$ReflectiveInterceptorCall.lambda$ofVoidMethod$0(InterceptingExecutableInvoker.java:112)
	at org.junit.jupiter.engine.execution.InterceptingExecutableInvoker.lambda$invoke$0(InterceptingExecutableInvoker.java:94)
	at org.junit.jupiter.engine.execution.InvocationInterceptorChain$InterceptedInvocation.proceed(InvocationInterceptorChain.java:106)
	at org.junit.jupiter.engine.execution.InvocationInterceptorChain.proceed(InvocationInterceptorChain.java:64)
	at org.junit.jupiter.engine.execution.InvocationInterceptorChain.chainAndInvoke(InvocationInterceptorChain.java:45)
	at org.junit.jupiter.engine.execution.InvocationInterceptorChain.invoke(InvocationInterceptorChain.java:37)
	at org.junit.jupiter.engine.execution.InterceptingExecutableInvoker.invoke(InterceptingExecutableInvoker.java:93)
	at org.junit.jupiter.engine.execution.InterceptingExecutableInvoker.invoke(InterceptingExecutableInvoker.java:87)
	at org.junit.jupiter.engine.descriptor.TestMethodTestDescriptor.lambda$invokeTestMethod$4(TestMethodTestDescriptor.java:221)
	at org.junit.platform.engine.support.hierarchical.ThrowableCollector.execute(ThrowableCollector.java:73)
	at org.junit.jupiter.engine.descriptor.TestMethodTestDescriptor.invokeTestMethod(TestMethodTestDescriptor.java:217)
	at org.junit.jupiter.engine.descriptor.TestMethodTestDescriptor.execute(TestMethodTestDescriptor.java:159)
	at org.junit.jupiter.engine.descriptor.TestMethodTestDescriptor.execute(TestMethodTestDescriptor.java:70)
	at org.junit.platform.engine.support.hierarchical.NodeTestTask.lambda$executeRecursively$6(NodeTestTask.java:157)
	at org.junit.platform.engine.support.hierarchical.ThrowableCollector.execute(ThrowableCollector.java:73)
	at org.junit.platform.engine.support.hierarchical.NodeTestTask.lambda$executeRecursively$8(NodeTestTask.java:147)
	at org.junit.platform.engine.support.hierarchical.Node.around(Node.java:137)
	at org.junit.platform.engine.support.hierarchical.NodeTestTask.lambda$executeRecursively$9(NodeTestTask.java:145)
	at org.junit.platform.engine.support.hierarchical.ThrowableCollector.execute(ThrowableCollector.java:73)
	at org.junit.platform.engine.support.hierarchical.NodeTestTask.executeRecursively(NodeTestTask.java:144)
	at org.junit.platform.engine.support.hierarchical.NodeTestTask.execute(NodeTestTask.java:101)
	at java.base/java.util.ArrayList.forEach(ArrayList.java:1596)
	at org.junit.platform.engine.support.hierarchical.SameThreadHierarchicalTestExecutorService.invokeAll(SameThreadHierarchicalTestExecutorService.java:41)
	at org.junit.platform.engine.support.hierarchical.NodeTestTask.lambda$executeRecursively$6(NodeTestTask.java:161)
	at org.junit.platform.engine.support.hierarchical.ThrowableCollector.execute(ThrowableCollector.java:73)
	at org.junit.platform.engine.support.hierarchical.NodeTestTask.lambda$executeRecursively$8(NodeTestTask.java:147)
	at org.junit.platform.engine.support.hierarchical.Node.around(Node.java:137)
	at org.junit.platform.engine.support.hierarchical.NodeTestTask.lambda$executeRecursively$9(NodeTestTask.java:145)
	at org.junit.platform.engine.support.hierarchical.ThrowableCollector.execute(ThrowableCollector.java:73)
	at org.junit.platform.engine.support.hierarchical.NodeTestTask.executeRecursively(NodeTestTask.java:144)
	at org.junit.platform.engine.support.hierarchical.NodeTestTask.execute(NodeTestTask.java:101)
	at java.base/java.util.ArrayList.forEach(ArrayList.java:1596)
	at org.junit.platform.engine.support.hierarchical.SameThreadHierarchicalTestExecutorService.invokeAll(SameThreadHierarchicalTestExecutorService.java:41)
	at org.junit.platform.engine.support.hierarchical.NodeTestTask.lambda$executeRecursively$6(NodeTestTask.java:161)
	at org.junit.platform.engine.support.hierarchical.ThrowableCollector.execute(ThrowableCollector.java:73)
	at org.junit.platform.engine.support.hierarchical.NodeTestTask.lambda$executeRecursively$8(NodeTestTask.java:147)
	at org.junit.platform.engine.support.hierarchical.Node.around(Node.java:137)
	at org.junit.platform.engine.support.hierarchical.NodeTestTask.lambda$executeRecursively$9(NodeTestTask.java:145)
	at org.junit.platform.engine.support.hierarchical.ThrowableCollector.execute(ThrowableCollector.java:73)
	at org.junit.platform.engine.support.hierarchical.NodeTestTask.executeRecursively(NodeTestTask.java:144)
	at org.junit.platform.engine.support.hierarchical.NodeTestTask.execute(NodeTestTask.java:101)
	at org.junit.platform.engine.support.hierarchical.SameThreadHierarchicalTestExecutorService.submit(SameThreadHierarchicalTestExecutorService.java:35)
	at org.junit.platform.engine.support.hierarchical.HierarchicalTestExecutor.execute(HierarchicalTestExecutor.java:57)
	at org.junit.platform.engine.support.hierarchical.HierarchicalTestEngine.execute(HierarchicalTestEngine.java:54)
	at org.junit.platform.launcher.core.EngineExecutionOrchestrator.executeEngine(EngineExecutionOrchestrator.java:230)
	at org.junit.platform.launcher.core.EngineExecutionOrchestrator.failOrExecuteEngine(EngineExecutionOrchestrator.java:204)
	at org.junit.platform.launcher.core.EngineExecutionOrchestrator.execute(EngineExecutionOrchestrator.java:172)
	at org.junit.platform.launcher.core.EngineExecutionOrchestrator.execute(EngineExecutionOrchestrator.java:101)
	at org.junit.platform.launcher.core.EngineExecutionOrchestrator.lambda$execute$0(EngineExecutionOrchestrator.java:64)
	at org.junit.platform.launcher.core.EngineExecutionOrchestrator.withInterceptedStreams(EngineExecutionOrchestrator.java:150)
	at org.junit.platform.launcher.core.EngineExecutionOrchestrator.execute(EngineExecutionOrchestrator.java:63)
	at org.junit.platform.launcher.core.DefaultLauncher.execute(DefaultLauncher.java:109)
	at org.junit.platform.launcher.core.DefaultLauncher.execute(DefaultLauncher.java:91)
	at org.junit.platform.launcher.core.DelegatingLauncher.execute(DelegatingLauncher.java:47)
	at org.junit.platform.launcher.core.InterceptingLauncher.lambda$execute$1(InterceptingLauncher.java:39)
	at org.junit.platform.launcher.core.ClasspathAlignmentCheckingLauncherInterceptor.intercept(ClasspathAlignmentCheckingLauncherInterceptor.java:25)
	at org.junit.platform.launcher.core.InterceptingLauncher.execute(InterceptingLauncher.java:38)
	at org.junit.platform.launcher.core.DelegatingLauncher.execute(DelegatingLauncher.java:47)
	at org.apache.maven.surefire.junitplatform.LazyLauncher.execute(LazyLauncher.java:56)
	at org.apache.maven.surefire.junitplatform.JUnitPlatformProvider.execute(JUnitPlatformProvider.java:184)
	at org.apache.maven.surefire.junitplatform.JUnitPlatformProvider.invokeAllTests(JUnitPlatformProvider.java:148)
	at org.apache.maven.surefire.junitplatform.JUnitPlatformProvider.invoke(JUnitPlatformProvider.java:122)
	at org.apache.maven.surefire.booter.ForkedBooter.runSuitesInProcess(ForkedBooter.java:385)
	at org.apache.maven.surefire.booter.ForkedBooter.execute(ForkedBooter.java:162)
	at org.apache.maven.surefire.booter.ForkedBooter.run(ForkedBooter.java:507)
	at org.apache.maven.surefire.booter.ForkedBooter.main(ForkedBooter.java:495)
Caused by: org.h2.jdbc.JdbcSQLIntegrityConstraintViolationException: Referential integrity constraint violation: "fk_calendar_orders_calendar: public.calendar_orders FOREIGN KEY(calendar_id) REFERENCES public.user_calendars(id) (UUID '0dd375ee-9a5e-4d44-970e-f787cf07bbdd')"; SQL statement:
insert into calendar_orders (calendar_id,created,notes,paid_at,quantity,shipped_at,shipping_address,status,stripe_charge_id,stripe_payment_intent_id,total_price,unit_price,updated,user_id,version,id) values (?,?,?,?,?,?,?,?,?,?,?,?,?,?,?,?) [23506-230]
	at org.h2.message.DbException.getJdbcSQLException(DbException.java:520)
	at org.h2.message.DbException.getJdbcSQLException(DbException.java:489)
	at org.h2.message.DbException.get(DbException.java:223)
	at org.h2.message.DbException.get(DbException.java:199)
	at org.h2.constraint.ConstraintReferential.checkRowOwnTable(ConstraintReferential.java:308)
	at org.h2.constraint.ConstraintReferential.checkRow(ConstraintReferential.java:249)
	at org.h2.table.Table.fireConstraints(Table.java:1227)
	at org.h2.table.Table.fireAfterRow(Table.java:1245)
	at org.h2.command.dml.Insert.insertRows(Insert.java:188)
	at org.h2.command.dml.Insert.update(Insert.java:135)
	at org.h2.command.dml.DataChangeStatement.update(DataChangeStatement.java:74)
	at org.h2.command.CommandContainer.update(CommandContainer.java:139)
	at org.h2.command.Command.executeUpdate(Command.java:304)
	at org.h2.command.Command.executeUpdate(Command.java:248)
	at org.h2.jdbc.JdbcPreparedStatement.executeUpdateInternal(JdbcPreparedStatement.java:213)
	at org.h2.jdbc.JdbcPreparedStatement.executeUpdate(JdbcPreparedStatement.java:172)
	at io.agroal.pool.wrapper.PreparedStatementWrapper.executeUpdate(PreparedStatementWrapper.java:90)
	at org.hibernate.engine.jdbc.internal.ResultSetReturnImpl.executeUpdate(ResultSetReturnImpl.java:190)
	... 115 more

[Hibernate] 
    delete 
    from
        calendar_orders co1_0
[Hibernate] 
    delete 
    from
        user_calendars uc1_0
[Hibernate] 
    delete 
    from
        page_views pv1_0
[Hibernate] 
    delete 
    from
        analytics_rollups ar1_0
2025-10-17 04:13:21,890 WARN  [org.hib.orm.jdb.error] (main) HHH000247: ErrorCode: 42102, SQLState: 42S02
2025-10-17 04:13:21,890 WARN  [org.hib.orm.jdb.error] (main) Table "analytics_rollups" not found; SQL statement:
delete from analytics_rollups ar1_0 [42102-230]
[Hibernate] 
    delete 
    from
        delayed_jobs dj1_0
[Hibernate] 
    delete 
    from
        calendar_users cu1_0
[Hibernate] 
    delete 
    from
        calendar_templates ct1_0
[Hibernate] 
    insert 
    into
        calendar_users
        (created, display_name, email, is_admin, last_login_at, oauth_provider, oauth_subject, profile_image_url, updated, version, id) 
    values
        (?, ?, ?, ?, ?, ?, ?, ?, ?, ?, ?)
[Hibernate] 
    insert 
    into
        calendar_templates
        (configuration, created, description, display_order, is_active, is_featured, name, preview_svg, thumbnail_url, updated, version, id) 
    values
        (?, ?, ?, ?, ?, ?, ?, ?, ?, ?, ?, ?)
[Hibernate] 
    insert 
    into
        user_calendars
        (configuration, created, generated_pdf_url, generated_svg, is_public, name, session_id, template_id, updated, user_id, version, "year", id) 
    values
        (?, ?, ?, ?, ?, ?, ?, ?, ?, ?, ?, ?, ?)
[Hibernate] 
    delete 
    from
        calendar_orders co1_0
[Hibernate] 
    delete 
    from
        user_calendars uc1_0
[Hibernate] 
    delete 
    from
        page_views pv1_0
[Hibernate] 
    delete 
    from
        analytics_rollups ar1_0
2025-10-17 04:13:21,895 WARN  [org.hib.orm.jdb.error] (main) HHH000247: ErrorCode: 42102, SQLState: 42S02
2025-10-17 04:13:21,895 WARN  [org.hib.orm.jdb.error] (main) Table "analytics_rollups" not found; SQL statement:
delete from analytics_rollups ar1_0 [42102-230]
[Hibernate] 
    delete 
    from
        delayed_jobs dj1_0
[Hibernate] 
    delete 
    from
        calendar_users cu1_0
[Hibernate] 
    delete 
    from
        calendar_templates ct1_0
[Hibernate] 
    insert 
    into
        calendar_users
        (created, display_name, email, is_admin, last_login_at, oauth_provider, oauth_subject, profile_image_url, updated, version, id) 
    values
        (?, ?, ?, ?, ?, ?, ?, ?, ?, ?, ?)
[Hibernate] 
    insert 
    into
        calendar_templates
        (configuration, created, description, display_order, is_active, is_featured, name, preview_svg, thumbnail_url, updated, version, id) 
    values
        (?, ?, ?, ?, ?, ?, ?, ?, ?, ?, ?, ?)
[Hibernate] 
    insert 
    into
        user_calendars
        (configuration, created, generated_pdf_url, generated_svg, is_public, name, session_id, template_id, updated, user_id, version, "year", id) 
    values
        (?, ?, ?, ?, ?, ?, ?, ?, ?, ?, ?, ?, ?)
[Hibernate] 
    delete 
    from
        calendar_orders co1_0
[Hibernate] 
    delete 
    from
        user_calendars uc1_0
[Hibernate] 
    delete 
    from
        page_views pv1_0
[Hibernate] 
    delete 
    from
        analytics_rollups ar1_0
2025-10-17 04:13:21,901 WARN  [org.hib.orm.jdb.error] (main) HHH000247: ErrorCode: 42102, SQLState: 42S02
2025-10-17 04:13:21,901 WARN  [org.hib.orm.jdb.error] (main) Table "analytics_rollups" not found; SQL statement:
delete from analytics_rollups ar1_0 [42102-230]
[Hibernate] 
    delete 
    from
        delayed_jobs dj1_0
[Hibernate] 
    delete 
    from
        calendar_users cu1_0
[Hibernate] 
    delete 
    from
        calendar_templates ct1_0
[Hibernate] 
    insert 
    into
        calendar_users
        (created, display_name, email, is_admin, last_login_at, oauth_provider, oauth_subject, profile_image_url, updated, version, id) 
    values
        (?, ?, ?, ?, ?, ?, ?, ?, ?, ?, ?)
[Hibernate] 
    insert 
    into
        calendar_templates
        (configuration, created, description, display_order, is_active, is_featured, name, preview_svg, thumbnail_url, updated, version, id) 
    values
        (?, ?, ?, ?, ?, ?, ?, ?, ?, ?, ?, ?)
[Hibernate] 
    insert 
    into
        user_calendars
        (configuration, created, generated_pdf_url, generated_svg, is_public, name, session_id, template_id, updated, user_id, version, "year", id) 
    values
        (?, ?, ?, ?, ?, ?, ?, ?, ?, ?, ?, ?, ?)
[Hibernate] 
    delete 
    from
        calendar_orders co1_0
[Hibernate] 
    delete 
    from
        user_calendars uc1_0
[Hibernate] 
    delete 
    from
        page_views pv1_0
[Hibernate] 
    delete 
    from
        analytics_rollups ar1_0
2025-10-17 04:13:21,906 WARN  [org.hib.orm.jdb.error] (main) HHH000247: ErrorCode: 42102, SQLState: 42S02
2025-10-17 04:13:21,906 WARN  [org.hib.orm.jdb.error] (main) Table "analytics_rollups" not found; SQL statement:
delete from analytics_rollups ar1_0 [42102-230]
[Hibernate] 
    delete 
    from
        delayed_jobs dj1_0
[Hibernate] 
    delete 
    from
        calendar_users cu1_0
[Hibernate] 
    delete 
    from
        calendar_templates ct1_0
[Hibernate] 
    insert 
    into
        calendar_users
        (created, display_name, email, is_admin, last_login_at, oauth_provider, oauth_subject, profile_image_url, updated, version, id) 
    values
        (?, ?, ?, ?, ?, ?, ?, ?, ?, ?, ?)
[Hibernate] 
    insert 
    into
        calendar_templates
        (configuration, created, description, display_order, is_active, is_featured, name, preview_svg, thumbnail_url, updated, version, id) 
    values
        (?, ?, ?, ?, ?, ?, ?, ?, ?, ?, ?, ?)
[Hibernate] 
    insert 
    into
        user_calendars
        (configuration, created, generated_pdf_url, generated_svg, is_public, name, session_id, template_id, updated, user_id, version, "year", id) 
    values
        (?, ?, ?, ?, ?, ?, ?, ?, ?, ?, ?, ?, ?)
[Hibernate] 
    insert 
    into
        calendar_orders
        (calendar_id, created, notes, paid_at, quantity, shipped_at, shipping_address, status, stripe_charge_id, stripe_payment_intent_id, total_price, unit_price, updated, user_id, version, id) 
    values
        (?, ?, ?, ?, ?, ?, ?, ?, ?, ?, ?, ?, ?, ?, ?, ?)
2025-10-17 04:13:21,917 WARN  [org.hib.orm.jdb.error] (main) HHH000247: ErrorCode: 23506, SQLState: 23506
2025-10-17 04:13:21,917 WARN  [org.hib.orm.jdb.error] (main) Referential integrity constraint violation: "fk_calendar_orders_calendar: public.calendar_orders FOREIGN KEY(calendar_id) REFERENCES public.user_calendars(id) (UUID '35745cb1-98ac-4678-ac26-3dc287ede456')"; SQL statement:
insert into calendar_orders (calendar_id,created,notes,paid_at,quantity,shipped_at,shipping_address,status,stripe_charge_id,stripe_payment_intent_id,total_price,unit_price,updated,user_id,version,id) values (?,?,?,?,?,?,?,?,?,?,?,?,?,?,?,?) [23506-230]
[Hibernate] 
    delete 
    from
        calendar_orders co1_0
[Hibernate] 
    delete 
    from
        user_calendars uc1_0
[Hibernate] 
    delete 
    from
        page_views pv1_0
[Hibernate] 
    delete 
    from
        analytics_rollups ar1_0
2025-10-17 04:13:21,922 WARN  [org.hib.orm.jdb.error] (main) HHH000247: ErrorCode: 42102, SQLState: 42S02
2025-10-17 04:13:21,922 WARN  [org.hib.orm.jdb.error] (main) Table "analytics_rollups" not found; SQL statement:
delete from analytics_rollups ar1_0 [42102-230]
[Hibernate] 
    delete 
    from
        delayed_jobs dj1_0
[Hibernate] 
    delete 
    from
        calendar_users cu1_0
[Hibernate] 
    delete 
    from
        calendar_templates ct1_0
[Hibernate] 
    insert 
    into
        calendar_users
        (created, display_name, email, is_admin, last_login_at, oauth_provider, oauth_subject, profile_image_url, updated, version, id) 
    values
        (?, ?, ?, ?, ?, ?, ?, ?, ?, ?, ?)
[Hibernate] 
    insert 
    into
        calendar_templates
        (configuration, created, description, display_order, is_active, is_featured, name, preview_svg, thumbnail_url, updated, version, id) 
    values
        (?, ?, ?, ?, ?, ?, ?, ?, ?, ?, ?, ?)
[Hibernate] 
    insert 
    into
        user_calendars
        (configuration, created, generated_pdf_url, generated_svg, is_public, name, session_id, template_id, updated, user_id, version, "year", id) 
    values
        (?, ?, ?, ?, ?, ?, ?, ?, ?, ?, ?, ?, ?)
[Hibernate] 
    insert 
    into
        calendar_orders
        (calendar_id, created, notes, paid_at, quantity, shipped_at, shipping_address, status, stripe_charge_id, stripe_payment_intent_id, total_price, unit_price, updated, user_id, version, id) 
    values
        (?, ?, ?, ?, ?, ?, ?, ?, ?, ?, ?, ?, ?, ?, ?, ?)
2025-10-17 04:13:21,926 WARN  [org.hib.orm.jdb.error] (main) HHH000247: ErrorCode: 23506, SQLState: 23506
2025-10-17 04:13:21,926 WARN  [org.hib.orm.jdb.error] (main) Referential integrity constraint violation: "fk_calendar_orders_calendar: public.calendar_orders FOREIGN KEY(calendar_id) REFERENCES public.user_calendars(id) (UUID '7aa4bd19-d157-40dd-a360-1078a75b8be2')"; SQL statement:
insert into calendar_orders (calendar_id,created,notes,paid_at,quantity,shipped_at,shipping_address,status,stripe_charge_id,stripe_payment_intent_id,total_price,unit_price,updated,user_id,version,id) values (?,?,?,?,?,?,?,?,?,?,?,?,?,?,?,?) [23506-230]
2025-10-17 04:13:21,926 WARN  [com.arj.ats.arjuna] (main) ARJUNA012125: TwoPhaseCoordinator.beforeCompletion - failed for SynchronizationImple< 0:ffff7f000001:d824:68f1faa0:16a, org.hibernate.resource.transaction.backend.jta.internal.synchronization.RegisteredSynchronization@40f490ad >: org.hibernate.exception.ConstraintViolationException: could not execute statement [Referential integrity constraint violation: "fk_calendar_orders_calendar: public.calendar_orders FOREIGN KEY(calendar_id) REFERENCES public.user_calendars(id) (UUID '7aa4bd19-d157-40dd-a360-1078a75b8be2')"; SQL statement:
insert into calendar_orders (calendar_id,created,notes,paid_at,quantity,shipped_at,shipping_address,status,stripe_charge_id,stripe_payment_intent_id,total_price,unit_price,updated,user_id,version,id) values (?,?,?,?,?,?,?,?,?,?,?,?,?,?,?,?) [23506-230]] [insert into calendar_orders (calendar_id,created,notes,paid_at,quantity,shipped_at,shipping_address,status,stripe_charge_id,stripe_payment_intent_id,total_price,unit_price,updated,user_id,version,id) values (?,?,?,?,?,?,?,?,?,?,?,?,?,?,?,?)]
	at org.hibernate.dialect.H2Dialect.lambda$buildSQLExceptionConversionDelegate$1(H2Dialect.java:853)
	at org.hibernate.exception.internal.StandardSQLExceptionConverter.convert(StandardSQLExceptionConverter.java:34)
	at org.hibernate.engine.jdbc.spi.SqlExceptionHelper.convert(SqlExceptionHelper.java:115)
	at org.hibernate.engine.jdbc.internal.ResultSetReturnImpl.executeUpdate(ResultSetReturnImpl.java:193)
	at org.hibernate.engine.jdbc.mutation.internal.AbstractMutationExecutor.performNonBatchedMutation(AbstractMutationExecutor.java:148)
	at org.hibernate.engine.jdbc.mutation.internal.MutationExecutorSingleNonBatched.performNonBatchedOperations(MutationExecutorSingleNonBatched.java:53)
	at org.hibernate.engine.jdbc.mutation.internal.AbstractMutationExecutor.execute(AbstractMutationExecutor.java:66)
	at org.hibernate.engine.jdbc.mutation.internal.AbstractMutationExecutor.execute(AbstractMutationExecutor.java:55)
	at org.hibernate.persister.entity.mutation.InsertCoordinatorStandard.doStaticInserts(InsertCoordinatorStandard.java:191)
	at org.hibernate.persister.entity.mutation.InsertCoordinatorStandard.coordinateInsert(InsertCoordinatorStandard.java:129)
	at org.hibernate.persister.entity.mutation.InsertCoordinatorStandard.insert(InsertCoordinatorStandard.java:101)
	at org.hibernate.action.internal.EntityInsertAction.execute(EntityInsertAction.java:113)
	at org.hibernate.engine.spi.ActionQueue.executeActions(ActionQueue.java:646)
	at org.hibernate.engine.spi.ActionQueue.executeActions(ActionQueue.java:513)
	at org.hibernate.event.internal.AbstractFlushingEventListener.performExecutions(AbstractFlushingEventListener.java:378)
	at org.hibernate.event.internal.DefaultFlushEventListener.onFlush(DefaultFlushEventListener.java:39)
	at org.hibernate.event.service.internal.EventListenerGroupImpl.fireEventOnEachListener(EventListenerGroupImpl.java:140)
	at org.hibernate.internal.SessionImpl.doFlush(SessionImpl.java:1443)
	at org.hibernate.internal.SessionImpl.managedFlush(SessionImpl.java:488)
	at org.hibernate.internal.SessionImpl.flushBeforeTransactionCompletion(SessionImpl.java:2321)
	at org.hibernate.internal.SessionImpl.beforeTransactionCompletion(SessionImpl.java:2029)
	at org.hibernate.engine.jdbc.internal.JdbcCoordinatorImpl.beforeTransactionCompletion(JdbcCoordinatorImpl.java:394)
	at org.hibernate.resource.transaction.backend.jta.internal.JtaTransactionCoordinatorImpl.beforeCompletion(JtaTransactionCoordinatorImpl.java:328)
	at org.hibernate.resource.transaction.backend.jta.internal.synchronization.SynchronizationCallbackCoordinatorNonTrackingImpl.beforeCompletion(SynchronizationCallbackCoordinatorNonTrackingImpl.java:39)
	at org.hibernate.resource.transaction.backend.jta.internal.synchronization.RegisteredSynchronization.beforeCompletion(RegisteredSynchronization.java:33)
	at com.arjuna.ats.internal.jta.resources.arjunacore.SynchronizationImple.beforeCompletion(SynchronizationImple.java:52)
	at com.arjuna.ats.arjuna.coordinator.TwoPhaseCoordinator.beforeCompletion(TwoPhaseCoordinator.java:348)
	at com.arjuna.ats.arjuna.coordinator.TwoPhaseCoordinator.end(TwoPhaseCoordinator.java:66)
	at com.arjuna.ats.arjuna.AtomicAction.commit(AtomicAction.java:135)
	at com.arjuna.ats.internal.jta.transaction.arjunacore.TransactionImple.commitAndDisassociate(TransactionImple.java:1307)
	at com.arjuna.ats.internal.jta.transaction.arjunacore.BaseTransaction.commit(BaseTransaction.java:104)
	at io.quarkus.narayana.jta.runtime.NotifyingTransactionManager.commit(NotifyingTransactionManager.java:70)
	at io.quarkus.narayana.jta.runtime.interceptor.TransactionalInterceptorBase.endTransaction(TransactionalInterceptorBase.java:406)
	at io.quarkus.narayana.jta.runtime.interceptor.TransactionalInterceptorBase.invokeInOurTx(TransactionalInterceptorBase.java:175)
	at io.quarkus.narayana.jta.runtime.interceptor.TransactionalInterceptorBase.invokeInOurTx(TransactionalInterceptorBase.java:107)
	at io.quarkus.narayana.jta.runtime.interceptor.TransactionalInterceptorRequired.doIntercept(TransactionalInterceptorRequired.java:38)
	at io.quarkus.narayana.jta.runtime.interceptor.TransactionalInterceptorBase.intercept(TransactionalInterceptorBase.java:61)
	at io.quarkus.narayana.jta.runtime.interceptor.TransactionalInterceptorRequired.intercept(TransactionalInterceptorRequired.java:32)
	at io.quarkus.narayana.jta.runtime.interceptor.TransactionalInterceptorRequired_Bean.intercept(Unknown Source)
	at io.quarkus.arc.impl.InterceptorInvocation.invoke(InterceptorInvocation.java:42)
	at io.quarkus.arc.impl.AroundInvokeInvocationContext.perform(AroundInvokeInvocationContext.java:30)
	at io.quarkus.arc.impl.InvocationContexts.performAroundInvoke(InvocationContexts.java:27)
	at villagecompute.calendar.data.models.CalendarOrderTest_Subclass.testRelationships_ManyToOneCalendar(Unknown Source)
	at java.base/jdk.internal.reflect.DirectMethodHandleAccessor.invoke(DirectMethodHandleAccessor.java:103)
	at java.base/java.lang.reflect.Method.invoke(Method.java:580)
	at io.quarkus.test.junit.QuarkusTestExtension.runExtensionMethod(QuarkusTestExtension.java:1000)
	at io.quarkus.test.junit.QuarkusTestExtension.interceptTestMethod(QuarkusTestExtension.java:848)
	at org.junit.jupiter.engine.execution.InterceptingExecutableInvoker$ReflectiveInterceptorCall.lambda$ofVoidMethod$0(InterceptingExecutableInvoker.java:112)
	at org.junit.jupiter.engine.execution.InterceptingExecutableInvoker.lambda$invoke$0(InterceptingExecutableInvoker.java:94)
	at org.junit.jupiter.engine.execution.InvocationInterceptorChain$InterceptedInvocation.proceed(InvocationInterceptorChain.java:106)
	at org.junit.jupiter.engine.extension.TimeoutExtension.intercept(TimeoutExtension.java:161)
	at org.junit.jupiter.engine.extension.TimeoutExtension.interceptTestableMethod(TimeoutExtension.java:152)
	at org.junit.jupiter.engine.extension.TimeoutExtension.interceptTestMethod(TimeoutExtension.java:91)
	at org.junit.jupiter.engine.execution.InterceptingExecutableInvoker$ReflectiveInterceptorCall.lambda$ofVoidMethod$0(InterceptingExecutableInvoker.java:112)
	at org.junit.jupiter.engine.execution.InterceptingExecutableInvoker.lambda$invoke$0(InterceptingExecutableInvoker.java:94)
	at org.junit.jupiter.engine.execution.InvocationInterceptorChain$InterceptedInvocation.proceed(InvocationInterceptorChain.java:106)
	at org.junit.jupiter.engine.execution.InvocationInterceptorChain.proceed(InvocationInterceptorChain.java:64)
	at org.junit.jupiter.engine.execution.InvocationInterceptorChain.chainAndInvoke(InvocationInterceptorChain.java:45)
	at org.junit.jupiter.engine.execution.InvocationInterceptorChain.invoke(InvocationInterceptorChain.java:37)
	at org.junit.jupiter.engine.execution.InterceptingExecutableInvoker.invoke(InterceptingExecutableInvoker.java:93)
	at org.junit.jupiter.engine.execution.InterceptingExecutableInvoker.invoke(InterceptingExecutableInvoker.java:87)
	at org.junit.jupiter.engine.descriptor.TestMethodTestDescriptor.lambda$invokeTestMethod$4(TestMethodTestDescriptor.java:221)
	at org.junit.platform.engine.support.hierarchical.ThrowableCollector.execute(ThrowableCollector.java:73)
	at org.junit.jupiter.engine.descriptor.TestMethodTestDescriptor.invokeTestMethod(TestMethodTestDescriptor.java:217)
	at org.junit.jupiter.engine.descriptor.TestMethodTestDescriptor.execute(TestMethodTestDescriptor.java:159)
	at org.junit.jupiter.engine.descriptor.TestMethodTestDescriptor.execute(TestMethodTestDescriptor.java:70)
	at org.junit.platform.engine.support.hierarchical.NodeTestTask.lambda$executeRecursively$6(NodeTestTask.java:157)
	at org.junit.platform.engine.support.hierarchical.ThrowableCollector.execute(ThrowableCollector.java:73)
	at org.junit.platform.engine.support.hierarchical.NodeTestTask.lambda$executeRecursively$8(NodeTestTask.java:147)
	at org.junit.platform.engine.support.hierarchical.Node.around(Node.java:137)
	at org.junit.platform.engine.support.hierarchical.NodeTestTask.lambda$executeRecursively$9(NodeTestTask.java:145)
	at org.junit.platform.engine.support.hierarchical.ThrowableCollector.execute(ThrowableCollector.java:73)
	at org.junit.platform.engine.support.hierarchical.NodeTestTask.executeRecursively(NodeTestTask.java:144)
	at org.junit.platform.engine.support.hierarchical.NodeTestTask.execute(NodeTestTask.java:101)
	at java.base/java.util.ArrayList.forEach(ArrayList.java:1596)
	at org.junit.platform.engine.support.hierarchical.SameThreadHierarchicalTestExecutorService.invokeAll(SameThreadHierarchicalTestExecutorService.java:41)
	at org.junit.platform.engine.support.hierarchical.NodeTestTask.lambda$executeRecursively$6(NodeTestTask.java:161)
	at org.junit.platform.engine.support.hierarchical.ThrowableCollector.execute(ThrowableCollector.java:73)
	at org.junit.platform.engine.support.hierarchical.NodeTestTask.lambda$executeRecursively$8(NodeTestTask.java:147)
	at org.junit.platform.engine.support.hierarchical.Node.around(Node.java:137)
	at org.junit.platform.engine.support.hierarchical.NodeTestTask.lambda$executeRecursively$9(NodeTestTask.java:145)
	at org.junit.platform.engine.support.hierarchical.ThrowableCollector.execute(ThrowableCollector.java:73)
	at org.junit.platform.engine.support.hierarchical.NodeTestTask.executeRecursively(NodeTestTask.java:144)
	at org.junit.platform.engine.support.hierarchical.NodeTestTask.execute(NodeTestTask.java:101)
	at java.base/java.util.ArrayList.forEach(ArrayList.java:1596)
	at org.junit.platform.engine.support.hierarchical.SameThreadHierarchicalTestExecutorService.invokeAll(SameThreadHierarchicalTestExecutorService.java:41)
	at org.junit.platform.engine.support.hierarchical.NodeTestTask.lambda$executeRecursively$6(NodeTestTask.java:161)
	at org.junit.platform.engine.support.hierarchical.ThrowableCollector.execute(ThrowableCollector.java:73)
	at org.junit.platform.engine.support.hierarchical.NodeTestTask.lambda$executeRecursively$8(NodeTestTask.java:147)
	at org.junit.platform.engine.support.hierarchical.Node.around(Node.java:137)
	at org.junit.platform.engine.support.hierarchical.NodeTestTask.lambda$executeRecursively$9(NodeTestTask.java:145)
	at org.junit.platform.engine.support.hierarchical.ThrowableCollector.execute(ThrowableCollector.java:73)
	at org.junit.platform.engine.support.hierarchical.NodeTestTask.executeRecursively(NodeTestTask.java:144)
	at org.junit.platform.engine.support.hierarchical.NodeTestTask.execute(NodeTestTask.java:101)
	at org.junit.platform.engine.support.hierarchical.SameThreadHierarchicalTestExecutorService.submit(SameThreadHierarchicalTestExecutorService.java:35)
	at org.junit.platform.engine.support.hierarchical.HierarchicalTestExecutor.execute(HierarchicalTestExecutor.java:57)
	at org.junit.platform.engine.support.hierarchical.HierarchicalTestEngine.execute(HierarchicalTestEngine.java:54)
	at org.junit.platform.launcher.core.EngineExecutionOrchestrator.executeEngine(EngineExecutionOrchestrator.java:230)
	at org.junit.platform.launcher.core.EngineExecutionOrchestrator.failOrExecuteEngine(EngineExecutionOrchestrator.java:204)
	at org.junit.platform.launcher.core.EngineExecutionOrchestrator.execute(EngineExecutionOrchestrator.java:172)
	at org.junit.platform.launcher.core.EngineExecutionOrchestrator.execute(EngineExecutionOrchestrator.java:101)
	at org.junit.platform.launcher.core.EngineExecutionOrchestrator.lambda$execute$0(EngineExecutionOrchestrator.java:64)
	at org.junit.platform.launcher.core.EngineExecutionOrchestrator.withInterceptedStreams(EngineExecutionOrchestrator.java:150)
	at org.junit.platform.launcher.core.EngineExecutionOrchestrator.execute(EngineExecutionOrchestrator.java:63)
	at org.junit.platform.launcher.core.DefaultLauncher.execute(DefaultLauncher.java:109)
	at org.junit.platform.launcher.core.DefaultLauncher.execute(DefaultLauncher.java:91)
	at org.junit.platform.launcher.core.DelegatingLauncher.execute(DelegatingLauncher.java:47)
	at org.junit.platform.launcher.core.InterceptingLauncher.lambda$execute$1(InterceptingLauncher.java:39)
	at org.junit.platform.launcher.core.ClasspathAlignmentCheckingLauncherInterceptor.intercept(ClasspathAlignmentCheckingLauncherInterceptor.java:25)
	at org.junit.platform.launcher.core.InterceptingLauncher.execute(InterceptingLauncher.java:38)
	at org.junit.platform.launcher.core.DelegatingLauncher.execute(DelegatingLauncher.java:47)
	at org.apache.maven.surefire.junitplatform.LazyLauncher.execute(LazyLauncher.java:56)
	at org.apache.maven.surefire.junitplatform.JUnitPlatformProvider.execute(JUnitPlatformProvider.java:184)
	at org.apache.maven.surefire.junitplatform.JUnitPlatformProvider.invokeAllTests(JUnitPlatformProvider.java:148)
	at org.apache.maven.surefire.junitplatform.JUnitPlatformProvider.invoke(JUnitPlatformProvider.java:122)
	at org.apache.maven.surefire.booter.ForkedBooter.runSuitesInProcess(ForkedBooter.java:385)
	at org.apache.maven.surefire.booter.ForkedBooter.execute(ForkedBooter.java:162)
	at org.apache.maven.surefire.booter.ForkedBooter.run(ForkedBooter.java:507)
	at org.apache.maven.surefire.booter.ForkedBooter.main(ForkedBooter.java:495)
Caused by: org.h2.jdbc.JdbcSQLIntegrityConstraintViolationException: Referential integrity constraint violation: "fk_calendar_orders_calendar: public.calendar_orders FOREIGN KEY(calendar_id) REFERENCES public.user_calendars(id) (UUID '7aa4bd19-d157-40dd-a360-1078a75b8be2')"; SQL statement:
insert into calendar_orders (calendar_id,created,notes,paid_at,quantity,shipped_at,shipping_address,status,stripe_charge_id,stripe_payment_intent_id,total_price,unit_price,updated,user_id,version,id) values (?,?,?,?,?,?,?,?,?,?,?,?,?,?,?,?) [23506-230]
	at org.h2.message.DbException.getJdbcSQLException(DbException.java:520)
	at org.h2.message.DbException.getJdbcSQLException(DbException.java:489)
	at org.h2.message.DbException.get(DbException.java:223)
	at org.h2.message.DbException.get(DbException.java:199)
	at org.h2.constraint.ConstraintReferential.checkRowOwnTable(ConstraintReferential.java:308)
	at org.h2.constraint.ConstraintReferential.checkRow(ConstraintReferential.java:249)
	at org.h2.table.Table.fireConstraints(Table.java:1227)
	at org.h2.table.Table.fireAfterRow(Table.java:1245)
	at org.h2.command.dml.Insert.insertRows(Insert.java:188)
	at org.h2.command.dml.Insert.update(Insert.java:135)
	at org.h2.command.dml.DataChangeStatement.update(DataChangeStatement.java:74)
	at org.h2.command.CommandContainer.update(CommandContainer.java:139)
	at org.h2.command.Command.executeUpdate(Command.java:304)
	at org.h2.command.Command.executeUpdate(Command.java:248)
	at org.h2.jdbc.JdbcPreparedStatement.executeUpdateInternal(JdbcPreparedStatement.java:213)
	at org.h2.jdbc.JdbcPreparedStatement.executeUpdate(JdbcPreparedStatement.java:172)
	at io.agroal.pool.wrapper.PreparedStatementWrapper.executeUpdate(PreparedStatementWrapper.java:90)
	at org.hibernate.engine.jdbc.internal.ResultSetReturnImpl.executeUpdate(ResultSetReturnImpl.java:190)
	... 115 more

[Hibernate] 
    delete 
    from
        calendar_orders co1_0
[Hibernate] 
    delete 
    from
        user_calendars uc1_0
[Hibernate] 
    delete 
    from
        page_views pv1_0
[Hibernate] 
    delete 
    from
        analytics_rollups ar1_0
2025-10-17 04:13:21,929 WARN  [org.hib.orm.jdb.error] (main) HHH000247: ErrorCode: 42102, SQLState: 42S02
2025-10-17 04:13:21,929 WARN  [org.hib.orm.jdb.error] (main) Table "analytics_rollups" not found; SQL statement:
delete from analytics_rollups ar1_0 [42102-230]
[Hibernate] 
    delete 
    from
        delayed_jobs dj1_0
[Hibernate] 
    delete 
    from
        calendar_users cu1_0
[Hibernate] 
    delete 
    from
        calendar_templates ct1_0
[Hibernate] 
    insert 
    into
        calendar_users
        (created, display_name, email, is_admin, last_login_at, oauth_provider, oauth_subject, profile_image_url, updated, version, id) 
    values
        (?, ?, ?, ?, ?, ?, ?, ?, ?, ?, ?)
[Hibernate] 
    insert 
    into
        calendar_templates
        (configuration, created, description, display_order, is_active, is_featured, name, preview_svg, thumbnail_url, updated, version, id) 
    values
        (?, ?, ?, ?, ?, ?, ?, ?, ?, ?, ?, ?)
[Hibernate] 
    insert 
    into
        user_calendars
        (configuration, created, generated_pdf_url, generated_svg, is_public, name, session_id, template_id, updated, user_id, version, "year", id) 
    values
        (?, ?, ?, ?, ?, ?, ?, ?, ?, ?, ?, ?, ?)
[Hibernate] 
    insert 
    into
        calendar_orders
        (calendar_id, created, notes, paid_at, quantity, shipped_at, shipping_address, status, stripe_charge_id, stripe_payment_intent_id, total_price, unit_price, updated, user_id, version, id) 
    values
        (?, ?, ?, ?, ?, ?, ?, ?, ?, ?, ?, ?, ?, ?, ?, ?)
2025-10-17 04:13:21,934 WARN  [org.hib.orm.jdb.error] (main) HHH000247: ErrorCode: 23506, SQLState: 23506
2025-10-17 04:13:21,934 WARN  [org.hib.orm.jdb.error] (main) Referential integrity constraint violation: "fk_calendar_orders_calendar: public.calendar_orders FOREIGN KEY(calendar_id) REFERENCES public.user_calendars(id) (UUID '6b869b4a-0b7e-439e-92de-98845ef0d506')"; SQL statement:
insert into calendar_orders (calendar_id,created,notes,paid_at,quantity,shipped_at,shipping_address,status,stripe_charge_id,stripe_payment_intent_id,total_price,unit_price,updated,user_id,version,id) values (?,?,?,?,?,?,?,?,?,?,?,?,?,?,?,?) [23506-230]
2025-10-17 04:13:21,934 WARN  [com.arj.ats.arjuna] (main) ARJUNA012125: TwoPhaseCoordinator.beforeCompletion - failed for SynchronizationImple< 0:ffff7f000001:d824:68f1faa0:176, org.hibernate.resource.transaction.backend.jta.internal.synchronization.RegisteredSynchronization@36798d87 >: org.hibernate.exception.ConstraintViolationException: could not execute statement [Referential integrity constraint violation: "fk_calendar_orders_calendar: public.calendar_orders FOREIGN KEY(calendar_id) REFERENCES public.user_calendars(id) (UUID '6b869b4a-0b7e-439e-92de-98845ef0d506')"; SQL statement:
insert into calendar_orders (calendar_id,created,notes,paid_at,quantity,shipped_at,shipping_address,status,stripe_charge_id,stripe_payment_intent_id,total_price,unit_price,updated,user_id,version,id) values (?,?,?,?,?,?,?,?,?,?,?,?,?,?,?,?) [23506-230]] [insert into calendar_orders (calendar_id,created,notes,paid_at,quantity,shipped_at,shipping_address,status,stripe_charge_id,stripe_payment_intent_id,total_price,unit_price,updated,user_id,version,id) values (?,?,?,?,?,?,?,?,?,?,?,?,?,?,?,?)]
	at org.hibernate.dialect.H2Dialect.lambda$buildSQLExceptionConversionDelegate$1(H2Dialect.java:853)
	at org.hibernate.exception.internal.StandardSQLExceptionConverter.convert(StandardSQLExceptionConverter.java:34)
	at org.hibernate.engine.jdbc.spi.SqlExceptionHelper.convert(SqlExceptionHelper.java:115)
	at org.hibernate.engine.jdbc.internal.ResultSetReturnImpl.executeUpdate(ResultSetReturnImpl.java:193)
	at org.hibernate.engine.jdbc.mutation.internal.AbstractMutationExecutor.performNonBatchedMutation(AbstractMutationExecutor.java:148)
	at org.hibernate.engine.jdbc.mutation.internal.MutationExecutorSingleNonBatched.performNonBatchedOperations(MutationExecutorSingleNonBatched.java:53)
	at org.hibernate.engine.jdbc.mutation.internal.AbstractMutationExecutor.execute(AbstractMutationExecutor.java:66)
	at org.hibernate.engine.jdbc.mutation.internal.AbstractMutationExecutor.execute(AbstractMutationExecutor.java:55)
	at org.hibernate.persister.entity.mutation.InsertCoordinatorStandard.doStaticInserts(InsertCoordinatorStandard.java:191)
	at org.hibernate.persister.entity.mutation.InsertCoordinatorStandard.coordinateInsert(InsertCoordinatorStandard.java:129)
	at org.hibernate.persister.entity.mutation.InsertCoordinatorStandard.insert(InsertCoordinatorStandard.java:101)
	at org.hibernate.action.internal.EntityInsertAction.execute(EntityInsertAction.java:113)
	at org.hibernate.engine.spi.ActionQueue.executeActions(ActionQueue.java:646)
	at org.hibernate.engine.spi.ActionQueue.executeActions(ActionQueue.java:513)
	at org.hibernate.event.internal.AbstractFlushingEventListener.performExecutions(AbstractFlushingEventListener.java:378)
	at org.hibernate.event.internal.DefaultFlushEventListener.onFlush(DefaultFlushEventListener.java:39)
	at org.hibernate.event.service.internal.EventListenerGroupImpl.fireEventOnEachListener(EventListenerGroupImpl.java:140)
	at org.hibernate.internal.SessionImpl.doFlush(SessionImpl.java:1443)
	at org.hibernate.internal.SessionImpl.managedFlush(SessionImpl.java:488)
	at org.hibernate.internal.SessionImpl.flushBeforeTransactionCompletion(SessionImpl.java:2321)
	at org.hibernate.internal.SessionImpl.beforeTransactionCompletion(SessionImpl.java:2029)
	at org.hibernate.engine.jdbc.internal.JdbcCoordinatorImpl.beforeTransactionCompletion(JdbcCoordinatorImpl.java:394)
	at org.hibernate.resource.transaction.backend.jta.internal.JtaTransactionCoordinatorImpl.beforeCompletion(JtaTransactionCoordinatorImpl.java:328)
	at org.hibernate.resource.transaction.backend.jta.internal.synchronization.SynchronizationCallbackCoordinatorNonTrackingImpl.beforeCompletion(SynchronizationCallbackCoordinatorNonTrackingImpl.java:39)
	at org.hibernate.resource.transaction.backend.jta.internal.synchronization.RegisteredSynchronization.beforeCompletion(RegisteredSynchronization.java:33)
	at com.arjuna.ats.internal.jta.resources.arjunacore.SynchronizationImple.beforeCompletion(SynchronizationImple.java:52)
	at com.arjuna.ats.arjuna.coordinator.TwoPhaseCoordinator.beforeCompletion(TwoPhaseCoordinator.java:348)
	at com.arjuna.ats.arjuna.coordinator.TwoPhaseCoordinator.end(TwoPhaseCoordinator.java:66)
	at com.arjuna.ats.arjuna.AtomicAction.commit(AtomicAction.java:135)
	at com.arjuna.ats.internal.jta.transaction.arjunacore.TransactionImple.commitAndDisassociate(TransactionImple.java:1307)
	at com.arjuna.ats.internal.jta.transaction.arjunacore.BaseTransaction.commit(BaseTransaction.java:104)
	at io.quarkus.narayana.jta.runtime.NotifyingTransactionManager.commit(NotifyingTransactionManager.java:70)
	at io.quarkus.narayana.jta.runtime.interceptor.TransactionalInterceptorBase.endTransaction(TransactionalInterceptorBase.java:406)
	at io.quarkus.narayana.jta.runtime.interceptor.TransactionalInterceptorBase.invokeInOurTx(TransactionalInterceptorBase.java:175)
	at io.quarkus.narayana.jta.runtime.interceptor.TransactionalInterceptorBase.invokeInOurTx(TransactionalInterceptorBase.java:107)
	at io.quarkus.narayana.jta.runtime.interceptor.TransactionalInterceptorRequired.doIntercept(TransactionalInterceptorRequired.java:38)
	at io.quarkus.narayana.jta.runtime.interceptor.TransactionalInterceptorBase.intercept(TransactionalInterceptorBase.java:61)
	at io.quarkus.narayana.jta.runtime.interceptor.TransactionalInterceptorRequired.intercept(TransactionalInterceptorRequired.java:32)
	at io.quarkus.narayana.jta.runtime.interceptor.TransactionalInterceptorRequired_Bean.intercept(Unknown Source)
	at io.quarkus.arc.impl.InterceptorInvocation.invoke(InterceptorInvocation.java:42)
	at io.quarkus.arc.impl.AroundInvokeInvocationContext.perform(AroundInvokeInvocationContext.java:30)
	at io.quarkus.arc.impl.InvocationContexts.performAroundInvoke(InvocationContexts.java:27)
	at villagecompute.calendar.data.models.CalendarOrderTest_Subclass.testMarkAsPaid(Unknown Source)
	at java.base/jdk.internal.reflect.DirectMethodHandleAccessor.invoke(DirectMethodHandleAccessor.java:103)
	at java.base/java.lang.reflect.Method.invoke(Method.java:580)
	at io.quarkus.test.junit.QuarkusTestExtension.runExtensionMethod(QuarkusTestExtension.java:1000)
	at io.quarkus.test.junit.QuarkusTestExtension.interceptTestMethod(QuarkusTestExtension.java:848)
	at org.junit.jupiter.engine.execution.InterceptingExecutableInvoker$ReflectiveInterceptorCall.lambda$ofVoidMethod$0(InterceptingExecutableInvoker.java:112)
	at org.junit.jupiter.engine.execution.InterceptingExecutableInvoker.lambda$invoke$0(InterceptingExecutableInvoker.java:94)
	at org.junit.jupiter.engine.execution.InvocationInterceptorChain$InterceptedInvocation.proceed(InvocationInterceptorChain.java:106)
	at org.junit.jupiter.engine.extension.TimeoutExtension.intercept(TimeoutExtension.java:161)
	at org.junit.jupiter.engine.extension.TimeoutExtension.interceptTestableMethod(TimeoutExtension.java:152)
	at org.junit.jupiter.engine.extension.TimeoutExtension.interceptTestMethod(TimeoutExtension.java:91)
	at org.junit.jupiter.engine.execution.InterceptingExecutableInvoker$ReflectiveInterceptorCall.lambda$ofVoidMethod$0(InterceptingExecutableInvoker.java:112)
	at org.junit.jupiter.engine.execution.InterceptingExecutableInvoker.lambda$invoke$0(InterceptingExecutableInvoker.java:94)
	at org.junit.jupiter.engine.execution.InvocationInterceptorChain$InterceptedInvocation.proceed(InvocationInterceptorChain.java:106)
	at org.junit.jupiter.engine.execution.InvocationInterceptorChain.proceed(InvocationInterceptorChain.java:64)
	at org.junit.jupiter.engine.execution.InvocationInterceptorChain.chainAndInvoke(InvocationInterceptorChain.java:45)
	at org.junit.jupiter.engine.execution.InvocationInterceptorChain.invoke(InvocationInterceptorChain.java:37)
	at org.junit.jupiter.engine.execution.InterceptingExecutableInvoker.invoke(InterceptingExecutableInvoker.java:93)
	at org.junit.jupiter.engine.execution.InterceptingExecutableInvoker.invoke(InterceptingExecutableInvoker.java:87)
	at org.junit.jupiter.engine.descriptor.TestMethodTestDescriptor.lambda$invokeTestMethod$4(TestMethodTestDescriptor.java:221)
	at org.junit.platform.engine.support.hierarchical.ThrowableCollector.execute(ThrowableCollector.java:73)
	at org.junit.jupiter.engine.descriptor.TestMethodTestDescriptor.invokeTestMethod(TestMethodTestDescriptor.java:217)
	at org.junit.jupiter.engine.descriptor.TestMethodTestDescriptor.execute(TestMethodTestDescriptor.java:159)
	at org.junit.jupiter.engine.descriptor.TestMethodTestDescriptor.execute(TestMethodTestDescriptor.java:70)
	at org.junit.platform.engine.support.hierarchical.NodeTestTask.lambda$executeRecursively$6(NodeTestTask.java:157)
	at org.junit.platform.engine.support.hierarchical.ThrowableCollector.execute(ThrowableCollector.java:73)
	at org.junit.platform.engine.support.hierarchical.NodeTestTask.lambda$executeRecursively$8(NodeTestTask.java:147)
	at org.junit.platform.engine.support.hierarchical.Node.around(Node.java:137)
	at org.junit.platform.engine.support.hierarchical.NodeTestTask.lambda$executeRecursively$9(NodeTestTask.java:145)
	at org.junit.platform.engine.support.hierarchical.ThrowableCollector.execute(ThrowableCollector.java:73)
	at org.junit.platform.engine.support.hierarchical.NodeTestTask.executeRecursively(NodeTestTask.java:144)
	at org.junit.platform.engine.support.hierarchical.NodeTestTask.execute(NodeTestTask.java:101)
	at java.base/java.util.ArrayList.forEach(ArrayList.java:1596)
	at org.junit.platform.engine.support.hierarchical.SameThreadHierarchicalTestExecutorService.invokeAll(SameThreadHierarchicalTestExecutorService.java:41)
	at org.junit.platform.engine.support.hierarchical.NodeTestTask.lambda$executeRecursively$6(NodeTestTask.java:161)
	at org.junit.platform.engine.support.hierarchical.ThrowableCollector.execute(ThrowableCollector.java:73)
	at org.junit.platform.engine.support.hierarchical.NodeTestTask.lambda$executeRecursively$8(NodeTestTask.java:147)
	at org.junit.platform.engine.support.hierarchical.Node.around(Node.java:137)
	at org.junit.platform.engine.support.hierarchical.NodeTestTask.lambda$executeRecursively$9(NodeTestTask.java:145)
	at org.junit.platform.engine.support.hierarchical.ThrowableCollector.execute(ThrowableCollector.java:73)
	at org.junit.platform.engine.support.hierarchical.NodeTestTask.executeRecursively(NodeTestTask.java:144)
	at org.junit.platform.engine.support.hierarchical.NodeTestTask.execute(NodeTestTask.java:101)
	at java.base/java.util.ArrayList.forEach(ArrayList.java:1596)
	at org.junit.platform.engine.support.hierarchical.SameThreadHierarchicalTestExecutorService.invokeAll(SameThreadHierarchicalTestExecutorService.java:41)
	at org.junit.platform.engine.support.hierarchical.NodeTestTask.lambda$executeRecursively$6(NodeTestTask.java:161)
	at org.junit.platform.engine.support.hierarchical.ThrowableCollector.execute(ThrowableCollector.java:73)
	at org.junit.platform.engine.support.hierarchical.NodeTestTask.lambda$executeRecursively$8(NodeTestTask.java:147)
	at org.junit.platform.engine.support.hierarchical.Node.around(Node.java:137)
	at org.junit.platform.engine.support.hierarchical.NodeTestTask.lambda$executeRecursively$9(NodeTestTask.java:145)
	at org.junit.platform.engine.support.hierarchical.ThrowableCollector.execute(ThrowableCollector.java:73)
	at org.junit.platform.engine.support.hierarchical.NodeTestTask.executeRecursively(NodeTestTask.java:144)
	at org.junit.platform.engine.support.hierarchical.NodeTestTask.execute(NodeTestTask.java:101)
	at org.junit.platform.engine.support.hierarchical.SameThreadHierarchicalTestExecutorService.submit(SameThreadHierarchicalTestExecutorService.java:35)
	at org.junit.platform.engine.support.hierarchical.HierarchicalTestExecutor.execute(HierarchicalTestExecutor.java:57)
	at org.junit.platform.engine.support.hierarchical.HierarchicalTestEngine.execute(HierarchicalTestEngine.java:54)
	at org.junit.platform.launcher.core.EngineExecutionOrchestrator.executeEngine(EngineExecutionOrchestrator.java:230)
	at org.junit.platform.launcher.core.EngineExecutionOrchestrator.failOrExecuteEngine(EngineExecutionOrchestrator.java:204)
	at org.junit.platform.launcher.core.EngineExecutionOrchestrator.execute(EngineExecutionOrchestrator.java:172)
	at org.junit.platform.launcher.core.EngineExecutionOrchestrator.execute(EngineExecutionOrchestrator.java:101)
	at org.junit.platform.launcher.core.EngineExecutionOrchestrator.lambda$execute$0(EngineExecutionOrchestrator.java:64)
	at org.junit.platform.launcher.core.EngineExecutionOrchestrator.withInterceptedStreams(EngineExecutionOrchestrator.java:150)
	at org.junit.platform.launcher.core.EngineExecutionOrchestrator.execute(EngineExecutionOrchestrator.java:63)
	at org.junit.platform.launcher.core.DefaultLauncher.execute(DefaultLauncher.java:109)
	at org.junit.platform.launcher.core.DefaultLauncher.execute(DefaultLauncher.java:91)
	at org.junit.platform.launcher.core.DelegatingLauncher.execute(DelegatingLauncher.java:47)
	at org.junit.platform.launcher.core.InterceptingLauncher.lambda$execute$1(InterceptingLauncher.java:39)
	at org.junit.platform.launcher.core.ClasspathAlignmentCheckingLauncherInterceptor.intercept(ClasspathAlignmentCheckingLauncherInterceptor.java:25)
	at org.junit.platform.launcher.core.InterceptingLauncher.execute(InterceptingLauncher.java:38)
	at org.junit.platform.launcher.core.DelegatingLauncher.execute(DelegatingLauncher.java:47)
	at org.apache.maven.surefire.junitplatform.LazyLauncher.execute(LazyLauncher.java:56)
	at org.apache.maven.surefire.junitplatform.JUnitPlatformProvider.execute(JUnitPlatformProvider.java:184)
	at org.apache.maven.surefire.junitplatform.JUnitPlatformProvider.invokeAllTests(JUnitPlatformProvider.java:148)
	at org.apache.maven.surefire.junitplatform.JUnitPlatformProvider.invoke(JUnitPlatformProvider.java:122)
	at org.apache.maven.surefire.booter.ForkedBooter.runSuitesInProcess(ForkedBooter.java:385)
	at org.apache.maven.surefire.booter.ForkedBooter.execute(ForkedBooter.java:162)
	at org.apache.maven.surefire.booter.ForkedBooter.run(ForkedBooter.java:507)
	at org.apache.maven.surefire.booter.ForkedBooter.main(ForkedBooter.java:495)
Caused by: org.h2.jdbc.JdbcSQLIntegrityConstraintViolationException: Referential integrity constraint violation: "fk_calendar_orders_calendar: public.calendar_orders FOREIGN KEY(calendar_id) REFERENCES public.user_calendars(id) (UUID '6b869b4a-0b7e-439e-92de-98845ef0d506')"; SQL statement:
insert into calendar_orders (calendar_id,created,notes,paid_at,quantity,shipped_at,shipping_address,status,stripe_charge_id,stripe_payment_intent_id,total_price,unit_price,updated,user_id,version,id) values (?,?,?,?,?,?,?,?,?,?,?,?,?,?,?,?) [23506-230]
	at org.h2.message.DbException.getJdbcSQLException(DbException.java:520)
	at org.h2.message.DbException.getJdbcSQLException(DbException.java:489)
	at org.h2.message.DbException.get(DbException.java:223)
	at org.h2.message.DbException.get(DbException.java:199)
	at org.h2.constraint.ConstraintReferential.checkRowOwnTable(ConstraintReferential.java:308)
	at org.h2.constraint.ConstraintReferential.checkRow(ConstraintReferential.java:249)
	at org.h2.table.Table.fireConstraints(Table.java:1227)
	at org.h2.table.Table.fireAfterRow(Table.java:1245)
	at org.h2.command.dml.Insert.insertRows(Insert.java:188)
	at org.h2.command.dml.Insert.update(Insert.java:135)
	at org.h2.command.dml.DataChangeStatement.update(DataChangeStatement.java:74)
	at org.h2.command.CommandContainer.update(CommandContainer.java:139)
	at org.h2.command.Command.executeUpdate(Command.java:304)
	at org.h2.command.Command.executeUpdate(Command.java:248)
	at org.h2.jdbc.JdbcPreparedStatement.executeUpdateInternal(JdbcPreparedStatement.java:213)
	at org.h2.jdbc.JdbcPreparedStatement.executeUpdate(JdbcPreparedStatement.java:172)
	at io.agroal.pool.wrapper.PreparedStatementWrapper.executeUpdate(PreparedStatementWrapper.java:90)
	at org.hibernate.engine.jdbc.internal.ResultSetReturnImpl.executeUpdate(ResultSetReturnImpl.java:190)
	... 115 more

[Hibernate] 
    delete 
    from
        calendar_orders co1_0
[Hibernate] 
    delete 
    from
        user_calendars uc1_0
[Hibernate] 
    delete 
    from
        page_views pv1_0
[Hibernate] 
    delete 
    from
        analytics_rollups ar1_0
2025-10-17 04:13:21,937 WARN  [org.hib.orm.jdb.error] (main) HHH000247: ErrorCode: 42102, SQLState: 42S02
2025-10-17 04:13:21,937 WARN  [org.hib.orm.jdb.error] (main) Table "analytics_rollups" not found; SQL statement:
delete from analytics_rollups ar1_0 [42102-230]
[Hibernate] 
    delete 
    from
        delayed_jobs dj1_0
[Hibernate] 
    delete 
    from
        calendar_users cu1_0
[Hibernate] 
    delete 
    from
        calendar_templates ct1_0
[Hibernate] 
    insert 
    into
        calendar_users
        (created, display_name, email, is_admin, last_login_at, oauth_provider, oauth_subject, profile_image_url, updated, version, id) 
    values
        (?, ?, ?, ?, ?, ?, ?, ?, ?, ?, ?)
[Hibernate] 
    insert 
    into
        calendar_templates
        (configuration, created, description, display_order, is_active, is_featured, name, preview_svg, thumbnail_url, updated, version, id) 
    values
        (?, ?, ?, ?, ?, ?, ?, ?, ?, ?, ?, ?)
[Hibernate] 
    insert 
    into
        user_calendars
        (configuration, created, generated_pdf_url, generated_svg, is_public, name, session_id, template_id, updated, user_id, version, "year", id) 
    values
        (?, ?, ?, ?, ?, ?, ?, ?, ?, ?, ?, ?, ?)
[Hibernate] 
    insert 
    into
        calendar_orders
        (calendar_id, created, notes, paid_at, quantity, shipped_at, shipping_address, status, stripe_charge_id, stripe_payment_intent_id, total_price, unit_price, updated, user_id, version, id) 
    values
        (?, ?, ?, ?, ?, ?, ?, ?, ?, ?, ?, ?, ?, ?, ?, ?)
2025-10-17 04:13:21,941 WARN  [org.hib.orm.jdb.error] (main) HHH000247: ErrorCode: 23506, SQLState: 23506
2025-10-17 04:13:21,941 WARN  [org.hib.orm.jdb.error] (main) Referential integrity constraint violation: "fk_calendar_orders_calendar: public.calendar_orders FOREIGN KEY(calendar_id) REFERENCES public.user_calendars(id) (UUID 'f7e1e367-9780-47b7-a2cf-7d74467ac643')"; SQL statement:
insert into calendar_orders (calendar_id,created,notes,paid_at,quantity,shipped_at,shipping_address,status,stripe_charge_id,stripe_payment_intent_id,total_price,unit_price,updated,user_id,version,id) values (?,?,?,?,?,?,?,?,?,?,?,?,?,?,?,?) [23506-230]
2025-10-17 04:13:21,941 WARN  [com.arj.ats.arjuna] (main) ARJUNA012125: TwoPhaseCoordinator.beforeCompletion - failed for SynchronizationImple< 0:ffff7f000001:d824:68f1faa0:182, org.hibernate.resource.transaction.backend.jta.internal.synchronization.RegisteredSynchronization@128cd587 >: org.hibernate.exception.ConstraintViolationException: could not execute statement [Referential integrity constraint violation: "fk_calendar_orders_calendar: public.calendar_orders FOREIGN KEY(calendar_id) REFERENCES public.user_calendars(id) (UUID 'f7e1e367-9780-47b7-a2cf-7d74467ac643')"; SQL statement:
insert into calendar_orders (calendar_id,created,notes,paid_at,quantity,shipped_at,shipping_address,status,stripe_charge_id,stripe_payment_intent_id,total_price,unit_price,updated,user_id,version,id) values (?,?,?,?,?,?,?,?,?,?,?,?,?,?,?,?) [23506-230]] [insert into calendar_orders (calendar_id,created,notes,paid_at,quantity,shipped_at,shipping_address,status,stripe_charge_id,stripe_payment_intent_id,total_price,unit_price,updated,user_id,version,id) values (?,?,?,?,?,?,?,?,?,?,?,?,?,?,?,?)]
	at org.hibernate.dialect.H2Dialect.lambda$buildSQLExceptionConversionDelegate$1(H2Dialect.java:853)
	at org.hibernate.exception.internal.StandardSQLExceptionConverter.convert(StandardSQLExceptionConverter.java:34)
	at org.hibernate.engine.jdbc.spi.SqlExceptionHelper.convert(SqlExceptionHelper.java:115)
	at org.hibernate.engine.jdbc.internal.ResultSetReturnImpl.executeUpdate(ResultSetReturnImpl.java:193)
	at org.hibernate.engine.jdbc.mutation.internal.AbstractMutationExecutor.performNonBatchedMutation(AbstractMutationExecutor.java:148)
	at org.hibernate.engine.jdbc.mutation.internal.MutationExecutorSingleNonBatched.performNonBatchedOperations(MutationExecutorSingleNonBatched.java:53)
	at org.hibernate.engine.jdbc.mutation.internal.AbstractMutationExecutor.execute(AbstractMutationExecutor.java:66)
	at org.hibernate.engine.jdbc.mutation.internal.AbstractMutationExecutor.execute(AbstractMutationExecutor.java:55)
	at org.hibernate.persister.entity.mutation.InsertCoordinatorStandard.doStaticInserts(InsertCoordinatorStandard.java:191)
	at org.hibernate.persister.entity.mutation.InsertCoordinatorStandard.coordinateInsert(InsertCoordinatorStandard.java:129)
	at org.hibernate.persister.entity.mutation.InsertCoordinatorStandard.insert(InsertCoordinatorStandard.java:101)
	at org.hibernate.action.internal.EntityInsertAction.execute(EntityInsertAction.java:113)
	at org.hibernate.engine.spi.ActionQueue.executeActions(ActionQueue.java:646)
	at org.hibernate.engine.spi.ActionQueue.executeActions(ActionQueue.java:513)
	at org.hibernate.event.internal.AbstractFlushingEventListener.performExecutions(AbstractFlushingEventListener.java:378)
	at org.hibernate.event.internal.DefaultFlushEventListener.onFlush(DefaultFlushEventListener.java:39)
	at org.hibernate.event.service.internal.EventListenerGroupImpl.fireEventOnEachListener(EventListenerGroupImpl.java:140)
	at org.hibernate.internal.SessionImpl.doFlush(SessionImpl.java:1443)
	at org.hibernate.internal.SessionImpl.managedFlush(SessionImpl.java:488)
	at org.hibernate.internal.SessionImpl.flushBeforeTransactionCompletion(SessionImpl.java:2321)
	at org.hibernate.internal.SessionImpl.beforeTransactionCompletion(SessionImpl.java:2029)
	at org.hibernate.engine.jdbc.internal.JdbcCoordinatorImpl.beforeTransactionCompletion(JdbcCoordinatorImpl.java:394)
	at org.hibernate.resource.transaction.backend.jta.internal.JtaTransactionCoordinatorImpl.beforeCompletion(JtaTransactionCoordinatorImpl.java:328)
	at org.hibernate.resource.transaction.backend.jta.internal.synchronization.SynchronizationCallbackCoordinatorNonTrackingImpl.beforeCompletion(SynchronizationCallbackCoordinatorNonTrackingImpl.java:39)
	at org.hibernate.resource.transaction.backend.jta.internal.synchronization.RegisteredSynchronization.beforeCompletion(RegisteredSynchronization.java:33)
	at com.arjuna.ats.internal.jta.resources.arjunacore.SynchronizationImple.beforeCompletion(SynchronizationImple.java:52)
	at com.arjuna.ats.arjuna.coordinator.TwoPhaseCoordinator.beforeCompletion(TwoPhaseCoordinator.java:348)
	at com.arjuna.ats.arjuna.coordinator.TwoPhaseCoordinator.end(TwoPhaseCoordinator.java:66)
	at com.arjuna.ats.arjuna.AtomicAction.commit(AtomicAction.java:135)
	at com.arjuna.ats.internal.jta.transaction.arjunacore.TransactionImple.commitAndDisassociate(TransactionImple.java:1307)
	at com.arjuna.ats.internal.jta.transaction.arjunacore.BaseTransaction.commit(BaseTransaction.java:104)
	at io.quarkus.narayana.jta.runtime.NotifyingTransactionManager.commit(NotifyingTransactionManager.java:70)
	at io.quarkus.narayana.jta.runtime.interceptor.TransactionalInterceptorBase.endTransaction(TransactionalInterceptorBase.java:406)
	at io.quarkus.narayana.jta.runtime.interceptor.TransactionalInterceptorBase.invokeInOurTx(TransactionalInterceptorBase.java:175)
	at io.quarkus.narayana.jta.runtime.interceptor.TransactionalInterceptorBase.invokeInOurTx(TransactionalInterceptorBase.java:107)
	at io.quarkus.narayana.jta.runtime.interceptor.TransactionalInterceptorRequired.doIntercept(TransactionalInterceptorRequired.java:38)
	at io.quarkus.narayana.jta.runtime.interceptor.TransactionalInterceptorBase.intercept(TransactionalInterceptorBase.java:61)
	at io.quarkus.narayana.jta.runtime.interceptor.TransactionalInterceptorRequired.intercept(TransactionalInterceptorRequired.java:32)
	at io.quarkus.narayana.jta.runtime.interceptor.TransactionalInterceptorRequired_Bean.intercept(Unknown Source)
	at io.quarkus.arc.impl.InterceptorInvocation.invoke(InterceptorInvocation.java:42)
	at io.quarkus.arc.impl.AroundInvokeInvocationContext.perform(AroundInvokeInvocationContext.java:30)
	at io.quarkus.arc.impl.InvocationContexts.performAroundInvoke(InvocationContexts.java:27)
	at villagecompute.calendar.data.models.CalendarOrderTest_Subclass.testJsonbSerialization_NullShippingAddress(Unknown Source)
	at java.base/jdk.internal.reflect.DirectMethodHandleAccessor.invoke(DirectMethodHandleAccessor.java:103)
	at java.base/java.lang.reflect.Method.invoke(Method.java:580)
	at io.quarkus.test.junit.QuarkusTestExtension.runExtensionMethod(QuarkusTestExtension.java:1000)
	at io.quarkus.test.junit.QuarkusTestExtension.interceptTestMethod(QuarkusTestExtension.java:848)
	at org.junit.jupiter.engine.execution.InterceptingExecutableInvoker$ReflectiveInterceptorCall.lambda$ofVoidMethod$0(InterceptingExecutableInvoker.java:112)
	at org.junit.jupiter.engine.execution.InterceptingExecutableInvoker.lambda$invoke$0(InterceptingExecutableInvoker.java:94)
	at org.junit.jupiter.engine.execution.InvocationInterceptorChain$InterceptedInvocation.proceed(InvocationInterceptorChain.java:106)
	at org.junit.jupiter.engine.extension.TimeoutExtension.intercept(TimeoutExtension.java:161)
	at org.junit.jupiter.engine.extension.TimeoutExtension.interceptTestableMethod(TimeoutExtension.java:152)
	at org.junit.jupiter.engine.extension.TimeoutExtension.interceptTestMethod(TimeoutExtension.java:91)
	at org.junit.jupiter.engine.execution.InterceptingExecutableInvoker$ReflectiveInterceptorCall.lambda$ofVoidMethod$0(InterceptingExecutableInvoker.java:112)
	at org.junit.jupiter.engine.execution.InterceptingExecutableInvoker.lambda$invoke$0(InterceptingExecutableInvoker.java:94)
	at org.junit.jupiter.engine.execution.InvocationInterceptorChain$InterceptedInvocation.proceed(InvocationInterceptorChain.java:106)
	at org.junit.jupiter.engine.execution.InvocationInterceptorChain.proceed(InvocationInterceptorChain.java:64)
	at org.junit.jupiter.engine.execution.InvocationInterceptorChain.chainAndInvoke(InvocationInterceptorChain.java:45)
	at org.junit.jupiter.engine.execution.InvocationInterceptorChain.invoke(InvocationInterceptorChain.java:37)
	at org.junit.jupiter.engine.execution.InterceptingExecutableInvoker.invoke(InterceptingExecutableInvoker.java:93)
	at org.junit.jupiter.engine.execution.InterceptingExecutableInvoker.invoke(InterceptingExecutableInvoker.java:87)
	at org.junit.jupiter.engine.descriptor.TestMethodTestDescriptor.lambda$invokeTestMethod$4(TestMethodTestDescriptor.java:221)
	at org.junit.platform.engine.support.hierarchical.ThrowableCollector.execute(ThrowableCollector.java:73)
	at org.junit.jupiter.engine.descriptor.TestMethodTestDescriptor.invokeTestMethod(TestMethodTestDescriptor.java:217)
	at org.junit.jupiter.engine.descriptor.TestMethodTestDescriptor.execute(TestMethodTestDescriptor.java:159)
	at org.junit.jupiter.engine.descriptor.TestMethodTestDescriptor.execute(TestMethodTestDescriptor.java:70)
	at org.junit.platform.engine.support.hierarchical.NodeTestTask.lambda$executeRecursively$6(NodeTestTask.java:157)
	at org.junit.platform.engine.support.hierarchical.ThrowableCollector.execute(ThrowableCollector.java:73)
	at org.junit.platform.engine.support.hierarchical.NodeTestTask.lambda$executeRecursively$8(NodeTestTask.java:147)
	at org.junit.platform.engine.support.hierarchical.Node.around(Node.java:137)
	at org.junit.platform.engine.support.hierarchical.NodeTestTask.lambda$executeRecursively$9(NodeTestTask.java:145)
	at org.junit.platform.engine.support.hierarchical.ThrowableCollector.execute(ThrowableCollector.java:73)
	at org.junit.platform.engine.support.hierarchical.NodeTestTask.executeRecursively(NodeTestTask.java:144)
	at org.junit.platform.engine.support.hierarchical.NodeTestTask.execute(NodeTestTask.java:101)
	at java.base/java.util.ArrayList.forEach(ArrayList.java:1596)
	at org.junit.platform.engine.support.hierarchical.SameThreadHierarchicalTestExecutorService.invokeAll(SameThreadHierarchicalTestExecutorService.java:41)
	at org.junit.platform.engine.support.hierarchical.NodeTestTask.lambda$executeRecursively$6(NodeTestTask.java:161)
	at org.junit.platform.engine.support.hierarchical.ThrowableCollector.execute(ThrowableCollector.java:73)
	at org.junit.platform.engine.support.hierarchical.NodeTestTask.lambda$executeRecursively$8(NodeTestTask.java:147)
	at org.junit.platform.engine.support.hierarchical.Node.around(Node.java:137)
	at org.junit.platform.engine.support.hierarchical.NodeTestTask.lambda$executeRecursively$9(NodeTestTask.java:145)
	at org.junit.platform.engine.support.hierarchical.ThrowableCollector.execute(ThrowableCollector.java:73)
	at org.junit.platform.engine.support.hierarchical.NodeTestTask.executeRecursively(NodeTestTask.java:144)
	at org.junit.platform.engine.support.hierarchical.NodeTestTask.execute(NodeTestTask.java:101)
	at java.base/java.util.ArrayList.forEach(ArrayList.java:1596)
	at org.junit.platform.engine.support.hierarchical.SameThreadHierarchicalTestExecutorService.invokeAll(SameThreadHierarchicalTestExecutorService.java:41)
	at org.junit.platform.engine.support.hierarchical.NodeTestTask.lambda$executeRecursively$6(NodeTestTask.java:161)
	at org.junit.platform.engine.support.hierarchical.ThrowableCollector.execute(ThrowableCollector.java:73)
	at org.junit.platform.engine.support.hierarchical.NodeTestTask.lambda$executeRecursively$8(NodeTestTask.java:147)
	at org.junit.platform.engine.support.hierarchical.Node.around(Node.java:137)
	at org.junit.platform.engine.support.hierarchical.NodeTestTask.lambda$executeRecursively$9(NodeTestTask.java:145)
	at org.junit.platform.engine.support.hierarchical.ThrowableCollector.execute(ThrowableCollector.java:73)
	at org.junit.platform.engine.support.hierarchical.NodeTestTask.executeRecursively(NodeTestTask.java:144)
	at org.junit.platform.engine.support.hierarchical.NodeTestTask.execute(NodeTestTask.java:101)
	at org.junit.platform.engine.support.hierarchical.SameThreadHierarchicalTestExecutorService.submit(SameThreadHierarchicalTestExecutorService.java:35)
	at org.junit.platform.engine.support.hierarchical.HierarchicalTestExecutor.execute(HierarchicalTestExecutor.java:57)
	at org.junit.platform.engine.support.hierarchical.HierarchicalTestEngine.execute(HierarchicalTestEngine.java:54)
	at org.junit.platform.launcher.core.EngineExecutionOrchestrator.executeEngine(EngineExecutionOrchestrator.java:230)
	at org.junit.platform.launcher.core.EngineExecutionOrchestrator.failOrExecuteEngine(EngineExecutionOrchestrator.java:204)
	at org.junit.platform.launcher.core.EngineExecutionOrchestrator.execute(EngineExecutionOrchestrator.java:172)
	at org.junit.platform.launcher.core.EngineExecutionOrchestrator.execute(EngineExecutionOrchestrator.java:101)
	at org.junit.platform.launcher.core.EngineExecutionOrchestrator.lambda$execute$0(EngineExecutionOrchestrator.java:64)
	at org.junit.platform.launcher.core.EngineExecutionOrchestrator.withInterceptedStreams(EngineExecutionOrchestrator.java:150)
	at org.junit.platform.launcher.core.EngineExecutionOrchestrator.execute(EngineExecutionOrchestrator.java:63)
	at org.junit.platform.launcher.core.DefaultLauncher.execute(DefaultLauncher.java:109)
	at org.junit.platform.launcher.core.DefaultLauncher.execute(DefaultLauncher.java:91)
	at org.junit.platform.launcher.core.DelegatingLauncher.execute(DelegatingLauncher.java:47)
	at org.junit.platform.launcher.core.InterceptingLauncher.lambda$execute$1(InterceptingLauncher.java:39)
	at org.junit.platform.launcher.core.ClasspathAlignmentCheckingLauncherInterceptor.intercept(ClasspathAlignmentCheckingLauncherInterceptor.java:25)
	at org.junit.platform.launcher.core.InterceptingLauncher.execute(InterceptingLauncher.java:38)
	at org.junit.platform.launcher.core.DelegatingLauncher.execute(DelegatingLauncher.java:47)
	at org.apache.maven.surefire.junitplatform.LazyLauncher.execute(LazyLauncher.java:56)
	at org.apache.maven.surefire.junitplatform.JUnitPlatformProvider.execute(JUnitPlatformProvider.java:184)
	at org.apache.maven.surefire.junitplatform.JUnitPlatformProvider.invokeAllTests(JUnitPlatformProvider.java:148)
	at org.apache.maven.surefire.junitplatform.JUnitPlatformProvider.invoke(JUnitPlatformProvider.java:122)
	at org.apache.maven.surefire.booter.ForkedBooter.runSuitesInProcess(ForkedBooter.java:385)
	at org.apache.maven.surefire.booter.ForkedBooter.execute(ForkedBooter.java:162)
	at org.apache.maven.surefire.booter.ForkedBooter.run(ForkedBooter.java:507)
	at org.apache.maven.surefire.booter.ForkedBooter.main(ForkedBooter.java:495)
Caused by: org.h2.jdbc.JdbcSQLIntegrityConstraintViolationException: Referential integrity constraint violation: "fk_calendar_orders_calendar: public.calendar_orders FOREIGN KEY(calendar_id) REFERENCES public.user_calendars(id) (UUID 'f7e1e367-9780-47b7-a2cf-7d74467ac643')"; SQL statement:
insert into calendar_orders (calendar_id,created,notes,paid_at,quantity,shipped_at,shipping_address,status,stripe_charge_id,stripe_payment_intent_id,total_price,unit_price,updated,user_id,version,id) values (?,?,?,?,?,?,?,?,?,?,?,?,?,?,?,?) [23506-230]
	at org.h2.message.DbException.getJdbcSQLException(DbException.java:520)
	at org.h2.message.DbException.getJdbcSQLException(DbException.java:489)
	at org.h2.message.DbException.get(DbException.java:223)
	at org.h2.message.DbException.get(DbException.java:199)
	at org.h2.constraint.ConstraintReferential.checkRowOwnTable(ConstraintReferential.java:308)
	at org.h2.constraint.ConstraintReferential.checkRow(ConstraintReferential.java:249)
	at org.h2.table.Table.fireConstraints(Table.java:1227)
	at org.h2.table.Table.fireAfterRow(Table.java:1245)
	at org.h2.command.dml.Insert.insertRows(Insert.java:188)
	at org.h2.command.dml.Insert.update(Insert.java:135)
	at org.h2.command.dml.DataChangeStatement.update(DataChangeStatement.java:74)
	at org.h2.command.CommandContainer.update(CommandContainer.java:139)
	at org.h2.command.Command.executeUpdate(Command.java:304)
	at org.h2.command.Command.executeUpdate(Command.java:248)
	at org.h2.jdbc.JdbcPreparedStatement.executeUpdateInternal(JdbcPreparedStatement.java:213)
	at org.h2.jdbc.JdbcPreparedStatement.executeUpdate(JdbcPreparedStatement.java:172)
	at io.agroal.pool.wrapper.PreparedStatementWrapper.executeUpdate(PreparedStatementWrapper.java:90)
	at org.hibernate.engine.jdbc.internal.ResultSetReturnImpl.executeUpdate(ResultSetReturnImpl.java:190)
	... 115 more

[Hibernate] 
    delete 
    from
        calendar_orders co1_0
[Hibernate] 
    delete 
    from
        user_calendars uc1_0
[Hibernate] 
    delete 
    from
        page_views pv1_0
[Hibernate] 
    delete 
    from
        analytics_rollups ar1_0
2025-10-17 04:13:21,944 WARN  [org.hib.orm.jdb.error] (main) HHH000247: ErrorCode: 42102, SQLState: 42S02
2025-10-17 04:13:21,944 WARN  [org.hib.orm.jdb.error] (main) Table "analytics_rollups" not found; SQL statement:
delete from analytics_rollups ar1_0 [42102-230]
[Hibernate] 
    delete 
    from
        delayed_jobs dj1_0
[Hibernate] 
    delete 
    from
        calendar_users cu1_0
[Hibernate] 
    delete 
    from
        calendar_templates ct1_0
[Hibernate] 
    insert 
    into
        calendar_users
        (created, display_name, email, is_admin, last_login_at, oauth_provider, oauth_subject, profile_image_url, updated, version, id) 
    values
        (?, ?, ?, ?, ?, ?, ?, ?, ?, ?, ?)
[Hibernate] 
    insert 
    into
        calendar_templates
        (configuration, created, description, display_order, is_active, is_featured, name, preview_svg, thumbnail_url, updated, version, id) 
    values
        (?, ?, ?, ?, ?, ?, ?, ?, ?, ?, ?, ?)
[Hibernate] 
    insert 
    into
        user_calendars
        (configuration, created, generated_pdf_url, generated_svg, is_public, name, session_id, template_id, updated, user_id, version, "year", id) 
    values
        (?, ?, ?, ?, ?, ?, ?, ?, ?, ?, ?, ?, ?)
[Hibernate] 
    insert 
    into
        calendar_orders
        (calendar_id, created, notes, paid_at, quantity, shipped_at, shipping_address, status, stripe_charge_id, stripe_payment_intent_id, total_price, unit_price, updated, user_id, version, id) 
    values
        (?, ?, ?, ?, ?, ?, ?, ?, ?, ?, ?, ?, ?, ?, ?, ?)
2025-10-17 04:13:21,947 WARN  [org.hib.orm.jdb.error] (main) HHH000247: ErrorCode: 23506, SQLState: 23506
2025-10-17 04:13:21,947 WARN  [org.hib.orm.jdb.error] (main) Referential integrity constraint violation: "fk_calendar_orders_calendar: public.calendar_orders FOREIGN KEY(calendar_id) REFERENCES public.user_calendars(id) (UUID '59a7d810-0ef4-4139-8dd9-eb127e2b151c')"; SQL statement:
insert into calendar_orders (calendar_id,created,notes,paid_at,quantity,shipped_at,shipping_address,status,stripe_charge_id,stripe_payment_intent_id,total_price,unit_price,updated,user_id,version,id) values (?,?,?,?,?,?,?,?,?,?,?,?,?,?,?,?) [23506-230]
2025-10-17 04:13:21,948 WARN  [com.arj.ats.arjuna] (main) ARJUNA012125: TwoPhaseCoordinator.beforeCompletion - failed for SynchronizationImple< 0:ffff7f000001:d824:68f1faa0:18e, org.hibernate.resource.transaction.backend.jta.internal.synchronization.RegisteredSynchronization@7d2c6f30 >: org.hibernate.exception.ConstraintViolationException: could not execute statement [Referential integrity constraint violation: "fk_calendar_orders_calendar: public.calendar_orders FOREIGN KEY(calendar_id) REFERENCES public.user_calendars(id) (UUID '59a7d810-0ef4-4139-8dd9-eb127e2b151c')"; SQL statement:
insert into calendar_orders (calendar_id,created,notes,paid_at,quantity,shipped_at,shipping_address,status,stripe_charge_id,stripe_payment_intent_id,total_price,unit_price,updated,user_id,version,id) values (?,?,?,?,?,?,?,?,?,?,?,?,?,?,?,?) [23506-230]] [insert into calendar_orders (calendar_id,created,notes,paid_at,quantity,shipped_at,shipping_address,status,stripe_charge_id,stripe_payment_intent_id,total_price,unit_price,updated,user_id,version,id) values (?,?,?,?,?,?,?,?,?,?,?,?,?,?,?,?)]
	at org.hibernate.dialect.H2Dialect.lambda$buildSQLExceptionConversionDelegate$1(H2Dialect.java:853)
	at org.hibernate.exception.internal.StandardSQLExceptionConverter.convert(StandardSQLExceptionConverter.java:34)
	at org.hibernate.engine.jdbc.spi.SqlExceptionHelper.convert(SqlExceptionHelper.java:115)
	at org.hibernate.engine.jdbc.internal.ResultSetReturnImpl.executeUpdate(ResultSetReturnImpl.java:193)
	at org.hibernate.engine.jdbc.mutation.internal.AbstractMutationExecutor.performNonBatchedMutation(AbstractMutationExecutor.java:148)
	at org.hibernate.engine.jdbc.mutation.internal.MutationExecutorSingleNonBatched.performNonBatchedOperations(MutationExecutorSingleNonBatched.java:53)
	at org.hibernate.engine.jdbc.mutation.internal.AbstractMutationExecutor.execute(AbstractMutationExecutor.java:66)
	at org.hibernate.engine.jdbc.mutation.internal.AbstractMutationExecutor.execute(AbstractMutationExecutor.java:55)
	at org.hibernate.persister.entity.mutation.InsertCoordinatorStandard.doStaticInserts(InsertCoordinatorStandard.java:191)
	at org.hibernate.persister.entity.mutation.InsertCoordinatorStandard.coordinateInsert(InsertCoordinatorStandard.java:129)
	at org.hibernate.persister.entity.mutation.InsertCoordinatorStandard.insert(InsertCoordinatorStandard.java:101)
	at org.hibernate.action.internal.EntityInsertAction.execute(EntityInsertAction.java:113)
	at org.hibernate.engine.spi.ActionQueue.executeActions(ActionQueue.java:646)
	at org.hibernate.engine.spi.ActionQueue.executeActions(ActionQueue.java:513)
	at org.hibernate.event.internal.AbstractFlushingEventListener.performExecutions(AbstractFlushingEventListener.java:378)
	at org.hibernate.event.internal.DefaultFlushEventListener.onFlush(DefaultFlushEventListener.java:39)
	at org.hibernate.event.service.internal.EventListenerGroupImpl.fireEventOnEachListener(EventListenerGroupImpl.java:140)
	at org.hibernate.internal.SessionImpl.doFlush(SessionImpl.java:1443)
	at org.hibernate.internal.SessionImpl.managedFlush(SessionImpl.java:488)
	at org.hibernate.internal.SessionImpl.flushBeforeTransactionCompletion(SessionImpl.java:2321)
	at org.hibernate.internal.SessionImpl.beforeTransactionCompletion(SessionImpl.java:2029)
	at org.hibernate.engine.jdbc.internal.JdbcCoordinatorImpl.beforeTransactionCompletion(JdbcCoordinatorImpl.java:394)
	at org.hibernate.resource.transaction.backend.jta.internal.JtaTransactionCoordinatorImpl.beforeCompletion(JtaTransactionCoordinatorImpl.java:328)
	at org.hibernate.resource.transaction.backend.jta.internal.synchronization.SynchronizationCallbackCoordinatorNonTrackingImpl.beforeCompletion(SynchronizationCallbackCoordinatorNonTrackingImpl.java:39)
	at org.hibernate.resource.transaction.backend.jta.internal.synchronization.RegisteredSynchronization.beforeCompletion(RegisteredSynchronization.java:33)
	at com.arjuna.ats.internal.jta.resources.arjunacore.SynchronizationImple.beforeCompletion(SynchronizationImple.java:52)
	at com.arjuna.ats.arjuna.coordinator.TwoPhaseCoordinator.beforeCompletion(TwoPhaseCoordinator.java:348)
	at com.arjuna.ats.arjuna.coordinator.TwoPhaseCoordinator.end(TwoPhaseCoordinator.java:66)
	at com.arjuna.ats.arjuna.AtomicAction.commit(AtomicAction.java:135)
	at com.arjuna.ats.internal.jta.transaction.arjunacore.TransactionImple.commitAndDisassociate(TransactionImple.java:1307)
	at com.arjuna.ats.internal.jta.transaction.arjunacore.BaseTransaction.commit(BaseTransaction.java:104)
	at io.quarkus.narayana.jta.runtime.NotifyingTransactionManager.commit(NotifyingTransactionManager.java:70)
	at io.quarkus.narayana.jta.runtime.interceptor.TransactionalInterceptorBase.endTransaction(TransactionalInterceptorBase.java:406)
	at io.quarkus.narayana.jta.runtime.interceptor.TransactionalInterceptorBase.invokeInOurTx(TransactionalInterceptorBase.java:175)
	at io.quarkus.narayana.jta.runtime.interceptor.TransactionalInterceptorBase.invokeInOurTx(TransactionalInterceptorBase.java:107)
	at io.quarkus.narayana.jta.runtime.interceptor.TransactionalInterceptorRequired.doIntercept(TransactionalInterceptorRequired.java:38)
	at io.quarkus.narayana.jta.runtime.interceptor.TransactionalInterceptorBase.intercept(TransactionalInterceptorBase.java:61)
	at io.quarkus.narayana.jta.runtime.interceptor.TransactionalInterceptorRequired.intercept(TransactionalInterceptorRequired.java:32)
	at io.quarkus.narayana.jta.runtime.interceptor.TransactionalInterceptorRequired_Bean.intercept(Unknown Source)
	at io.quarkus.arc.impl.InterceptorInvocation.invoke(InterceptorInvocation.java:42)
	at io.quarkus.arc.impl.AroundInvokeInvocationContext.perform(AroundInvokeInvocationContext.java:30)
	at io.quarkus.arc.impl.InvocationContexts.performAroundInvoke(InvocationContexts.java:27)
	at villagecompute.calendar.data.models.CalendarOrderTest_Subclass.testIsTerminal_Delivered(Unknown Source)
	at java.base/jdk.internal.reflect.DirectMethodHandleAccessor.invoke(DirectMethodHandleAccessor.java:103)
	at java.base/java.lang.reflect.Method.invoke(Method.java:580)
	at io.quarkus.test.junit.QuarkusTestExtension.runExtensionMethod(QuarkusTestExtension.java:1000)
	at io.quarkus.test.junit.QuarkusTestExtension.interceptTestMethod(QuarkusTestExtension.java:848)
	at org.junit.jupiter.engine.execution.InterceptingExecutableInvoker$ReflectiveInterceptorCall.lambda$ofVoidMethod$0(InterceptingExecutableInvoker.java:112)
	at org.junit.jupiter.engine.execution.InterceptingExecutableInvoker.lambda$invoke$0(InterceptingExecutableInvoker.java:94)
	at org.junit.jupiter.engine.execution.InvocationInterceptorChain$InterceptedInvocation.proceed(InvocationInterceptorChain.java:106)
	at org.junit.jupiter.engine.extension.TimeoutExtension.intercept(TimeoutExtension.java:161)
	at org.junit.jupiter.engine.extension.TimeoutExtension.interceptTestableMethod(TimeoutExtension.java:152)
	at org.junit.jupiter.engine.extension.TimeoutExtension.interceptTestMethod(TimeoutExtension.java:91)
	at org.junit.jupiter.engine.execution.InterceptingExecutableInvoker$ReflectiveInterceptorCall.lambda$ofVoidMethod$0(InterceptingExecutableInvoker.java:112)
	at org.junit.jupiter.engine.execution.InterceptingExecutableInvoker.lambda$invoke$0(InterceptingExecutableInvoker.java:94)
	at org.junit.jupiter.engine.execution.InvocationInterceptorChain$InterceptedInvocation.proceed(InvocationInterceptorChain.java:106)
	at org.junit.jupiter.engine.execution.InvocationInterceptorChain.proceed(InvocationInterceptorChain.java:64)
	at org.junit.jupiter.engine.execution.InvocationInterceptorChain.chainAndInvoke(InvocationInterceptorChain.java:45)
	at org.junit.jupiter.engine.execution.InvocationInterceptorChain.invoke(InvocationInterceptorChain.java:37)
	at org.junit.jupiter.engine.execution.InterceptingExecutableInvoker.invoke(InterceptingExecutableInvoker.java:93)
	at org.junit.jupiter.engine.execution.InterceptingExecutableInvoker.invoke(InterceptingExecutableInvoker.java:87)
	at org.junit.jupiter.engine.descriptor.TestMethodTestDescriptor.lambda$invokeTestMethod$4(TestMethodTestDescriptor.java:221)
	at org.junit.platform.engine.support.hierarchical.ThrowableCollector.execute(ThrowableCollector.java:73)
	at org.junit.jupiter.engine.descriptor.TestMethodTestDescriptor.invokeTestMethod(TestMethodTestDescriptor.java:217)
	at org.junit.jupiter.engine.descriptor.TestMethodTestDescriptor.execute(TestMethodTestDescriptor.java:159)
	at org.junit.jupiter.engine.descriptor.TestMethodTestDescriptor.execute(TestMethodTestDescriptor.java:70)
	at org.junit.platform.engine.support.hierarchical.NodeTestTask.lambda$executeRecursively$6(NodeTestTask.java:157)
	at org.junit.platform.engine.support.hierarchical.ThrowableCollector.execute(ThrowableCollector.java:73)
	at org.junit.platform.engine.support.hierarchical.NodeTestTask.lambda$executeRecursively$8(NodeTestTask.java:147)
	at org.junit.platform.engine.support.hierarchical.Node.around(Node.java:137)
	at org.junit.platform.engine.support.hierarchical.NodeTestTask.lambda$executeRecursively$9(NodeTestTask.java:145)
	at org.junit.platform.engine.support.hierarchical.ThrowableCollector.execute(ThrowableCollector.java:73)
	at org.junit.platform.engine.support.hierarchical.NodeTestTask.executeRecursively(NodeTestTask.java:144)
	at org.junit.platform.engine.support.hierarchical.NodeTestTask.execute(NodeTestTask.java:101)
	at java.base/java.util.ArrayList.forEach(ArrayList.java:1596)
	at org.junit.platform.engine.support.hierarchical.SameThreadHierarchicalTestExecutorService.invokeAll(SameThreadHierarchicalTestExecutorService.java:41)
	at org.junit.platform.engine.support.hierarchical.NodeTestTask.lambda$executeRecursively$6(NodeTestTask.java:161)
	at org.junit.platform.engine.support.hierarchical.ThrowableCollector.execute(ThrowableCollector.java:73)
	at org.junit.platform.engine.support.hierarchical.NodeTestTask.lambda$executeRecursively$8(NodeTestTask.java:147)
	at org.junit.platform.engine.support.hierarchical.Node.around(Node.java:137)
	at org.junit.platform.engine.support.hierarchical.NodeTestTask.lambda$executeRecursively$9(NodeTestTask.java:145)
	at org.junit.platform.engine.support.hierarchical.ThrowableCollector.execute(ThrowableCollector.java:73)
	at org.junit.platform.engine.support.hierarchical.NodeTestTask.executeRecursively(NodeTestTask.java:144)
	at org.junit.platform.engine.support.hierarchical.NodeTestTask.execute(NodeTestTask.java:101)
	at java.base/java.util.ArrayList.forEach(ArrayList.java:1596)
	at org.junit.platform.engine.support.hierarchical.SameThreadHierarchicalTestExecutorService.invokeAll(SameThreadHierarchicalTestExecutorService.java:41)
	at org.junit.platform.engine.support.hierarchical.NodeTestTask.lambda$executeRecursively$6(NodeTestTask.java:161)
	at org.junit.platform.engine.support.hierarchical.ThrowableCollector.execute(ThrowableCollector.java:73)
	at org.junit.platform.engine.support.hierarchical.NodeTestTask.lambda$executeRecursively$8(NodeTestTask.java:147)
	at org.junit.platform.engine.support.hierarchical.Node.around(Node.java:137)
	at org.junit.platform.engine.support.hierarchical.NodeTestTask.lambda$executeRecursively$9(NodeTestTask.java:145)
	at org.junit.platform.engine.support.hierarchical.ThrowableCollector.execute(ThrowableCollector.java:73)
	at org.junit.platform.engine.support.hierarchical.NodeTestTask.executeRecursively(NodeTestTask.java:144)
	at org.junit.platform.engine.support.hierarchical.NodeTestTask.execute(NodeTestTask.java:101)
	at org.junit.platform.engine.support.hierarchical.SameThreadHierarchicalTestExecutorService.submit(SameThreadHierarchicalTestExecutorService.java:35)
	at org.junit.platform.engine.support.hierarchical.HierarchicalTestExecutor.execute(HierarchicalTestExecutor.java:57)
	at org.junit.platform.engine.support.hierarchical.HierarchicalTestEngine.execute(HierarchicalTestEngine.java:54)
	at org.junit.platform.launcher.core.EngineExecutionOrchestrator.executeEngine(EngineExecutionOrchestrator.java:230)
	at org.junit.platform.launcher.core.EngineExecutionOrchestrator.failOrExecuteEngine(EngineExecutionOrchestrator.java:204)
	at org.junit.platform.launcher.core.EngineExecutionOrchestrator.execute(EngineExecutionOrchestrator.java:172)
	at org.junit.platform.launcher.core.EngineExecutionOrchestrator.execute(EngineExecutionOrchestrator.java:101)
	at org.junit.platform.launcher.core.EngineExecutionOrchestrator.lambda$execute$0(EngineExecutionOrchestrator.java:64)
	at org.junit.platform.launcher.core.EngineExecutionOrchestrator.withInterceptedStreams(EngineExecutionOrchestrator.java:150)
	at org.junit.platform.launcher.core.EngineExecutionOrchestrator.execute(EngineExecutionOrchestrator.java:63)
	at org.junit.platform.launcher.core.DefaultLauncher.execute(DefaultLauncher.java:109)
	at org.junit.platform.launcher.core.DefaultLauncher.execute(DefaultLauncher.java:91)
	at org.junit.platform.launcher.core.DelegatingLauncher.execute(DelegatingLauncher.java:47)
	at org.junit.platform.launcher.core.InterceptingLauncher.lambda$execute$1(InterceptingLauncher.java:39)
	at org.junit.platform.launcher.core.ClasspathAlignmentCheckingLauncherInterceptor.intercept(ClasspathAlignmentCheckingLauncherInterceptor.java:25)
	at org.junit.platform.launcher.core.InterceptingLauncher.execute(InterceptingLauncher.java:38)
	at org.junit.platform.launcher.core.DelegatingLauncher.execute(DelegatingLauncher.java:47)
	at org.apache.maven.surefire.junitplatform.LazyLauncher.execute(LazyLauncher.java:56)
	at org.apache.maven.surefire.junitplatform.JUnitPlatformProvider.execute(JUnitPlatformProvider.java:184)
	at org.apache.maven.surefire.junitplatform.JUnitPlatformProvider.invokeAllTests(JUnitPlatformProvider.java:148)
	at org.apache.maven.surefire.junitplatform.JUnitPlatformProvider.invoke(JUnitPlatformProvider.java:122)
	at org.apache.maven.surefire.booter.ForkedBooter.runSuitesInProcess(ForkedBooter.java:385)
	at org.apache.maven.surefire.booter.ForkedBooter.execute(ForkedBooter.java:162)
	at org.apache.maven.surefire.booter.ForkedBooter.run(ForkedBooter.java:507)
	at org.apache.maven.surefire.booter.ForkedBooter.main(ForkedBooter.java:495)
Caused by: org.h2.jdbc.JdbcSQLIntegrityConstraintViolationException: Referential integrity constraint violation: "fk_calendar_orders_calendar: public.calendar_orders FOREIGN KEY(calendar_id) REFERENCES public.user_calendars(id) (UUID '59a7d810-0ef4-4139-8dd9-eb127e2b151c')"; SQL statement:
insert into calendar_orders (calendar_id,created,notes,paid_at,quantity,shipped_at,shipping_address,status,stripe_charge_id,stripe_payment_intent_id,total_price,unit_price,updated,user_id,version,id) values (?,?,?,?,?,?,?,?,?,?,?,?,?,?,?,?) [23506-230]
	at org.h2.message.DbException.getJdbcSQLException(DbException.java:520)
	at org.h2.message.DbException.getJdbcSQLException(DbException.java:489)
	at org.h2.message.DbException.get(DbException.java:223)
	at org.h2.message.DbException.get(DbException.java:199)
	at org.h2.constraint.ConstraintReferential.checkRowOwnTable(ConstraintReferential.java:308)
	at org.h2.constraint.ConstraintReferential.checkRow(ConstraintReferential.java:249)
	at org.h2.table.Table.fireConstraints(Table.java:1227)
	at org.h2.table.Table.fireAfterRow(Table.java:1245)
	at org.h2.command.dml.Insert.insertRows(Insert.java:188)
	at org.h2.command.dml.Insert.update(Insert.java:135)
	at org.h2.command.dml.DataChangeStatement.update(DataChangeStatement.java:74)
	at org.h2.command.CommandContainer.update(CommandContainer.java:139)
	at org.h2.command.Command.executeUpdate(Command.java:304)
	at org.h2.command.Command.executeUpdate(Command.java:248)
	at org.h2.jdbc.JdbcPreparedStatement.executeUpdateInternal(JdbcPreparedStatement.java:213)
	at org.h2.jdbc.JdbcPreparedStatement.executeUpdate(JdbcPreparedStatement.java:172)
	at io.agroal.pool.wrapper.PreparedStatementWrapper.executeUpdate(PreparedStatementWrapper.java:90)
	at org.hibernate.engine.jdbc.internal.ResultSetReturnImpl.executeUpdate(ResultSetReturnImpl.java:190)
	... 115 more

[Hibernate] 
    delete 
    from
        calendar_orders co1_0
[Hibernate] 
    delete 
    from
        user_calendars uc1_0
[Hibernate] 
    delete 
    from
        page_views pv1_0
[Hibernate] 
    delete 
    from
        analytics_rollups ar1_0
2025-10-17 04:13:21,950 WARN  [org.hib.orm.jdb.error] (main) HHH000247: ErrorCode: 42102, SQLState: 42S02
2025-10-17 04:13:21,950 WARN  [org.hib.orm.jdb.error] (main) Table "analytics_rollups" not found; SQL statement:
delete from analytics_rollups ar1_0 [42102-230]
[Hibernate] 
    delete 
    from
        delayed_jobs dj1_0
[Hibernate] 
    delete 
    from
        calendar_users cu1_0
[Hibernate] 
    delete 
    from
        calendar_templates ct1_0
[Hibernate] 
    insert 
    into
        calendar_users
        (created, display_name, email, is_admin, last_login_at, oauth_provider, oauth_subject, profile_image_url, updated, version, id) 
    values
        (?, ?, ?, ?, ?, ?, ?, ?, ?, ?, ?)
[Hibernate] 
    insert 
    into
        calendar_templates
        (configuration, created, description, display_order, is_active, is_featured, name, preview_svg, thumbnail_url, updated, version, id) 
    values
        (?, ?, ?, ?, ?, ?, ?, ?, ?, ?, ?, ?)
[Hibernate] 
    insert 
    into
        user_calendars
        (configuration, created, generated_pdf_url, generated_svg, is_public, name, session_id, template_id, updated, user_id, version, "year", id) 
    values
        (?, ?, ?, ?, ?, ?, ?, ?, ?, ?, ?, ?, ?)
[Hibernate] 
    delete 
    from
        calendar_orders co1_0
[Hibernate] 
    delete 
    from
        user_calendars uc1_0
[Hibernate] 
    delete 
    from
        page_views pv1_0
[Hibernate] 
    delete 
    from
        analytics_rollups ar1_0
2025-10-17 04:13:21,956 WARN  [org.hib.orm.jdb.error] (main) HHH000247: ErrorCode: 42102, SQLState: 42S02
2025-10-17 04:13:21,956 WARN  [org.hib.orm.jdb.error] (main) Table "analytics_rollups" not found; SQL statement:
delete from analytics_rollups ar1_0 [42102-230]
[Hibernate] 
    delete 
    from
        delayed_jobs dj1_0
[Hibernate] 
    delete 
    from
        calendar_users cu1_0
[Hibernate] 
    delete 
    from
        calendar_templates ct1_0
[Hibernate] 
    insert 
    into
        calendar_users
        (created, display_name, email, is_admin, last_login_at, oauth_provider, oauth_subject, profile_image_url, updated, version, id) 
    values
        (?, ?, ?, ?, ?, ?, ?, ?, ?, ?, ?)
[Hibernate] 
    insert 
    into
        calendar_templates
        (configuration, created, description, display_order, is_active, is_featured, name, preview_svg, thumbnail_url, updated, version, id) 
    values
        (?, ?, ?, ?, ?, ?, ?, ?, ?, ?, ?, ?)
[Hibernate] 
    insert 
    into
        user_calendars
        (configuration, created, generated_pdf_url, generated_svg, is_public, name, session_id, template_id, updated, user_id, version, "year", id) 
    values
        (?, ?, ?, ?, ?, ?, ?, ?, ?, ?, ?, ?, ?)
[Hibernate] 
    insert 
    into
        calendar_orders
        (calendar_id, created, notes, paid_at, quantity, shipped_at, shipping_address, status, stripe_charge_id, stripe_payment_intent_id, total_price, unit_price, updated, user_id, version, id) 
    values
        (?, ?, ?, ?, ?, ?, ?, ?, ?, ?, ?, ?, ?, ?, ?, ?)
2025-10-17 04:13:21,961 WARN  [org.hib.orm.jdb.error] (main) HHH000247: ErrorCode: 23506, SQLState: 23506
2025-10-17 04:13:21,961 WARN  [org.hib.orm.jdb.error] (main) Referential integrity constraint violation: "fk_calendar_orders_calendar: public.calendar_orders FOREIGN KEY(calendar_id) REFERENCES public.user_calendars(id) (UUID 'b09bb0b7-4f2a-4f6b-8361-6fe4e4d68912')"; SQL statement:
insert into calendar_orders (calendar_id,created,notes,paid_at,quantity,shipped_at,shipping_address,status,stripe_charge_id,stripe_payment_intent_id,total_price,unit_price,updated,user_id,version,id) values (?,?,?,?,?,?,?,?,?,?,?,?,?,?,?,?) [23506-230]
[Hibernate] 
    delete 
    from
        calendar_orders co1_0
[Hibernate] 
    delete 
    from
        user_calendars uc1_0
[Hibernate] 
    delete 
    from
        page_views pv1_0
[Hibernate] 
    delete 
    from
        analytics_rollups ar1_0
2025-10-17 04:13:21,963 WARN  [org.hib.orm.jdb.error] (main) HHH000247: ErrorCode: 42102, SQLState: 42S02
2025-10-17 04:13:21,963 WARN  [org.hib.orm.jdb.error] (main) Table "analytics_rollups" not found; SQL statement:
delete from analytics_rollups ar1_0 [42102-230]
[Hibernate] 
    delete 
    from
        delayed_jobs dj1_0
[Hibernate] 
    delete 
    from
        calendar_users cu1_0
[Hibernate] 
    delete 
    from
        calendar_templates ct1_0
[Hibernate] 
    insert 
    into
        calendar_users
        (created, display_name, email, is_admin, last_login_at, oauth_provider, oauth_subject, profile_image_url, updated, version, id) 
    values
        (?, ?, ?, ?, ?, ?, ?, ?, ?, ?, ?)
[Hibernate] 
    insert 
    into
        calendar_templates
        (configuration, created, description, display_order, is_active, is_featured, name, preview_svg, thumbnail_url, updated, version, id) 
    values
        (?, ?, ?, ?, ?, ?, ?, ?, ?, ?, ?, ?)
[Hibernate] 
    insert 
    into
        user_calendars
        (configuration, created, generated_pdf_url, generated_svg, is_public, name, session_id, template_id, updated, user_id, version, "year", id) 
    values
        (?, ?, ?, ?, ?, ?, ?, ?, ?, ?, ?, ?, ?)
[Hibernate] 
    insert 
    into
        calendar_orders
        (calendar_id, created, notes, paid_at, quantity, shipped_at, shipping_address, status, stripe_charge_id, stripe_payment_intent_id, total_price, unit_price, updated, user_id, version, id) 
    values
        (?, ?, ?, ?, ?, ?, ?, ?, ?, ?, ?, ?, ?, ?, ?, ?)
2025-10-17 04:13:21,967 WARN  [org.hib.orm.jdb.error] (main) HHH000247: ErrorCode: 23506, SQLState: 23506
2025-10-17 04:13:21,967 WARN  [org.hib.orm.jdb.error] (main) Referential integrity constraint violation: "fk_calendar_orders_calendar: public.calendar_orders FOREIGN KEY(calendar_id) REFERENCES public.user_calendars(id) (UUID '4b74f506-4c2c-4565-b908-91b05c1664cd')"; SQL statement:
insert into calendar_orders (calendar_id,created,notes,paid_at,quantity,shipped_at,shipping_address,status,stripe_charge_id,stripe_payment_intent_id,total_price,unit_price,updated,user_id,version,id) values (?,?,?,?,?,?,?,?,?,?,?,?,?,?,?,?) [23506-230]
[Hibernate] 
    delete 
    from
        calendar_orders co1_0
[Hibernate] 
    delete 
    from
        user_calendars uc1_0
[Hibernate] 
    delete 
    from
        page_views pv1_0
[Hibernate] 
    delete 
    from
        analytics_rollups ar1_0
2025-10-17 04:13:21,969 WARN  [org.hib.orm.jdb.error] (main) HHH000247: ErrorCode: 42102, SQLState: 42S02
2025-10-17 04:13:21,970 WARN  [org.hib.orm.jdb.error] (main) Table "analytics_rollups" not found; SQL statement:
delete from analytics_rollups ar1_0 [42102-230]
[Hibernate] 
    delete 
    from
        delayed_jobs dj1_0
[Hibernate] 
    delete 
    from
        calendar_users cu1_0
[Hibernate] 
    delete 
    from
        calendar_templates ct1_0
[Hibernate] 
    insert 
    into
        calendar_users
        (created, display_name, email, is_admin, last_login_at, oauth_provider, oauth_subject, profile_image_url, updated, version, id) 
    values
        (?, ?, ?, ?, ?, ?, ?, ?, ?, ?, ?)
[Hibernate] 
    insert 
    into
        calendar_templates
        (configuration, created, description, display_order, is_active, is_featured, name, preview_svg, thumbnail_url, updated, version, id) 
    values
        (?, ?, ?, ?, ?, ?, ?, ?, ?, ?, ?, ?)
[Hibernate] 
    insert 
    into
        user_calendars
        (configuration, created, generated_pdf_url, generated_svg, is_public, name, session_id, template_id, updated, user_id, version, "year", id) 
    values
        (?, ?, ?, ?, ?, ?, ?, ?, ?, ?, ?, ?, ?)
[Hibernate] 
    insert 
    into
        calendar_orders
        (calendar_id, created, notes, paid_at, quantity, shipped_at, shipping_address, status, stripe_charge_id, stripe_payment_intent_id, total_price, unit_price, updated, user_id, version, id) 
    values
        (?, ?, ?, ?, ?, ?, ?, ?, ?, ?, ?, ?, ?, ?, ?, ?)
2025-10-17 04:13:21,973 WARN  [org.hib.orm.jdb.error] (main) HHH000247: ErrorCode: 23506, SQLState: 23506
2025-10-17 04:13:21,973 WARN  [org.hib.orm.jdb.error] (main) Referential integrity constraint violation: "fk_calendar_orders_calendar: public.calendar_orders FOREIGN KEY(calendar_id) REFERENCES public.user_calendars(id) (UUID '73cff127-0f4d-4c5d-9b43-c740b9710531')"; SQL statement:
insert into calendar_orders (calendar_id,created,notes,paid_at,quantity,shipped_at,shipping_address,status,stripe_charge_id,stripe_payment_intent_id,total_price,unit_price,updated,user_id,version,id) values (?,?,?,?,?,?,?,?,?,?,?,?,?,?,?,?) [23506-230]
[Hibernate] 
    delete 
    from
        calendar_orders co1_0
[Hibernate] 
    delete 
    from
        user_calendars uc1_0
[Hibernate] 
    delete 
    from
        page_views pv1_0
[Hibernate] 
    delete 
    from
        analytics_rollups ar1_0
2025-10-17 04:13:21,976 WARN  [org.hib.orm.jdb.error] (main) HHH000247: ErrorCode: 42102, SQLState: 42S02
2025-10-17 04:13:21,976 WARN  [org.hib.orm.jdb.error] (main) Table "analytics_rollups" not found; SQL statement:
delete from analytics_rollups ar1_0 [42102-230]
[Hibernate] 
    delete 
    from
        delayed_jobs dj1_0
[Hibernate] 
    delete 
    from
        calendar_users cu1_0
[Hibernate] 
    delete 
    from
        calendar_templates ct1_0
[Hibernate] 
    insert 
    into
        calendar_users
        (created, display_name, email, is_admin, last_login_at, oauth_provider, oauth_subject, profile_image_url, updated, version, id) 
    values
        (?, ?, ?, ?, ?, ?, ?, ?, ?, ?, ?)
[Hibernate] 
    insert 
    into
        calendar_templates
        (configuration, created, description, display_order, is_active, is_featured, name, preview_svg, thumbnail_url, updated, version, id) 
    values
        (?, ?, ?, ?, ?, ?, ?, ?, ?, ?, ?, ?)
[Hibernate] 
    insert 
    into
        user_calendars
        (configuration, created, generated_pdf_url, generated_svg, is_public, name, session_id, template_id, updated, user_id, version, "year", id) 
    values
        (?, ?, ?, ?, ?, ?, ?, ?, ?, ?, ?, ?, ?)
[Hibernate] 
    insert 
    into
        calendar_orders
        (calendar_id, created, notes, paid_at, quantity, shipped_at, shipping_address, status, stripe_charge_id, stripe_payment_intent_id, total_price, unit_price, updated, user_id, version, id) 
    values
        (?, ?, ?, ?, ?, ?, ?, ?, ?, ?, ?, ?, ?, ?, ?, ?)
2025-10-17 04:13:21,979 WARN  [org.hib.orm.jdb.error] (main) HHH000247: ErrorCode: 23506, SQLState: 23506
2025-10-17 04:13:21,979 WARN  [org.hib.orm.jdb.error] (main) Referential integrity constraint violation: "fk_calendar_orders_calendar: public.calendar_orders FOREIGN KEY(calendar_id) REFERENCES public.user_calendars(id) (UUID 'b1aa08d2-6d0a-4539-9e53-f335fa9b52b9')"; SQL statement:
insert into calendar_orders (calendar_id,created,notes,paid_at,quantity,shipped_at,shipping_address,status,stripe_charge_id,stripe_payment_intent_id,total_price,unit_price,updated,user_id,version,id) values (?,?,?,?,?,?,?,?,?,?,?,?,?,?,?,?) [23506-230]
2025-10-17 04:13:21,979 WARN  [com.arj.ats.arjuna] (main) ARJUNA012125: TwoPhaseCoordinator.beforeCompletion - failed for SynchronizationImple< 0:ffff7f000001:d824:68f1faa0:1c4, org.hibernate.resource.transaction.backend.jta.internal.synchronization.RegisteredSynchronization@e1585fb >: org.hibernate.exception.ConstraintViolationException: could not execute statement [Referential integrity constraint violation: "fk_calendar_orders_calendar: public.calendar_orders FOREIGN KEY(calendar_id) REFERENCES public.user_calendars(id) (UUID 'b1aa08d2-6d0a-4539-9e53-f335fa9b52b9')"; SQL statement:
insert into calendar_orders (calendar_id,created,notes,paid_at,quantity,shipped_at,shipping_address,status,stripe_charge_id,stripe_payment_intent_id,total_price,unit_price,updated,user_id,version,id) values (?,?,?,?,?,?,?,?,?,?,?,?,?,?,?,?) [23506-230]] [insert into calendar_orders (calendar_id,created,notes,paid_at,quantity,shipped_at,shipping_address,status,stripe_charge_id,stripe_payment_intent_id,total_price,unit_price,updated,user_id,version,id) values (?,?,?,?,?,?,?,?,?,?,?,?,?,?,?,?)]
	at org.hibernate.dialect.H2Dialect.lambda$buildSQLExceptionConversionDelegate$1(H2Dialect.java:853)
	at org.hibernate.exception.internal.StandardSQLExceptionConverter.convert(StandardSQLExceptionConverter.java:34)
	at org.hibernate.engine.jdbc.spi.SqlExceptionHelper.convert(SqlExceptionHelper.java:115)
	at org.hibernate.engine.jdbc.internal.ResultSetReturnImpl.executeUpdate(ResultSetReturnImpl.java:193)
	at org.hibernate.engine.jdbc.mutation.internal.AbstractMutationExecutor.performNonBatchedMutation(AbstractMutationExecutor.java:148)
	at org.hibernate.engine.jdbc.mutation.internal.MutationExecutorSingleNonBatched.performNonBatchedOperations(MutationExecutorSingleNonBatched.java:53)
	at org.hibernate.engine.jdbc.mutation.internal.AbstractMutationExecutor.execute(AbstractMutationExecutor.java:66)
	at org.hibernate.engine.jdbc.mutation.internal.AbstractMutationExecutor.execute(AbstractMutationExecutor.java:55)
	at org.hibernate.persister.entity.mutation.InsertCoordinatorStandard.doStaticInserts(InsertCoordinatorStandard.java:191)
	at org.hibernate.persister.entity.mutation.InsertCoordinatorStandard.coordinateInsert(InsertCoordinatorStandard.java:129)
	at org.hibernate.persister.entity.mutation.InsertCoordinatorStandard.insert(InsertCoordinatorStandard.java:101)
	at org.hibernate.action.internal.EntityInsertAction.execute(EntityInsertAction.java:113)
	at org.hibernate.engine.spi.ActionQueue.executeActions(ActionQueue.java:646)
	at org.hibernate.engine.spi.ActionQueue.executeActions(ActionQueue.java:513)
	at org.hibernate.event.internal.AbstractFlushingEventListener.performExecutions(AbstractFlushingEventListener.java:378)
	at org.hibernate.event.internal.DefaultFlushEventListener.onFlush(DefaultFlushEventListener.java:39)
	at org.hibernate.event.service.internal.EventListenerGroupImpl.fireEventOnEachListener(EventListenerGroupImpl.java:140)
	at org.hibernate.internal.SessionImpl.doFlush(SessionImpl.java:1443)
	at org.hibernate.internal.SessionImpl.managedFlush(SessionImpl.java:488)
	at org.hibernate.internal.SessionImpl.flushBeforeTransactionCompletion(SessionImpl.java:2321)
	at org.hibernate.internal.SessionImpl.beforeTransactionCompletion(SessionImpl.java:2029)
	at org.hibernate.engine.jdbc.internal.JdbcCoordinatorImpl.beforeTransactionCompletion(JdbcCoordinatorImpl.java:394)
	at org.hibernate.resource.transaction.backend.jta.internal.JtaTransactionCoordinatorImpl.beforeCompletion(JtaTransactionCoordinatorImpl.java:328)
	at org.hibernate.resource.transaction.backend.jta.internal.synchronization.SynchronizationCallbackCoordinatorNonTrackingImpl.beforeCompletion(SynchronizationCallbackCoordinatorNonTrackingImpl.java:39)
	at org.hibernate.resource.transaction.backend.jta.internal.synchronization.RegisteredSynchronization.beforeCompletion(RegisteredSynchronization.java:33)
	at com.arjuna.ats.internal.jta.resources.arjunacore.SynchronizationImple.beforeCompletion(SynchronizationImple.java:52)
	at com.arjuna.ats.arjuna.coordinator.TwoPhaseCoordinator.beforeCompletion(TwoPhaseCoordinator.java:348)
	at com.arjuna.ats.arjuna.coordinator.TwoPhaseCoordinator.end(TwoPhaseCoordinator.java:66)
	at com.arjuna.ats.arjuna.AtomicAction.commit(AtomicAction.java:135)
	at com.arjuna.ats.internal.jta.transaction.arjunacore.TransactionImple.commitAndDisassociate(TransactionImple.java:1307)
	at com.arjuna.ats.internal.jta.transaction.arjunacore.BaseTransaction.commit(BaseTransaction.java:104)
	at io.quarkus.narayana.jta.runtime.NotifyingTransactionManager.commit(NotifyingTransactionManager.java:70)
	at io.quarkus.narayana.jta.runtime.interceptor.TransactionalInterceptorBase.endTransaction(TransactionalInterceptorBase.java:406)
	at io.quarkus.narayana.jta.runtime.interceptor.TransactionalInterceptorBase.invokeInOurTx(TransactionalInterceptorBase.java:175)
	at io.quarkus.narayana.jta.runtime.interceptor.TransactionalInterceptorBase.invokeInOurTx(TransactionalInterceptorBase.java:107)
	at io.quarkus.narayana.jta.runtime.interceptor.TransactionalInterceptorRequired.doIntercept(TransactionalInterceptorRequired.java:38)
	at io.quarkus.narayana.jta.runtime.interceptor.TransactionalInterceptorBase.intercept(TransactionalInterceptorBase.java:61)
	at io.quarkus.narayana.jta.runtime.interceptor.TransactionalInterceptorRequired.intercept(TransactionalInterceptorRequired.java:32)
	at io.quarkus.narayana.jta.runtime.interceptor.TransactionalInterceptorRequired_Bean.intercept(Unknown Source)
	at io.quarkus.arc.impl.InterceptorInvocation.invoke(InterceptorInvocation.java:42)
	at io.quarkus.arc.impl.AroundInvokeInvocationContext.perform(AroundInvokeInvocationContext.java:30)
	at io.quarkus.arc.impl.InvocationContexts.performAroundInvoke(InvocationContexts.java:27)
	at villagecompute.calendar.data.models.CalendarOrderTest_Subclass.testIsTerminal_Pending(Unknown Source)
	at java.base/jdk.internal.reflect.DirectMethodHandleAccessor.invoke(DirectMethodHandleAccessor.java:103)
	at java.base/java.lang.reflect.Method.invoke(Method.java:580)
	at io.quarkus.test.junit.QuarkusTestExtension.runExtensionMethod(QuarkusTestExtension.java:1000)
	at io.quarkus.test.junit.QuarkusTestExtension.interceptTestMethod(QuarkusTestExtension.java:848)
	at org.junit.jupiter.engine.execution.InterceptingExecutableInvoker$ReflectiveInterceptorCall.lambda$ofVoidMethod$0(InterceptingExecutableInvoker.java:112)
	at org.junit.jupiter.engine.execution.InterceptingExecutableInvoker.lambda$invoke$0(InterceptingExecutableInvoker.java:94)
	at org.junit.jupiter.engine.execution.InvocationInterceptorChain$InterceptedInvocation.proceed(InvocationInterceptorChain.java:106)
	at org.junit.jupiter.engine.extension.TimeoutExtension.intercept(TimeoutExtension.java:161)
	at org.junit.jupiter.engine.extension.TimeoutExtension.interceptTestableMethod(TimeoutExtension.java:152)
	at org.junit.jupiter.engine.extension.TimeoutExtension.interceptTestMethod(TimeoutExtension.java:91)
	at org.junit.jupiter.engine.execution.InterceptingExecutableInvoker$ReflectiveInterceptorCall.lambda$ofVoidMethod$0(InterceptingExecutableInvoker.java:112)
	at org.junit.jupiter.engine.execution.InterceptingExecutableInvoker.lambda$invoke$0(InterceptingExecutableInvoker.java:94)
	at org.junit.jupiter.engine.execution.InvocationInterceptorChain$InterceptedInvocation.proceed(InvocationInterceptorChain.java:106)
	at org.junit.jupiter.engine.execution.InvocationInterceptorChain.proceed(InvocationInterceptorChain.java:64)
	at org.junit.jupiter.engine.execution.InvocationInterceptorChain.chainAndInvoke(InvocationInterceptorChain.java:45)
	at org.junit.jupiter.engine.execution.InvocationInterceptorChain.invoke(InvocationInterceptorChain.java:37)
	at org.junit.jupiter.engine.execution.InterceptingExecutableInvoker.invoke(InterceptingExecutableInvoker.java:93)
	at org.junit.jupiter.engine.execution.InterceptingExecutableInvoker.invoke(InterceptingExecutableInvoker.java:87)
	at org.junit.jupiter.engine.descriptor.TestMethodTestDescriptor.lambda$invokeTestMethod$4(TestMethodTestDescriptor.java:221)
	at org.junit.platform.engine.support.hierarchical.ThrowableCollector.execute(ThrowableCollector.java:73)
	at org.junit.jupiter.engine.descriptor.TestMethodTestDescriptor.invokeTestMethod(TestMethodTestDescriptor.java:217)
	at org.junit.jupiter.engine.descriptor.TestMethodTestDescriptor.execute(TestMethodTestDescriptor.java:159)
	at org.junit.jupiter.engine.descriptor.TestMethodTestDescriptor.execute(TestMethodTestDescriptor.java:70)
	at org.junit.platform.engine.support.hierarchical.NodeTestTask.lambda$executeRecursively$6(NodeTestTask.java:157)
	at org.junit.platform.engine.support.hierarchical.ThrowableCollector.execute(ThrowableCollector.java:73)
	at org.junit.platform.engine.support.hierarchical.NodeTestTask.lambda$executeRecursively$8(NodeTestTask.java:147)
	at org.junit.platform.engine.support.hierarchical.Node.around(Node.java:137)
	at org.junit.platform.engine.support.hierarchical.NodeTestTask.lambda$executeRecursively$9(NodeTestTask.java:145)
	at org.junit.platform.engine.support.hierarchical.ThrowableCollector.execute(ThrowableCollector.java:73)
	at org.junit.platform.engine.support.hierarchical.NodeTestTask.executeRecursively(NodeTestTask.java:144)
	at org.junit.platform.engine.support.hierarchical.NodeTestTask.execute(NodeTestTask.java:101)
	at java.base/java.util.ArrayList.forEach(ArrayList.java:1596)
	at org.junit.platform.engine.support.hierarchical.SameThreadHierarchicalTestExecutorService.invokeAll(SameThreadHierarchicalTestExecutorService.java:41)
	at org.junit.platform.engine.support.hierarchical.NodeTestTask.lambda$executeRecursively$6(NodeTestTask.java:161)
	at org.junit.platform.engine.support.hierarchical.ThrowableCollector.execute(ThrowableCollector.java:73)
	at org.junit.platform.engine.support.hierarchical.NodeTestTask.lambda$executeRecursively$8(NodeTestTask.java:147)
	at org.junit.platform.engine.support.hierarchical.Node.around(Node.java:137)
	at org.junit.platform.engine.support.hierarchical.NodeTestTask.lambda$executeRecursively$9(NodeTestTask.java:145)
	at org.junit.platform.engine.support.hierarchical.ThrowableCollector.execute(ThrowableCollector.java:73)
	at org.junit.platform.engine.support.hierarchical.NodeTestTask.executeRecursively(NodeTestTask.java:144)
	at org.junit.platform.engine.support.hierarchical.NodeTestTask.execute(NodeTestTask.java:101)
	at java.base/java.util.ArrayList.forEach(ArrayList.java:1596)
	at org.junit.platform.engine.support.hierarchical.SameThreadHierarchicalTestExecutorService.invokeAll(SameThreadHierarchicalTestExecutorService.java:41)
	at org.junit.platform.engine.support.hierarchical.NodeTestTask.lambda$executeRecursively$6(NodeTestTask.java:161)
	at org.junit.platform.engine.support.hierarchical.ThrowableCollector.execute(ThrowableCollector.java:73)
	at org.junit.platform.engine.support.hierarchical.NodeTestTask.lambda$executeRecursively$8(NodeTestTask.java:147)
	at org.junit.platform.engine.support.hierarchical.Node.around(Node.java:137)
	at org.junit.platform.engine.support.hierarchical.NodeTestTask.lambda$executeRecursively$9(NodeTestTask.java:145)
	at org.junit.platform.engine.support.hierarchical.ThrowableCollector.execute(ThrowableCollector.java:73)
	at org.junit.platform.engine.support.hierarchical.NodeTestTask.executeRecursively(NodeTestTask.java:144)
	at org.junit.platform.engine.support.hierarchical.NodeTestTask.execute(NodeTestTask.java:101)
	at org.junit.platform.engine.support.hierarchical.SameThreadHierarchicalTestExecutorService.submit(SameThreadHierarchicalTestExecutorService.java:35)
	at org.junit.platform.engine.support.hierarchical.HierarchicalTestExecutor.execute(HierarchicalTestExecutor.java:57)
	at org.junit.platform.engine.support.hierarchical.HierarchicalTestEngine.execute(HierarchicalTestEngine.java:54)
	at org.junit.platform.launcher.core.EngineExecutionOrchestrator.executeEngine(EngineExecutionOrchestrator.java:230)
	at org.junit.platform.launcher.core.EngineExecutionOrchestrator.failOrExecuteEngine(EngineExecutionOrchestrator.java:204)
	at org.junit.platform.launcher.core.EngineExecutionOrchestrator.execute(EngineExecutionOrchestrator.java:172)
	at org.junit.platform.launcher.core.EngineExecutionOrchestrator.execute(EngineExecutionOrchestrator.java:101)
	at org.junit.platform.launcher.core.EngineExecutionOrchestrator.lambda$execute$0(EngineExecutionOrchestrator.java:64)
	at org.junit.platform.launcher.core.EngineExecutionOrchestrator.withInterceptedStreams(EngineExecutionOrchestrator.java:150)
	at org.junit.platform.launcher.core.EngineExecutionOrchestrator.execute(EngineExecutionOrchestrator.java:63)
	at org.junit.platform.launcher.core.DefaultLauncher.execute(DefaultLauncher.java:109)
	at org.junit.platform.launcher.core.DefaultLauncher.execute(DefaultLauncher.java:91)
	at org.junit.platform.launcher.core.DelegatingLauncher.execute(DelegatingLauncher.java:47)
	at org.junit.platform.launcher.core.InterceptingLauncher.lambda$execute$1(InterceptingLauncher.java:39)
	at org.junit.platform.launcher.core.ClasspathAlignmentCheckingLauncherInterceptor.intercept(ClasspathAlignmentCheckingLauncherInterceptor.java:25)
	at org.junit.platform.launcher.core.InterceptingLauncher.execute(InterceptingLauncher.java:38)
	at org.junit.platform.launcher.core.DelegatingLauncher.execute(DelegatingLauncher.java:47)
	at org.apache.maven.surefire.junitplatform.LazyLauncher.execute(LazyLauncher.java:56)
	at org.apache.maven.surefire.junitplatform.JUnitPlatformProvider.execute(JUnitPlatformProvider.java:184)
	at org.apache.maven.surefire.junitplatform.JUnitPlatformProvider.invokeAllTests(JUnitPlatformProvider.java:148)
	at org.apache.maven.surefire.junitplatform.JUnitPlatformProvider.invoke(JUnitPlatformProvider.java:122)
	at org.apache.maven.surefire.booter.ForkedBooter.runSuitesInProcess(ForkedBooter.java:385)
	at org.apache.maven.surefire.booter.ForkedBooter.execute(ForkedBooter.java:162)
	at org.apache.maven.surefire.booter.ForkedBooter.run(ForkedBooter.java:507)
	at org.apache.maven.surefire.booter.ForkedBooter.main(ForkedBooter.java:495)
Caused by: org.h2.jdbc.JdbcSQLIntegrityConstraintViolationException: Referential integrity constraint violation: "fk_calendar_orders_calendar: public.calendar_orders FOREIGN KEY(calendar_id) REFERENCES public.user_calendars(id) (UUID 'b1aa08d2-6d0a-4539-9e53-f335fa9b52b9')"; SQL statement:
insert into calendar_orders (calendar_id,created,notes,paid_at,quantity,shipped_at,shipping_address,status,stripe_charge_id,stripe_payment_intent_id,total_price,unit_price,updated,user_id,version,id) values (?,?,?,?,?,?,?,?,?,?,?,?,?,?,?,?) [23506-230]
	at org.h2.message.DbException.getJdbcSQLException(DbException.java:520)
	at org.h2.message.DbException.getJdbcSQLException(DbException.java:489)
	at org.h2.message.DbException.get(DbException.java:223)
	at org.h2.message.DbException.get(DbException.java:199)
	at org.h2.constraint.ConstraintReferential.checkRowOwnTable(ConstraintReferential.java:308)
	at org.h2.constraint.ConstraintReferential.checkRow(ConstraintReferential.java:249)
	at org.h2.table.Table.fireConstraints(Table.java:1227)
	at org.h2.table.Table.fireAfterRow(Table.java:1245)
	at org.h2.command.dml.Insert.insertRows(Insert.java:188)
	at org.h2.command.dml.Insert.update(Insert.java:135)
	at org.h2.command.dml.DataChangeStatement.update(DataChangeStatement.java:74)
	at org.h2.command.CommandContainer.update(CommandContainer.java:139)
	at org.h2.command.Command.executeUpdate(Command.java:304)
	at org.h2.command.Command.executeUpdate(Command.java:248)
	at org.h2.jdbc.JdbcPreparedStatement.executeUpdateInternal(JdbcPreparedStatement.java:213)
	at org.h2.jdbc.JdbcPreparedStatement.executeUpdate(JdbcPreparedStatement.java:172)
	at io.agroal.pool.wrapper.PreparedStatementWrapper.executeUpdate(PreparedStatementWrapper.java:90)
	at org.hibernate.engine.jdbc.internal.ResultSetReturnImpl.executeUpdate(ResultSetReturnImpl.java:190)
	... 115 more

[Hibernate] 
    delete 
    from
        calendar_orders co1_0
[Hibernate] 
    delete 
    from
        user_calendars uc1_0
[Hibernate] 
    delete 
    from
        page_views pv1_0
[Hibernate] 
    delete 
    from
        analytics_rollups ar1_0
2025-10-17 04:13:21,982 WARN  [org.hib.orm.jdb.error] (main) HHH000247: ErrorCode: 42102, SQLState: 42S02
2025-10-17 04:13:21,982 WARN  [org.hib.orm.jdb.error] (main) Table "analytics_rollups" not found; SQL statement:
delete from analytics_rollups ar1_0 [42102-230]
[Hibernate] 
    delete 
    from
        delayed_jobs dj1_0
[Hibernate] 
    delete 
    from
        calendar_users cu1_0
[Hibernate] 
    delete 
    from
        calendar_templates ct1_0
[Hibernate] 
    insert 
    into
        calendar_users
        (created, display_name, email, is_admin, last_login_at, oauth_provider, oauth_subject, profile_image_url, updated, version, id) 
    values
        (?, ?, ?, ?, ?, ?, ?, ?, ?, ?, ?)
[Hibernate] 
    insert 
    into
        calendar_templates
        (configuration, created, description, display_order, is_active, is_featured, name, preview_svg, thumbnail_url, updated, version, id) 
    values
        (?, ?, ?, ?, ?, ?, ?, ?, ?, ?, ?, ?)
[Hibernate] 
    insert 
    into
        user_calendars
        (configuration, created, generated_pdf_url, generated_svg, is_public, name, session_id, template_id, updated, user_id, version, "year", id) 
    values
        (?, ?, ?, ?, ?, ?, ?, ?, ?, ?, ?, ?, ?)
[Hibernate] 
    insert 
    into
        calendar_orders
        (calendar_id, created, notes, paid_at, quantity, shipped_at, shipping_address, status, stripe_charge_id, stripe_payment_intent_id, total_price, unit_price, updated, user_id, version, id) 
    values
        (?, ?, ?, ?, ?, ?, ?, ?, ?, ?, ?, ?, ?, ?, ?, ?)
2025-10-17 04:13:21,984 WARN  [org.hib.orm.jdb.error] (main) HHH000247: ErrorCode: 23506, SQLState: 23506
2025-10-17 04:13:21,985 WARN  [org.hib.orm.jdb.error] (main) Referential integrity constraint violation: "fk_calendar_orders_calendar: public.calendar_orders FOREIGN KEY(calendar_id) REFERENCES public.user_calendars(id) (UUID 'e86e2975-b439-43d2-a77b-045db193f23f')"; SQL statement:
insert into calendar_orders (calendar_id,created,notes,paid_at,quantity,shipped_at,shipping_address,status,stripe_charge_id,stripe_payment_intent_id,total_price,unit_price,updated,user_id,version,id) values (?,?,?,?,?,?,?,?,?,?,?,?,?,?,?,?) [23506-230]
2025-10-17 04:13:21,985 WARN  [com.arj.ats.arjuna] (main) ARJUNA012125: TwoPhaseCoordinator.beforeCompletion - failed for SynchronizationImple< 0:ffff7f000001:d824:68f1faa0:1d0, org.hibernate.resource.transaction.backend.jta.internal.synchronization.RegisteredSynchronization@2486e227 >: org.hibernate.exception.ConstraintViolationException: could not execute statement [Referential integrity constraint violation: "fk_calendar_orders_calendar: public.calendar_orders FOREIGN KEY(calendar_id) REFERENCES public.user_calendars(id) (UUID 'e86e2975-b439-43d2-a77b-045db193f23f')"; SQL statement:
insert into calendar_orders (calendar_id,created,notes,paid_at,quantity,shipped_at,shipping_address,status,stripe_charge_id,stripe_payment_intent_id,total_price,unit_price,updated,user_id,version,id) values (?,?,?,?,?,?,?,?,?,?,?,?,?,?,?,?) [23506-230]] [insert into calendar_orders (calendar_id,created,notes,paid_at,quantity,shipped_at,shipping_address,status,stripe_charge_id,stripe_payment_intent_id,total_price,unit_price,updated,user_id,version,id) values (?,?,?,?,?,?,?,?,?,?,?,?,?,?,?,?)]
	at org.hibernate.dialect.H2Dialect.lambda$buildSQLExceptionConversionDelegate$1(H2Dialect.java:853)
	at org.hibernate.exception.internal.StandardSQLExceptionConverter.convert(StandardSQLExceptionConverter.java:34)
	at org.hibernate.engine.jdbc.spi.SqlExceptionHelper.convert(SqlExceptionHelper.java:115)
	at org.hibernate.engine.jdbc.internal.ResultSetReturnImpl.executeUpdate(ResultSetReturnImpl.java:193)
	at org.hibernate.engine.jdbc.mutation.internal.AbstractMutationExecutor.performNonBatchedMutation(AbstractMutationExecutor.java:148)
	at org.hibernate.engine.jdbc.mutation.internal.MutationExecutorSingleNonBatched.performNonBatchedOperations(MutationExecutorSingleNonBatched.java:53)
	at org.hibernate.engine.jdbc.mutation.internal.AbstractMutationExecutor.execute(AbstractMutationExecutor.java:66)
	at org.hibernate.engine.jdbc.mutation.internal.AbstractMutationExecutor.execute(AbstractMutationExecutor.java:55)
	at org.hibernate.persister.entity.mutation.InsertCoordinatorStandard.doStaticInserts(InsertCoordinatorStandard.java:191)
	at org.hibernate.persister.entity.mutation.InsertCoordinatorStandard.coordinateInsert(InsertCoordinatorStandard.java:129)
	at org.hibernate.persister.entity.mutation.InsertCoordinatorStandard.insert(InsertCoordinatorStandard.java:101)
	at org.hibernate.action.internal.EntityInsertAction.execute(EntityInsertAction.java:113)
	at org.hibernate.engine.spi.ActionQueue.executeActions(ActionQueue.java:646)
	at org.hibernate.engine.spi.ActionQueue.executeActions(ActionQueue.java:513)
	at org.hibernate.event.internal.AbstractFlushingEventListener.performExecutions(AbstractFlushingEventListener.java:378)
	at org.hibernate.event.internal.DefaultFlushEventListener.onFlush(DefaultFlushEventListener.java:39)
	at org.hibernate.event.service.internal.EventListenerGroupImpl.fireEventOnEachListener(EventListenerGroupImpl.java:140)
	at org.hibernate.internal.SessionImpl.doFlush(SessionImpl.java:1443)
	at org.hibernate.internal.SessionImpl.managedFlush(SessionImpl.java:488)
	at org.hibernate.internal.SessionImpl.flushBeforeTransactionCompletion(SessionImpl.java:2321)
	at org.hibernate.internal.SessionImpl.beforeTransactionCompletion(SessionImpl.java:2029)
	at org.hibernate.engine.jdbc.internal.JdbcCoordinatorImpl.beforeTransactionCompletion(JdbcCoordinatorImpl.java:394)
	at org.hibernate.resource.transaction.backend.jta.internal.JtaTransactionCoordinatorImpl.beforeCompletion(JtaTransactionCoordinatorImpl.java:328)
	at org.hibernate.resource.transaction.backend.jta.internal.synchronization.SynchronizationCallbackCoordinatorNonTrackingImpl.beforeCompletion(SynchronizationCallbackCoordinatorNonTrackingImpl.java:39)
	at org.hibernate.resource.transaction.backend.jta.internal.synchronization.RegisteredSynchronization.beforeCompletion(RegisteredSynchronization.java:33)
	at com.arjuna.ats.internal.jta.resources.arjunacore.SynchronizationImple.beforeCompletion(SynchronizationImple.java:52)
	at com.arjuna.ats.arjuna.coordinator.TwoPhaseCoordinator.beforeCompletion(TwoPhaseCoordinator.java:348)
	at com.arjuna.ats.arjuna.coordinator.TwoPhaseCoordinator.end(TwoPhaseCoordinator.java:66)
	at com.arjuna.ats.arjuna.AtomicAction.commit(AtomicAction.java:135)
	at com.arjuna.ats.internal.jta.transaction.arjunacore.TransactionImple.commitAndDisassociate(TransactionImple.java:1307)
	at com.arjuna.ats.internal.jta.transaction.arjunacore.BaseTransaction.commit(BaseTransaction.java:104)
	at io.quarkus.narayana.jta.runtime.NotifyingTransactionManager.commit(NotifyingTransactionManager.java:70)
	at io.quarkus.narayana.jta.runtime.interceptor.TransactionalInterceptorBase.endTransaction(TransactionalInterceptorBase.java:406)
	at io.quarkus.narayana.jta.runtime.interceptor.TransactionalInterceptorBase.invokeInOurTx(TransactionalInterceptorBase.java:175)
	at io.quarkus.narayana.jta.runtime.interceptor.TransactionalInterceptorBase.invokeInOurTx(TransactionalInterceptorBase.java:107)
	at io.quarkus.narayana.jta.runtime.interceptor.TransactionalInterceptorRequired.doIntercept(TransactionalInterceptorRequired.java:38)
	at io.quarkus.narayana.jta.runtime.interceptor.TransactionalInterceptorBase.intercept(TransactionalInterceptorBase.java:61)
	at io.quarkus.narayana.jta.runtime.interceptor.TransactionalInterceptorRequired.intercept(TransactionalInterceptorRequired.java:32)
	at io.quarkus.narayana.jta.runtime.interceptor.TransactionalInterceptorRequired_Bean.intercept(Unknown Source)
	at io.quarkus.arc.impl.InterceptorInvocation.invoke(InterceptorInvocation.java:42)
	at io.quarkus.arc.impl.AroundInvokeInvocationContext.perform(AroundInvokeInvocationContext.java:30)
	at io.quarkus.arc.impl.InvocationContexts.performAroundInvoke(InvocationContexts.java:27)
	at villagecompute.calendar.data.models.CalendarOrderTest_Subclass.testIsTerminal_Cancelled(Unknown Source)
	at java.base/jdk.internal.reflect.DirectMethodHandleAccessor.invoke(DirectMethodHandleAccessor.java:103)
	at java.base/java.lang.reflect.Method.invoke(Method.java:580)
	at io.quarkus.test.junit.QuarkusTestExtension.runExtensionMethod(QuarkusTestExtension.java:1000)
	at io.quarkus.test.junit.QuarkusTestExtension.interceptTestMethod(QuarkusTestExtension.java:848)
	at org.junit.jupiter.engine.execution.InterceptingExecutableInvoker$ReflectiveInterceptorCall.lambda$ofVoidMethod$0(InterceptingExecutableInvoker.java:112)
	at org.junit.jupiter.engine.execution.InterceptingExecutableInvoker.lambda$invoke$0(InterceptingExecutableInvoker.java:94)
	at org.junit.jupiter.engine.execution.InvocationInterceptorChain$InterceptedInvocation.proceed(InvocationInterceptorChain.java:106)
	at org.junit.jupiter.engine.extension.TimeoutExtension.intercept(TimeoutExtension.java:161)
	at org.junit.jupiter.engine.extension.TimeoutExtension.interceptTestableMethod(TimeoutExtension.java:152)
	at org.junit.jupiter.engine.extension.TimeoutExtension.interceptTestMethod(TimeoutExtension.java:91)
	at org.junit.jupiter.engine.execution.InterceptingExecutableInvoker$ReflectiveInterceptorCall.lambda$ofVoidMethod$0(InterceptingExecutableInvoker.java:112)
	at org.junit.jupiter.engine.execution.InterceptingExecutableInvoker.lambda$invoke$0(InterceptingExecutableInvoker.java:94)
	at org.junit.jupiter.engine.execution.InvocationInterceptorChain$InterceptedInvocation.proceed(InvocationInterceptorChain.java:106)
	at org.junit.jupiter.engine.execution.InvocationInterceptorChain.proceed(InvocationInterceptorChain.java:64)
	at org.junit.jupiter.engine.execution.InvocationInterceptorChain.chainAndInvoke(InvocationInterceptorChain.java:45)
	at org.junit.jupiter.engine.execution.InvocationInterceptorChain.invoke(InvocationInterceptorChain.java:37)
	at org.junit.jupiter.engine.execution.InterceptingExecutableInvoker.invoke(InterceptingExecutableInvoker.java:93)
	at org.junit.jupiter.engine.execution.InterceptingExecutableInvoker.invoke(InterceptingExecutableInvoker.java:87)
	at org.junit.jupiter.engine.descriptor.TestMethodTestDescriptor.lambda$invokeTestMethod$4(TestMethodTestDescriptor.java:221)
	at org.junit.platform.engine.support.hierarchical.ThrowableCollector.execute(ThrowableCollector.java:73)
	at org.junit.jupiter.engine.descriptor.TestMethodTestDescriptor.invokeTestMethod(TestMethodTestDescriptor.java:217)
	at org.junit.jupiter.engine.descriptor.TestMethodTestDescriptor.execute(TestMethodTestDescriptor.java:159)
	at org.junit.jupiter.engine.descriptor.TestMethodTestDescriptor.execute(TestMethodTestDescriptor.java:70)
	at org.junit.platform.engine.support.hierarchical.NodeTestTask.lambda$executeRecursively$6(NodeTestTask.java:157)
	at org.junit.platform.engine.support.hierarchical.ThrowableCollector.execute(ThrowableCollector.java:73)
	at org.junit.platform.engine.support.hierarchical.NodeTestTask.lambda$executeRecursively$8(NodeTestTask.java:147)
	at org.junit.platform.engine.support.hierarchical.Node.around(Node.java:137)
	at org.junit.platform.engine.support.hierarchical.NodeTestTask.lambda$executeRecursively$9(NodeTestTask.java:145)
	at org.junit.platform.engine.support.hierarchical.ThrowableCollector.execute(ThrowableCollector.java:73)
	at org.junit.platform.engine.support.hierarchical.NodeTestTask.executeRecursively(NodeTestTask.java:144)
	at org.junit.platform.engine.support.hierarchical.NodeTestTask.execute(NodeTestTask.java:101)
	at java.base/java.util.ArrayList.forEach(ArrayList.java:1596)
	at org.junit.platform.engine.support.hierarchical.SameThreadHierarchicalTestExecutorService.invokeAll(SameThreadHierarchicalTestExecutorService.java:41)
	at org.junit.platform.engine.support.hierarchical.NodeTestTask.lambda$executeRecursively$6(NodeTestTask.java:161)
	at org.junit.platform.engine.support.hierarchical.ThrowableCollector.execute(ThrowableCollector.java:73)
	at org.junit.platform.engine.support.hierarchical.NodeTestTask.lambda$executeRecursively$8(NodeTestTask.java:147)
	at org.junit.platform.engine.support.hierarchical.Node.around(Node.java:137)
	at org.junit.platform.engine.support.hierarchical.NodeTestTask.lambda$executeRecursively$9(NodeTestTask.java:145)
	at org.junit.platform.engine.support.hierarchical.ThrowableCollector.execute(ThrowableCollector.java:73)
	at org.junit.platform.engine.support.hierarchical.NodeTestTask.executeRecursively(NodeTestTask.java:144)
	at org.junit.platform.engine.support.hierarchical.NodeTestTask.execute(NodeTestTask.java:101)
	at java.base/java.util.ArrayList.forEach(ArrayList.java:1596)
	at org.junit.platform.engine.support.hierarchical.SameThreadHierarchicalTestExecutorService.invokeAll(SameThreadHierarchicalTestExecutorService.java:41)
	at org.junit.platform.engine.support.hierarchical.NodeTestTask.lambda$executeRecursively$6(NodeTestTask.java:161)
	at org.junit.platform.engine.support.hierarchical.ThrowableCollector.execute(ThrowableCollector.java:73)
	at org.junit.platform.engine.support.hierarchical.NodeTestTask.lambda$executeRecursively$8(NodeTestTask.java:147)
	at org.junit.platform.engine.support.hierarchical.Node.around(Node.java:137)
	at org.junit.platform.engine.support.hierarchical.NodeTestTask.lambda$executeRecursively$9(NodeTestTask.java:145)
	at org.junit.platform.engine.support.hierarchical.ThrowableCollector.execute(ThrowableCollector.java:73)
	at org.junit.platform.engine.support.hierarchical.NodeTestTask.executeRecursively(NodeTestTask.java:144)
	at org.junit.platform.engine.support.hierarchical.NodeTestTask.execute(NodeTestTask.java:101)
	at org.junit.platform.engine.support.hierarchical.SameThreadHierarchicalTestExecutorService.submit(SameThreadHierarchicalTestExecutorService.java:35)
	at org.junit.platform.engine.support.hierarchical.HierarchicalTestExecutor.execute(HierarchicalTestExecutor.java:57)
	at org.junit.platform.engine.support.hierarchical.HierarchicalTestEngine.execute(HierarchicalTestEngine.java:54)
	at org.junit.platform.launcher.core.EngineExecutionOrchestrator.executeEngine(EngineExecutionOrchestrator.java:230)
	at org.junit.platform.launcher.core.EngineExecutionOrchestrator.failOrExecuteEngine(EngineExecutionOrchestrator.java:204)
	at org.junit.platform.launcher.core.EngineExecutionOrchestrator.execute(EngineExecutionOrchestrator.java:172)
	at org.junit.platform.launcher.core.EngineExecutionOrchestrator.execute(EngineExecutionOrchestrator.java:101)
	at org.junit.platform.launcher.core.EngineExecutionOrchestrator.lambda$execute$0(EngineExecutionOrchestrator.java:64)
	at org.junit.platform.launcher.core.EngineExecutionOrchestrator.withInterceptedStreams(EngineExecutionOrchestrator.java:150)
	at org.junit.platform.launcher.core.EngineExecutionOrchestrator.execute(EngineExecutionOrchestrator.java:63)
	at org.junit.platform.launcher.core.DefaultLauncher.execute(DefaultLauncher.java:109)
	at org.junit.platform.launcher.core.DefaultLauncher.execute(DefaultLauncher.java:91)
	at org.junit.platform.launcher.core.DelegatingLauncher.execute(DelegatingLauncher.java:47)
	at org.junit.platform.launcher.core.InterceptingLauncher.lambda$execute$1(InterceptingLauncher.java:39)
	at org.junit.platform.launcher.core.ClasspathAlignmentCheckingLauncherInterceptor.intercept(ClasspathAlignmentCheckingLauncherInterceptor.java:25)
	at org.junit.platform.launcher.core.InterceptingLauncher.execute(InterceptingLauncher.java:38)
	at org.junit.platform.launcher.core.DelegatingLauncher.execute(DelegatingLauncher.java:47)
	at org.apache.maven.surefire.junitplatform.LazyLauncher.execute(LazyLauncher.java:56)
	at org.apache.maven.surefire.junitplatform.JUnitPlatformProvider.execute(JUnitPlatformProvider.java:184)
	at org.apache.maven.surefire.junitplatform.JUnitPlatformProvider.invokeAllTests(JUnitPlatformProvider.java:148)
	at org.apache.maven.surefire.junitplatform.JUnitPlatformProvider.invoke(JUnitPlatformProvider.java:122)
	at org.apache.maven.surefire.booter.ForkedBooter.runSuitesInProcess(ForkedBooter.java:385)
	at org.apache.maven.surefire.booter.ForkedBooter.execute(ForkedBooter.java:162)
	at org.apache.maven.surefire.booter.ForkedBooter.run(ForkedBooter.java:507)
	at org.apache.maven.surefire.booter.ForkedBooter.main(ForkedBooter.java:495)
Caused by: org.h2.jdbc.JdbcSQLIntegrityConstraintViolationException: Referential integrity constraint violation: "fk_calendar_orders_calendar: public.calendar_orders FOREIGN KEY(calendar_id) REFERENCES public.user_calendars(id) (UUID 'e86e2975-b439-43d2-a77b-045db193f23f')"; SQL statement:
insert into calendar_orders (calendar_id,created,notes,paid_at,quantity,shipped_at,shipping_address,status,stripe_charge_id,stripe_payment_intent_id,total_price,unit_price,updated,user_id,version,id) values (?,?,?,?,?,?,?,?,?,?,?,?,?,?,?,?) [23506-230]
	at org.h2.message.DbException.getJdbcSQLException(DbException.java:520)
	at org.h2.message.DbException.getJdbcSQLException(DbException.java:489)
	at org.h2.message.DbException.get(DbException.java:223)
	at org.h2.message.DbException.get(DbException.java:199)
	at org.h2.constraint.ConstraintReferential.checkRowOwnTable(ConstraintReferential.java:308)
	at org.h2.constraint.ConstraintReferential.checkRow(ConstraintReferential.java:249)
	at org.h2.table.Table.fireConstraints(Table.java:1227)
	at org.h2.table.Table.fireAfterRow(Table.java:1245)
	at org.h2.command.dml.Insert.insertRows(Insert.java:188)
	at org.h2.command.dml.Insert.update(Insert.java:135)
	at org.h2.command.dml.DataChangeStatement.update(DataChangeStatement.java:74)
	at org.h2.command.CommandContainer.update(CommandContainer.java:139)
	at org.h2.command.Command.executeUpdate(Command.java:304)
	at org.h2.command.Command.executeUpdate(Command.java:248)
	at org.h2.jdbc.JdbcPreparedStatement.executeUpdateInternal(JdbcPreparedStatement.java:213)
	at org.h2.jdbc.JdbcPreparedStatement.executeUpdate(JdbcPreparedStatement.java:172)
	at io.agroal.pool.wrapper.PreparedStatementWrapper.executeUpdate(PreparedStatementWrapper.java:90)
	at org.hibernate.engine.jdbc.internal.ResultSetReturnImpl.executeUpdate(ResultSetReturnImpl.java:190)
	... 115 more

[Hibernate] 
    delete 
    from
        calendar_orders co1_0
[Hibernate] 
    delete 
    from
        user_calendars uc1_0
[Hibernate] 
    delete 
    from
        page_views pv1_0
[Hibernate] 
    delete 
    from
        analytics_rollups ar1_0
2025-10-17 04:13:21,987 WARN  [org.hib.orm.jdb.error] (main) HHH000247: ErrorCode: 42102, SQLState: 42S02
2025-10-17 04:13:21,987 WARN  [org.hib.orm.jdb.error] (main) Table "analytics_rollups" not found; SQL statement:
delete from analytics_rollups ar1_0 [42102-230]
[Hibernate] 
    delete 
    from
        delayed_jobs dj1_0
[Hibernate] 
    delete 
    from
        calendar_users cu1_0
[Hibernate] 
    delete 
    from
        calendar_templates ct1_0
[Hibernate] 
    insert 
    into
        calendar_users
        (created, display_name, email, is_admin, last_login_at, oauth_provider, oauth_subject, profile_image_url, updated, version, id) 
    values
        (?, ?, ?, ?, ?, ?, ?, ?, ?, ?, ?)
[Hibernate] 
    insert 
    into
        calendar_templates
        (configuration, created, description, display_order, is_active, is_featured, name, preview_svg, thumbnail_url, updated, version, id) 
    values
        (?, ?, ?, ?, ?, ?, ?, ?, ?, ?, ?, ?)
[Hibernate] 
    insert 
    into
        user_calendars
        (configuration, created, generated_pdf_url, generated_svg, is_public, name, session_id, template_id, updated, user_id, version, "year", id) 
    values
        (?, ?, ?, ?, ?, ?, ?, ?, ?, ?, ?, ?, ?)
[Hibernate] 
    delete 
    from
        calendar_orders co1_0
[Hibernate] 
    delete 
    from
        user_calendars uc1_0
[Hibernate] 
    delete 
    from
        page_views pv1_0
[Hibernate] 
    delete 
    from
        analytics_rollups ar1_0
2025-10-17 04:13:21,990 WARN  [org.hib.orm.jdb.error] (main) HHH000247: ErrorCode: 42102, SQLState: 42S02
2025-10-17 04:13:21,990 WARN  [org.hib.orm.jdb.error] (main) Table "analytics_rollups" not found; SQL statement:
delete from analytics_rollups ar1_0 [42102-230]
[Hibernate] 
    delete 
    from
        delayed_jobs dj1_0
[Hibernate] 
    delete 
    from
        calendar_users cu1_0
[Hibernate] 
    delete 
    from
        calendar_templates ct1_0
[Hibernate] 
    insert 
    into
        calendar_users
        (created, display_name, email, is_admin, last_login_at, oauth_provider, oauth_subject, profile_image_url, updated, version, id) 
    values
        (?, ?, ?, ?, ?, ?, ?, ?, ?, ?, ?)
[Hibernate] 
    insert 
    into
        calendar_templates
        (configuration, created, description, display_order, is_active, is_featured, name, preview_svg, thumbnail_url, updated, version, id) 
    values
        (?, ?, ?, ?, ?, ?, ?, ?, ?, ?, ?, ?)
[Hibernate] 
    insert 
    into
        user_calendars
        (configuration, created, generated_pdf_url, generated_svg, is_public, name, session_id, template_id, updated, user_id, version, "year", id) 
    values
        (?, ?, ?, ?, ?, ?, ?, ?, ?, ?, ?, ?, ?)
[Hibernate] 
    insert 
    into
        calendar_orders
        (calendar_id, created, notes, paid_at, quantity, shipped_at, shipping_address, status, stripe_charge_id, stripe_payment_intent_id, total_price, unit_price, updated, user_id, version, id) 
    values
        (?, ?, ?, ?, ?, ?, ?, ?, ?, ?, ?, ?, ?, ?, ?, ?)
2025-10-17 04:13:21,994 WARN  [org.hib.orm.jdb.error] (main) HHH000247: ErrorCode: 23506, SQLState: 23506
2025-10-17 04:13:21,994 WARN  [org.hib.orm.jdb.error] (main) Referential integrity constraint violation: "fk_calendar_orders_calendar: public.calendar_orders FOREIGN KEY(calendar_id) REFERENCES public.user_calendars(id) (UUID '64a03851-2aa9-457e-88c7-981b4be3d2c9')"; SQL statement:
insert into calendar_orders (calendar_id,created,notes,paid_at,quantity,shipped_at,shipping_address,status,stripe_charge_id,stripe_payment_intent_id,total_price,unit_price,updated,user_id,version,id) values (?,?,?,?,?,?,?,?,?,?,?,?,?,?,?,?) [23506-230]
2025-10-17 04:13:21,994 WARN  [com.arj.ats.arjuna] (main) ARJUNA012125: TwoPhaseCoordinator.beforeCompletion - failed for SynchronizationImple< 0:ffff7f000001:d824:68f1faa0:1e2, org.hibernate.resource.transaction.backend.jta.internal.synchronization.RegisteredSynchronization@1487087d >: org.hibernate.exception.ConstraintViolationException: could not execute statement [Referential integrity constraint violation: "fk_calendar_orders_calendar: public.calendar_orders FOREIGN KEY(calendar_id) REFERENCES public.user_calendars(id) (UUID '64a03851-2aa9-457e-88c7-981b4be3d2c9')"; SQL statement:
insert into calendar_orders (calendar_id,created,notes,paid_at,quantity,shipped_at,shipping_address,status,stripe_charge_id,stripe_payment_intent_id,total_price,unit_price,updated,user_id,version,id) values (?,?,?,?,?,?,?,?,?,?,?,?,?,?,?,?) [23506-230]] [insert into calendar_orders (calendar_id,created,notes,paid_at,quantity,shipped_at,shipping_address,status,stripe_charge_id,stripe_payment_intent_id,total_price,unit_price,updated,user_id,version,id) values (?,?,?,?,?,?,?,?,?,?,?,?,?,?,?,?)]
	at org.hibernate.dialect.H2Dialect.lambda$buildSQLExceptionConversionDelegate$1(H2Dialect.java:853)
	at org.hibernate.exception.internal.StandardSQLExceptionConverter.convert(StandardSQLExceptionConverter.java:34)
	at org.hibernate.engine.jdbc.spi.SqlExceptionHelper.convert(SqlExceptionHelper.java:115)
	at org.hibernate.engine.jdbc.internal.ResultSetReturnImpl.executeUpdate(ResultSetReturnImpl.java:193)
	at org.hibernate.engine.jdbc.mutation.internal.AbstractMutationExecutor.performNonBatchedMutation(AbstractMutationExecutor.java:148)
	at org.hibernate.engine.jdbc.mutation.internal.MutationExecutorSingleNonBatched.performNonBatchedOperations(MutationExecutorSingleNonBatched.java:53)
	at org.hibernate.engine.jdbc.mutation.internal.AbstractMutationExecutor.execute(AbstractMutationExecutor.java:66)
	at org.hibernate.engine.jdbc.mutation.internal.AbstractMutationExecutor.execute(AbstractMutationExecutor.java:55)
	at org.hibernate.persister.entity.mutation.InsertCoordinatorStandard.doStaticInserts(InsertCoordinatorStandard.java:191)
	at org.hibernate.persister.entity.mutation.InsertCoordinatorStandard.coordinateInsert(InsertCoordinatorStandard.java:129)
	at org.hibernate.persister.entity.mutation.InsertCoordinatorStandard.insert(InsertCoordinatorStandard.java:101)
	at org.hibernate.action.internal.EntityInsertAction.execute(EntityInsertAction.java:113)
	at org.hibernate.engine.spi.ActionQueue.executeActions(ActionQueue.java:646)
	at org.hibernate.engine.spi.ActionQueue.executeActions(ActionQueue.java:513)
	at org.hibernate.event.internal.AbstractFlushingEventListener.performExecutions(AbstractFlushingEventListener.java:378)
	at org.hibernate.event.internal.DefaultFlushEventListener.onFlush(DefaultFlushEventListener.java:39)
	at org.hibernate.event.service.internal.EventListenerGroupImpl.fireEventOnEachListener(EventListenerGroupImpl.java:140)
	at org.hibernate.internal.SessionImpl.doFlush(SessionImpl.java:1443)
	at org.hibernate.internal.SessionImpl.managedFlush(SessionImpl.java:488)
	at org.hibernate.internal.SessionImpl.flushBeforeTransactionCompletion(SessionImpl.java:2321)
	at org.hibernate.internal.SessionImpl.beforeTransactionCompletion(SessionImpl.java:2029)
	at org.hibernate.engine.jdbc.internal.JdbcCoordinatorImpl.beforeTransactionCompletion(JdbcCoordinatorImpl.java:394)
	at org.hibernate.resource.transaction.backend.jta.internal.JtaTransactionCoordinatorImpl.beforeCompletion(JtaTransactionCoordinatorImpl.java:328)
	at org.hibernate.resource.transaction.backend.jta.internal.synchronization.SynchronizationCallbackCoordinatorNonTrackingImpl.beforeCompletion(SynchronizationCallbackCoordinatorNonTrackingImpl.java:39)
	at org.hibernate.resource.transaction.backend.jta.internal.synchronization.RegisteredSynchronization.beforeCompletion(RegisteredSynchronization.java:33)
	at com.arjuna.ats.internal.jta.resources.arjunacore.SynchronizationImple.beforeCompletion(SynchronizationImple.java:52)
	at com.arjuna.ats.arjuna.coordinator.TwoPhaseCoordinator.beforeCompletion(TwoPhaseCoordinator.java:348)
	at com.arjuna.ats.arjuna.coordinator.TwoPhaseCoordinator.end(TwoPhaseCoordinator.java:66)
	at com.arjuna.ats.arjuna.AtomicAction.commit(AtomicAction.java:135)
	at com.arjuna.ats.internal.jta.transaction.arjunacore.TransactionImple.commitAndDisassociate(TransactionImple.java:1307)
	at com.arjuna.ats.internal.jta.transaction.arjunacore.BaseTransaction.commit(BaseTransaction.java:104)
	at io.quarkus.narayana.jta.runtime.NotifyingTransactionManager.commit(NotifyingTransactionManager.java:70)
	at io.quarkus.narayana.jta.runtime.interceptor.TransactionalInterceptorBase.endTransaction(TransactionalInterceptorBase.java:406)
	at io.quarkus.narayana.jta.runtime.interceptor.TransactionalInterceptorBase.invokeInOurTx(TransactionalInterceptorBase.java:175)
	at io.quarkus.narayana.jta.runtime.interceptor.TransactionalInterceptorBase.invokeInOurTx(TransactionalInterceptorBase.java:107)
	at io.quarkus.narayana.jta.runtime.interceptor.TransactionalInterceptorRequired.doIntercept(TransactionalInterceptorRequired.java:38)
	at io.quarkus.narayana.jta.runtime.interceptor.TransactionalInterceptorBase.intercept(TransactionalInterceptorBase.java:61)
	at io.quarkus.narayana.jta.runtime.interceptor.TransactionalInterceptorRequired.intercept(TransactionalInterceptorRequired.java:32)
	at io.quarkus.narayana.jta.runtime.interceptor.TransactionalInterceptorRequired_Bean.intercept(Unknown Source)
	at io.quarkus.arc.impl.InterceptorInvocation.invoke(InterceptorInvocation.java:42)
	at io.quarkus.arc.impl.AroundInvokeInvocationContext.perform(AroundInvokeInvocationContext.java:30)
	at io.quarkus.arc.impl.InvocationContexts.performAroundInvoke(InvocationContexts.java:27)
	at villagecompute.calendar.data.models.CalendarOrderTest_Subclass.testCancel(Unknown Source)
	at java.base/jdk.internal.reflect.DirectMethodHandleAccessor.invoke(DirectMethodHandleAccessor.java:103)
	at java.base/java.lang.reflect.Method.invoke(Method.java:580)
	at io.quarkus.test.junit.QuarkusTestExtension.runExtensionMethod(QuarkusTestExtension.java:1000)
	at io.quarkus.test.junit.QuarkusTestExtension.interceptTestMethod(QuarkusTestExtension.java:848)
	at org.junit.jupiter.engine.execution.InterceptingExecutableInvoker$ReflectiveInterceptorCall.lambda$ofVoidMethod$0(InterceptingExecutableInvoker.java:112)
	at org.junit.jupiter.engine.execution.InterceptingExecutableInvoker.lambda$invoke$0(InterceptingExecutableInvoker.java:94)
	at org.junit.jupiter.engine.execution.InvocationInterceptorChain$InterceptedInvocation.proceed(InvocationInterceptorChain.java:106)
	at org.junit.jupiter.engine.extension.TimeoutExtension.intercept(TimeoutExtension.java:161)
	at org.junit.jupiter.engine.extension.TimeoutExtension.interceptTestableMethod(TimeoutExtension.java:152)
	at org.junit.jupiter.engine.extension.TimeoutExtension.interceptTestMethod(TimeoutExtension.java:91)
	at org.junit.jupiter.engine.execution.InterceptingExecutableInvoker$ReflectiveInterceptorCall.lambda$ofVoidMethod$0(InterceptingExecutableInvoker.java:112)
	at org.junit.jupiter.engine.execution.InterceptingExecutableInvoker.lambda$invoke$0(InterceptingExecutableInvoker.java:94)
	at org.junit.jupiter.engine.execution.InvocationInterceptorChain$InterceptedInvocation.proceed(InvocationInterceptorChain.java:106)
	at org.junit.jupiter.engine.execution.InvocationInterceptorChain.proceed(InvocationInterceptorChain.java:64)
	at org.junit.jupiter.engine.execution.InvocationInterceptorChain.chainAndInvoke(InvocationInterceptorChain.java:45)
	at org.junit.jupiter.engine.execution.InvocationInterceptorChain.invoke(InvocationInterceptorChain.java:37)
	at org.junit.jupiter.engine.execution.InterceptingExecutableInvoker.invoke(InterceptingExecutableInvoker.java:93)
	at org.junit.jupiter.engine.execution.InterceptingExecutableInvoker.invoke(InterceptingExecutableInvoker.java:87)
	at org.junit.jupiter.engine.descriptor.TestMethodTestDescriptor.lambda$invokeTestMethod$4(TestMethodTestDescriptor.java:221)
	at org.junit.platform.engine.support.hierarchical.ThrowableCollector.execute(ThrowableCollector.java:73)
	at org.junit.jupiter.engine.descriptor.TestMethodTestDescriptor.invokeTestMethod(TestMethodTestDescriptor.java:217)
	at org.junit.jupiter.engine.descriptor.TestMethodTestDescriptor.execute(TestMethodTestDescriptor.java:159)
	at org.junit.jupiter.engine.descriptor.TestMethodTestDescriptor.execute(TestMethodTestDescriptor.java:70)
	at org.junit.platform.engine.support.hierarchical.NodeTestTask.lambda$executeRecursively$6(NodeTestTask.java:157)
	at org.junit.platform.engine.support.hierarchical.ThrowableCollector.execute(ThrowableCollector.java:73)
	at org.junit.platform.engine.support.hierarchical.NodeTestTask.lambda$executeRecursively$8(NodeTestTask.java:147)
	at org.junit.platform.engine.support.hierarchical.Node.around(Node.java:137)
	at org.junit.platform.engine.support.hierarchical.NodeTestTask.lambda$executeRecursively$9(NodeTestTask.java:145)
	at org.junit.platform.engine.support.hierarchical.ThrowableCollector.execute(ThrowableCollector.java:73)
	at org.junit.platform.engine.support.hierarchical.NodeTestTask.executeRecursively(NodeTestTask.java:144)
	at org.junit.platform.engine.support.hierarchical.NodeTestTask.execute(NodeTestTask.java:101)
	at java.base/java.util.ArrayList.forEach(ArrayList.java:1596)
	at org.junit.platform.engine.support.hierarchical.SameThreadHierarchicalTestExecutorService.invokeAll(SameThreadHierarchicalTestExecutorService.java:41)
	at org.junit.platform.engine.support.hierarchical.NodeTestTask.lambda$executeRecursively$6(NodeTestTask.java:161)
	at org.junit.platform.engine.support.hierarchical.ThrowableCollector.execute(ThrowableCollector.java:73)
	at org.junit.platform.engine.support.hierarchical.NodeTestTask.lambda$executeRecursively$8(NodeTestTask.java:147)
	at org.junit.platform.engine.support.hierarchical.Node.around(Node.java:137)
	at org.junit.platform.engine.support.hierarchical.NodeTestTask.lambda$executeRecursively$9(NodeTestTask.java:145)
	at org.junit.platform.engine.support.hierarchical.ThrowableCollector.execute(ThrowableCollector.java:73)
	at org.junit.platform.engine.support.hierarchical.NodeTestTask.executeRecursively(NodeTestTask.java:144)
	at org.junit.platform.engine.support.hierarchical.NodeTestTask.execute(NodeTestTask.java:101)
	at java.base/java.util.ArrayList.forEach(ArrayList.java:1596)
	at org.junit.platform.engine.support.hierarchical.SameThreadHierarchicalTestExecutorService.invokeAll(SameThreadHierarchicalTestExecutorService.java:41)
	at org.junit.platform.engine.support.hierarchical.NodeTestTask.lambda$executeRecursively$6(NodeTestTask.java:161)
	at org.junit.platform.engine.support.hierarchical.ThrowableCollector.execute(ThrowableCollector.java:73)
	at org.junit.platform.engine.support.hierarchical.NodeTestTask.lambda$executeRecursively$8(NodeTestTask.java:147)
	at org.junit.platform.engine.support.hierarchical.Node.around(Node.java:137)
	at org.junit.platform.engine.support.hierarchical.NodeTestTask.lambda$executeRecursively$9(NodeTestTask.java:145)
	at org.junit.platform.engine.support.hierarchical.ThrowableCollector.execute(ThrowableCollector.java:73)
	at org.junit.platform.engine.support.hierarchical.NodeTestTask.executeRecursively(NodeTestTask.java:144)
	at org.junit.platform.engine.support.hierarchical.NodeTestTask.execute(NodeTestTask.java:101)
	at org.junit.platform.engine.support.hierarchical.SameThreadHierarchicalTestExecutorService.submit(SameThreadHierarchicalTestExecutorService.java:35)
	at org.junit.platform.engine.support.hierarchical.HierarchicalTestExecutor.execute(HierarchicalTestExecutor.java:57)
	at org.junit.platform.engine.support.hierarchical.HierarchicalTestEngine.execute(HierarchicalTestEngine.java:54)
	at org.junit.platform.launcher.core.EngineExecutionOrchestrator.executeEngine(EngineExecutionOrchestrator.java:230)
	at org.junit.platform.launcher.core.EngineExecutionOrchestrator.failOrExecuteEngine(EngineExecutionOrchestrator.java:204)
	at org.junit.platform.launcher.core.EngineExecutionOrchestrator.execute(EngineExecutionOrchestrator.java:172)
	at org.junit.platform.launcher.core.EngineExecutionOrchestrator.execute(EngineExecutionOrchestrator.java:101)
	at org.junit.platform.launcher.core.EngineExecutionOrchestrator.lambda$execute$0(EngineExecutionOrchestrator.java:64)
	at org.junit.platform.launcher.core.EngineExecutionOrchestrator.withInterceptedStreams(EngineExecutionOrchestrator.java:150)
	at org.junit.platform.launcher.core.EngineExecutionOrchestrator.execute(EngineExecutionOrchestrator.java:63)
	at org.junit.platform.launcher.core.DefaultLauncher.execute(DefaultLauncher.java:109)
	at org.junit.platform.launcher.core.DefaultLauncher.execute(DefaultLauncher.java:91)
	at org.junit.platform.launcher.core.DelegatingLauncher.execute(DelegatingLauncher.java:47)
	at org.junit.platform.launcher.core.InterceptingLauncher.lambda$execute$1(InterceptingLauncher.java:39)
	at org.junit.platform.launcher.core.ClasspathAlignmentCheckingLauncherInterceptor.intercept(ClasspathAlignmentCheckingLauncherInterceptor.java:25)
	at org.junit.platform.launcher.core.InterceptingLauncher.execute(InterceptingLauncher.java:38)
	at org.junit.platform.launcher.core.DelegatingLauncher.execute(DelegatingLauncher.java:47)
	at org.apache.maven.surefire.junitplatform.LazyLauncher.execute(LazyLauncher.java:56)
	at org.apache.maven.surefire.junitplatform.JUnitPlatformProvider.execute(JUnitPlatformProvider.java:184)
	at org.apache.maven.surefire.junitplatform.JUnitPlatformProvider.invokeAllTests(JUnitPlatformProvider.java:148)
	at org.apache.maven.surefire.junitplatform.JUnitPlatformProvider.invoke(JUnitPlatformProvider.java:122)
	at org.apache.maven.surefire.booter.ForkedBooter.runSuitesInProcess(ForkedBooter.java:385)
	at org.apache.maven.surefire.booter.ForkedBooter.execute(ForkedBooter.java:162)
	at org.apache.maven.surefire.booter.ForkedBooter.run(ForkedBooter.java:507)
	at org.apache.maven.surefire.booter.ForkedBooter.main(ForkedBooter.java:495)
Caused by: org.h2.jdbc.JdbcSQLIntegrityConstraintViolationException: Referential integrity constraint violation: "fk_calendar_orders_calendar: public.calendar_orders FOREIGN KEY(calendar_id) REFERENCES public.user_calendars(id) (UUID '64a03851-2aa9-457e-88c7-981b4be3d2c9')"; SQL statement:
insert into calendar_orders (calendar_id,created,notes,paid_at,quantity,shipped_at,shipping_address,status,stripe_charge_id,stripe_payment_intent_id,total_price,unit_price,updated,user_id,version,id) values (?,?,?,?,?,?,?,?,?,?,?,?,?,?,?,?) [23506-230]
	at org.h2.message.DbException.getJdbcSQLException(DbException.java:520)
	at org.h2.message.DbException.getJdbcSQLException(DbException.java:489)
	at org.h2.message.DbException.get(DbException.java:223)
	at org.h2.message.DbException.get(DbException.java:199)
	at org.h2.constraint.ConstraintReferential.checkRowOwnTable(ConstraintReferential.java:308)
	at org.h2.constraint.ConstraintReferential.checkRow(ConstraintReferential.java:249)
	at org.h2.table.Table.fireConstraints(Table.java:1227)
	at org.h2.table.Table.fireAfterRow(Table.java:1245)
	at org.h2.command.dml.Insert.insertRows(Insert.java:188)
	at org.h2.command.dml.Insert.update(Insert.java:135)
	at org.h2.command.dml.DataChangeStatement.update(DataChangeStatement.java:74)
	at org.h2.command.CommandContainer.update(CommandContainer.java:139)
	at org.h2.command.Command.executeUpdate(Command.java:304)
	at org.h2.command.Command.executeUpdate(Command.java:248)
	at org.h2.jdbc.JdbcPreparedStatement.executeUpdateInternal(JdbcPreparedStatement.java:213)
	at org.h2.jdbc.JdbcPreparedStatement.executeUpdate(JdbcPreparedStatement.java:172)
	at io.agroal.pool.wrapper.PreparedStatementWrapper.executeUpdate(PreparedStatementWrapper.java:90)
	at org.hibernate.engine.jdbc.internal.ResultSetReturnImpl.executeUpdate(ResultSetReturnImpl.java:190)
	... 115 more

[Hibernate] 
    delete 
    from
        calendar_orders co1_0
[Hibernate] 
    delete 
    from
        user_calendars uc1_0
[Hibernate] 
    delete 
    from
        page_views pv1_0
[Hibernate] 
    delete 
    from
        analytics_rollups ar1_0
2025-10-17 04:13:21,996 WARN  [org.hib.orm.jdb.error] (main) HHH000247: ErrorCode: 42102, SQLState: 42S02
2025-10-17 04:13:21,997 WARN  [org.hib.orm.jdb.error] (main) Table "analytics_rollups" not found; SQL statement:
delete from analytics_rollups ar1_0 [42102-230]
[Hibernate] 
    delete 
    from
        delayed_jobs dj1_0
[Hibernate] 
    delete 
    from
        calendar_users cu1_0
[Hibernate] 
    delete 
    from
        calendar_templates ct1_0
[Hibernate] 
    insert 
    into
        calendar_users
        (created, display_name, email, is_admin, last_login_at, oauth_provider, oauth_subject, profile_image_url, updated, version, id) 
    values
        (?, ?, ?, ?, ?, ?, ?, ?, ?, ?, ?)
[Hibernate] 
    insert 
    into
        calendar_templates
        (configuration, created, description, display_order, is_active, is_featured, name, preview_svg, thumbnail_url, updated, version, id) 
    values
        (?, ?, ?, ?, ?, ?, ?, ?, ?, ?, ?, ?)
[Hibernate] 
    insert 
    into
        user_calendars
        (configuration, created, generated_pdf_url, generated_svg, is_public, name, session_id, template_id, updated, user_id, version, "year", id) 
    values
        (?, ?, ?, ?, ?, ?, ?, ?, ?, ?, ?, ?, ?)
[Hibernate] 
    delete 
    from
        calendar_orders co1_0
[Hibernate] 
    delete 
    from
        user_calendars uc1_0
[Hibernate] 
    delete 
    from
        page_views pv1_0
[Hibernate] 
    delete 
    from
        analytics_rollups ar1_0
2025-10-17 04:13:22,001 WARN  [org.hib.orm.jdb.error] (main) HHH000247: ErrorCode: 42102, SQLState: 42S02
2025-10-17 04:13:22,001 WARN  [org.hib.orm.jdb.error] (main) Table "analytics_rollups" not found; SQL statement:
delete from analytics_rollups ar1_0 [42102-230]
[Hibernate] 
    delete 
    from
        delayed_jobs dj1_0
[Hibernate] 
    delete 
    from
        calendar_users cu1_0
[Hibernate] 
    delete 
    from
        calendar_templates ct1_0
[Hibernate] 
    insert 
    into
        calendar_users
        (created, display_name, email, is_admin, last_login_at, oauth_provider, oauth_subject, profile_image_url, updated, version, id) 
    values
        (?, ?, ?, ?, ?, ?, ?, ?, ?, ?, ?)
[Hibernate] 
    insert 
    into
        calendar_templates
        (configuration, created, description, display_order, is_active, is_featured, name, preview_svg, thumbnail_url, updated, version, id) 
    values
        (?, ?, ?, ?, ?, ?, ?, ?, ?, ?, ?, ?)
[Hibernate] 
    insert 
    into
        user_calendars
        (configuration, created, generated_pdf_url, generated_svg, is_public, name, session_id, template_id, updated, user_id, version, "year", id) 
    values
        (?, ?, ?, ?, ?, ?, ?, ?, ?, ?, ?, ?, ?)
[Hibernate] 
    insert 
    into
        calendar_orders
        (calendar_id, created, notes, paid_at, quantity, shipped_at, shipping_address, status, stripe_charge_id, stripe_payment_intent_id, total_price, unit_price, updated, user_id, version, id) 
    values
        (?, ?, ?, ?, ?, ?, ?, ?, ?, ?, ?, ?, ?, ?, ?, ?)
2025-10-17 04:13:22,005 WARN  [org.hib.orm.jdb.error] (main) HHH000247: ErrorCode: 23506, SQLState: 23506
2025-10-17 04:13:22,005 WARN  [org.hib.orm.jdb.error] (main) Referential integrity constraint violation: "fk_calendar_orders_calendar: public.calendar_orders FOREIGN KEY(calendar_id) REFERENCES public.user_calendars(id) (UUID '2e02bdc0-7c44-44a0-9899-1e45a8d188fe')"; SQL statement:
insert into calendar_orders (calendar_id,created,notes,paid_at,quantity,shipped_at,shipping_address,status,stripe_charge_id,stripe_payment_intent_id,total_price,unit_price,updated,user_id,version,id) values (?,?,?,?,?,?,?,?,?,?,?,?,?,?,?,?) [23506-230]
[Hibernate] 
    delete 
    from
        calendar_orders co1_0
[Hibernate] 
    delete 
    from
        user_calendars uc1_0
[Hibernate] 
    delete 
    from
        page_views pv1_0
[Hibernate] 
    delete 
    from
        analytics_rollups ar1_0
2025-10-17 04:13:22,008 WARN  [org.hib.orm.jdb.error] (main) HHH000247: ErrorCode: 42102, SQLState: 42S02
2025-10-17 04:13:22,008 WARN  [org.hib.orm.jdb.error] (main) Table "analytics_rollups" not found; SQL statement:
delete from analytics_rollups ar1_0 [42102-230]
[Hibernate] 
    delete 
    from
        delayed_jobs dj1_0
[Hibernate] 
    delete 
    from
        calendar_users cu1_0
[Hibernate] 
    delete 
    from
        calendar_templates ct1_0
[Hibernate] 
    insert 
    into
        calendar_users
        (created, display_name, email, is_admin, last_login_at, oauth_provider, oauth_subject, profile_image_url, updated, version, id) 
    values
        (?, ?, ?, ?, ?, ?, ?, ?, ?, ?, ?)
[Hibernate] 
    insert 
    into
        calendar_templates
        (configuration, created, description, display_order, is_active, is_featured, name, preview_svg, thumbnail_url, updated, version, id) 
    values
        (?, ?, ?, ?, ?, ?, ?, ?, ?, ?, ?, ?)
[Hibernate] 
    insert 
    into
        user_calendars
        (configuration, created, generated_pdf_url, generated_svg, is_public, name, session_id, template_id, updated, user_id, version, "year", id) 
    values
        (?, ?, ?, ?, ?, ?, ?, ?, ?, ?, ?, ?, ?)
[Hibernate] 
    delete 
    from
        calendar_orders co1_0
[Hibernate] 
    delete 
    from
        user_calendars uc1_0
[Hibernate] 
    delete 
    from
        page_views pv1_0
[Hibernate] 
    delete 
    from
        analytics_rollups ar1_0
2025-10-17 04:13:22,012 WARN  [org.hib.orm.jdb.error] (main) HHH000247: ErrorCode: 42102, SQLState: 42S02
2025-10-17 04:13:22,012 WARN  [org.hib.orm.jdb.error] (main) Table "analytics_rollups" not found; SQL statement:
delete from analytics_rollups ar1_0 [42102-230]
[Hibernate] 
    delete 
    from
        delayed_jobs dj1_0
[Hibernate] 
    delete 
    from
        calendar_users cu1_0
[Hibernate] 
    delete 
    from
        calendar_templates ct1_0
[Hibernate] 
    insert 
    into
        calendar_users
        (created, display_name, email, is_admin, last_login_at, oauth_provider, oauth_subject, profile_image_url, updated, version, id) 
    values
        (?, ?, ?, ?, ?, ?, ?, ?, ?, ?, ?)
[Hibernate] 
    insert 
    into
        calendar_templates
        (configuration, created, description, display_order, is_active, is_featured, name, preview_svg, thumbnail_url, updated, version, id) 
    values
        (?, ?, ?, ?, ?, ?, ?, ?, ?, ?, ?, ?)
[Hibernate] 
    insert 
    into
        user_calendars
        (configuration, created, generated_pdf_url, generated_svg, is_public, name, session_id, template_id, updated, user_id, version, "year", id) 
    values
        (?, ?, ?, ?, ?, ?, ?, ?, ?, ?, ?, ?, ?)
[Hibernate] 
    delete 
    from
        calendar_orders co1_0
[Hibernate] 
    delete 
    from
        user_calendars uc1_0
[Hibernate] 
    delete 
    from
        page_views pv1_0
[Hibernate] 
    delete 
    from
        analytics_rollups ar1_0
2025-10-17 04:13:22,016 WARN  [org.hib.orm.jdb.error] (main) HHH000247: ErrorCode: 42102, SQLState: 42S02
2025-10-17 04:13:22,016 WARN  [org.hib.orm.jdb.error] (main) Table "analytics_rollups" not found; SQL statement:
delete from analytics_rollups ar1_0 [42102-230]
[Hibernate] 
    delete 
    from
        delayed_jobs dj1_0
[Hibernate] 
    delete 
    from
        calendar_users cu1_0
[Hibernate] 
    delete 
    from
        calendar_templates ct1_0
[Hibernate] 
    insert 
    into
        calendar_users
        (created, display_name, email, is_admin, last_login_at, oauth_provider, oauth_subject, profile_image_url, updated, version, id) 
    values
        (?, ?, ?, ?, ?, ?, ?, ?, ?, ?, ?)
[Hibernate] 
    insert 
    into
        calendar_templates
        (configuration, created, description, display_order, is_active, is_featured, name, preview_svg, thumbnail_url, updated, version, id) 
    values
        (?, ?, ?, ?, ?, ?, ?, ?, ?, ?, ?, ?)
[Hibernate] 
    insert 
    into
        user_calendars
        (configuration, created, generated_pdf_url, generated_svg, is_public, name, session_id, template_id, updated, user_id, version, "year", id) 
    values
        (?, ?, ?, ?, ?, ?, ?, ?, ?, ?, ?, ?, ?)
[Hibernate] 
    insert 
    into
        calendar_orders
        (calendar_id, created, notes, paid_at, quantity, shipped_at, shipping_address, status, stripe_charge_id, stripe_payment_intent_id, total_price, unit_price, updated, user_id, version, id) 
    values
        (?, ?, ?, ?, ?, ?, ?, ?, ?, ?, ?, ?, ?, ?, ?, ?)
2025-10-17 04:13:22,018 WARN  [org.hib.orm.jdb.error] (main) HHH000247: ErrorCode: 23506, SQLState: 23506
2025-10-17 04:13:22,018 WARN  [org.hib.orm.jdb.error] (main) Referential integrity constraint violation: "fk_calendar_orders_calendar: public.calendar_orders FOREIGN KEY(calendar_id) REFERENCES public.user_calendars(id) (UUID 'efccc2c6-e8d7-444a-b03d-16b20feb3051')"; SQL statement:
insert into calendar_orders (calendar_id,created,notes,paid_at,quantity,shipped_at,shipping_address,status,stripe_charge_id,stripe_payment_intent_id,total_price,unit_price,updated,user_id,version,id) values (?,?,?,?,?,?,?,?,?,?,?,?,?,?,?,?) [23506-230]
2025-10-17 04:13:22,018 WARN  [com.arj.ats.arjuna] (main) ARJUNA012125: TwoPhaseCoordinator.beforeCompletion - failed for SynchronizationImple< 0:ffff7f000001:d824:68f1faa0:20c, org.hibernate.resource.transaction.backend.jta.internal.synchronization.RegisteredSynchronization@7e84a54d >: org.hibernate.exception.ConstraintViolationException: could not execute statement [Referential integrity constraint violation: "fk_calendar_orders_calendar: public.calendar_orders FOREIGN KEY(calendar_id) REFERENCES public.user_calendars(id) (UUID 'efccc2c6-e8d7-444a-b03d-16b20feb3051')"; SQL statement:
insert into calendar_orders (calendar_id,created,notes,paid_at,quantity,shipped_at,shipping_address,status,stripe_charge_id,stripe_payment_intent_id,total_price,unit_price,updated,user_id,version,id) values (?,?,?,?,?,?,?,?,?,?,?,?,?,?,?,?) [23506-230]] [insert into calendar_orders (calendar_id,created,notes,paid_at,quantity,shipped_at,shipping_address,status,stripe_charge_id,stripe_payment_intent_id,total_price,unit_price,updated,user_id,version,id) values (?,?,?,?,?,?,?,?,?,?,?,?,?,?,?,?)]
	at org.hibernate.dialect.H2Dialect.lambda$buildSQLExceptionConversionDelegate$1(H2Dialect.java:853)
	at org.hibernate.exception.internal.StandardSQLExceptionConverter.convert(StandardSQLExceptionConverter.java:34)
	at org.hibernate.engine.jdbc.spi.SqlExceptionHelper.convert(SqlExceptionHelper.java:115)
	at org.hibernate.engine.jdbc.internal.ResultSetReturnImpl.executeUpdate(ResultSetReturnImpl.java:193)
	at org.hibernate.engine.jdbc.mutation.internal.AbstractMutationExecutor.performNonBatchedMutation(AbstractMutationExecutor.java:148)
	at org.hibernate.engine.jdbc.mutation.internal.MutationExecutorSingleNonBatched.performNonBatchedOperations(MutationExecutorSingleNonBatched.java:53)
	at org.hibernate.engine.jdbc.mutation.internal.AbstractMutationExecutor.execute(AbstractMutationExecutor.java:66)
	at org.hibernate.engine.jdbc.mutation.internal.AbstractMutationExecutor.execute(AbstractMutationExecutor.java:55)
	at org.hibernate.persister.entity.mutation.InsertCoordinatorStandard.doStaticInserts(InsertCoordinatorStandard.java:191)
	at org.hibernate.persister.entity.mutation.InsertCoordinatorStandard.coordinateInsert(InsertCoordinatorStandard.java:129)
	at org.hibernate.persister.entity.mutation.InsertCoordinatorStandard.insert(InsertCoordinatorStandard.java:101)
	at org.hibernate.action.internal.EntityInsertAction.execute(EntityInsertAction.java:113)
	at org.hibernate.engine.spi.ActionQueue.executeActions(ActionQueue.java:646)
	at org.hibernate.engine.spi.ActionQueue.executeActions(ActionQueue.java:513)
	at org.hibernate.event.internal.AbstractFlushingEventListener.performExecutions(AbstractFlushingEventListener.java:378)
	at org.hibernate.event.internal.DefaultFlushEventListener.onFlush(DefaultFlushEventListener.java:39)
	at org.hibernate.event.service.internal.EventListenerGroupImpl.fireEventOnEachListener(EventListenerGroupImpl.java:140)
	at org.hibernate.internal.SessionImpl.doFlush(SessionImpl.java:1443)
	at org.hibernate.internal.SessionImpl.managedFlush(SessionImpl.java:488)
	at org.hibernate.internal.SessionImpl.flushBeforeTransactionCompletion(SessionImpl.java:2321)
	at org.hibernate.internal.SessionImpl.beforeTransactionCompletion(SessionImpl.java:2029)
	at org.hibernate.engine.jdbc.internal.JdbcCoordinatorImpl.beforeTransactionCompletion(JdbcCoordinatorImpl.java:394)
	at org.hibernate.resource.transaction.backend.jta.internal.JtaTransactionCoordinatorImpl.beforeCompletion(JtaTransactionCoordinatorImpl.java:328)
	at org.hibernate.resource.transaction.backend.jta.internal.synchronization.SynchronizationCallbackCoordinatorNonTrackingImpl.beforeCompletion(SynchronizationCallbackCoordinatorNonTrackingImpl.java:39)
	at org.hibernate.resource.transaction.backend.jta.internal.synchronization.RegisteredSynchronization.beforeCompletion(RegisteredSynchronization.java:33)
	at com.arjuna.ats.internal.jta.resources.arjunacore.SynchronizationImple.beforeCompletion(SynchronizationImple.java:52)
	at com.arjuna.ats.arjuna.coordinator.TwoPhaseCoordinator.beforeCompletion(TwoPhaseCoordinator.java:348)
	at com.arjuna.ats.arjuna.coordinator.TwoPhaseCoordinator.end(TwoPhaseCoordinator.java:66)
	at com.arjuna.ats.arjuna.AtomicAction.commit(AtomicAction.java:135)
	at com.arjuna.ats.internal.jta.transaction.arjunacore.TransactionImple.commitAndDisassociate(TransactionImple.java:1307)
	at com.arjuna.ats.internal.jta.transaction.arjunacore.BaseTransaction.commit(BaseTransaction.java:104)
	at io.quarkus.narayana.jta.runtime.NotifyingTransactionManager.commit(NotifyingTransactionManager.java:70)
	at io.quarkus.narayana.jta.runtime.interceptor.TransactionalInterceptorBase.endTransaction(TransactionalInterceptorBase.java:406)
	at io.quarkus.narayana.jta.runtime.interceptor.TransactionalInterceptorBase.invokeInOurTx(TransactionalInterceptorBase.java:175)
	at io.quarkus.narayana.jta.runtime.interceptor.TransactionalInterceptorBase.invokeInOurTx(TransactionalInterceptorBase.java:107)
	at io.quarkus.narayana.jta.runtime.interceptor.TransactionalInterceptorRequired.doIntercept(TransactionalInterceptorRequired.java:38)
	at io.quarkus.narayana.jta.runtime.interceptor.TransactionalInterceptorBase.intercept(TransactionalInterceptorBase.java:61)
	at io.quarkus.narayana.jta.runtime.interceptor.TransactionalInterceptorRequired.intercept(TransactionalInterceptorRequired.java:32)
	at io.quarkus.narayana.jta.runtime.interceptor.TransactionalInterceptorRequired_Bean.intercept(Unknown Source)
	at io.quarkus.arc.impl.InterceptorInvocation.invoke(InterceptorInvocation.java:42)
	at io.quarkus.arc.impl.AroundInvokeInvocationContext.perform(AroundInvokeInvocationContext.java:30)
	at io.quarkus.arc.impl.InvocationContexts.performAroundInvoke(InvocationContexts.java:27)
	at villagecompute.calendar.data.models.CalendarOrderTest_Subclass.testMarkAsShipped(Unknown Source)
	at java.base/jdk.internal.reflect.DirectMethodHandleAccessor.invoke(DirectMethodHandleAccessor.java:103)
	at java.base/java.lang.reflect.Method.invoke(Method.java:580)
	at io.quarkus.test.junit.QuarkusTestExtension.runExtensionMethod(QuarkusTestExtension.java:1000)
	at io.quarkus.test.junit.QuarkusTestExtension.interceptTestMethod(QuarkusTestExtension.java:848)
	at org.junit.jupiter.engine.execution.InterceptingExecutableInvoker$ReflectiveInterceptorCall.lambda$ofVoidMethod$0(InterceptingExecutableInvoker.java:112)
	at org.junit.jupiter.engine.execution.InterceptingExecutableInvoker.lambda$invoke$0(InterceptingExecutableInvoker.java:94)
	at org.junit.jupiter.engine.execution.InvocationInterceptorChain$InterceptedInvocation.proceed(InvocationInterceptorChain.java:106)
	at org.junit.jupiter.engine.extension.TimeoutExtension.intercept(TimeoutExtension.java:161)
	at org.junit.jupiter.engine.extension.TimeoutExtension.interceptTestableMethod(TimeoutExtension.java:152)
	at org.junit.jupiter.engine.extension.TimeoutExtension.interceptTestMethod(TimeoutExtension.java:91)
	at org.junit.jupiter.engine.execution.InterceptingExecutableInvoker$ReflectiveInterceptorCall.lambda$ofVoidMethod$0(InterceptingExecutableInvoker.java:112)
	at org.junit.jupiter.engine.execution.InterceptingExecutableInvoker.lambda$invoke$0(InterceptingExecutableInvoker.java:94)
	at org.junit.jupiter.engine.execution.InvocationInterceptorChain$InterceptedInvocation.proceed(InvocationInterceptorChain.java:106)
	at org.junit.jupiter.engine.execution.InvocationInterceptorChain.proceed(InvocationInterceptorChain.java:64)
	at org.junit.jupiter.engine.execution.InvocationInterceptorChain.chainAndInvoke(InvocationInterceptorChain.java:45)
	at org.junit.jupiter.engine.execution.InvocationInterceptorChain.invoke(InvocationInterceptorChain.java:37)
	at org.junit.jupiter.engine.execution.InterceptingExecutableInvoker.invoke(InterceptingExecutableInvoker.java:93)
	at org.junit.jupiter.engine.execution.InterceptingExecutableInvoker.invoke(InterceptingExecutableInvoker.java:87)
	at org.junit.jupiter.engine.descriptor.TestMethodTestDescriptor.lambda$invokeTestMethod$4(TestMethodTestDescriptor.java:221)
	at org.junit.platform.engine.support.hierarchical.ThrowableCollector.execute(ThrowableCollector.java:73)
	at org.junit.jupiter.engine.descriptor.TestMethodTestDescriptor.invokeTestMethod(TestMethodTestDescriptor.java:217)
	at org.junit.jupiter.engine.descriptor.TestMethodTestDescriptor.execute(TestMethodTestDescriptor.java:159)
	at org.junit.jupiter.engine.descriptor.TestMethodTestDescriptor.execute(TestMethodTestDescriptor.java:70)
	at org.junit.platform.engine.support.hierarchical.NodeTestTask.lambda$executeRecursively$6(NodeTestTask.java:157)
	at org.junit.platform.engine.support.hierarchical.ThrowableCollector.execute(ThrowableCollector.java:73)
	at org.junit.platform.engine.support.hierarchical.NodeTestTask.lambda$executeRecursively$8(NodeTestTask.java:147)
	at org.junit.platform.engine.support.hierarchical.Node.around(Node.java:137)
	at org.junit.platform.engine.support.hierarchical.NodeTestTask.lambda$executeRecursively$9(NodeTestTask.java:145)
	at org.junit.platform.engine.support.hierarchical.ThrowableCollector.execute(ThrowableCollector.java:73)
	at org.junit.platform.engine.support.hierarchical.NodeTestTask.executeRecursively(NodeTestTask.java:144)
	at org.junit.platform.engine.support.hierarchical.NodeTestTask.execute(NodeTestTask.java:101)
	at java.base/java.util.ArrayList.forEach(ArrayList.java:1596)
	at org.junit.platform.engine.support.hierarchical.SameThreadHierarchicalTestExecutorService.invokeAll(SameThreadHierarchicalTestExecutorService.java:41)
	at org.junit.platform.engine.support.hierarchical.NodeTestTask.lambda$executeRecursively$6(NodeTestTask.java:161)
	at org.junit.platform.engine.support.hierarchical.ThrowableCollector.execute(ThrowableCollector.java:73)
	at org.junit.platform.engine.support.hierarchical.NodeTestTask.lambda$executeRecursively$8(NodeTestTask.java:147)
	at org.junit.platform.engine.support.hierarchical.Node.around(Node.java:137)
	at org.junit.platform.engine.support.hierarchical.NodeTestTask.lambda$executeRecursively$9(NodeTestTask.java:145)
	at org.junit.platform.engine.support.hierarchical.ThrowableCollector.execute(ThrowableCollector.java:73)
	at org.junit.platform.engine.support.hierarchical.NodeTestTask.executeRecursively(NodeTestTask.java:144)
	at org.junit.platform.engine.support.hierarchical.NodeTestTask.execute(NodeTestTask.java:101)
	at java.base/java.util.ArrayList.forEach(ArrayList.java:1596)
	at org.junit.platform.engine.support.hierarchical.SameThreadHierarchicalTestExecutorService.invokeAll(SameThreadHierarchicalTestExecutorService.java:41)
	at org.junit.platform.engine.support.hierarchical.NodeTestTask.lambda$executeRecursively$6(NodeTestTask.java:161)
	at org.junit.platform.engine.support.hierarchical.ThrowableCollector.execute(ThrowableCollector.java:73)
	at org.junit.platform.engine.support.hierarchical.NodeTestTask.lambda$executeRecursively$8(NodeTestTask.java:147)
	at org.junit.platform.engine.support.hierarchical.Node.around(Node.java:137)
	at org.junit.platform.engine.support.hierarchical.NodeTestTask.lambda$executeRecursively$9(NodeTestTask.java:145)
	at org.junit.platform.engine.support.hierarchical.ThrowableCollector.execute(ThrowableCollector.java:73)
	at org.junit.platform.engine.support.hierarchical.NodeTestTask.executeRecursively(NodeTestTask.java:144)
	at org.junit.platform.engine.support.hierarchical.NodeTestTask.execute(NodeTestTask.java:101)
	at org.junit.platform.engine.support.hierarchical.SameThreadHierarchicalTestExecutorService.submit(SameThreadHierarchicalTestExecutorService.java:35)
	at org.junit.platform.engine.support.hierarchical.HierarchicalTestExecutor.execute(HierarchicalTestExecutor.java:57)
	at org.junit.platform.engine.support.hierarchical.HierarchicalTestEngine.execute(HierarchicalTestEngine.java:54)
	at org.junit.platform.launcher.core.EngineExecutionOrchestrator.executeEngine(EngineExecutionOrchestrator.java:230)
	at org.junit.platform.launcher.core.EngineExecutionOrchestrator.failOrExecuteEngine(EngineExecutionOrchestrator.java:204)
	at org.junit.platform.launcher.core.EngineExecutionOrchestrator.execute(EngineExecutionOrchestrator.java:172)
	at org.junit.platform.launcher.core.EngineExecutionOrchestrator.execute(EngineExecutionOrchestrator.java:101)
	at org.junit.platform.launcher.core.EngineExecutionOrchestrator.lambda$execute$0(EngineExecutionOrchestrator.java:64)
	at org.junit.platform.launcher.core.EngineExecutionOrchestrator.withInterceptedStreams(EngineExecutionOrchestrator.java:150)
	at org.junit.platform.launcher.core.EngineExecutionOrchestrator.execute(EngineExecutionOrchestrator.java:63)
	at org.junit.platform.launcher.core.DefaultLauncher.execute(DefaultLauncher.java:109)
	at org.junit.platform.launcher.core.DefaultLauncher.execute(DefaultLauncher.java:91)
	at org.junit.platform.launcher.core.DelegatingLauncher.execute(DelegatingLauncher.java:47)
	at org.junit.platform.launcher.core.InterceptingLauncher.lambda$execute$1(InterceptingLauncher.java:39)
	at org.junit.platform.launcher.core.ClasspathAlignmentCheckingLauncherInterceptor.intercept(ClasspathAlignmentCheckingLauncherInterceptor.java:25)
	at org.junit.platform.launcher.core.InterceptingLauncher.execute(InterceptingLauncher.java:38)
	at org.junit.platform.launcher.core.DelegatingLauncher.execute(DelegatingLauncher.java:47)
	at org.apache.maven.surefire.junitplatform.LazyLauncher.execute(LazyLauncher.java:56)
	at org.apache.maven.surefire.junitplatform.JUnitPlatformProvider.execute(JUnitPlatformProvider.java:184)
	at org.apache.maven.surefire.junitplatform.JUnitPlatformProvider.invokeAllTests(JUnitPlatformProvider.java:148)
	at org.apache.maven.surefire.junitplatform.JUnitPlatformProvider.invoke(JUnitPlatformProvider.java:122)
	at org.apache.maven.surefire.booter.ForkedBooter.runSuitesInProcess(ForkedBooter.java:385)
	at org.apache.maven.surefire.booter.ForkedBooter.execute(ForkedBooter.java:162)
	at org.apache.maven.surefire.booter.ForkedBooter.run(ForkedBooter.java:507)
	at org.apache.maven.surefire.booter.ForkedBooter.main(ForkedBooter.java:495)
Caused by: org.h2.jdbc.JdbcSQLIntegrityConstraintViolationException: Referential integrity constraint violation: "fk_calendar_orders_calendar: public.calendar_orders FOREIGN KEY(calendar_id) REFERENCES public.user_calendars(id) (UUID 'efccc2c6-e8d7-444a-b03d-16b20feb3051')"; SQL statement:
insert into calendar_orders (calendar_id,created,notes,paid_at,quantity,shipped_at,shipping_address,status,stripe_charge_id,stripe_payment_intent_id,total_price,unit_price,updated,user_id,version,id) values (?,?,?,?,?,?,?,?,?,?,?,?,?,?,?,?) [23506-230]
	at org.h2.message.DbException.getJdbcSQLException(DbException.java:520)
	at org.h2.message.DbException.getJdbcSQLException(DbException.java:489)
	at org.h2.message.DbException.get(DbException.java:223)
	at org.h2.message.DbException.get(DbException.java:199)
	at org.h2.constraint.ConstraintReferential.checkRowOwnTable(ConstraintReferential.java:308)
	at org.h2.constraint.ConstraintReferential.checkRow(ConstraintReferential.java:249)
	at org.h2.table.Table.fireConstraints(Table.java:1227)
	at org.h2.table.Table.fireAfterRow(Table.java:1245)
	at org.h2.command.dml.Insert.insertRows(Insert.java:188)
	at org.h2.command.dml.Insert.update(Insert.java:135)
	at org.h2.command.dml.DataChangeStatement.update(DataChangeStatement.java:74)
	at org.h2.command.CommandContainer.update(CommandContainer.java:139)
	at org.h2.command.Command.executeUpdate(Command.java:304)
	at org.h2.command.Command.executeUpdate(Command.java:248)
	at org.h2.jdbc.JdbcPreparedStatement.executeUpdateInternal(JdbcPreparedStatement.java:213)
	at org.h2.jdbc.JdbcPreparedStatement.executeUpdate(JdbcPreparedStatement.java:172)
	at io.agroal.pool.wrapper.PreparedStatementWrapper.executeUpdate(PreparedStatementWrapper.java:90)
	at org.hibernate.engine.jdbc.internal.ResultSetReturnImpl.executeUpdate(ResultSetReturnImpl.java:190)
	... 115 more

[ERROR] Tests run: 23, Failures: 1, Errors: 15, Skipped: 0, Time elapsed: 0.150 s <<< FAILURE! -- in villagecompute.calendar.data.models.CalendarOrderTest
[ERROR] villagecompute.calendar.data.models.CalendarOrderTest.testJsonbSerialization_ShippingAddress -- Time elapsed: 0.010 s <<< ERROR!
io.quarkus.arc.ArcUndeclaredThrowableException: Error invoking subclass method
	at villagecompute.calendar.data.models.CalendarOrderTest_Subclass.testJsonbSerialization_ShippingAddress(Unknown Source)
	at java.base/java.lang.reflect.Method.invoke(Method.java:580)
	at io.quarkus.test.junit.QuarkusTestExtension.runExtensionMethod(QuarkusTestExtension.java:1000)
	at io.quarkus.test.junit.QuarkusTestExtension.interceptTestMethod(QuarkusTestExtension.java:848)
	at java.base/java.util.ArrayList.forEach(ArrayList.java:1596)
	at java.base/java.util.ArrayList.forEach(ArrayList.java:1596)
	Suppressed: org.hibernate.exception.ConstraintViolationException: could not execute statement [Referential integrity constraint violation: "fk_calendar_orders_calendar: public.calendar_orders FOREIGN KEY(calendar_id) REFERENCES public.user_calendars(id) (UUID '6d4867a8-9ccb-44e8-bc2c-f771ce7f3a0a')"; SQL statement:
insert into calendar_orders (calendar_id,created,notes,paid_at,quantity,shipped_at,shipping_address,status,stripe_charge_id,stripe_payment_intent_id,total_price,unit_price,updated,user_id,version,id) values (?,?,?,?,?,?,?,?,?,?,?,?,?,?,?,?) [23506-230]] [insert into calendar_orders (calendar_id,created,notes,paid_at,quantity,shipped_at,shipping_address,status,stripe_charge_id,stripe_payment_intent_id,total_price,unit_price,updated,user_id,version,id) values (?,?,?,?,?,?,?,?,?,?,?,?,?,?,?,?)]
		at org.hibernate.dialect.H2Dialect.lambda$buildSQLExceptionConversionDelegate$1(H2Dialect.java:853)
		at org.hibernate.exception.internal.StandardSQLExceptionConverter.convert(StandardSQLExceptionConverter.java:34)
		at org.hibernate.engine.jdbc.spi.SqlExceptionHelper.convert(SqlExceptionHelper.java:115)
		at org.hibernate.engine.jdbc.internal.ResultSetReturnImpl.executeUpdate(ResultSetReturnImpl.java:193)
		at org.hibernate.engine.jdbc.mutation.internal.AbstractMutationExecutor.performNonBatchedMutation(AbstractMutationExecutor.java:148)
		at org.hibernate.engine.jdbc.mutation.internal.MutationExecutorSingleNonBatched.performNonBatchedOperations(MutationExecutorSingleNonBatched.java:53)
		at org.hibernate.engine.jdbc.mutation.internal.AbstractMutationExecutor.execute(AbstractMutationExecutor.java:66)
		at org.hibernate.engine.jdbc.mutation.internal.AbstractMutationExecutor.execute(AbstractMutationExecutor.java:55)
		at org.hibernate.persister.entity.mutation.InsertCoordinatorStandard.doStaticInserts(InsertCoordinatorStandard.java:191)
		at org.hibernate.persister.entity.mutation.InsertCoordinatorStandard.coordinateInsert(InsertCoordinatorStandard.java:129)
		at org.hibernate.persister.entity.mutation.InsertCoordinatorStandard.insert(InsertCoordinatorStandard.java:101)
		at org.hibernate.action.internal.EntityInsertAction.execute(EntityInsertAction.java:113)
		at org.hibernate.engine.spi.ActionQueue.executeActions(ActionQueue.java:646)
		at org.hibernate.engine.spi.ActionQueue.executeActions(ActionQueue.java:513)
		at org.hibernate.event.internal.AbstractFlushingEventListener.performExecutions(AbstractFlushingEventListener.java:378)
		at org.hibernate.event.internal.DefaultFlushEventListener.onFlush(DefaultFlushEventListener.java:39)
		at org.hibernate.event.service.internal.EventListenerGroupImpl.fireEventOnEachListener(EventListenerGroupImpl.java:140)
		at org.hibernate.internal.SessionImpl.doFlush(SessionImpl.java:1443)
		at org.hibernate.internal.SessionImpl.managedFlush(SessionImpl.java:488)
		at org.hibernate.internal.SessionImpl.flushBeforeTransactionCompletion(SessionImpl.java:2321)
		at org.hibernate.internal.SessionImpl.beforeTransactionCompletion(SessionImpl.java:2029)
		at org.hibernate.engine.jdbc.internal.JdbcCoordinatorImpl.beforeTransactionCompletion(JdbcCoordinatorImpl.java:394)
		at org.hibernate.resource.transaction.backend.jta.internal.JtaTransactionCoordinatorImpl.beforeCompletion(JtaTransactionCoordinatorImpl.java:328)
		at org.hibernate.resource.transaction.backend.jta.internal.synchronization.SynchronizationCallbackCoordinatorNonTrackingImpl.beforeCompletion(SynchronizationCallbackCoordinatorNonTrackingImpl.java:39)
		at org.hibernate.resource.transaction.backend.jta.internal.synchronization.RegisteredSynchronization.beforeCompletion(RegisteredSynchronization.java:33)
		at com.arjuna.ats.internal.jta.resources.arjunacore.SynchronizationImple.beforeCompletion(SynchronizationImple.java:52)
		at com.arjuna.ats.arjuna.coordinator.TwoPhaseCoordinator.beforeCompletion(TwoPhaseCoordinator.java:348)
		at com.arjuna.ats.arjuna.coordinator.TwoPhaseCoordinator.end(TwoPhaseCoordinator.java:66)
		at com.arjuna.ats.arjuna.AtomicAction.commit(AtomicAction.java:135)
		at com.arjuna.ats.internal.jta.transaction.arjunacore.TransactionImple.commitAndDisassociate(TransactionImple.java:1307)
		at com.arjuna.ats.internal.jta.transaction.arjunacore.BaseTransaction.commit(BaseTransaction.java:104)
		at io.quarkus.narayana.jta.runtime.NotifyingTransactionManager.commit(NotifyingTransactionManager.java:70)
		at io.quarkus.narayana.jta.runtime.interceptor.TransactionalInterceptorBase.endTransaction(TransactionalInterceptorBase.java:406)
		at io.quarkus.narayana.jta.runtime.interceptor.TransactionalInterceptorBase.invokeInOurTx(TransactionalInterceptorBase.java:175)
		at io.quarkus.narayana.jta.runtime.interceptor.TransactionalInterceptorBase.invokeInOurTx(TransactionalInterceptorBase.java:107)
		at io.quarkus.narayana.jta.runtime.interceptor.TransactionalInterceptorRequired.doIntercept(TransactionalInterceptorRequired.java:38)
		at io.quarkus.narayana.jta.runtime.interceptor.TransactionalInterceptorBase.intercept(TransactionalInterceptorBase.java:61)
		at io.quarkus.narayana.jta.runtime.interceptor.TransactionalInterceptorRequired.intercept(TransactionalInterceptorRequired.java:32)
		at io.quarkus.narayana.jta.runtime.interceptor.TransactionalInterceptorRequired_Bean.intercept(Unknown Source)
		at io.quarkus.arc.impl.InterceptorInvocation.invoke(InterceptorInvocation.java:42)
		at io.quarkus.arc.impl.AroundInvokeInvocationContext.perform(AroundInvokeInvocationContext.java:30)
		at io.quarkus.arc.impl.InvocationContexts.performAroundInvoke(InvocationContexts.java:27)
		... 6 more
	Caused by: org.h2.jdbc.JdbcSQLIntegrityConstraintViolationException: Referential integrity constraint violation: "fk_calendar_orders_calendar: public.calendar_orders FOREIGN KEY(calendar_id) REFERENCES public.user_calendars(id) (UUID '6d4867a8-9ccb-44e8-bc2c-f771ce7f3a0a')"; SQL statement:
insert into calendar_orders (calendar_id,created,notes,paid_at,quantity,shipped_at,shipping_address,status,stripe_charge_id,stripe_payment_intent_id,total_price,unit_price,updated,user_id,version,id) values (?,?,?,?,?,?,?,?,?,?,?,?,?,?,?,?) [23506-230]
		at org.h2.message.DbException.getJdbcSQLException(DbException.java:520)
		at org.h2.message.DbException.getJdbcSQLException(DbException.java:489)
		at org.h2.message.DbException.get(DbException.java:223)
		at org.h2.message.DbException.get(DbException.java:199)
		at org.h2.constraint.ConstraintReferential.checkRowOwnTable(ConstraintReferential.java:308)
		at org.h2.constraint.ConstraintReferential.checkRow(ConstraintReferential.java:249)
		at org.h2.table.Table.fireConstraints(Table.java:1227)
		at org.h2.table.Table.fireAfterRow(Table.java:1245)
		at org.h2.command.dml.Insert.insertRows(Insert.java:188)
		at org.h2.command.dml.Insert.update(Insert.java:135)
		at org.h2.command.dml.DataChangeStatement.update(DataChangeStatement.java:74)
		at org.h2.command.CommandContainer.update(CommandContainer.java:139)
		at org.h2.command.Command.executeUpdate(Command.java:304)
		at org.h2.command.Command.executeUpdate(Command.java:248)
		at org.h2.jdbc.JdbcPreparedStatement.executeUpdateInternal(JdbcPreparedStatement.java:213)
		at org.h2.jdbc.JdbcPreparedStatement.executeUpdate(JdbcPreparedStatement.java:172)
		at io.agroal.pool.wrapper.PreparedStatementWrapper.executeUpdate(PreparedStatementWrapper.java:90)
		at org.hibernate.engine.jdbc.internal.ResultSetReturnImpl.executeUpdate(ResultSetReturnImpl.java:190)
		... 44 more
Caused by: jakarta.transaction.RollbackException: ARJUNA016053: Could not commit transaction.
	at com.arjuna.ats.internal.jta.transaction.arjunacore.TransactionImple.commitAndDisassociate(TransactionImple.java:1319)
	at com.arjuna.ats.internal.jta.transaction.arjunacore.BaseTransaction.commit(BaseTransaction.java:104)
	at io.quarkus.narayana.jta.runtime.NotifyingTransactionManager.commit(NotifyingTransactionManager.java:70)
	at io.quarkus.narayana.jta.runtime.interceptor.TransactionalInterceptorBase.endTransaction(TransactionalInterceptorBase.java:406)
	at io.quarkus.narayana.jta.runtime.interceptor.TransactionalInterceptorBase.invokeInOurTx(TransactionalInterceptorBase.java:175)
	at io.quarkus.narayana.jta.runtime.interceptor.TransactionalInterceptorBase.invokeInOurTx(TransactionalInterceptorBase.java:107)
	at io.quarkus.narayana.jta.runtime.interceptor.TransactionalInterceptorRequired.doIntercept(TransactionalInterceptorRequired.java:38)
	at io.quarkus.narayana.jta.runtime.interceptor.TransactionalInterceptorBase.intercept(TransactionalInterceptorBase.java:61)
	at io.quarkus.narayana.jta.runtime.interceptor.TransactionalInterceptorRequired.intercept(TransactionalInterceptorRequired.java:32)
	at io.quarkus.narayana.jta.runtime.interceptor.TransactionalInterceptorRequired_Bean.intercept(Unknown Source)
	at io.quarkus.arc.impl.InterceptorInvocation.invoke(InterceptorInvocation.java:42)
	at io.quarkus.arc.impl.AroundInvokeInvocationContext.perform(AroundInvokeInvocationContext.java:30)
	at io.quarkus.arc.impl.InvocationContexts.performAroundInvoke(InvocationContexts.java:27)
	... 6 more
Caused by: [CIRCULAR REFERENCE: org.hibernate.exception.ConstraintViolationException: could not execute statement [Referential integrity constraint violation: "fk_calendar_orders_calendar: public.calendar_orders FOREIGN KEY(calendar_id) REFERENCES public.user_calendars(id) (UUID '6d4867a8-9ccb-44e8-bc2c-f771ce7f3a0a')"; SQL statement:
insert into calendar_orders (calendar_id,created,notes,paid_at,quantity,shipped_at,shipping_address,status,stripe_charge_id,stripe_payment_intent_id,total_price,unit_price,updated,user_id,version,id) values (?,?,?,?,?,?,?,?,?,?,?,?,?,?,?,?) [23506-230]] [insert into calendar_orders (calendar_id,created,notes,paid_at,quantity,shipped_at,shipping_address,status,stripe_charge_id,stripe_payment_intent_id,total_price,unit_price,updated,user_id,version,id) values (?,?,?,?,?,?,?,?,?,?,?,?,?,?,?,?)]]

[ERROR] villagecompute.calendar.data.models.CalendarOrderTest.testRelationships_ManyToOneUser -- Time elapsed: 0.007 s <<< ERROR!
io.quarkus.arc.ArcUndeclaredThrowableException: Error invoking subclass method
	at villagecompute.calendar.data.models.CalendarOrderTest_Subclass.testRelationships_ManyToOneUser(Unknown Source)
	at java.base/java.lang.reflect.Method.invoke(Method.java:580)
	at io.quarkus.test.junit.QuarkusTestExtension.runExtensionMethod(QuarkusTestExtension.java:1000)
	at io.quarkus.test.junit.QuarkusTestExtension.interceptTestMethod(QuarkusTestExtension.java:848)
	at java.base/java.util.ArrayList.forEach(ArrayList.java:1596)
	at java.base/java.util.ArrayList.forEach(ArrayList.java:1596)
	Suppressed: org.hibernate.exception.ConstraintViolationException: could not execute statement [Referential integrity constraint violation: "fk_calendar_orders_calendar: public.calendar_orders FOREIGN KEY(calendar_id) REFERENCES public.user_calendars(id) (UUID '0dd375ee-9a5e-4d44-970e-f787cf07bbdd')"; SQL statement:
insert into calendar_orders (calendar_id,created,notes,paid_at,quantity,shipped_at,shipping_address,status,stripe_charge_id,stripe_payment_intent_id,total_price,unit_price,updated,user_id,version,id) values (?,?,?,?,?,?,?,?,?,?,?,?,?,?,?,?) [23506-230]] [insert into calendar_orders (calendar_id,created,notes,paid_at,quantity,shipped_at,shipping_address,status,stripe_charge_id,stripe_payment_intent_id,total_price,unit_price,updated,user_id,version,id) values (?,?,?,?,?,?,?,?,?,?,?,?,?,?,?,?)]
		at org.hibernate.dialect.H2Dialect.lambda$buildSQLExceptionConversionDelegate$1(H2Dialect.java:853)
		at org.hibernate.exception.internal.StandardSQLExceptionConverter.convert(StandardSQLExceptionConverter.java:34)
		at org.hibernate.engine.jdbc.spi.SqlExceptionHelper.convert(SqlExceptionHelper.java:115)
		at org.hibernate.engine.jdbc.internal.ResultSetReturnImpl.executeUpdate(ResultSetReturnImpl.java:193)
		at org.hibernate.engine.jdbc.mutation.internal.AbstractMutationExecutor.performNonBatchedMutation(AbstractMutationExecutor.java:148)
		at org.hibernate.engine.jdbc.mutation.internal.MutationExecutorSingleNonBatched.performNonBatchedOperations(MutationExecutorSingleNonBatched.java:53)
		at org.hibernate.engine.jdbc.mutation.internal.AbstractMutationExecutor.execute(AbstractMutationExecutor.java:66)
		at org.hibernate.engine.jdbc.mutation.internal.AbstractMutationExecutor.execute(AbstractMutationExecutor.java:55)
		at org.hibernate.persister.entity.mutation.InsertCoordinatorStandard.doStaticInserts(InsertCoordinatorStandard.java:191)
		at org.hibernate.persister.entity.mutation.InsertCoordinatorStandard.coordinateInsert(InsertCoordinatorStandard.java:129)
		at org.hibernate.persister.entity.mutation.InsertCoordinatorStandard.insert(InsertCoordinatorStandard.java:101)
		at org.hibernate.action.internal.EntityInsertAction.execute(EntityInsertAction.java:113)
		at org.hibernate.engine.spi.ActionQueue.executeActions(ActionQueue.java:646)
		at org.hibernate.engine.spi.ActionQueue.executeActions(ActionQueue.java:513)
		at org.hibernate.event.internal.AbstractFlushingEventListener.performExecutions(AbstractFlushingEventListener.java:378)
		at org.hibernate.event.internal.DefaultFlushEventListener.onFlush(DefaultFlushEventListener.java:39)
		at org.hibernate.event.service.internal.EventListenerGroupImpl.fireEventOnEachListener(EventListenerGroupImpl.java:140)
		at org.hibernate.internal.SessionImpl.doFlush(SessionImpl.java:1443)
		at org.hibernate.internal.SessionImpl.managedFlush(SessionImpl.java:488)
		at org.hibernate.internal.SessionImpl.flushBeforeTransactionCompletion(SessionImpl.java:2321)
		at org.hibernate.internal.SessionImpl.beforeTransactionCompletion(SessionImpl.java:2029)
		at org.hibernate.engine.jdbc.internal.JdbcCoordinatorImpl.beforeTransactionCompletion(JdbcCoordinatorImpl.java:394)
		at org.hibernate.resource.transaction.backend.jta.internal.JtaTransactionCoordinatorImpl.beforeCompletion(JtaTransactionCoordinatorImpl.java:328)
		at org.hibernate.resource.transaction.backend.jta.internal.synchronization.SynchronizationCallbackCoordinatorNonTrackingImpl.beforeCompletion(SynchronizationCallbackCoordinatorNonTrackingImpl.java:39)
		at org.hibernate.resource.transaction.backend.jta.internal.synchronization.RegisteredSynchronization.beforeCompletion(RegisteredSynchronization.java:33)
		at com.arjuna.ats.internal.jta.resources.arjunacore.SynchronizationImple.beforeCompletion(SynchronizationImple.java:52)
		at com.arjuna.ats.arjuna.coordinator.TwoPhaseCoordinator.beforeCompletion(TwoPhaseCoordinator.java:348)
		at com.arjuna.ats.arjuna.coordinator.TwoPhaseCoordinator.end(TwoPhaseCoordinator.java:66)
		at com.arjuna.ats.arjuna.AtomicAction.commit(AtomicAction.java:135)
		at com.arjuna.ats.internal.jta.transaction.arjunacore.TransactionImple.commitAndDisassociate(TransactionImple.java:1307)
		at com.arjuna.ats.internal.jta.transaction.arjunacore.BaseTransaction.commit(BaseTransaction.java:104)
		at io.quarkus.narayana.jta.runtime.NotifyingTransactionManager.commit(NotifyingTransactionManager.java:70)
		at io.quarkus.narayana.jta.runtime.interceptor.TransactionalInterceptorBase.endTransaction(TransactionalInterceptorBase.java:406)
		at io.quarkus.narayana.jta.runtime.interceptor.TransactionalInterceptorBase.invokeInOurTx(TransactionalInterceptorBase.java:175)
		at io.quarkus.narayana.jta.runtime.interceptor.TransactionalInterceptorBase.invokeInOurTx(TransactionalInterceptorBase.java:107)
		at io.quarkus.narayana.jta.runtime.interceptor.TransactionalInterceptorRequired.doIntercept(TransactionalInterceptorRequired.java:38)
		at io.quarkus.narayana.jta.runtime.interceptor.TransactionalInterceptorBase.intercept(TransactionalInterceptorBase.java:61)
		at io.quarkus.narayana.jta.runtime.interceptor.TransactionalInterceptorRequired.intercept(TransactionalInterceptorRequired.java:32)
		at io.quarkus.narayana.jta.runtime.interceptor.TransactionalInterceptorRequired_Bean.intercept(Unknown Source)
		at io.quarkus.arc.impl.InterceptorInvocation.invoke(InterceptorInvocation.java:42)
		at io.quarkus.arc.impl.AroundInvokeInvocationContext.perform(AroundInvokeInvocationContext.java:30)
		at io.quarkus.arc.impl.InvocationContexts.performAroundInvoke(InvocationContexts.java:27)
		... 6 more
	Caused by: org.h2.jdbc.JdbcSQLIntegrityConstraintViolationException: Referential integrity constraint violation: "fk_calendar_orders_calendar: public.calendar_orders FOREIGN KEY(calendar_id) REFERENCES public.user_calendars(id) (UUID '0dd375ee-9a5e-4d44-970e-f787cf07bbdd')"; SQL statement:
insert into calendar_orders (calendar_id,created,notes,paid_at,quantity,shipped_at,shipping_address,status,stripe_charge_id,stripe_payment_intent_id,total_price,unit_price,updated,user_id,version,id) values (?,?,?,?,?,?,?,?,?,?,?,?,?,?,?,?) [23506-230]
		at org.h2.message.DbException.getJdbcSQLException(DbException.java:520)
		at org.h2.message.DbException.getJdbcSQLException(DbException.java:489)
		at org.h2.message.DbException.get(DbException.java:223)
		at org.h2.message.DbException.get(DbException.java:199)
		at org.h2.constraint.ConstraintReferential.checkRowOwnTable(ConstraintReferential.java:308)
		at org.h2.constraint.ConstraintReferential.checkRow(ConstraintReferential.java:249)
		at org.h2.table.Table.fireConstraints(Table.java:1227)
		at org.h2.table.Table.fireAfterRow(Table.java:1245)
		at org.h2.command.dml.Insert.insertRows(Insert.java:188)
		at org.h2.command.dml.Insert.update(Insert.java:135)
		at org.h2.command.dml.DataChangeStatement.update(DataChangeStatement.java:74)
		at org.h2.command.CommandContainer.update(CommandContainer.java:139)
		at org.h2.command.Command.executeUpdate(Command.java:304)
		at org.h2.command.Command.executeUpdate(Command.java:248)
		at org.h2.jdbc.JdbcPreparedStatement.executeUpdateInternal(JdbcPreparedStatement.java:213)
		at org.h2.jdbc.JdbcPreparedStatement.executeUpdate(JdbcPreparedStatement.java:172)
		at io.agroal.pool.wrapper.PreparedStatementWrapper.executeUpdate(PreparedStatementWrapper.java:90)
		at org.hibernate.engine.jdbc.internal.ResultSetReturnImpl.executeUpdate(ResultSetReturnImpl.java:190)
		... 44 more
Caused by: jakarta.transaction.RollbackException: ARJUNA016053: Could not commit transaction.
	at com.arjuna.ats.internal.jta.transaction.arjunacore.TransactionImple.commitAndDisassociate(TransactionImple.java:1319)
	at com.arjuna.ats.internal.jta.transaction.arjunacore.BaseTransaction.commit(BaseTransaction.java:104)
	at io.quarkus.narayana.jta.runtime.NotifyingTransactionManager.commit(NotifyingTransactionManager.java:70)
	at io.quarkus.narayana.jta.runtime.interceptor.TransactionalInterceptorBase.endTransaction(TransactionalInterceptorBase.java:406)
	at io.quarkus.narayana.jta.runtime.interceptor.TransactionalInterceptorBase.invokeInOurTx(TransactionalInterceptorBase.java:175)
	at io.quarkus.narayana.jta.runtime.interceptor.TransactionalInterceptorBase.invokeInOurTx(TransactionalInterceptorBase.java:107)
	at io.quarkus.narayana.jta.runtime.interceptor.TransactionalInterceptorRequired.doIntercept(TransactionalInterceptorRequired.java:38)
	at io.quarkus.narayana.jta.runtime.interceptor.TransactionalInterceptorBase.intercept(TransactionalInterceptorBase.java:61)
	at io.quarkus.narayana.jta.runtime.interceptor.TransactionalInterceptorRequired.intercept(TransactionalInterceptorRequired.java:32)
	at io.quarkus.narayana.jta.runtime.interceptor.TransactionalInterceptorRequired_Bean.intercept(Unknown Source)
	at io.quarkus.arc.impl.InterceptorInvocation.invoke(InterceptorInvocation.java:42)
	at io.quarkus.arc.impl.AroundInvokeInvocationContext.perform(AroundInvokeInvocationContext.java:30)
	at io.quarkus.arc.impl.InvocationContexts.performAroundInvoke(InvocationContexts.java:27)
	... 6 more
Caused by: [CIRCULAR REFERENCE: org.hibernate.exception.ConstraintViolationException: could not execute statement [Referential integrity constraint violation: "fk_calendar_orders_calendar: public.calendar_orders FOREIGN KEY(calendar_id) REFERENCES public.user_calendars(id) (UUID '0dd375ee-9a5e-4d44-970e-f787cf07bbdd')"; SQL statement:
insert into calendar_orders (calendar_id,created,notes,paid_at,quantity,shipped_at,shipping_address,status,stripe_charge_id,stripe_payment_intent_id,total_price,unit_price,updated,user_id,version,id) values (?,?,?,?,?,?,?,?,?,?,?,?,?,?,?,?) [23506-230]] [insert into calendar_orders (calendar_id,created,notes,paid_at,quantity,shipped_at,shipping_address,status,stripe_charge_id,stripe_payment_intent_id,total_price,unit_price,updated,user_id,version,id) values (?,?,?,?,?,?,?,?,?,?,?,?,?,?,?,?)]]

[ERROR] villagecompute.calendar.data.models.CalendarOrderTest.testValidEntity_Success -- Time elapsed: 0.005 s <<< FAILURE!
org.opentest4j.AssertionFailedError: expected: not <null>
	at org.junit.jupiter.api.AssertionFailureBuilder.build(AssertionFailureBuilder.java:152)
	at org.junit.jupiter.api.AssertionFailureBuilder.buildAndThrow(AssertionFailureBuilder.java:132)
	at org.junit.jupiter.api.AssertNotNull.failNull(AssertNotNull.java:49)
	at org.junit.jupiter.api.AssertNotNull.assertNotNull(AssertNotNull.java:35)
	at org.junit.jupiter.api.AssertNotNull.assertNotNull(AssertNotNull.java:30)
	at org.junit.jupiter.api.Assertions.assertNotNull(Assertions.java:304)
	at villagecompute.calendar.data.models.CalendarOrderTest.testValidEntity_Success(CalendarOrderTest.java:96)
	at villagecompute.calendar.data.models.CalendarOrderTest_Subclass.testValidEntity_Success$$superforward(Unknown Source)
	at villagecompute.calendar.data.models.CalendarOrderTest_Subclass$$function$$17.apply(Unknown Source)
	at io.quarkus.arc.impl.AroundInvokeInvocationContext.proceed(AroundInvokeInvocationContext.java:73)
	at io.quarkus.arc.impl.AroundInvokeInvocationContext.proceed(AroundInvokeInvocationContext.java:62)
	at io.quarkus.narayana.jta.runtime.interceptor.TransactionalInterceptorBase.invokeInOurTx(TransactionalInterceptorBase.java:136)
	at io.quarkus.narayana.jta.runtime.interceptor.TransactionalInterceptorBase.invokeInOurTx(TransactionalInterceptorBase.java:107)
	at io.quarkus.narayana.jta.runtime.interceptor.TransactionalInterceptorRequired.doIntercept(TransactionalInterceptorRequired.java:38)
	at io.quarkus.narayana.jta.runtime.interceptor.TransactionalInterceptorBase.intercept(TransactionalInterceptorBase.java:61)
	at io.quarkus.narayana.jta.runtime.interceptor.TransactionalInterceptorRequired.intercept(TransactionalInterceptorRequired.java:32)
	at io.quarkus.narayana.jta.runtime.interceptor.TransactionalInterceptorRequired_Bean.intercept(Unknown Source)
	at io.quarkus.arc.impl.InterceptorInvocation.invoke(InterceptorInvocation.java:42)
	at io.quarkus.arc.impl.AroundInvokeInvocationContext.perform(AroundInvokeInvocationContext.java:30)
	at io.quarkus.arc.impl.InvocationContexts.performAroundInvoke(InvocationContexts.java:27)
	at villagecompute.calendar.data.models.CalendarOrderTest_Subclass.testValidEntity_Success(Unknown Source)
	at java.base/java.lang.reflect.Method.invoke(Method.java:580)
	at io.quarkus.test.junit.QuarkusTestExtension.runExtensionMethod(QuarkusTestExtension.java:1000)
	at io.quarkus.test.junit.QuarkusTestExtension.interceptTestMethod(QuarkusTestExtension.java:848)
	at java.base/java.util.ArrayList.forEach(ArrayList.java:1596)
	at java.base/java.util.ArrayList.forEach(ArrayList.java:1596)

[ERROR] villagecompute.calendar.data.models.CalendarOrderTest.testFindByUser -- Time elapsed: 0.013 s <<< ERROR!
org.hibernate.exception.ConstraintViolationException: 
could not execute statement [Referential integrity constraint violation: "fk_calendar_orders_calendar: public.calendar_orders FOREIGN KEY(calendar_id) REFERENCES public.user_calendars(id) (UUID '35745cb1-98ac-4678-ac26-3dc287ede456')"; SQL statement:
insert into calendar_orders (calendar_id,created,notes,paid_at,quantity,shipped_at,shipping_address,status,stripe_charge_id,stripe_payment_intent_id,total_price,unit_price,updated,user_id,version,id) values (?,?,?,?,?,?,?,?,?,?,?,?,?,?,?,?) [23506-230]] [insert into calendar_orders (calendar_id,created,notes,paid_at,quantity,shipped_at,shipping_address,status,stripe_charge_id,stripe_payment_intent_id,total_price,unit_price,updated,user_id,version,id) values (?,?,?,?,?,?,?,?,?,?,?,?,?,?,?,?)]
	at org.hibernate.dialect.H2Dialect.lambda$buildSQLExceptionConversionDelegate$1(H2Dialect.java:853)
	at org.hibernate.exception.internal.StandardSQLExceptionConverter.convert(StandardSQLExceptionConverter.java:34)
	at org.hibernate.engine.jdbc.spi.SqlExceptionHelper.convert(SqlExceptionHelper.java:115)
	at org.hibernate.engine.jdbc.internal.ResultSetReturnImpl.executeUpdate(ResultSetReturnImpl.java:193)
	at org.hibernate.engine.jdbc.mutation.internal.AbstractMutationExecutor.performNonBatchedMutation(AbstractMutationExecutor.java:148)
	at org.hibernate.engine.jdbc.mutation.internal.MutationExecutorSingleNonBatched.performNonBatchedOperations(MutationExecutorSingleNonBatched.java:53)
	at org.hibernate.engine.jdbc.mutation.internal.AbstractMutationExecutor.execute(AbstractMutationExecutor.java:66)
	at org.hibernate.engine.jdbc.mutation.internal.AbstractMutationExecutor.execute(AbstractMutationExecutor.java:55)
	at org.hibernate.persister.entity.mutation.InsertCoordinatorStandard.doStaticInserts(InsertCoordinatorStandard.java:191)
	at org.hibernate.persister.entity.mutation.InsertCoordinatorStandard.coordinateInsert(InsertCoordinatorStandard.java:129)
	at org.hibernate.persister.entity.mutation.InsertCoordinatorStandard.insert(InsertCoordinatorStandard.java:101)
	at org.hibernate.action.internal.EntityInsertAction.execute(EntityInsertAction.java:113)
	at org.hibernate.engine.spi.ActionQueue.executeActions(ActionQueue.java:646)
	at org.hibernate.engine.spi.ActionQueue.executeActions(ActionQueue.java:513)
	at org.hibernate.event.internal.AbstractFlushingEventListener.performExecutions(AbstractFlushingEventListener.java:378)
	at org.hibernate.event.internal.DefaultAutoFlushEventListener.onAutoFlush(DefaultAutoFlushEventListener.java:67)
	at org.hibernate.event.service.internal.EventListenerGroupImpl.fireEventOnEachListener(EventListenerGroupImpl.java:140)
	at org.hibernate.internal.SessionImpl.autoFlushIfRequired(SessionImpl.java:1400)
	at org.hibernate.query.sqm.internal.ConcreteSqmSelectQueryPlan.lambda$new$1(ConcreteSqmSelectQueryPlan.java:138)
	at org.hibernate.query.sqm.internal.ConcreteSqmSelectQueryPlan.withCacheableSqmInterpretation(ConcreteSqmSelectQueryPlan.java:455)
	at org.hibernate.query.sqm.internal.ConcreteSqmSelectQueryPlan.performList(ConcreteSqmSelectQueryPlan.java:388)
	at org.hibernate.query.sqm.internal.SqmSelectionQueryImpl.doList(SqmSelectionQueryImpl.java:423)
	at org.hibernate.query.spi.AbstractSelectionQuery.list(AbstractSelectionQuery.java:154)
	at org.hibernate.query.SelectionQuery.getResultList(SelectionQuery.java:145)
	at io.quarkus.hibernate.orm.panache.common.runtime.CommonPanacheQueryImpl.list(CommonPanacheQueryImpl.java:301)
	at io.quarkus.hibernate.orm.panache.runtime.PanacheQueryImpl.list(PanacheQueryImpl.java:150)
	at villagecompute.calendar.data.models.CalendarOrderTest.testFindByUser(CalendarOrderTest.java:255)
	at villagecompute.calendar.data.models.CalendarOrderTest_Subclass.testFindByUser$$superforward(Unknown Source)
	at villagecompute.calendar.data.models.CalendarOrderTest_Subclass$$function$$6.apply(Unknown Source)
	at io.quarkus.arc.impl.AroundInvokeInvocationContext.proceed(AroundInvokeInvocationContext.java:73)
	at io.quarkus.arc.impl.AroundInvokeInvocationContext.proceed(AroundInvokeInvocationContext.java:62)
	at io.quarkus.narayana.jta.runtime.interceptor.TransactionalInterceptorBase.invokeInOurTx(TransactionalInterceptorBase.java:136)
	at io.quarkus.narayana.jta.runtime.interceptor.TransactionalInterceptorBase.invokeInOurTx(TransactionalInterceptorBase.java:107)
	at io.quarkus.narayana.jta.runtime.interceptor.TransactionalInterceptorRequired.doIntercept(TransactionalInterceptorRequired.java:38)
	at io.quarkus.narayana.jta.runtime.interceptor.TransactionalInterceptorBase.intercept(TransactionalInterceptorBase.java:61)
	at io.quarkus.narayana.jta.runtime.interceptor.TransactionalInterceptorRequired.intercept(TransactionalInterceptorRequired.java:32)
	at io.quarkus.narayana.jta.runtime.interceptor.TransactionalInterceptorRequired_Bean.intercept(Unknown Source)
	at io.quarkus.arc.impl.InterceptorInvocation.invoke(InterceptorInvocation.java:42)
	at io.quarkus.arc.impl.AroundInvokeInvocationContext.perform(AroundInvokeInvocationContext.java:30)
	at io.quarkus.arc.impl.InvocationContexts.performAroundInvoke(InvocationContexts.java:27)
	at villagecompute.calendar.data.models.CalendarOrderTest_Subclass.testFindByUser(Unknown Source)
	at java.base/java.lang.reflect.Method.invoke(Method.java:580)
	at io.quarkus.test.junit.QuarkusTestExtension.runExtensionMethod(QuarkusTestExtension.java:1000)
	at io.quarkus.test.junit.QuarkusTestExtension.interceptTestMethod(QuarkusTestExtension.java:848)
	at java.base/java.util.ArrayList.forEach(ArrayList.java:1596)
	at java.base/java.util.ArrayList.forEach(ArrayList.java:1596)
Caused by: org.h2.jdbc.JdbcSQLIntegrityConstraintViolationException: Referential integrity constraint violation: "fk_calendar_orders_calendar: public.calendar_orders FOREIGN KEY(calendar_id) REFERENCES public.user_calendars(id) (UUID '35745cb1-98ac-4678-ac26-3dc287ede456')"; SQL statement:
insert into calendar_orders (calendar_id,created,notes,paid_at,quantity,shipped_at,shipping_address,status,stripe_charge_id,stripe_payment_intent_id,total_price,unit_price,updated,user_id,version,id) values (?,?,?,?,?,?,?,?,?,?,?,?,?,?,?,?) [23506-230]
	at org.h2.message.DbException.getJdbcSQLException(DbException.java:520)
	at org.h2.message.DbException.getJdbcSQLException(DbException.java:489)
	at org.h2.message.DbException.get(DbException.java:223)
	at org.h2.message.DbException.get(DbException.java:199)
	at org.h2.constraint.ConstraintReferential.checkRowOwnTable(ConstraintReferential.java:308)
	at org.h2.constraint.ConstraintReferential.checkRow(ConstraintReferential.java:249)
	at org.h2.table.Table.fireConstraints(Table.java:1227)
	at org.h2.table.Table.fireAfterRow(Table.java:1245)
	at org.h2.command.dml.Insert.insertRows(Insert.java:188)
	at org.h2.command.dml.Insert.update(Insert.java:135)
	at org.h2.command.dml.DataChangeStatement.update(DataChangeStatement.java:74)
	at org.h2.command.CommandContainer.update(CommandContainer.java:139)
	at org.h2.command.Command.executeUpdate(Command.java:304)
	at org.h2.command.Command.executeUpdate(Command.java:248)
	at org.h2.jdbc.JdbcPreparedStatement.executeUpdateInternal(JdbcPreparedStatement.java:213)
	at org.h2.jdbc.JdbcPreparedStatement.executeUpdate(JdbcPreparedStatement.java:172)
	at io.agroal.pool.wrapper.PreparedStatementWrapper.executeUpdate(PreparedStatementWrapper.java:90)
	at org.hibernate.engine.jdbc.internal.ResultSetReturnImpl.executeUpdate(ResultSetReturnImpl.java:190)
	... 42 more

[ERROR] villagecompute.calendar.data.models.CalendarOrderTest.testRelationships_ManyToOneCalendar -- Time elapsed: 0.006 s <<< ERROR!
io.quarkus.arc.ArcUndeclaredThrowableException: Error invoking subclass method
	at villagecompute.calendar.data.models.CalendarOrderTest_Subclass.testRelationships_ManyToOneCalendar(Unknown Source)
	at java.base/java.lang.reflect.Method.invoke(Method.java:580)
	at io.quarkus.test.junit.QuarkusTestExtension.runExtensionMethod(QuarkusTestExtension.java:1000)
	at io.quarkus.test.junit.QuarkusTestExtension.interceptTestMethod(QuarkusTestExtension.java:848)
	at java.base/java.util.ArrayList.forEach(ArrayList.java:1596)
	at java.base/java.util.ArrayList.forEach(ArrayList.java:1596)
	Suppressed: org.hibernate.exception.ConstraintViolationException: could not execute statement [Referential integrity constraint violation: "fk_calendar_orders_calendar: public.calendar_orders FOREIGN KEY(calendar_id) REFERENCES public.user_calendars(id) (UUID '7aa4bd19-d157-40dd-a360-1078a75b8be2')"; SQL statement:
insert into calendar_orders (calendar_id,created,notes,paid_at,quantity,shipped_at,shipping_address,status,stripe_charge_id,stripe_payment_intent_id,total_price,unit_price,updated,user_id,version,id) values (?,?,?,?,?,?,?,?,?,?,?,?,?,?,?,?) [23506-230]] [insert into calendar_orders (calendar_id,created,notes,paid_at,quantity,shipped_at,shipping_address,status,stripe_charge_id,stripe_payment_intent_id,total_price,unit_price,updated,user_id,version,id) values (?,?,?,?,?,?,?,?,?,?,?,?,?,?,?,?)]
		at org.hibernate.dialect.H2Dialect.lambda$buildSQLExceptionConversionDelegate$1(H2Dialect.java:853)
		at org.hibernate.exception.internal.StandardSQLExceptionConverter.convert(StandardSQLExceptionConverter.java:34)
		at org.hibernate.engine.jdbc.spi.SqlExceptionHelper.convert(SqlExceptionHelper.java:115)
		at org.hibernate.engine.jdbc.internal.ResultSetReturnImpl.executeUpdate(ResultSetReturnImpl.java:193)
		at org.hibernate.engine.jdbc.mutation.internal.AbstractMutationExecutor.performNonBatchedMutation(AbstractMutationExecutor.java:148)
		at org.hibernate.engine.jdbc.mutation.internal.MutationExecutorSingleNonBatched.performNonBatchedOperations(MutationExecutorSingleNonBatched.java:53)
		at org.hibernate.engine.jdbc.mutation.internal.AbstractMutationExecutor.execute(AbstractMutationExecutor.java:66)
		at org.hibernate.engine.jdbc.mutation.internal.AbstractMutationExecutor.execute(AbstractMutationExecutor.java:55)
		at org.hibernate.persister.entity.mutation.InsertCoordinatorStandard.doStaticInserts(InsertCoordinatorStandard.java:191)
		at org.hibernate.persister.entity.mutation.InsertCoordinatorStandard.coordinateInsert(InsertCoordinatorStandard.java:129)
		at org.hibernate.persister.entity.mutation.InsertCoordinatorStandard.insert(InsertCoordinatorStandard.java:101)
		at org.hibernate.action.internal.EntityInsertAction.execute(EntityInsertAction.java:113)
		at org.hibernate.engine.spi.ActionQueue.executeActions(ActionQueue.java:646)
		at org.hibernate.engine.spi.ActionQueue.executeActions(ActionQueue.java:513)
		at org.hibernate.event.internal.AbstractFlushingEventListener.performExecutions(AbstractFlushingEventListener.java:378)
		at org.hibernate.event.internal.DefaultFlushEventListener.onFlush(DefaultFlushEventListener.java:39)
		at org.hibernate.event.service.internal.EventListenerGroupImpl.fireEventOnEachListener(EventListenerGroupImpl.java:140)
		at org.hibernate.internal.SessionImpl.doFlush(SessionImpl.java:1443)
		at org.hibernate.internal.SessionImpl.managedFlush(SessionImpl.java:488)
		at org.hibernate.internal.SessionImpl.flushBeforeTransactionCompletion(SessionImpl.java:2321)
		at org.hibernate.internal.SessionImpl.beforeTransactionCompletion(SessionImpl.java:2029)
		at org.hibernate.engine.jdbc.internal.JdbcCoordinatorImpl.beforeTransactionCompletion(JdbcCoordinatorImpl.java:394)
		at org.hibernate.resource.transaction.backend.jta.internal.JtaTransactionCoordinatorImpl.beforeCompletion(JtaTransactionCoordinatorImpl.java:328)
		at org.hibernate.resource.transaction.backend.jta.internal.synchronization.SynchronizationCallbackCoordinatorNonTrackingImpl.beforeCompletion(SynchronizationCallbackCoordinatorNonTrackingImpl.java:39)
		at org.hibernate.resource.transaction.backend.jta.internal.synchronization.RegisteredSynchronization.beforeCompletion(RegisteredSynchronization.java:33)
		at com.arjuna.ats.internal.jta.resources.arjunacore.SynchronizationImple.beforeCompletion(SynchronizationImple.java:52)
		at com.arjuna.ats.arjuna.coordinator.TwoPhaseCoordinator.beforeCompletion(TwoPhaseCoordinator.java:348)
		at com.arjuna.ats.arjuna.coordinator.TwoPhaseCoordinator.end(TwoPhaseCoordinator.java:66)
		at com.arjuna.ats.arjuna.AtomicAction.commit(AtomicAction.java:135)
		at com.arjuna.ats.internal.jta.transaction.arjunacore.TransactionImple.commitAndDisassociate(TransactionImple.java:1307)
		at com.arjuna.ats.internal.jta.transaction.arjunacore.BaseTransaction.commit(BaseTransaction.java:104)
		at io.quarkus.narayana.jta.runtime.NotifyingTransactionManager.commit(NotifyingTransactionManager.java:70)
		at io.quarkus.narayana.jta.runtime.interceptor.TransactionalInterceptorBase.endTransaction(TransactionalInterceptorBase.java:406)
		at io.quarkus.narayana.jta.runtime.interceptor.TransactionalInterceptorBase.invokeInOurTx(TransactionalInterceptorBase.java:175)
		at io.quarkus.narayana.jta.runtime.interceptor.TransactionalInterceptorBase.invokeInOurTx(TransactionalInterceptorBase.java:107)
		at io.quarkus.narayana.jta.runtime.interceptor.TransactionalInterceptorRequired.doIntercept(TransactionalInterceptorRequired.java:38)
		at io.quarkus.narayana.jta.runtime.interceptor.TransactionalInterceptorBase.intercept(TransactionalInterceptorBase.java:61)
		at io.quarkus.narayana.jta.runtime.interceptor.TransactionalInterceptorRequired.intercept(TransactionalInterceptorRequired.java:32)
		at io.quarkus.narayana.jta.runtime.interceptor.TransactionalInterceptorRequired_Bean.intercept(Unknown Source)
		at io.quarkus.arc.impl.InterceptorInvocation.invoke(InterceptorInvocation.java:42)
		at io.quarkus.arc.impl.AroundInvokeInvocationContext.perform(AroundInvokeInvocationContext.java:30)
		at io.quarkus.arc.impl.InvocationContexts.performAroundInvoke(InvocationContexts.java:27)
		... 6 more
	Caused by: org.h2.jdbc.JdbcSQLIntegrityConstraintViolationException: Referential integrity constraint violation: "fk_calendar_orders_calendar: public.calendar_orders FOREIGN KEY(calendar_id) REFERENCES public.user_calendars(id) (UUID '7aa4bd19-d157-40dd-a360-1078a75b8be2')"; SQL statement:
insert into calendar_orders (calendar_id,created,notes,paid_at,quantity,shipped_at,shipping_address,status,stripe_charge_id,stripe_payment_intent_id,total_price,unit_price,updated,user_id,version,id) values (?,?,?,?,?,?,?,?,?,?,?,?,?,?,?,?) [23506-230]
		at org.h2.message.DbException.getJdbcSQLException(DbException.java:520)
		at org.h2.message.DbException.getJdbcSQLException(DbException.java:489)
		at org.h2.message.DbException.get(DbException.java:223)
		at org.h2.message.DbException.get(DbException.java:199)
		at org.h2.constraint.ConstraintReferential.checkRowOwnTable(ConstraintReferential.java:308)
		at org.h2.constraint.ConstraintReferential.checkRow(ConstraintReferential.java:249)
		at org.h2.table.Table.fireConstraints(Table.java:1227)
		at org.h2.table.Table.fireAfterRow(Table.java:1245)
		at org.h2.command.dml.Insert.insertRows(Insert.java:188)
		at org.h2.command.dml.Insert.update(Insert.java:135)
		at org.h2.command.dml.DataChangeStatement.update(DataChangeStatement.java:74)
		at org.h2.command.CommandContainer.update(CommandContainer.java:139)
		at org.h2.command.Command.executeUpdate(Command.java:304)
		at org.h2.command.Command.executeUpdate(Command.java:248)
		at org.h2.jdbc.JdbcPreparedStatement.executeUpdateInternal(JdbcPreparedStatement.java:213)
		at org.h2.jdbc.JdbcPreparedStatement.executeUpdate(JdbcPreparedStatement.java:172)
		at io.agroal.pool.wrapper.PreparedStatementWrapper.executeUpdate(PreparedStatementWrapper.java:90)
		at org.hibernate.engine.jdbc.internal.ResultSetReturnImpl.executeUpdate(ResultSetReturnImpl.java:190)
		... 44 more
Caused by: jakarta.transaction.RollbackException: ARJUNA016053: Could not commit transaction.
	at com.arjuna.ats.internal.jta.transaction.arjunacore.TransactionImple.commitAndDisassociate(TransactionImple.java:1319)
	at com.arjuna.ats.internal.jta.transaction.arjunacore.BaseTransaction.commit(BaseTransaction.java:104)
	at io.quarkus.narayana.jta.runtime.NotifyingTransactionManager.commit(NotifyingTransactionManager.java:70)
	at io.quarkus.narayana.jta.runtime.interceptor.TransactionalInterceptorBase.endTransaction(TransactionalInterceptorBase.java:406)
	at io.quarkus.narayana.jta.runtime.interceptor.TransactionalInterceptorBase.invokeInOurTx(TransactionalInterceptorBase.java:175)
	at io.quarkus.narayana.jta.runtime.interceptor.TransactionalInterceptorBase.invokeInOurTx(TransactionalInterceptorBase.java:107)
	at io.quarkus.narayana.jta.runtime.interceptor.TransactionalInterceptorRequired.doIntercept(TransactionalInterceptorRequired.java:38)
	at io.quarkus.narayana.jta.runtime.interceptor.TransactionalInterceptorBase.intercept(TransactionalInterceptorBase.java:61)
	at io.quarkus.narayana.jta.runtime.interceptor.TransactionalInterceptorRequired.intercept(TransactionalInterceptorRequired.java:32)
	at io.quarkus.narayana.jta.runtime.interceptor.TransactionalInterceptorRequired_Bean.intercept(Unknown Source)
	at io.quarkus.arc.impl.InterceptorInvocation.invoke(InterceptorInvocation.java:42)
	at io.quarkus.arc.impl.AroundInvokeInvocationContext.perform(AroundInvokeInvocationContext.java:30)
	at io.quarkus.arc.impl.InvocationContexts.performAroundInvoke(InvocationContexts.java:27)
	... 6 more
Caused by: [CIRCULAR REFERENCE: org.hibernate.exception.ConstraintViolationException: could not execute statement [Referential integrity constraint violation: "fk_calendar_orders_calendar: public.calendar_orders FOREIGN KEY(calendar_id) REFERENCES public.user_calendars(id) (UUID '7aa4bd19-d157-40dd-a360-1078a75b8be2')"; SQL statement:
insert into calendar_orders (calendar_id,created,notes,paid_at,quantity,shipped_at,shipping_address,status,stripe_charge_id,stripe_payment_intent_id,total_price,unit_price,updated,user_id,version,id) values (?,?,?,?,?,?,?,?,?,?,?,?,?,?,?,?) [23506-230]] [insert into calendar_orders (calendar_id,created,notes,paid_at,quantity,shipped_at,shipping_address,status,stripe_charge_id,stripe_payment_intent_id,total_price,unit_price,updated,user_id,version,id) values (?,?,?,?,?,?,?,?,?,?,?,?,?,?,?,?)]]

[ERROR] villagecompute.calendar.data.models.CalendarOrderTest.testMarkAsPaid -- Time elapsed: 0.007 s <<< ERROR!
io.quarkus.arc.ArcUndeclaredThrowableException: Error invoking subclass method
	at villagecompute.calendar.data.models.CalendarOrderTest_Subclass.testMarkAsPaid(Unknown Source)
	at java.base/java.lang.reflect.Method.invoke(Method.java:580)
	at io.quarkus.test.junit.QuarkusTestExtension.runExtensionMethod(QuarkusTestExtension.java:1000)
	at io.quarkus.test.junit.QuarkusTestExtension.interceptTestMethod(QuarkusTestExtension.java:848)
	at java.base/java.util.ArrayList.forEach(ArrayList.java:1596)
	at java.base/java.util.ArrayList.forEach(ArrayList.java:1596)
	Suppressed: org.hibernate.exception.ConstraintViolationException: could not execute statement [Referential integrity constraint violation: "fk_calendar_orders_calendar: public.calendar_orders FOREIGN KEY(calendar_id) REFERENCES public.user_calendars(id) (UUID '6b869b4a-0b7e-439e-92de-98845ef0d506')"; SQL statement:
insert into calendar_orders (calendar_id,created,notes,paid_at,quantity,shipped_at,shipping_address,status,stripe_charge_id,stripe_payment_intent_id,total_price,unit_price,updated,user_id,version,id) values (?,?,?,?,?,?,?,?,?,?,?,?,?,?,?,?) [23506-230]] [insert into calendar_orders (calendar_id,created,notes,paid_at,quantity,shipped_at,shipping_address,status,stripe_charge_id,stripe_payment_intent_id,total_price,unit_price,updated,user_id,version,id) values (?,?,?,?,?,?,?,?,?,?,?,?,?,?,?,?)]
		at org.hibernate.dialect.H2Dialect.lambda$buildSQLExceptionConversionDelegate$1(H2Dialect.java:853)
		at org.hibernate.exception.internal.StandardSQLExceptionConverter.convert(StandardSQLExceptionConverter.java:34)
		at org.hibernate.engine.jdbc.spi.SqlExceptionHelper.convert(SqlExceptionHelper.java:115)
		at org.hibernate.engine.jdbc.internal.ResultSetReturnImpl.executeUpdate(ResultSetReturnImpl.java:193)
		at org.hibernate.engine.jdbc.mutation.internal.AbstractMutationExecutor.performNonBatchedMutation(AbstractMutationExecutor.java:148)
		at org.hibernate.engine.jdbc.mutation.internal.MutationExecutorSingleNonBatched.performNonBatchedOperations(MutationExecutorSingleNonBatched.java:53)
		at org.hibernate.engine.jdbc.mutation.internal.AbstractMutationExecutor.execute(AbstractMutationExecutor.java:66)
		at org.hibernate.engine.jdbc.mutation.internal.AbstractMutationExecutor.execute(AbstractMutationExecutor.java:55)
		at org.hibernate.persister.entity.mutation.InsertCoordinatorStandard.doStaticInserts(InsertCoordinatorStandard.java:191)
		at org.hibernate.persister.entity.mutation.InsertCoordinatorStandard.coordinateInsert(InsertCoordinatorStandard.java:129)
		at org.hibernate.persister.entity.mutation.InsertCoordinatorStandard.insert(InsertCoordinatorStandard.java:101)
		at org.hibernate.action.internal.EntityInsertAction.execute(EntityInsertAction.java:113)
		at org.hibernate.engine.spi.ActionQueue.executeActions(ActionQueue.java:646)
		at org.hibernate.engine.spi.ActionQueue.executeActions(ActionQueue.java:513)
		at org.hibernate.event.internal.AbstractFlushingEventListener.performExecutions(AbstractFlushingEventListener.java:378)
		at org.hibernate.event.internal.DefaultFlushEventListener.onFlush(DefaultFlushEventListener.java:39)
		at org.hibernate.event.service.internal.EventListenerGroupImpl.fireEventOnEachListener(EventListenerGroupImpl.java:140)
		at org.hibernate.internal.SessionImpl.doFlush(SessionImpl.java:1443)
		at org.hibernate.internal.SessionImpl.managedFlush(SessionImpl.java:488)
		at org.hibernate.internal.SessionImpl.flushBeforeTransactionCompletion(SessionImpl.java:2321)
		at org.hibernate.internal.SessionImpl.beforeTransactionCompletion(SessionImpl.java:2029)
		at org.hibernate.engine.jdbc.internal.JdbcCoordinatorImpl.beforeTransactionCompletion(JdbcCoordinatorImpl.java:394)
		at org.hibernate.resource.transaction.backend.jta.internal.JtaTransactionCoordinatorImpl.beforeCompletion(JtaTransactionCoordinatorImpl.java:328)
		at org.hibernate.resource.transaction.backend.jta.internal.synchronization.SynchronizationCallbackCoordinatorNonTrackingImpl.beforeCompletion(SynchronizationCallbackCoordinatorNonTrackingImpl.java:39)
		at org.hibernate.resource.transaction.backend.jta.internal.synchronization.RegisteredSynchronization.beforeCompletion(RegisteredSynchronization.java:33)
		at com.arjuna.ats.internal.jta.resources.arjunacore.SynchronizationImple.beforeCompletion(SynchronizationImple.java:52)
		at com.arjuna.ats.arjuna.coordinator.TwoPhaseCoordinator.beforeCompletion(TwoPhaseCoordinator.java:348)
		at com.arjuna.ats.arjuna.coordinator.TwoPhaseCoordinator.end(TwoPhaseCoordinator.java:66)
		at com.arjuna.ats.arjuna.AtomicAction.commit(AtomicAction.java:135)
		at com.arjuna.ats.internal.jta.transaction.arjunacore.TransactionImple.commitAndDisassociate(TransactionImple.java:1307)
		at com.arjuna.ats.internal.jta.transaction.arjunacore.BaseTransaction.commit(BaseTransaction.java:104)
		at io.quarkus.narayana.jta.runtime.NotifyingTransactionManager.commit(NotifyingTransactionManager.java:70)
		at io.quarkus.narayana.jta.runtime.interceptor.TransactionalInterceptorBase.endTransaction(TransactionalInterceptorBase.java:406)
		at io.quarkus.narayana.jta.runtime.interceptor.TransactionalInterceptorBase.invokeInOurTx(TransactionalInterceptorBase.java:175)
		at io.quarkus.narayana.jta.runtime.interceptor.TransactionalInterceptorBase.invokeInOurTx(TransactionalInterceptorBase.java:107)
		at io.quarkus.narayana.jta.runtime.interceptor.TransactionalInterceptorRequired.doIntercept(TransactionalInterceptorRequired.java:38)
		at io.quarkus.narayana.jta.runtime.interceptor.TransactionalInterceptorBase.intercept(TransactionalInterceptorBase.java:61)
		at io.quarkus.narayana.jta.runtime.interceptor.TransactionalInterceptorRequired.intercept(TransactionalInterceptorRequired.java:32)
		at io.quarkus.narayana.jta.runtime.interceptor.TransactionalInterceptorRequired_Bean.intercept(Unknown Source)
		at io.quarkus.arc.impl.InterceptorInvocation.invoke(InterceptorInvocation.java:42)
		at io.quarkus.arc.impl.AroundInvokeInvocationContext.perform(AroundInvokeInvocationContext.java:30)
		at io.quarkus.arc.impl.InvocationContexts.performAroundInvoke(InvocationContexts.java:27)
		... 6 more
	Caused by: org.h2.jdbc.JdbcSQLIntegrityConstraintViolationException: Referential integrity constraint violation: "fk_calendar_orders_calendar: public.calendar_orders FOREIGN KEY(calendar_id) REFERENCES public.user_calendars(id) (UUID '6b869b4a-0b7e-439e-92de-98845ef0d506')"; SQL statement:
insert into calendar_orders (calendar_id,created,notes,paid_at,quantity,shipped_at,shipping_address,status,stripe_charge_id,stripe_payment_intent_id,total_price,unit_price,updated,user_id,version,id) values (?,?,?,?,?,?,?,?,?,?,?,?,?,?,?,?) [23506-230]
		at org.h2.message.DbException.getJdbcSQLException(DbException.java:520)
		at org.h2.message.DbException.getJdbcSQLException(DbException.java:489)
		at org.h2.message.DbException.get(DbException.java:223)
		at org.h2.message.DbException.get(DbException.java:199)
		at org.h2.constraint.ConstraintReferential.checkRowOwnTable(ConstraintReferential.java:308)
		at org.h2.constraint.ConstraintReferential.checkRow(ConstraintReferential.java:249)
		at org.h2.table.Table.fireConstraints(Table.java:1227)
		at org.h2.table.Table.fireAfterRow(Table.java:1245)
		at org.h2.command.dml.Insert.insertRows(Insert.java:188)
		at org.h2.command.dml.Insert.update(Insert.java:135)
		at org.h2.command.dml.DataChangeStatement.update(DataChangeStatement.java:74)
		at org.h2.command.CommandContainer.update(CommandContainer.java:139)
		at org.h2.command.Command.executeUpdate(Command.java:304)
		at org.h2.command.Command.executeUpdate(Command.java:248)
		at org.h2.jdbc.JdbcPreparedStatement.executeUpdateInternal(JdbcPreparedStatement.java:213)
		at org.h2.jdbc.JdbcPreparedStatement.executeUpdate(JdbcPreparedStatement.java:172)
		at io.agroal.pool.wrapper.PreparedStatementWrapper.executeUpdate(PreparedStatementWrapper.java:90)
		at org.hibernate.engine.jdbc.internal.ResultSetReturnImpl.executeUpdate(ResultSetReturnImpl.java:190)
		... 44 more
Caused by: jakarta.transaction.RollbackException: ARJUNA016053: Could not commit transaction.
	at com.arjuna.ats.internal.jta.transaction.arjunacore.TransactionImple.commitAndDisassociate(TransactionImple.java:1319)
	at com.arjuna.ats.internal.jta.transaction.arjunacore.BaseTransaction.commit(BaseTransaction.java:104)
	at io.quarkus.narayana.jta.runtime.NotifyingTransactionManager.commit(NotifyingTransactionManager.java:70)
	at io.quarkus.narayana.jta.runtime.interceptor.TransactionalInterceptorBase.endTransaction(TransactionalInterceptorBase.java:406)
	at io.quarkus.narayana.jta.runtime.interceptor.TransactionalInterceptorBase.invokeInOurTx(TransactionalInterceptorBase.java:175)
	at io.quarkus.narayana.jta.runtime.interceptor.TransactionalInterceptorBase.invokeInOurTx(TransactionalInterceptorBase.java:107)
	at io.quarkus.narayana.jta.runtime.interceptor.TransactionalInterceptorRequired.doIntercept(TransactionalInterceptorRequired.java:38)
	at io.quarkus.narayana.jta.runtime.interceptor.TransactionalInterceptorBase.intercept(TransactionalInterceptorBase.java:61)
	at io.quarkus.narayana.jta.runtime.interceptor.TransactionalInterceptorRequired.intercept(TransactionalInterceptorRequired.java:32)
	at io.quarkus.narayana.jta.runtime.interceptor.TransactionalInterceptorRequired_Bean.intercept(Unknown Source)
	at io.quarkus.arc.impl.InterceptorInvocation.invoke(InterceptorInvocation.java:42)
	at io.quarkus.arc.impl.AroundInvokeInvocationContext.perform(AroundInvokeInvocationContext.java:30)
	at io.quarkus.arc.impl.InvocationContexts.performAroundInvoke(InvocationContexts.java:27)
	... 6 more
Caused by: [CIRCULAR REFERENCE: org.hibernate.exception.ConstraintViolationException: could not execute statement [Referential integrity constraint violation: "fk_calendar_orders_calendar: public.calendar_orders FOREIGN KEY(calendar_id) REFERENCES public.user_calendars(id) (UUID '6b869b4a-0b7e-439e-92de-98845ef0d506')"; SQL statement:
insert into calendar_orders (calendar_id,created,notes,paid_at,quantity,shipped_at,shipping_address,status,stripe_charge_id,stripe_payment_intent_id,total_price,unit_price,updated,user_id,version,id) values (?,?,?,?,?,?,?,?,?,?,?,?,?,?,?,?) [23506-230]] [insert into calendar_orders (calendar_id,created,notes,paid_at,quantity,shipped_at,shipping_address,status,stripe_charge_id,stripe_payment_intent_id,total_price,unit_price,updated,user_id,version,id) values (?,?,?,?,?,?,?,?,?,?,?,?,?,?,?,?)]]

[ERROR] villagecompute.calendar.data.models.CalendarOrderTest.testJsonbSerialization_NullShippingAddress -- Time elapsed: 0.006 s <<< ERROR!
io.quarkus.arc.ArcUndeclaredThrowableException: Error invoking subclass method
	at villagecompute.calendar.data.models.CalendarOrderTest_Subclass.testJsonbSerialization_NullShippingAddress(Unknown Source)
	at java.base/java.lang.reflect.Method.invoke(Method.java:580)
	at io.quarkus.test.junit.QuarkusTestExtension.runExtensionMethod(QuarkusTestExtension.java:1000)
	at io.quarkus.test.junit.QuarkusTestExtension.interceptTestMethod(QuarkusTestExtension.java:848)
	at java.base/java.util.ArrayList.forEach(ArrayList.java:1596)
	at java.base/java.util.ArrayList.forEach(ArrayList.java:1596)
	Suppressed: org.hibernate.exception.ConstraintViolationException: could not execute statement [Referential integrity constraint violation: "fk_calendar_orders_calendar: public.calendar_orders FOREIGN KEY(calendar_id) REFERENCES public.user_calendars(id) (UUID 'f7e1e367-9780-47b7-a2cf-7d74467ac643')"; SQL statement:
insert into calendar_orders (calendar_id,created,notes,paid_at,quantity,shipped_at,shipping_address,status,stripe_charge_id,stripe_payment_intent_id,total_price,unit_price,updated,user_id,version,id) values (?,?,?,?,?,?,?,?,?,?,?,?,?,?,?,?) [23506-230]] [insert into calendar_orders (calendar_id,created,notes,paid_at,quantity,shipped_at,shipping_address,status,stripe_charge_id,stripe_payment_intent_id,total_price,unit_price,updated,user_id,version,id) values (?,?,?,?,?,?,?,?,?,?,?,?,?,?,?,?)]
		at org.hibernate.dialect.H2Dialect.lambda$buildSQLExceptionConversionDelegate$1(H2Dialect.java:853)
		at org.hibernate.exception.internal.StandardSQLExceptionConverter.convert(StandardSQLExceptionConverter.java:34)
		at org.hibernate.engine.jdbc.spi.SqlExceptionHelper.convert(SqlExceptionHelper.java:115)
		at org.hibernate.engine.jdbc.internal.ResultSetReturnImpl.executeUpdate(ResultSetReturnImpl.java:193)
		at org.hibernate.engine.jdbc.mutation.internal.AbstractMutationExecutor.performNonBatchedMutation(AbstractMutationExecutor.java:148)
		at org.hibernate.engine.jdbc.mutation.internal.MutationExecutorSingleNonBatched.performNonBatchedOperations(MutationExecutorSingleNonBatched.java:53)
		at org.hibernate.engine.jdbc.mutation.internal.AbstractMutationExecutor.execute(AbstractMutationExecutor.java:66)
		at org.hibernate.engine.jdbc.mutation.internal.AbstractMutationExecutor.execute(AbstractMutationExecutor.java:55)
		at org.hibernate.persister.entity.mutation.InsertCoordinatorStandard.doStaticInserts(InsertCoordinatorStandard.java:191)
		at org.hibernate.persister.entity.mutation.InsertCoordinatorStandard.coordinateInsert(InsertCoordinatorStandard.java:129)
		at org.hibernate.persister.entity.mutation.InsertCoordinatorStandard.insert(InsertCoordinatorStandard.java:101)
		at org.hibernate.action.internal.EntityInsertAction.execute(EntityInsertAction.java:113)
		at org.hibernate.engine.spi.ActionQueue.executeActions(ActionQueue.java:646)
		at org.hibernate.engine.spi.ActionQueue.executeActions(ActionQueue.java:513)
		at org.hibernate.event.internal.AbstractFlushingEventListener.performExecutions(AbstractFlushingEventListener.java:378)
		at org.hibernate.event.internal.DefaultFlushEventListener.onFlush(DefaultFlushEventListener.java:39)
		at org.hibernate.event.service.internal.EventListenerGroupImpl.fireEventOnEachListener(EventListenerGroupImpl.java:140)
		at org.hibernate.internal.SessionImpl.doFlush(SessionImpl.java:1443)
		at org.hibernate.internal.SessionImpl.managedFlush(SessionImpl.java:488)
		at org.hibernate.internal.SessionImpl.flushBeforeTransactionCompletion(SessionImpl.java:2321)
		at org.hibernate.internal.SessionImpl.beforeTransactionCompletion(SessionImpl.java:2029)
		at org.hibernate.engine.jdbc.internal.JdbcCoordinatorImpl.beforeTransactionCompletion(JdbcCoordinatorImpl.java:394)
		at org.hibernate.resource.transaction.backend.jta.internal.JtaTransactionCoordinatorImpl.beforeCompletion(JtaTransactionCoordinatorImpl.java:328)
		at org.hibernate.resource.transaction.backend.jta.internal.synchronization.SynchronizationCallbackCoordinatorNonTrackingImpl.beforeCompletion(SynchronizationCallbackCoordinatorNonTrackingImpl.java:39)
		at org.hibernate.resource.transaction.backend.jta.internal.synchronization.RegisteredSynchronization.beforeCompletion(RegisteredSynchronization.java:33)
		at com.arjuna.ats.internal.jta.resources.arjunacore.SynchronizationImple.beforeCompletion(SynchronizationImple.java:52)
		at com.arjuna.ats.arjuna.coordinator.TwoPhaseCoordinator.beforeCompletion(TwoPhaseCoordinator.java:348)
		at com.arjuna.ats.arjuna.coordinator.TwoPhaseCoordinator.end(TwoPhaseCoordinator.java:66)
		at com.arjuna.ats.arjuna.AtomicAction.commit(AtomicAction.java:135)
		at com.arjuna.ats.internal.jta.transaction.arjunacore.TransactionImple.commitAndDisassociate(TransactionImple.java:1307)
		at com.arjuna.ats.internal.jta.transaction.arjunacore.BaseTransaction.commit(BaseTransaction.java:104)
		at io.quarkus.narayana.jta.runtime.NotifyingTransactionManager.commit(NotifyingTransactionManager.java:70)
		at io.quarkus.narayana.jta.runtime.interceptor.TransactionalInterceptorBase.endTransaction(TransactionalInterceptorBase.java:406)
		at io.quarkus.narayana.jta.runtime.interceptor.TransactionalInterceptorBase.invokeInOurTx(TransactionalInterceptorBase.java:175)
		at io.quarkus.narayana.jta.runtime.interceptor.TransactionalInterceptorBase.invokeInOurTx(TransactionalInterceptorBase.java:107)
		at io.quarkus.narayana.jta.runtime.interceptor.TransactionalInterceptorRequired.doIntercept(TransactionalInterceptorRequired.java:38)
		at io.quarkus.narayana.jta.runtime.interceptor.TransactionalInterceptorBase.intercept(TransactionalInterceptorBase.java:61)
		at io.quarkus.narayana.jta.runtime.interceptor.TransactionalInterceptorRequired.intercept(TransactionalInterceptorRequired.java:32)
		at io.quarkus.narayana.jta.runtime.interceptor.TransactionalInterceptorRequired_Bean.intercept(Unknown Source)
		at io.quarkus.arc.impl.InterceptorInvocation.invoke(InterceptorInvocation.java:42)
		at io.quarkus.arc.impl.AroundInvokeInvocationContext.perform(AroundInvokeInvocationContext.java:30)
		at io.quarkus.arc.impl.InvocationContexts.performAroundInvoke(InvocationContexts.java:27)
		... 6 more
	Caused by: org.h2.jdbc.JdbcSQLIntegrityConstraintViolationException: Referential integrity constraint violation: "fk_calendar_orders_calendar: public.calendar_orders FOREIGN KEY(calendar_id) REFERENCES public.user_calendars(id) (UUID 'f7e1e367-9780-47b7-a2cf-7d74467ac643')"; SQL statement:
insert into calendar_orders (calendar_id,created,notes,paid_at,quantity,shipped_at,shipping_address,status,stripe_charge_id,stripe_payment_intent_id,total_price,unit_price,updated,user_id,version,id) values (?,?,?,?,?,?,?,?,?,?,?,?,?,?,?,?) [23506-230]
		at org.h2.message.DbException.getJdbcSQLException(DbException.java:520)
		at org.h2.message.DbException.getJdbcSQLException(DbException.java:489)
		at org.h2.message.DbException.get(DbException.java:223)
		at org.h2.message.DbException.get(DbException.java:199)
		at org.h2.constraint.ConstraintReferential.checkRowOwnTable(ConstraintReferential.java:308)
		at org.h2.constraint.ConstraintReferential.checkRow(ConstraintReferential.java:249)
		at org.h2.table.Table.fireConstraints(Table.java:1227)
		at org.h2.table.Table.fireAfterRow(Table.java:1245)
		at org.h2.command.dml.Insert.insertRows(Insert.java:188)
		at org.h2.command.dml.Insert.update(Insert.java:135)
		at org.h2.command.dml.DataChangeStatement.update(DataChangeStatement.java:74)
		at org.h2.command.CommandContainer.update(CommandContainer.java:139)
		at org.h2.command.Command.executeUpdate(Command.java:304)
		at org.h2.command.Command.executeUpdate(Command.java:248)
		at org.h2.jdbc.JdbcPreparedStatement.executeUpdateInternal(JdbcPreparedStatement.java:213)
		at org.h2.jdbc.JdbcPreparedStatement.executeUpdate(JdbcPreparedStatement.java:172)
		at io.agroal.pool.wrapper.PreparedStatementWrapper.executeUpdate(PreparedStatementWrapper.java:90)
		at org.hibernate.engine.jdbc.internal.ResultSetReturnImpl.executeUpdate(ResultSetReturnImpl.java:190)
		... 44 more
Caused by: jakarta.transaction.RollbackException: ARJUNA016053: Could not commit transaction.
	at com.arjuna.ats.internal.jta.transaction.arjunacore.TransactionImple.commitAndDisassociate(TransactionImple.java:1319)
	at com.arjuna.ats.internal.jta.transaction.arjunacore.BaseTransaction.commit(BaseTransaction.java:104)
	at io.quarkus.narayana.jta.runtime.NotifyingTransactionManager.commit(NotifyingTransactionManager.java:70)
	at io.quarkus.narayana.jta.runtime.interceptor.TransactionalInterceptorBase.endTransaction(TransactionalInterceptorBase.java:406)
	at io.quarkus.narayana.jta.runtime.interceptor.TransactionalInterceptorBase.invokeInOurTx(TransactionalInterceptorBase.java:175)
	at io.quarkus.narayana.jta.runtime.interceptor.TransactionalInterceptorBase.invokeInOurTx(TransactionalInterceptorBase.java:107)
	at io.quarkus.narayana.jta.runtime.interceptor.TransactionalInterceptorRequired.doIntercept(TransactionalInterceptorRequired.java:38)
	at io.quarkus.narayana.jta.runtime.interceptor.TransactionalInterceptorBase.intercept(TransactionalInterceptorBase.java:61)
	at io.quarkus.narayana.jta.runtime.interceptor.TransactionalInterceptorRequired.intercept(TransactionalInterceptorRequired.java:32)
	at io.quarkus.narayana.jta.runtime.interceptor.TransactionalInterceptorRequired_Bean.intercept(Unknown Source)
	at io.quarkus.arc.impl.InterceptorInvocation.invoke(InterceptorInvocation.java:42)
	at io.quarkus.arc.impl.AroundInvokeInvocationContext.perform(AroundInvokeInvocationContext.java:30)
	at io.quarkus.arc.impl.InvocationContexts.performAroundInvoke(InvocationContexts.java:27)
	... 6 more
Caused by: [CIRCULAR REFERENCE: org.hibernate.exception.ConstraintViolationException: could not execute statement [Referential integrity constraint violation: "fk_calendar_orders_calendar: public.calendar_orders FOREIGN KEY(calendar_id) REFERENCES public.user_calendars(id) (UUID 'f7e1e367-9780-47b7-a2cf-7d74467ac643')"; SQL statement:
insert into calendar_orders (calendar_id,created,notes,paid_at,quantity,shipped_at,shipping_address,status,stripe_charge_id,stripe_payment_intent_id,total_price,unit_price,updated,user_id,version,id) values (?,?,?,?,?,?,?,?,?,?,?,?,?,?,?,?) [23506-230]] [insert into calendar_orders (calendar_id,created,notes,paid_at,quantity,shipped_at,shipping_address,status,stripe_charge_id,stripe_payment_intent_id,total_price,unit_price,updated,user_id,version,id) values (?,?,?,?,?,?,?,?,?,?,?,?,?,?,?,?)]]

[ERROR] villagecompute.calendar.data.models.CalendarOrderTest.testIsTerminal_Delivered -- Time elapsed: 0.006 s <<< ERROR!
io.quarkus.arc.ArcUndeclaredThrowableException: Error invoking subclass method
	at villagecompute.calendar.data.models.CalendarOrderTest_Subclass.testIsTerminal_Delivered(Unknown Source)
	at java.base/java.lang.reflect.Method.invoke(Method.java:580)
	at io.quarkus.test.junit.QuarkusTestExtension.runExtensionMethod(QuarkusTestExtension.java:1000)
	at io.quarkus.test.junit.QuarkusTestExtension.interceptTestMethod(QuarkusTestExtension.java:848)
	at java.base/java.util.ArrayList.forEach(ArrayList.java:1596)
	at java.base/java.util.ArrayList.forEach(ArrayList.java:1596)
	Suppressed: org.hibernate.exception.ConstraintViolationException: could not execute statement [Referential integrity constraint violation: "fk_calendar_orders_calendar: public.calendar_orders FOREIGN KEY(calendar_id) REFERENCES public.user_calendars(id) (UUID '59a7d810-0ef4-4139-8dd9-eb127e2b151c')"; SQL statement:
insert into calendar_orders (calendar_id,created,notes,paid_at,quantity,shipped_at,shipping_address,status,stripe_charge_id,stripe_payment_intent_id,total_price,unit_price,updated,user_id,version,id) values (?,?,?,?,?,?,?,?,?,?,?,?,?,?,?,?) [23506-230]] [insert into calendar_orders (calendar_id,created,notes,paid_at,quantity,shipped_at,shipping_address,status,stripe_charge_id,stripe_payment_intent_id,total_price,unit_price,updated,user_id,version,id) values (?,?,?,?,?,?,?,?,?,?,?,?,?,?,?,?)]
		at org.hibernate.dialect.H2Dialect.lambda$buildSQLExceptionConversionDelegate$1(H2Dialect.java:853)
		at org.hibernate.exception.internal.StandardSQLExceptionConverter.convert(StandardSQLExceptionConverter.java:34)
		at org.hibernate.engine.jdbc.spi.SqlExceptionHelper.convert(SqlExceptionHelper.java:115)
		at org.hibernate.engine.jdbc.internal.ResultSetReturnImpl.executeUpdate(ResultSetReturnImpl.java:193)
		at org.hibernate.engine.jdbc.mutation.internal.AbstractMutationExecutor.performNonBatchedMutation(AbstractMutationExecutor.java:148)
		at org.hibernate.engine.jdbc.mutation.internal.MutationExecutorSingleNonBatched.performNonBatchedOperations(MutationExecutorSingleNonBatched.java:53)
		at org.hibernate.engine.jdbc.mutation.internal.AbstractMutationExecutor.execute(AbstractMutationExecutor.java:66)
		at org.hibernate.engine.jdbc.mutation.internal.AbstractMutationExecutor.execute(AbstractMutationExecutor.java:55)
		at org.hibernate.persister.entity.mutation.InsertCoordinatorStandard.doStaticInserts(InsertCoordinatorStandard.java:191)
		at org.hibernate.persister.entity.mutation.InsertCoordinatorStandard.coordinateInsert(InsertCoordinatorStandard.java:129)
		at org.hibernate.persister.entity.mutation.InsertCoordinatorStandard.insert(InsertCoordinatorStandard.java:101)
		at org.hibernate.action.internal.EntityInsertAction.execute(EntityInsertAction.java:113)
		at org.hibernate.engine.spi.ActionQueue.executeActions(ActionQueue.java:646)
		at org.hibernate.engine.spi.ActionQueue.executeActions(ActionQueue.java:513)
		at org.hibernate.event.internal.AbstractFlushingEventListener.performExecutions(AbstractFlushingEventListener.java:378)
		at org.hibernate.event.internal.DefaultFlushEventListener.onFlush(DefaultFlushEventListener.java:39)
		at org.hibernate.event.service.internal.EventListenerGroupImpl.fireEventOnEachListener(EventListenerGroupImpl.java:140)
		at org.hibernate.internal.SessionImpl.doFlush(SessionImpl.java:1443)
		at org.hibernate.internal.SessionImpl.managedFlush(SessionImpl.java:488)
		at org.hibernate.internal.SessionImpl.flushBeforeTransactionCompletion(SessionImpl.java:2321)
		at org.hibernate.internal.SessionImpl.beforeTransactionCompletion(SessionImpl.java:2029)
		at org.hibernate.engine.jdbc.internal.JdbcCoordinatorImpl.beforeTransactionCompletion(JdbcCoordinatorImpl.java:394)
		at org.hibernate.resource.transaction.backend.jta.internal.JtaTransactionCoordinatorImpl.beforeCompletion(JtaTransactionCoordinatorImpl.java:328)
		at org.hibernate.resource.transaction.backend.jta.internal.synchronization.SynchronizationCallbackCoordinatorNonTrackingImpl.beforeCompletion(SynchronizationCallbackCoordinatorNonTrackingImpl.java:39)
		at org.hibernate.resource.transaction.backend.jta.internal.synchronization.RegisteredSynchronization.beforeCompletion(RegisteredSynchronization.java:33)
		at com.arjuna.ats.internal.jta.resources.arjunacore.SynchronizationImple.beforeCompletion(SynchronizationImple.java:52)
		at com.arjuna.ats.arjuna.coordinator.TwoPhaseCoordinator.beforeCompletion(TwoPhaseCoordinator.java:348)
		at com.arjuna.ats.arjuna.coordinator.TwoPhaseCoordinator.end(TwoPhaseCoordinator.java:66)
		at com.arjuna.ats.arjuna.AtomicAction.commit(AtomicAction.java:135)
		at com.arjuna.ats.internal.jta.transaction.arjunacore.TransactionImple.commitAndDisassociate(TransactionImple.java:1307)
		at com.arjuna.ats.internal.jta.transaction.arjunacore.BaseTransaction.commit(BaseTransaction.java:104)
		at io.quarkus.narayana.jta.runtime.NotifyingTransactionManager.commit(NotifyingTransactionManager.java:70)
		at io.quarkus.narayana.jta.runtime.interceptor.TransactionalInterceptorBase.endTransaction(TransactionalInterceptorBase.java:406)
		at io.quarkus.narayana.jta.runtime.interceptor.TransactionalInterceptorBase.invokeInOurTx(TransactionalInterceptorBase.java:175)
		at io.quarkus.narayana.jta.runtime.interceptor.TransactionalInterceptorBase.invokeInOurTx(TransactionalInterceptorBase.java:107)
		at io.quarkus.narayana.jta.runtime.interceptor.TransactionalInterceptorRequired.doIntercept(TransactionalInterceptorRequired.java:38)
		at io.quarkus.narayana.jta.runtime.interceptor.TransactionalInterceptorBase.intercept(TransactionalInterceptorBase.java:61)
		at io.quarkus.narayana.jta.runtime.interceptor.TransactionalInterceptorRequired.intercept(TransactionalInterceptorRequired.java:32)
		at io.quarkus.narayana.jta.runtime.interceptor.TransactionalInterceptorRequired_Bean.intercept(Unknown Source)
		at io.quarkus.arc.impl.InterceptorInvocation.invoke(InterceptorInvocation.java:42)
		at io.quarkus.arc.impl.AroundInvokeInvocationContext.perform(AroundInvokeInvocationContext.java:30)
		at io.quarkus.arc.impl.InvocationContexts.performAroundInvoke(InvocationContexts.java:27)
		... 6 more
	Caused by: org.h2.jdbc.JdbcSQLIntegrityConstraintViolationException: Referential integrity constraint violation: "fk_calendar_orders_calendar: public.calendar_orders FOREIGN KEY(calendar_id) REFERENCES public.user_calendars(id) (UUID '59a7d810-0ef4-4139-8dd9-eb127e2b151c')"; SQL statement:
insert into calendar_orders (calendar_id,created,notes,paid_at,quantity,shipped_at,shipping_address,status,stripe_charge_id,stripe_payment_intent_id,total_price,unit_price,updated,user_id,version,id) values (?,?,?,?,?,?,?,?,?,?,?,?,?,?,?,?) [23506-230]
		at org.h2.message.DbException.getJdbcSQLException(DbException.java:520)
		at org.h2.message.DbException.getJdbcSQLException(DbException.java:489)
		at org.h2.message.DbException.get(DbException.java:223)
		at org.h2.message.DbException.get(DbException.java:199)
		at org.h2.constraint.ConstraintReferential.checkRowOwnTable(ConstraintReferential.java:308)
		at org.h2.constraint.ConstraintReferential.checkRow(ConstraintReferential.java:249)
		at org.h2.table.Table.fireConstraints(Table.java:1227)
		at org.h2.table.Table.fireAfterRow(Table.java:1245)
		at org.h2.command.dml.Insert.insertRows(Insert.java:188)
		at org.h2.command.dml.Insert.update(Insert.java:135)
		at org.h2.command.dml.DataChangeStatement.update(DataChangeStatement.java:74)
		at org.h2.command.CommandContainer.update(CommandContainer.java:139)
		at org.h2.command.Command.executeUpdate(Command.java:304)
		at org.h2.command.Command.executeUpdate(Command.java:248)
		at org.h2.jdbc.JdbcPreparedStatement.executeUpdateInternal(JdbcPreparedStatement.java:213)
		at org.h2.jdbc.JdbcPreparedStatement.executeUpdate(JdbcPreparedStatement.java:172)
		at io.agroal.pool.wrapper.PreparedStatementWrapper.executeUpdate(PreparedStatementWrapper.java:90)
		at org.hibernate.engine.jdbc.internal.ResultSetReturnImpl.executeUpdate(ResultSetReturnImpl.java:190)
		... 44 more
Caused by: jakarta.transaction.RollbackException: ARJUNA016053: Could not commit transaction.
	at com.arjuna.ats.internal.jta.transaction.arjunacore.TransactionImple.commitAndDisassociate(TransactionImple.java:1319)
	at com.arjuna.ats.internal.jta.transaction.arjunacore.BaseTransaction.commit(BaseTransaction.java:104)
	at io.quarkus.narayana.jta.runtime.NotifyingTransactionManager.commit(NotifyingTransactionManager.java:70)
	at io.quarkus.narayana.jta.runtime.interceptor.TransactionalInterceptorBase.endTransaction(TransactionalInterceptorBase.java:406)
	at io.quarkus.narayana.jta.runtime.interceptor.TransactionalInterceptorBase.invokeInOurTx(TransactionalInterceptorBase.java:175)
	at io.quarkus.narayana.jta.runtime.interceptor.TransactionalInterceptorBase.invokeInOurTx(TransactionalInterceptorBase.java:107)
	at io.quarkus.narayana.jta.runtime.interceptor.TransactionalInterceptorRequired.doIntercept(TransactionalInterceptorRequired.java:38)
	at io.quarkus.narayana.jta.runtime.interceptor.TransactionalInterceptorBase.intercept(TransactionalInterceptorBase.java:61)
	at io.quarkus.narayana.jta.runtime.interceptor.TransactionalInterceptorRequired.intercept(TransactionalInterceptorRequired.java:32)
	at io.quarkus.narayana.jta.runtime.interceptor.TransactionalInterceptorRequired_Bean.intercept(Unknown Source)
	at io.quarkus.arc.impl.InterceptorInvocation.invoke(InterceptorInvocation.java:42)
	at io.quarkus.arc.impl.AroundInvokeInvocationContext.perform(AroundInvokeInvocationContext.java:30)
	at io.quarkus.arc.impl.InvocationContexts.performAroundInvoke(InvocationContexts.java:27)
	... 6 more
Caused by: [CIRCULAR REFERENCE: org.hibernate.exception.ConstraintViolationException: could not execute statement [Referential integrity constraint violation: "fk_calendar_orders_calendar: public.calendar_orders FOREIGN KEY(calendar_id) REFERENCES public.user_calendars(id) (UUID '59a7d810-0ef4-4139-8dd9-eb127e2b151c')"; SQL statement:
insert into calendar_orders (calendar_id,created,notes,paid_at,quantity,shipped_at,shipping_address,status,stripe_charge_id,stripe_payment_intent_id,total_price,unit_price,updated,user_id,version,id) values (?,?,?,?,?,?,?,?,?,?,?,?,?,?,?,?) [23506-230]] [insert into calendar_orders (calendar_id,created,notes,paid_at,quantity,shipped_at,shipping_address,status,stripe_charge_id,stripe_payment_intent_id,total_price,unit_price,updated,user_id,version,id) values (?,?,?,?,?,?,?,?,?,?,?,?,?,?,?,?)]]

[ERROR] villagecompute.calendar.data.models.CalendarOrderTest.testFindByCalendar -- Time elapsed: 0.007 s <<< ERROR!
org.hibernate.exception.ConstraintViolationException: 
could not execute statement [Referential integrity constraint violation: "fk_calendar_orders_calendar: public.calendar_orders FOREIGN KEY(calendar_id) REFERENCES public.user_calendars(id) (UUID 'b09bb0b7-4f2a-4f6b-8361-6fe4e4d68912')"; SQL statement:
insert into calendar_orders (calendar_id,created,notes,paid_at,quantity,shipped_at,shipping_address,status,stripe_charge_id,stripe_payment_intent_id,total_price,unit_price,updated,user_id,version,id) values (?,?,?,?,?,?,?,?,?,?,?,?,?,?,?,?) [23506-230]] [insert into calendar_orders (calendar_id,created,notes,paid_at,quantity,shipped_at,shipping_address,status,stripe_charge_id,stripe_payment_intent_id,total_price,unit_price,updated,user_id,version,id) values (?,?,?,?,?,?,?,?,?,?,?,?,?,?,?,?)]
	at org.hibernate.dialect.H2Dialect.lambda$buildSQLExceptionConversionDelegate$1(H2Dialect.java:853)
	at org.hibernate.exception.internal.StandardSQLExceptionConverter.convert(StandardSQLExceptionConverter.java:34)
	at org.hibernate.engine.jdbc.spi.SqlExceptionHelper.convert(SqlExceptionHelper.java:115)
	at org.hibernate.engine.jdbc.internal.ResultSetReturnImpl.executeUpdate(ResultSetReturnImpl.java:193)
	at org.hibernate.engine.jdbc.mutation.internal.AbstractMutationExecutor.performNonBatchedMutation(AbstractMutationExecutor.java:148)
	at org.hibernate.engine.jdbc.mutation.internal.MutationExecutorSingleNonBatched.performNonBatchedOperations(MutationExecutorSingleNonBatched.java:53)
	at org.hibernate.engine.jdbc.mutation.internal.AbstractMutationExecutor.execute(AbstractMutationExecutor.java:66)
	at org.hibernate.engine.jdbc.mutation.internal.AbstractMutationExecutor.execute(AbstractMutationExecutor.java:55)
	at org.hibernate.persister.entity.mutation.InsertCoordinatorStandard.doStaticInserts(InsertCoordinatorStandard.java:191)
	at org.hibernate.persister.entity.mutation.InsertCoordinatorStandard.coordinateInsert(InsertCoordinatorStandard.java:129)
	at org.hibernate.persister.entity.mutation.InsertCoordinatorStandard.insert(InsertCoordinatorStandard.java:101)
	at org.hibernate.action.internal.EntityInsertAction.execute(EntityInsertAction.java:113)
	at org.hibernate.engine.spi.ActionQueue.executeActions(ActionQueue.java:646)
	at org.hibernate.engine.spi.ActionQueue.executeActions(ActionQueue.java:513)
	at org.hibernate.event.internal.AbstractFlushingEventListener.performExecutions(AbstractFlushingEventListener.java:378)
	at org.hibernate.event.internal.DefaultAutoFlushEventListener.onAutoFlush(DefaultAutoFlushEventListener.java:67)
	at org.hibernate.event.service.internal.EventListenerGroupImpl.fireEventOnEachListener(EventListenerGroupImpl.java:140)
	at org.hibernate.internal.SessionImpl.autoFlushIfRequired(SessionImpl.java:1400)
	at org.hibernate.query.sqm.internal.ConcreteSqmSelectQueryPlan.lambda$new$1(ConcreteSqmSelectQueryPlan.java:138)
	at org.hibernate.query.sqm.internal.ConcreteSqmSelectQueryPlan.withCacheableSqmInterpretation(ConcreteSqmSelectQueryPlan.java:455)
	at org.hibernate.query.sqm.internal.ConcreteSqmSelectQueryPlan.performList(ConcreteSqmSelectQueryPlan.java:388)
	at org.hibernate.query.sqm.internal.SqmSelectionQueryImpl.doList(SqmSelectionQueryImpl.java:423)
	at org.hibernate.query.spi.AbstractSelectionQuery.list(AbstractSelectionQuery.java:154)
	at org.hibernate.query.SelectionQuery.getResultList(SelectionQuery.java:145)
	at io.quarkus.hibernate.orm.panache.common.runtime.CommonPanacheQueryImpl.list(CommonPanacheQueryImpl.java:301)
	at io.quarkus.hibernate.orm.panache.runtime.PanacheQueryImpl.list(PanacheQueryImpl.java:150)
	at villagecompute.calendar.data.models.CalendarOrderTest.testFindByCalendar(CalendarOrderTest.java:296)
	at villagecompute.calendar.data.models.CalendarOrderTest_Subclass.testFindByCalendar$$superforward(Unknown Source)
	at villagecompute.calendar.data.models.CalendarOrderTest_Subclass$$function$$3.apply(Unknown Source)
	at io.quarkus.arc.impl.AroundInvokeInvocationContext.proceed(AroundInvokeInvocationContext.java:73)
	at io.quarkus.arc.impl.AroundInvokeInvocationContext.proceed(AroundInvokeInvocationContext.java:62)
	at io.quarkus.narayana.jta.runtime.interceptor.TransactionalInterceptorBase.invokeInOurTx(TransactionalInterceptorBase.java:136)
	at io.quarkus.narayana.jta.runtime.interceptor.TransactionalInterceptorBase.invokeInOurTx(TransactionalInterceptorBase.java:107)
	at io.quarkus.narayana.jta.runtime.interceptor.TransactionalInterceptorRequired.doIntercept(TransactionalInterceptorRequired.java:38)
	at io.quarkus.narayana.jta.runtime.interceptor.TransactionalInterceptorBase.intercept(TransactionalInterceptorBase.java:61)
	at io.quarkus.narayana.jta.runtime.interceptor.TransactionalInterceptorRequired.intercept(TransactionalInterceptorRequired.java:32)
	at io.quarkus.narayana.jta.runtime.interceptor.TransactionalInterceptorRequired_Bean.intercept(Unknown Source)
	at io.quarkus.arc.impl.InterceptorInvocation.invoke(InterceptorInvocation.java:42)
	at io.quarkus.arc.impl.AroundInvokeInvocationContext.perform(AroundInvokeInvocationContext.java:30)
	at io.quarkus.arc.impl.InvocationContexts.performAroundInvoke(InvocationContexts.java:27)
	at villagecompute.calendar.data.models.CalendarOrderTest_Subclass.testFindByCalendar(Unknown Source)
	at java.base/java.lang.reflect.Method.invoke(Method.java:580)
	at io.quarkus.test.junit.QuarkusTestExtension.runExtensionMethod(QuarkusTestExtension.java:1000)
	at io.quarkus.test.junit.QuarkusTestExtension.interceptTestMethod(QuarkusTestExtension.java:848)
	at java.base/java.util.ArrayList.forEach(ArrayList.java:1596)
	at java.base/java.util.ArrayList.forEach(ArrayList.java:1596)
Caused by: org.h2.jdbc.JdbcSQLIntegrityConstraintViolationException: Referential integrity constraint violation: "fk_calendar_orders_calendar: public.calendar_orders FOREIGN KEY(calendar_id) REFERENCES public.user_calendars(id) (UUID 'b09bb0b7-4f2a-4f6b-8361-6fe4e4d68912')"; SQL statement:
insert into calendar_orders (calendar_id,created,notes,paid_at,quantity,shipped_at,shipping_address,status,stripe_charge_id,stripe_payment_intent_id,total_price,unit_price,updated,user_id,version,id) values (?,?,?,?,?,?,?,?,?,?,?,?,?,?,?,?) [23506-230]
	at org.h2.message.DbException.getJdbcSQLException(DbException.java:520)
	at org.h2.message.DbException.getJdbcSQLException(DbException.java:489)
	at org.h2.message.DbException.get(DbException.java:223)
	at org.h2.message.DbException.get(DbException.java:199)
	at org.h2.constraint.ConstraintReferential.checkRowOwnTable(ConstraintReferential.java:308)
	at org.h2.constraint.ConstraintReferential.checkRow(ConstraintReferential.java:249)
	at org.h2.table.Table.fireConstraints(Table.java:1227)
	at org.h2.table.Table.fireAfterRow(Table.java:1245)
	at org.h2.command.dml.Insert.insertRows(Insert.java:188)
	at org.h2.command.dml.Insert.update(Insert.java:135)
	at org.h2.command.dml.DataChangeStatement.update(DataChangeStatement.java:74)
	at org.h2.command.CommandContainer.update(CommandContainer.java:139)
	at org.h2.command.Command.executeUpdate(Command.java:304)
	at org.h2.command.Command.executeUpdate(Command.java:248)
	at org.h2.jdbc.JdbcPreparedStatement.executeUpdateInternal(JdbcPreparedStatement.java:213)
	at org.h2.jdbc.JdbcPreparedStatement.executeUpdate(JdbcPreparedStatement.java:172)
	at io.agroal.pool.wrapper.PreparedStatementWrapper.executeUpdate(PreparedStatementWrapper.java:90)
	at org.hibernate.engine.jdbc.internal.ResultSetReturnImpl.executeUpdate(ResultSetReturnImpl.java:190)
	... 42 more

[ERROR] villagecompute.calendar.data.models.CalendarOrderTest.testFindRecentOrders -- Time elapsed: 0.006 s <<< ERROR!
org.hibernate.exception.ConstraintViolationException: 
could not execute statement [Referential integrity constraint violation: "fk_calendar_orders_calendar: public.calendar_orders FOREIGN KEY(calendar_id) REFERENCES public.user_calendars(id) (UUID '4b74f506-4c2c-4565-b908-91b05c1664cd')"; SQL statement:
insert into calendar_orders (calendar_id,created,notes,paid_at,quantity,shipped_at,shipping_address,status,stripe_charge_id,stripe_payment_intent_id,total_price,unit_price,updated,user_id,version,id) values (?,?,?,?,?,?,?,?,?,?,?,?,?,?,?,?) [23506-230]] [insert into calendar_orders (calendar_id,created,notes,paid_at,quantity,shipped_at,shipping_address,status,stripe_charge_id,stripe_payment_intent_id,total_price,unit_price,updated,user_id,version,id) values (?,?,?,?,?,?,?,?,?,?,?,?,?,?,?,?)]
	at org.hibernate.dialect.H2Dialect.lambda$buildSQLExceptionConversionDelegate$1(H2Dialect.java:853)
	at org.hibernate.exception.internal.StandardSQLExceptionConverter.convert(StandardSQLExceptionConverter.java:34)
	at org.hibernate.engine.jdbc.spi.SqlExceptionHelper.convert(SqlExceptionHelper.java:115)
	at org.hibernate.engine.jdbc.internal.ResultSetReturnImpl.executeUpdate(ResultSetReturnImpl.java:193)
	at org.hibernate.engine.jdbc.mutation.internal.AbstractMutationExecutor.performNonBatchedMutation(AbstractMutationExecutor.java:148)
	at org.hibernate.engine.jdbc.mutation.internal.MutationExecutorSingleNonBatched.performNonBatchedOperations(MutationExecutorSingleNonBatched.java:53)
	at org.hibernate.engine.jdbc.mutation.internal.AbstractMutationExecutor.execute(AbstractMutationExecutor.java:66)
	at org.hibernate.engine.jdbc.mutation.internal.AbstractMutationExecutor.execute(AbstractMutationExecutor.java:55)
	at org.hibernate.persister.entity.mutation.InsertCoordinatorStandard.doStaticInserts(InsertCoordinatorStandard.java:191)
	at org.hibernate.persister.entity.mutation.InsertCoordinatorStandard.coordinateInsert(InsertCoordinatorStandard.java:129)
	at org.hibernate.persister.entity.mutation.InsertCoordinatorStandard.insert(InsertCoordinatorStandard.java:101)
	at org.hibernate.action.internal.EntityInsertAction.execute(EntityInsertAction.java:113)
	at org.hibernate.engine.spi.ActionQueue.executeActions(ActionQueue.java:646)
	at org.hibernate.engine.spi.ActionQueue.executeActions(ActionQueue.java:513)
	at org.hibernate.event.internal.AbstractFlushingEventListener.performExecutions(AbstractFlushingEventListener.java:378)
	at org.hibernate.event.internal.DefaultAutoFlushEventListener.onAutoFlush(DefaultAutoFlushEventListener.java:67)
	at org.hibernate.event.service.internal.EventListenerGroupImpl.fireEventOnEachListener(EventListenerGroupImpl.java:140)
	at org.hibernate.internal.SessionImpl.autoFlushIfRequired(SessionImpl.java:1400)
	at org.hibernate.query.sqm.internal.ConcreteSqmSelectQueryPlan.lambda$new$1(ConcreteSqmSelectQueryPlan.java:138)
	at org.hibernate.query.sqm.internal.ConcreteSqmSelectQueryPlan.withCacheableSqmInterpretation(ConcreteSqmSelectQueryPlan.java:455)
	at org.hibernate.query.sqm.internal.ConcreteSqmSelectQueryPlan.performList(ConcreteSqmSelectQueryPlan.java:388)
	at org.hibernate.query.sqm.internal.SqmSelectionQueryImpl.doList(SqmSelectionQueryImpl.java:423)
	at org.hibernate.query.spi.AbstractSelectionQuery.list(AbstractSelectionQuery.java:154)
	at org.hibernate.query.SelectionQuery.getResultList(SelectionQuery.java:145)
	at io.quarkus.hibernate.orm.panache.common.runtime.CommonPanacheQueryImpl.list(CommonPanacheQueryImpl.java:301)
	at io.quarkus.hibernate.orm.panache.runtime.PanacheQueryImpl.list(PanacheQueryImpl.java:150)
	at villagecompute.calendar.data.models.CalendarOrderTest.testFindRecentOrders(CalendarOrderTest.java:335)
	at villagecompute.calendar.data.models.CalendarOrderTest_Subclass.testFindRecentOrders$$superforward(Unknown Source)
	at villagecompute.calendar.data.models.CalendarOrderTest_Subclass$$function$$7.apply(Unknown Source)
	at io.quarkus.arc.impl.AroundInvokeInvocationContext.proceed(AroundInvokeInvocationContext.java:73)
	at io.quarkus.arc.impl.AroundInvokeInvocationContext.proceed(AroundInvokeInvocationContext.java:62)
	at io.quarkus.narayana.jta.runtime.interceptor.TransactionalInterceptorBase.invokeInOurTx(TransactionalInterceptorBase.java:136)
	at io.quarkus.narayana.jta.runtime.interceptor.TransactionalInterceptorBase.invokeInOurTx(TransactionalInterceptorBase.java:107)
	at io.quarkus.narayana.jta.runtime.interceptor.TransactionalInterceptorRequired.doIntercept(TransactionalInterceptorRequired.java:38)
	at io.quarkus.narayana.jta.runtime.interceptor.TransactionalInterceptorBase.intercept(TransactionalInterceptorBase.java:61)
	at io.quarkus.narayana.jta.runtime.interceptor.TransactionalInterceptorRequired.intercept(TransactionalInterceptorRequired.java:32)
	at io.quarkus.narayana.jta.runtime.interceptor.TransactionalInterceptorRequired_Bean.intercept(Unknown Source)
	at io.quarkus.arc.impl.InterceptorInvocation.invoke(InterceptorInvocation.java:42)
	at io.quarkus.arc.impl.AroundInvokeInvocationContext.perform(AroundInvokeInvocationContext.java:30)
	at io.quarkus.arc.impl.InvocationContexts.performAroundInvoke(InvocationContexts.java:27)
	at villagecompute.calendar.data.models.CalendarOrderTest_Subclass.testFindRecentOrders(Unknown Source)
	at java.base/java.lang.reflect.Method.invoke(Method.java:580)
	at io.quarkus.test.junit.QuarkusTestExtension.runExtensionMethod(QuarkusTestExtension.java:1000)
	at io.quarkus.test.junit.QuarkusTestExtension.interceptTestMethod(QuarkusTestExtension.java:848)
	at java.base/java.util.ArrayList.forEach(ArrayList.java:1596)
	at java.base/java.util.ArrayList.forEach(ArrayList.java:1596)
Caused by: org.h2.jdbc.JdbcSQLIntegrityConstraintViolationException: Referential integrity constraint violation: "fk_calendar_orders_calendar: public.calendar_orders FOREIGN KEY(calendar_id) REFERENCES public.user_calendars(id) (UUID '4b74f506-4c2c-4565-b908-91b05c1664cd')"; SQL statement:
insert into calendar_orders (calendar_id,created,notes,paid_at,quantity,shipped_at,shipping_address,status,stripe_charge_id,stripe_payment_intent_id,total_price,unit_price,updated,user_id,version,id) values (?,?,?,?,?,?,?,?,?,?,?,?,?,?,?,?) [23506-230]
	at org.h2.message.DbException.getJdbcSQLException(DbException.java:520)
	at org.h2.message.DbException.getJdbcSQLException(DbException.java:489)
	at org.h2.message.DbException.get(DbException.java:223)
	at org.h2.message.DbException.get(DbException.java:199)
	at org.h2.constraint.ConstraintReferential.checkRowOwnTable(ConstraintReferential.java:308)
	at org.h2.constraint.ConstraintReferential.checkRow(ConstraintReferential.java:249)
	at org.h2.table.Table.fireConstraints(Table.java:1227)
	at org.h2.table.Table.fireAfterRow(Table.java:1245)
	at org.h2.command.dml.Insert.insertRows(Insert.java:188)
	at org.h2.command.dml.Insert.update(Insert.java:135)
	at org.h2.command.dml.DataChangeStatement.update(DataChangeStatement.java:74)
	at org.h2.command.CommandContainer.update(CommandContainer.java:139)
	at org.h2.command.Command.executeUpdate(Command.java:304)
	at org.h2.command.Command.executeUpdate(Command.java:248)
	at org.h2.jdbc.JdbcPreparedStatement.executeUpdateInternal(JdbcPreparedStatement.java:213)
	at org.h2.jdbc.JdbcPreparedStatement.executeUpdate(JdbcPreparedStatement.java:172)
	at io.agroal.pool.wrapper.PreparedStatementWrapper.executeUpdate(PreparedStatementWrapper.java:90)
	at org.hibernate.engine.jdbc.internal.ResultSetReturnImpl.executeUpdate(ResultSetReturnImpl.java:190)
	... 42 more

[ERROR] villagecompute.calendar.data.models.CalendarOrderTest.testFindByStripePaymentIntent -- Time elapsed: 0.006 s <<< ERROR!
org.hibernate.exception.ConstraintViolationException: 
could not execute statement [Referential integrity constraint violation: "fk_calendar_orders_calendar: public.calendar_orders FOREIGN KEY(calendar_id) REFERENCES public.user_calendars(id) (UUID '73cff127-0f4d-4c5d-9b43-c740b9710531')"; SQL statement:
insert into calendar_orders (calendar_id,created,notes,paid_at,quantity,shipped_at,shipping_address,status,stripe_charge_id,stripe_payment_intent_id,total_price,unit_price,updated,user_id,version,id) values (?,?,?,?,?,?,?,?,?,?,?,?,?,?,?,?) [23506-230]] [insert into calendar_orders (calendar_id,created,notes,paid_at,quantity,shipped_at,shipping_address,status,stripe_charge_id,stripe_payment_intent_id,total_price,unit_price,updated,user_id,version,id) values (?,?,?,?,?,?,?,?,?,?,?,?,?,?,?,?)]
	at org.hibernate.dialect.H2Dialect.lambda$buildSQLExceptionConversionDelegate$1(H2Dialect.java:853)
	at org.hibernate.exception.internal.StandardSQLExceptionConverter.convert(StandardSQLExceptionConverter.java:34)
	at org.hibernate.engine.jdbc.spi.SqlExceptionHelper.convert(SqlExceptionHelper.java:115)
	at org.hibernate.engine.jdbc.internal.ResultSetReturnImpl.executeUpdate(ResultSetReturnImpl.java:193)
	at org.hibernate.engine.jdbc.mutation.internal.AbstractMutationExecutor.performNonBatchedMutation(AbstractMutationExecutor.java:148)
	at org.hibernate.engine.jdbc.mutation.internal.MutationExecutorSingleNonBatched.performNonBatchedOperations(MutationExecutorSingleNonBatched.java:53)
	at org.hibernate.engine.jdbc.mutation.internal.AbstractMutationExecutor.execute(AbstractMutationExecutor.java:66)
	at org.hibernate.engine.jdbc.mutation.internal.AbstractMutationExecutor.execute(AbstractMutationExecutor.java:55)
	at org.hibernate.persister.entity.mutation.InsertCoordinatorStandard.doStaticInserts(InsertCoordinatorStandard.java:191)
	at org.hibernate.persister.entity.mutation.InsertCoordinatorStandard.coordinateInsert(InsertCoordinatorStandard.java:129)
	at org.hibernate.persister.entity.mutation.InsertCoordinatorStandard.insert(InsertCoordinatorStandard.java:101)
	at org.hibernate.action.internal.EntityInsertAction.execute(EntityInsertAction.java:113)
	at org.hibernate.engine.spi.ActionQueue.executeActions(ActionQueue.java:646)
	at org.hibernate.engine.spi.ActionQueue.executeActions(ActionQueue.java:513)
	at org.hibernate.event.internal.AbstractFlushingEventListener.performExecutions(AbstractFlushingEventListener.java:378)
	at org.hibernate.event.internal.DefaultAutoFlushEventListener.onAutoFlush(DefaultAutoFlushEventListener.java:67)
	at org.hibernate.event.service.internal.EventListenerGroupImpl.fireEventOnEachListener(EventListenerGroupImpl.java:140)
	at org.hibernate.internal.SessionImpl.autoFlushIfRequired(SessionImpl.java:1400)
	at org.hibernate.query.sqm.internal.ConcreteSqmSelectQueryPlan.lambda$new$1(ConcreteSqmSelectQueryPlan.java:138)
	at org.hibernate.query.sqm.internal.ConcreteSqmSelectQueryPlan.withCacheableSqmInterpretation(ConcreteSqmSelectQueryPlan.java:455)
	at org.hibernate.query.sqm.internal.ConcreteSqmSelectQueryPlan.performList(ConcreteSqmSelectQueryPlan.java:388)
	at org.hibernate.query.sqm.internal.SqmSelectionQueryImpl.doList(SqmSelectionQueryImpl.java:423)
	at org.hibernate.query.spi.AbstractSelectionQuery.list(AbstractSelectionQuery.java:154)
	at org.hibernate.query.SelectionQuery.getResultList(SelectionQuery.java:145)
	at io.quarkus.hibernate.orm.panache.common.runtime.CommonPanacheQueryImpl.list(CommonPanacheQueryImpl.java:301)
	at io.quarkus.hibernate.orm.panache.runtime.PanacheQueryImpl.list(PanacheQueryImpl.java:150)
	at villagecompute.calendar.data.models.CalendarOrderTest.testFindByStripePaymentIntent(CalendarOrderTest.java:312)
	at villagecompute.calendar.data.models.CalendarOrderTest_Subclass.testFindByStripePaymentIntent$$superforward(Unknown Source)
	at villagecompute.calendar.data.models.CalendarOrderTest_Subclass$$function$$5.apply(Unknown Source)
	at io.quarkus.arc.impl.AroundInvokeInvocationContext.proceed(AroundInvokeInvocationContext.java:73)
	at io.quarkus.arc.impl.AroundInvokeInvocationContext.proceed(AroundInvokeInvocationContext.java:62)
	at io.quarkus.narayana.jta.runtime.interceptor.TransactionalInterceptorBase.invokeInOurTx(TransactionalInterceptorBase.java:136)
	at io.quarkus.narayana.jta.runtime.interceptor.TransactionalInterceptorBase.invokeInOurTx(TransactionalInterceptorBase.java:107)
	at io.quarkus.narayana.jta.runtime.interceptor.TransactionalInterceptorRequired.doIntercept(TransactionalInterceptorRequired.java:38)
	at io.quarkus.narayana.jta.runtime.interceptor.TransactionalInterceptorBase.intercept(TransactionalInterceptorBase.java:61)
	at io.quarkus.narayana.jta.runtime.interceptor.TransactionalInterceptorRequired.intercept(TransactionalInterceptorRequired.java:32)
	at io.quarkus.narayana.jta.runtime.interceptor.TransactionalInterceptorRequired_Bean.intercept(Unknown Source)
	at io.quarkus.arc.impl.InterceptorInvocation.invoke(InterceptorInvocation.java:42)
	at io.quarkus.arc.impl.AroundInvokeInvocationContext.perform(AroundInvokeInvocationContext.java:30)
	at io.quarkus.arc.impl.InvocationContexts.performAroundInvoke(InvocationContexts.java:27)
	at villagecompute.calendar.data.models.CalendarOrderTest_Subclass.testFindByStripePaymentIntent(Unknown Source)
	at java.base/java.lang.reflect.Method.invoke(Method.java:580)
	at io.quarkus.test.junit.QuarkusTestExtension.runExtensionMethod(QuarkusTestExtension.java:1000)
	at io.quarkus.test.junit.QuarkusTestExtension.interceptTestMethod(QuarkusTestExtension.java:848)
	at java.base/java.util.ArrayList.forEach(ArrayList.java:1596)
	at java.base/java.util.ArrayList.forEach(ArrayList.java:1596)
Caused by: org.h2.jdbc.JdbcSQLIntegrityConstraintViolationException: Referential integrity constraint violation: "fk_calendar_orders_calendar: public.calendar_orders FOREIGN KEY(calendar_id) REFERENCES public.user_calendars(id) (UUID '73cff127-0f4d-4c5d-9b43-c740b9710531')"; SQL statement:
insert into calendar_orders (calendar_id,created,notes,paid_at,quantity,shipped_at,shipping_address,status,stripe_charge_id,stripe_payment_intent_id,total_price,unit_price,updated,user_id,version,id) values (?,?,?,?,?,?,?,?,?,?,?,?,?,?,?,?) [23506-230]
	at org.h2.message.DbException.getJdbcSQLException(DbException.java:520)
	at org.h2.message.DbException.getJdbcSQLException(DbException.java:489)
	at org.h2.message.DbException.get(DbException.java:223)
	at org.h2.message.DbException.get(DbException.java:199)
	at org.h2.constraint.ConstraintReferential.checkRowOwnTable(ConstraintReferential.java:308)
	at org.h2.constraint.ConstraintReferential.checkRow(ConstraintReferential.java:249)
	at org.h2.table.Table.fireConstraints(Table.java:1227)
	at org.h2.table.Table.fireAfterRow(Table.java:1245)
	at org.h2.command.dml.Insert.insertRows(Insert.java:188)
	at org.h2.command.dml.Insert.update(Insert.java:135)
	at org.h2.command.dml.DataChangeStatement.update(DataChangeStatement.java:74)
	at org.h2.command.CommandContainer.update(CommandContainer.java:139)
	at org.h2.command.Command.executeUpdate(Command.java:304)
	at org.h2.command.Command.executeUpdate(Command.java:248)
	at org.h2.jdbc.JdbcPreparedStatement.executeUpdateInternal(JdbcPreparedStatement.java:213)
	at org.h2.jdbc.JdbcPreparedStatement.executeUpdate(JdbcPreparedStatement.java:172)
	at io.agroal.pool.wrapper.PreparedStatementWrapper.executeUpdate(PreparedStatementWrapper.java:90)
	at org.hibernate.engine.jdbc.internal.ResultSetReturnImpl.executeUpdate(ResultSetReturnImpl.java:190)
	... 42 more

[ERROR] villagecompute.calendar.data.models.CalendarOrderTest.testIsTerminal_Pending -- Time elapsed: 0.005 s <<< ERROR!
io.quarkus.arc.ArcUndeclaredThrowableException: Error invoking subclass method
	at villagecompute.calendar.data.models.CalendarOrderTest_Subclass.testIsTerminal_Pending(Unknown Source)
	at java.base/java.lang.reflect.Method.invoke(Method.java:580)
	at io.quarkus.test.junit.QuarkusTestExtension.runExtensionMethod(QuarkusTestExtension.java:1000)
	at io.quarkus.test.junit.QuarkusTestExtension.interceptTestMethod(QuarkusTestExtension.java:848)
	at java.base/java.util.ArrayList.forEach(ArrayList.java:1596)
	at java.base/java.util.ArrayList.forEach(ArrayList.java:1596)
	Suppressed: org.hibernate.exception.ConstraintViolationException: could not execute statement [Referential integrity constraint violation: "fk_calendar_orders_calendar: public.calendar_orders FOREIGN KEY(calendar_id) REFERENCES public.user_calendars(id) (UUID 'b1aa08d2-6d0a-4539-9e53-f335fa9b52b9')"; SQL statement:
insert into calendar_orders (calendar_id,created,notes,paid_at,quantity,shipped_at,shipping_address,status,stripe_charge_id,stripe_payment_intent_id,total_price,unit_price,updated,user_id,version,id) values (?,?,?,?,?,?,?,?,?,?,?,?,?,?,?,?) [23506-230]] [insert into calendar_orders (calendar_id,created,notes,paid_at,quantity,shipped_at,shipping_address,status,stripe_charge_id,stripe_payment_intent_id,total_price,unit_price,updated,user_id,version,id) values (?,?,?,?,?,?,?,?,?,?,?,?,?,?,?,?)]
		at org.hibernate.dialect.H2Dialect.lambda$buildSQLExceptionConversionDelegate$1(H2Dialect.java:853)
		at org.hibernate.exception.internal.StandardSQLExceptionConverter.convert(StandardSQLExceptionConverter.java:34)
		at org.hibernate.engine.jdbc.spi.SqlExceptionHelper.convert(SqlExceptionHelper.java:115)
		at org.hibernate.engine.jdbc.internal.ResultSetReturnImpl.executeUpdate(ResultSetReturnImpl.java:193)
		at org.hibernate.engine.jdbc.mutation.internal.AbstractMutationExecutor.performNonBatchedMutation(AbstractMutationExecutor.java:148)
		at org.hibernate.engine.jdbc.mutation.internal.MutationExecutorSingleNonBatched.performNonBatchedOperations(MutationExecutorSingleNonBatched.java:53)
		at org.hibernate.engine.jdbc.mutation.internal.AbstractMutationExecutor.execute(AbstractMutationExecutor.java:66)
		at org.hibernate.engine.jdbc.mutation.internal.AbstractMutationExecutor.execute(AbstractMutationExecutor.java:55)
		at org.hibernate.persister.entity.mutation.InsertCoordinatorStandard.doStaticInserts(InsertCoordinatorStandard.java:191)
		at org.hibernate.persister.entity.mutation.InsertCoordinatorStandard.coordinateInsert(InsertCoordinatorStandard.java:129)
		at org.hibernate.persister.entity.mutation.InsertCoordinatorStandard.insert(InsertCoordinatorStandard.java:101)
		at org.hibernate.action.internal.EntityInsertAction.execute(EntityInsertAction.java:113)
		at org.hibernate.engine.spi.ActionQueue.executeActions(ActionQueue.java:646)
		at org.hibernate.engine.spi.ActionQueue.executeActions(ActionQueue.java:513)
		at org.hibernate.event.internal.AbstractFlushingEventListener.performExecutions(AbstractFlushingEventListener.java:378)
		at org.hibernate.event.internal.DefaultFlushEventListener.onFlush(DefaultFlushEventListener.java:39)
		at org.hibernate.event.service.internal.EventListenerGroupImpl.fireEventOnEachListener(EventListenerGroupImpl.java:140)
		at org.hibernate.internal.SessionImpl.doFlush(SessionImpl.java:1443)
		at org.hibernate.internal.SessionImpl.managedFlush(SessionImpl.java:488)
		at org.hibernate.internal.SessionImpl.flushBeforeTransactionCompletion(SessionImpl.java:2321)
		at org.hibernate.internal.SessionImpl.beforeTransactionCompletion(SessionImpl.java:2029)
		at org.hibernate.engine.jdbc.internal.JdbcCoordinatorImpl.beforeTransactionCompletion(JdbcCoordinatorImpl.java:394)
		at org.hibernate.resource.transaction.backend.jta.internal.JtaTransactionCoordinatorImpl.beforeCompletion(JtaTransactionCoordinatorImpl.java:328)
		at org.hibernate.resource.transaction.backend.jta.internal.synchronization.SynchronizationCallbackCoordinatorNonTrackingImpl.beforeCompletion(SynchronizationCallbackCoordinatorNonTrackingImpl.java:39)
		at org.hibernate.resource.transaction.backend.jta.internal.synchronization.RegisteredSynchronization.beforeCompletion(RegisteredSynchronization.java:33)
		at com.arjuna.ats.internal.jta.resources.arjunacore.SynchronizationImple.beforeCompletion(SynchronizationImple.java:52)
		at com.arjuna.ats.arjuna.coordinator.TwoPhaseCoordinator.beforeCompletion(TwoPhaseCoordinator.java:348)
		at com.arjuna.ats.arjuna.coordinator.TwoPhaseCoordinator.end(TwoPhaseCoordinator.java:66)
		at com.arjuna.ats.arjuna.AtomicAction.commit(AtomicAction.java:135)
		at com.arjuna.ats.internal.jta.transaction.arjunacore.TransactionImple.commitAndDisassociate(TransactionImple.java:1307)
		at com.arjuna.ats.internal.jta.transaction.arjunacore.BaseTransaction.commit(BaseTransaction.java:104)
		at io.quarkus.narayana.jta.runtime.NotifyingTransactionManager.commit(NotifyingTransactionManager.java:70)
		at io.quarkus.narayana.jta.runtime.interceptor.TransactionalInterceptorBase.endTransaction(TransactionalInterceptorBase.java:406)
		at io.quarkus.narayana.jta.runtime.interceptor.TransactionalInterceptorBase.invokeInOurTx(TransactionalInterceptorBase.java:175)
		at io.quarkus.narayana.jta.runtime.interceptor.TransactionalInterceptorBase.invokeInOurTx(TransactionalInterceptorBase.java:107)
		at io.quarkus.narayana.jta.runtime.interceptor.TransactionalInterceptorRequired.doIntercept(TransactionalInterceptorRequired.java:38)
		at io.quarkus.narayana.jta.runtime.interceptor.TransactionalInterceptorBase.intercept(TransactionalInterceptorBase.java:61)
		at io.quarkus.narayana.jta.runtime.interceptor.TransactionalInterceptorRequired.intercept(TransactionalInterceptorRequired.java:32)
		at io.quarkus.narayana.jta.runtime.interceptor.TransactionalInterceptorRequired_Bean.intercept(Unknown Source)
		at io.quarkus.arc.impl.InterceptorInvocation.invoke(InterceptorInvocation.java:42)
		at io.quarkus.arc.impl.AroundInvokeInvocationContext.perform(AroundInvokeInvocationContext.java:30)
		at io.quarkus.arc.impl.InvocationContexts.performAroundInvoke(InvocationContexts.java:27)
		... 6 more
	Caused by: org.h2.jdbc.JdbcSQLIntegrityConstraintViolationException: Referential integrity constraint violation: "fk_calendar_orders_calendar: public.calendar_orders FOREIGN KEY(calendar_id) REFERENCES public.user_calendars(id) (UUID 'b1aa08d2-6d0a-4539-9e53-f335fa9b52b9')"; SQL statement:
insert into calendar_orders (calendar_id,created,notes,paid_at,quantity,shipped_at,shipping_address,status,stripe_charge_id,stripe_payment_intent_id,total_price,unit_price,updated,user_id,version,id) values (?,?,?,?,?,?,?,?,?,?,?,?,?,?,?,?) [23506-230]
		at org.h2.message.DbException.getJdbcSQLException(DbException.java:520)
		at org.h2.message.DbException.getJdbcSQLException(DbException.java:489)
		at org.h2.message.DbException.get(DbException.java:223)
		at org.h2.message.DbException.get(DbException.java:199)
		at org.h2.constraint.ConstraintReferential.checkRowOwnTable(ConstraintReferential.java:308)
		at org.h2.constraint.ConstraintReferential.checkRow(ConstraintReferential.java:249)
		at org.h2.table.Table.fireConstraints(Table.java:1227)
		at org.h2.table.Table.fireAfterRow(Table.java:1245)
		at org.h2.command.dml.Insert.insertRows(Insert.java:188)
		at org.h2.command.dml.Insert.update(Insert.java:135)
		at org.h2.command.dml.DataChangeStatement.update(DataChangeStatement.java:74)
		at org.h2.command.CommandContainer.update(CommandContainer.java:139)
		at org.h2.command.Command.executeUpdate(Command.java:304)
		at org.h2.command.Command.executeUpdate(Command.java:248)
		at org.h2.jdbc.JdbcPreparedStatement.executeUpdateInternal(JdbcPreparedStatement.java:213)
		at org.h2.jdbc.JdbcPreparedStatement.executeUpdate(JdbcPreparedStatement.java:172)
		at io.agroal.pool.wrapper.PreparedStatementWrapper.executeUpdate(PreparedStatementWrapper.java:90)
		at org.hibernate.engine.jdbc.internal.ResultSetReturnImpl.executeUpdate(ResultSetReturnImpl.java:190)
		... 44 more
Caused by: jakarta.transaction.RollbackException: ARJUNA016053: Could not commit transaction.
	at com.arjuna.ats.internal.jta.transaction.arjunacore.TransactionImple.commitAndDisassociate(TransactionImple.java:1319)
	at com.arjuna.ats.internal.jta.transaction.arjunacore.BaseTransaction.commit(BaseTransaction.java:104)
	at io.quarkus.narayana.jta.runtime.NotifyingTransactionManager.commit(NotifyingTransactionManager.java:70)
	at io.quarkus.narayana.jta.runtime.interceptor.TransactionalInterceptorBase.endTransaction(TransactionalInterceptorBase.java:406)
	at io.quarkus.narayana.jta.runtime.interceptor.TransactionalInterceptorBase.invokeInOurTx(TransactionalInterceptorBase.java:175)
	at io.quarkus.narayana.jta.runtime.interceptor.TransactionalInterceptorBase.invokeInOurTx(TransactionalInterceptorBase.java:107)
	at io.quarkus.narayana.jta.runtime.interceptor.TransactionalInterceptorRequired.doIntercept(TransactionalInterceptorRequired.java:38)
	at io.quarkus.narayana.jta.runtime.interceptor.TransactionalInterceptorBase.intercept(TransactionalInterceptorBase.java:61)
	at io.quarkus.narayana.jta.runtime.interceptor.TransactionalInterceptorRequired.intercept(TransactionalInterceptorRequired.java:32)
	at io.quarkus.narayana.jta.runtime.interceptor.TransactionalInterceptorRequired_Bean.intercept(Unknown Source)
	at io.quarkus.arc.impl.InterceptorInvocation.invoke(InterceptorInvocation.java:42)
	at io.quarkus.arc.impl.AroundInvokeInvocationContext.perform(AroundInvokeInvocationContext.java:30)
	at io.quarkus.arc.impl.InvocationContexts.performAroundInvoke(InvocationContexts.java:27)
	... 6 more
Caused by: [CIRCULAR REFERENCE: org.hibernate.exception.ConstraintViolationException: could not execute statement [Referential integrity constraint violation: "fk_calendar_orders_calendar: public.calendar_orders FOREIGN KEY(calendar_id) REFERENCES public.user_calendars(id) (UUID 'b1aa08d2-6d0a-4539-9e53-f335fa9b52b9')"; SQL statement:
insert into calendar_orders (calendar_id,created,notes,paid_at,quantity,shipped_at,shipping_address,status,stripe_charge_id,stripe_payment_intent_id,total_price,unit_price,updated,user_id,version,id) values (?,?,?,?,?,?,?,?,?,?,?,?,?,?,?,?) [23506-230]] [insert into calendar_orders (calendar_id,created,notes,paid_at,quantity,shipped_at,shipping_address,status,stripe_charge_id,stripe_payment_intent_id,total_price,unit_price,updated,user_id,version,id) values (?,?,?,?,?,?,?,?,?,?,?,?,?,?,?,?)]]

[ERROR] villagecompute.calendar.data.models.CalendarOrderTest.testIsTerminal_Cancelled -- Time elapsed: 0.004 s <<< ERROR!
io.quarkus.arc.ArcUndeclaredThrowableException: Error invoking subclass method
	at villagecompute.calendar.data.models.CalendarOrderTest_Subclass.testIsTerminal_Cancelled(Unknown Source)
	at java.base/java.lang.reflect.Method.invoke(Method.java:580)
	at io.quarkus.test.junit.QuarkusTestExtension.runExtensionMethod(QuarkusTestExtension.java:1000)
	at io.quarkus.test.junit.QuarkusTestExtension.interceptTestMethod(QuarkusTestExtension.java:848)
	at java.base/java.util.ArrayList.forEach(ArrayList.java:1596)
	at java.base/java.util.ArrayList.forEach(ArrayList.java:1596)
	Suppressed: org.hibernate.exception.ConstraintViolationException: could not execute statement [Referential integrity constraint violation: "fk_calendar_orders_calendar: public.calendar_orders FOREIGN KEY(calendar_id) REFERENCES public.user_calendars(id) (UUID 'e86e2975-b439-43d2-a77b-045db193f23f')"; SQL statement:
insert into calendar_orders (calendar_id,created,notes,paid_at,quantity,shipped_at,shipping_address,status,stripe_charge_id,stripe_payment_intent_id,total_price,unit_price,updated,user_id,version,id) values (?,?,?,?,?,?,?,?,?,?,?,?,?,?,?,?) [23506-230]] [insert into calendar_orders (calendar_id,created,notes,paid_at,quantity,shipped_at,shipping_address,status,stripe_charge_id,stripe_payment_intent_id,total_price,unit_price,updated,user_id,version,id) values (?,?,?,?,?,?,?,?,?,?,?,?,?,?,?,?)]
		at org.hibernate.dialect.H2Dialect.lambda$buildSQLExceptionConversionDelegate$1(H2Dialect.java:853)
		at org.hibernate.exception.internal.StandardSQLExceptionConverter.convert(StandardSQLExceptionConverter.java:34)
		at org.hibernate.engine.jdbc.spi.SqlExceptionHelper.convert(SqlExceptionHelper.java:115)
		at org.hibernate.engine.jdbc.internal.ResultSetReturnImpl.executeUpdate(ResultSetReturnImpl.java:193)
		at org.hibernate.engine.jdbc.mutation.internal.AbstractMutationExecutor.performNonBatchedMutation(AbstractMutationExecutor.java:148)
		at org.hibernate.engine.jdbc.mutation.internal.MutationExecutorSingleNonBatched.performNonBatchedOperations(MutationExecutorSingleNonBatched.java:53)
		at org.hibernate.engine.jdbc.mutation.internal.AbstractMutationExecutor.execute(AbstractMutationExecutor.java:66)
		at org.hibernate.engine.jdbc.mutation.internal.AbstractMutationExecutor.execute(AbstractMutationExecutor.java:55)
		at org.hibernate.persister.entity.mutation.InsertCoordinatorStandard.doStaticInserts(InsertCoordinatorStandard.java:191)
		at org.hibernate.persister.entity.mutation.InsertCoordinatorStandard.coordinateInsert(InsertCoordinatorStandard.java:129)
		at org.hibernate.persister.entity.mutation.InsertCoordinatorStandard.insert(InsertCoordinatorStandard.java:101)
		at org.hibernate.action.internal.EntityInsertAction.execute(EntityInsertAction.java:113)
		at org.hibernate.engine.spi.ActionQueue.executeActions(ActionQueue.java:646)
		at org.hibernate.engine.spi.ActionQueue.executeActions(ActionQueue.java:513)
		at org.hibernate.event.internal.AbstractFlushingEventListener.performExecutions(AbstractFlushingEventListener.java:378)
		at org.hibernate.event.internal.DefaultFlushEventListener.onFlush(DefaultFlushEventListener.java:39)
		at org.hibernate.event.service.internal.EventListenerGroupImpl.fireEventOnEachListener(EventListenerGroupImpl.java:140)
		at org.hibernate.internal.SessionImpl.doFlush(SessionImpl.java:1443)
		at org.hibernate.internal.SessionImpl.managedFlush(SessionImpl.java:488)
		at org.hibernate.internal.SessionImpl.flushBeforeTransactionCompletion(SessionImpl.java:2321)
		at org.hibernate.internal.SessionImpl.beforeTransactionCompletion(SessionImpl.java:2029)
		at org.hibernate.engine.jdbc.internal.JdbcCoordinatorImpl.beforeTransactionCompletion(JdbcCoordinatorImpl.java:394)
		at org.hibernate.resource.transaction.backend.jta.internal.JtaTransactionCoordinatorImpl.beforeCompletion(JtaTransactionCoordinatorImpl.java:328)
		at org.hibernate.resource.transaction.backend.jta.internal.synchronization.SynchronizationCallbackCoordinatorNonTrackingImpl.beforeCompletion(SynchronizationCallbackCoordinatorNonTrackingImpl.java:39)
		at org.hibernate.resource.transaction.backend.jta.internal.synchronization.RegisteredSynchronization.beforeCompletion(RegisteredSynchronization.java:33)
		at com.arjuna.ats.internal.jta.resources.arjunacore.SynchronizationImple.beforeCompletion(SynchronizationImple.java:52)
		at com.arjuna.ats.arjuna.coordinator.TwoPhaseCoordinator.beforeCompletion(TwoPhaseCoordinator.java:348)
		at com.arjuna.ats.arjuna.coordinator.TwoPhaseCoordinator.end(TwoPhaseCoordinator.java:66)
		at com.arjuna.ats.arjuna.AtomicAction.commit(AtomicAction.java:135)
		at com.arjuna.ats.internal.jta.transaction.arjunacore.TransactionImple.commitAndDisassociate(TransactionImple.java:1307)
		at com.arjuna.ats.internal.jta.transaction.arjunacore.BaseTransaction.commit(BaseTransaction.java:104)
		at io.quarkus.narayana.jta.runtime.NotifyingTransactionManager.commit(NotifyingTransactionManager.java:70)
		at io.quarkus.narayana.jta.runtime.interceptor.TransactionalInterceptorBase.endTransaction(TransactionalInterceptorBase.java:406)
		at io.quarkus.narayana.jta.runtime.interceptor.TransactionalInterceptorBase.invokeInOurTx(TransactionalInterceptorBase.java:175)
		at io.quarkus.narayana.jta.runtime.interceptor.TransactionalInterceptorBase.invokeInOurTx(TransactionalInterceptorBase.java:107)
		at io.quarkus.narayana.jta.runtime.interceptor.TransactionalInterceptorRequired.doIntercept(TransactionalInterceptorRequired.java:38)
		at io.quarkus.narayana.jta.runtime.interceptor.TransactionalInterceptorBase.intercept(TransactionalInterceptorBase.java:61)
		at io.quarkus.narayana.jta.runtime.interceptor.TransactionalInterceptorRequired.intercept(TransactionalInterceptorRequired.java:32)
		at io.quarkus.narayana.jta.runtime.interceptor.TransactionalInterceptorRequired_Bean.intercept(Unknown Source)
		at io.quarkus.arc.impl.InterceptorInvocation.invoke(InterceptorInvocation.java:42)
		at io.quarkus.arc.impl.AroundInvokeInvocationContext.perform(AroundInvokeInvocationContext.java:30)
		at io.quarkus.arc.impl.InvocationContexts.performAroundInvoke(InvocationContexts.java:27)
		... 6 more
	Caused by: org.h2.jdbc.JdbcSQLIntegrityConstraintViolationException: Referential integrity constraint violation: "fk_calendar_orders_calendar: public.calendar_orders FOREIGN KEY(calendar_id) REFERENCES public.user_calendars(id) (UUID 'e86e2975-b439-43d2-a77b-045db193f23f')"; SQL statement:
insert into calendar_orders (calendar_id,created,notes,paid_at,quantity,shipped_at,shipping_address,status,stripe_charge_id,stripe_payment_intent_id,total_price,unit_price,updated,user_id,version,id) values (?,?,?,?,?,?,?,?,?,?,?,?,?,?,?,?) [23506-230]
		at org.h2.message.DbException.getJdbcSQLException(DbException.java:520)
		at org.h2.message.DbException.getJdbcSQLException(DbException.java:489)
		at org.h2.message.DbException.get(DbException.java:223)
		at org.h2.message.DbException.get(DbException.java:199)
		at org.h2.constraint.ConstraintReferential.checkRowOwnTable(ConstraintReferential.java:308)
		at org.h2.constraint.ConstraintReferential.checkRow(ConstraintReferential.java:249)
		at org.h2.table.Table.fireConstraints(Table.java:1227)
		at org.h2.table.Table.fireAfterRow(Table.java:1245)
		at org.h2.command.dml.Insert.insertRows(Insert.java:188)
		at org.h2.command.dml.Insert.update(Insert.java:135)
		at org.h2.command.dml.DataChangeStatement.update(DataChangeStatement.java:74)
		at org.h2.command.CommandContainer.update(CommandContainer.java:139)
		at org.h2.command.Command.executeUpdate(Command.java:304)
		at org.h2.command.Command.executeUpdate(Command.java:248)
		at org.h2.jdbc.JdbcPreparedStatement.executeUpdateInternal(JdbcPreparedStatement.java:213)
		at org.h2.jdbc.JdbcPreparedStatement.executeUpdate(JdbcPreparedStatement.java:172)
		at io.agroal.pool.wrapper.PreparedStatementWrapper.executeUpdate(PreparedStatementWrapper.java:90)
		at org.hibernate.engine.jdbc.internal.ResultSetReturnImpl.executeUpdate(ResultSetReturnImpl.java:190)
		... 44 more
Caused by: jakarta.transaction.RollbackException: ARJUNA016053: Could not commit transaction.
	at com.arjuna.ats.internal.jta.transaction.arjunacore.TransactionImple.commitAndDisassociate(TransactionImple.java:1319)
	at com.arjuna.ats.internal.jta.transaction.arjunacore.BaseTransaction.commit(BaseTransaction.java:104)
	at io.quarkus.narayana.jta.runtime.NotifyingTransactionManager.commit(NotifyingTransactionManager.java:70)
	at io.quarkus.narayana.jta.runtime.interceptor.TransactionalInterceptorBase.endTransaction(TransactionalInterceptorBase.java:406)
	at io.quarkus.narayana.jta.runtime.interceptor.TransactionalInterceptorBase.invokeInOurTx(TransactionalInterceptorBase.java:175)
	at io.quarkus.narayana.jta.runtime.interceptor.TransactionalInterceptorBase.invokeInOurTx(TransactionalInterceptorBase.java:107)
	at io.quarkus.narayana.jta.runtime.interceptor.TransactionalInterceptorRequired.doIntercept(TransactionalInterceptorRequired.java:38)
	at io.quarkus.narayana.jta.runtime.interceptor.TransactionalInterceptorBase.intercept(TransactionalInterceptorBase.java:61)
	at io.quarkus.narayana.jta.runtime.interceptor.TransactionalInterceptorRequired.intercept(TransactionalInterceptorRequired.java:32)
	at io.quarkus.narayana.jta.runtime.interceptor.TransactionalInterceptorRequired_Bean.intercept(Unknown Source)
	at io.quarkus.arc.impl.InterceptorInvocation.invoke(InterceptorInvocation.java:42)
	at io.quarkus.arc.impl.AroundInvokeInvocationContext.perform(AroundInvokeInvocationContext.java:30)
	at io.quarkus.arc.impl.InvocationContexts.performAroundInvoke(InvocationContexts.java:27)
	... 6 more
Caused by: [CIRCULAR REFERENCE: org.hibernate.exception.ConstraintViolationException: could not execute statement [Referential integrity constraint violation: "fk_calendar_orders_calendar: public.calendar_orders FOREIGN KEY(calendar_id) REFERENCES public.user_calendars(id) (UUID 'e86e2975-b439-43d2-a77b-045db193f23f')"; SQL statement:
insert into calendar_orders (calendar_id,created,notes,paid_at,quantity,shipped_at,shipping_address,status,stripe_charge_id,stripe_payment_intent_id,total_price,unit_price,updated,user_id,version,id) values (?,?,?,?,?,?,?,?,?,?,?,?,?,?,?,?) [23506-230]] [insert into calendar_orders (calendar_id,created,notes,paid_at,quantity,shipped_at,shipping_address,status,stripe_charge_id,stripe_payment_intent_id,total_price,unit_price,updated,user_id,version,id) values (?,?,?,?,?,?,?,?,?,?,?,?,?,?,?,?)]]

[ERROR] villagecompute.calendar.data.models.CalendarOrderTest.testCancel -- Time elapsed: 0.006 s <<< ERROR!
io.quarkus.arc.ArcUndeclaredThrowableException: Error invoking subclass method
	at villagecompute.calendar.data.models.CalendarOrderTest_Subclass.testCancel(Unknown Source)
	at java.base/java.lang.reflect.Method.invoke(Method.java:580)
	at io.quarkus.test.junit.QuarkusTestExtension.runExtensionMethod(QuarkusTestExtension.java:1000)
	at io.quarkus.test.junit.QuarkusTestExtension.interceptTestMethod(QuarkusTestExtension.java:848)
	at java.base/java.util.ArrayList.forEach(ArrayList.java:1596)
	at java.base/java.util.ArrayList.forEach(ArrayList.java:1596)
	Suppressed: org.hibernate.exception.ConstraintViolationException: could not execute statement [Referential integrity constraint violation: "fk_calendar_orders_calendar: public.calendar_orders FOREIGN KEY(calendar_id) REFERENCES public.user_calendars(id) (UUID '64a03851-2aa9-457e-88c7-981b4be3d2c9')"; SQL statement:
insert into calendar_orders (calendar_id,created,notes,paid_at,quantity,shipped_at,shipping_address,status,stripe_charge_id,stripe_payment_intent_id,total_price,unit_price,updated,user_id,version,id) values (?,?,?,?,?,?,?,?,?,?,?,?,?,?,?,?) [23506-230]] [insert into calendar_orders (calendar_id,created,notes,paid_at,quantity,shipped_at,shipping_address,status,stripe_charge_id,stripe_payment_intent_id,total_price,unit_price,updated,user_id,version,id) values (?,?,?,?,?,?,?,?,?,?,?,?,?,?,?,?)]
		at org.hibernate.dialect.H2Dialect.lambda$buildSQLExceptionConversionDelegate$1(H2Dialect.java:853)
		at org.hibernate.exception.internal.StandardSQLExceptionConverter.convert(StandardSQLExceptionConverter.java:34)
		at org.hibernate.engine.jdbc.spi.SqlExceptionHelper.convert(SqlExceptionHelper.java:115)
		at org.hibernate.engine.jdbc.internal.ResultSetReturnImpl.executeUpdate(ResultSetReturnImpl.java:193)
		at org.hibernate.engine.jdbc.mutation.internal.AbstractMutationExecutor.performNonBatchedMutation(AbstractMutationExecutor.java:148)
		at org.hibernate.engine.jdbc.mutation.internal.MutationExecutorSingleNonBatched.performNonBatchedOperations(MutationExecutorSingleNonBatched.java:53)
		at org.hibernate.engine.jdbc.mutation.internal.AbstractMutationExecutor.execute(AbstractMutationExecutor.java:66)
		at org.hibernate.engine.jdbc.mutation.internal.AbstractMutationExecutor.execute(AbstractMutationExecutor.java:55)
		at org.hibernate.persister.entity.mutation.InsertCoordinatorStandard.doStaticInserts(InsertCoordinatorStandard.java:191)
		at org.hibernate.persister.entity.mutation.InsertCoordinatorStandard.coordinateInsert(InsertCoordinatorStandard.java:129)
		at org.hibernate.persister.entity.mutation.InsertCoordinatorStandard.insert(InsertCoordinatorStandard.java:101)
		at org.hibernate.action.internal.EntityInsertAction.execute(EntityInsertAction.java:113)
		at org.hibernate.engine.spi.ActionQueue.executeActions(ActionQueue.java:646)
		at org.hibernate.engine.spi.ActionQueue.executeActions(ActionQueue.java:513)
		at org.hibernate.event.internal.AbstractFlushingEventListener.performExecutions(AbstractFlushingEventListener.java:378)
		at org.hibernate.event.internal.DefaultFlushEventListener.onFlush(DefaultFlushEventListener.java:39)
		at org.hibernate.event.service.internal.EventListenerGroupImpl.fireEventOnEachListener(EventListenerGroupImpl.java:140)
		at org.hibernate.internal.SessionImpl.doFlush(SessionImpl.java:1443)
		at org.hibernate.internal.SessionImpl.managedFlush(SessionImpl.java:488)
		at org.hibernate.internal.SessionImpl.flushBeforeTransactionCompletion(SessionImpl.java:2321)
		at org.hibernate.internal.SessionImpl.beforeTransactionCompletion(SessionImpl.java:2029)
		at org.hibernate.engine.jdbc.internal.JdbcCoordinatorImpl.beforeTransactionCompletion(JdbcCoordinatorImpl.java:394)
		at org.hibernate.resource.transaction.backend.jta.internal.JtaTransactionCoordinatorImpl.beforeCompletion(JtaTransactionCoordinatorImpl.java:328)
		at org.hibernate.resource.transaction.backend.jta.internal.synchronization.SynchronizationCallbackCoordinatorNonTrackingImpl.beforeCompletion(SynchronizationCallbackCoordinatorNonTrackingImpl.java:39)
		at org.hibernate.resource.transaction.backend.jta.internal.synchronization.RegisteredSynchronization.beforeCompletion(RegisteredSynchronization.java:33)
		at com.arjuna.ats.internal.jta.resources.arjunacore.SynchronizationImple.beforeCompletion(SynchronizationImple.java:52)
		at com.arjuna.ats.arjuna.coordinator.TwoPhaseCoordinator.beforeCompletion(TwoPhaseCoordinator.java:348)
		at com.arjuna.ats.arjuna.coordinator.TwoPhaseCoordinator.end(TwoPhaseCoordinator.java:66)
		at com.arjuna.ats.arjuna.AtomicAction.commit(AtomicAction.java:135)
		at com.arjuna.ats.internal.jta.transaction.arjunacore.TransactionImple.commitAndDisassociate(TransactionImple.java:1307)
		at com.arjuna.ats.internal.jta.transaction.arjunacore.BaseTransaction.commit(BaseTransaction.java:104)
		at io.quarkus.narayana.jta.runtime.NotifyingTransactionManager.commit(NotifyingTransactionManager.java:70)
		at io.quarkus.narayana.jta.runtime.interceptor.TransactionalInterceptorBase.endTransaction(TransactionalInterceptorBase.java:406)
		at io.quarkus.narayana.jta.runtime.interceptor.TransactionalInterceptorBase.invokeInOurTx(TransactionalInterceptorBase.java:175)
		at io.quarkus.narayana.jta.runtime.interceptor.TransactionalInterceptorBase.invokeInOurTx(TransactionalInterceptorBase.java:107)
		at io.quarkus.narayana.jta.runtime.interceptor.TransactionalInterceptorRequired.doIntercept(TransactionalInterceptorRequired.java:38)
		at io.quarkus.narayana.jta.runtime.interceptor.TransactionalInterceptorBase.intercept(TransactionalInterceptorBase.java:61)
		at io.quarkus.narayana.jta.runtime.interceptor.TransactionalInterceptorRequired.intercept(TransactionalInterceptorRequired.java:32)
		at io.quarkus.narayana.jta.runtime.interceptor.TransactionalInterceptorRequired_Bean.intercept(Unknown Source)
		at io.quarkus.arc.impl.InterceptorInvocation.invoke(InterceptorInvocation.java:42)
		at io.quarkus.arc.impl.AroundInvokeInvocationContext.perform(AroundInvokeInvocationContext.java:30)
		at io.quarkus.arc.impl.InvocationContexts.performAroundInvoke(InvocationContexts.java:27)
		... 6 more
	Caused by: org.h2.jdbc.JdbcSQLIntegrityConstraintViolationException: Referential integrity constraint violation: "fk_calendar_orders_calendar: public.calendar_orders FOREIGN KEY(calendar_id) REFERENCES public.user_calendars(id) (UUID '64a03851-2aa9-457e-88c7-981b4be3d2c9')"; SQL statement:
insert into calendar_orders (calendar_id,created,notes,paid_at,quantity,shipped_at,shipping_address,status,stripe_charge_id,stripe_payment_intent_id,total_price,unit_price,updated,user_id,version,id) values (?,?,?,?,?,?,?,?,?,?,?,?,?,?,?,?) [23506-230]
		at org.h2.message.DbException.getJdbcSQLException(DbException.java:520)
		at org.h2.message.DbException.getJdbcSQLException(DbException.java:489)
		at org.h2.message.DbException.get(DbException.java:223)
		at org.h2.message.DbException.get(DbException.java:199)
		at org.h2.constraint.ConstraintReferential.checkRowOwnTable(ConstraintReferential.java:308)
		at org.h2.constraint.ConstraintReferential.checkRow(ConstraintReferential.java:249)
		at org.h2.table.Table.fireConstraints(Table.java:1227)
		at org.h2.table.Table.fireAfterRow(Table.java:1245)
		at org.h2.command.dml.Insert.insertRows(Insert.java:188)
		at org.h2.command.dml.Insert.update(Insert.java:135)
		at org.h2.command.dml.DataChangeStatement.update(DataChangeStatement.java:74)
		at org.h2.command.CommandContainer.update(CommandContainer.java:139)
		at org.h2.command.Command.executeUpdate(Command.java:304)
		at org.h2.command.Command.executeUpdate(Command.java:248)
		at org.h2.jdbc.JdbcPreparedStatement.executeUpdateInternal(JdbcPreparedStatement.java:213)
		at org.h2.jdbc.JdbcPreparedStatement.executeUpdate(JdbcPreparedStatement.java:172)
		at io.agroal.pool.wrapper.PreparedStatementWrapper.executeUpdate(PreparedStatementWrapper.java:90)
		at org.hibernate.engine.jdbc.internal.ResultSetReturnImpl.executeUpdate(ResultSetReturnImpl.java:190)
		... 44 more
Caused by: jakarta.transaction.RollbackException: ARJUNA016053: Could not commit transaction.
	at com.arjuna.ats.internal.jta.transaction.arjunacore.TransactionImple.commitAndDisassociate(TransactionImple.java:1319)
	at com.arjuna.ats.internal.jta.transaction.arjunacore.BaseTransaction.commit(BaseTransaction.java:104)
	at io.quarkus.narayana.jta.runtime.NotifyingTransactionManager.commit(NotifyingTransactionManager.java:70)
	at io.quarkus.narayana.jta.runtime.interceptor.TransactionalInterceptorBase.endTransaction(TransactionalInterceptorBase.java:406)
	at io.quarkus.narayana.jta.runtime.interceptor.TransactionalInterceptorBase.invokeInOurTx(TransactionalInterceptorBase.java:175)
	at io.quarkus.narayana.jta.runtime.interceptor.TransactionalInterceptorBase.invokeInOurTx(TransactionalInterceptorBase.java:107)
	at io.quarkus.narayana.jta.runtime.interceptor.TransactionalInterceptorRequired.doIntercept(TransactionalInterceptorRequired.java:38)
	at io.quarkus.narayana.jta.runtime.interceptor.TransactionalInterceptorBase.intercept(TransactionalInterceptorBase.java:61)
	at io.quarkus.narayana.jta.runtime.interceptor.TransactionalInterceptorRequired.intercept(TransactionalInterceptorRequired.java:32)
	at io.quarkus.narayana.jta.runtime.interceptor.TransactionalInterceptorRequired_Bean.intercept(Unknown Source)
	at io.quarkus.arc.impl.InterceptorInvocation.invoke(InterceptorInvocation.java:42)
	at io.quarkus.arc.impl.AroundInvokeInvocationContext.perform(AroundInvokeInvocationContext.java:30)
	at io.quarkus.arc.impl.InvocationContexts.performAroundInvoke(InvocationContexts.java:27)
	... 6 more
Caused by: [CIRCULAR REFERENCE: org.hibernate.exception.ConstraintViolationException: could not execute statement [Referential integrity constraint violation: "fk_calendar_orders_calendar: public.calendar_orders FOREIGN KEY(calendar_id) REFERENCES public.user_calendars(id) (UUID '64a03851-2aa9-457e-88c7-981b4be3d2c9')"; SQL statement:
insert into calendar_orders (calendar_id,created,notes,paid_at,quantity,shipped_at,shipping_address,status,stripe_charge_id,stripe_payment_intent_id,total_price,unit_price,updated,user_id,version,id) values (?,?,?,?,?,?,?,?,?,?,?,?,?,?,?,?) [23506-230]] [insert into calendar_orders (calendar_id,created,notes,paid_at,quantity,shipped_at,shipping_address,status,stripe_charge_id,stripe_payment_intent_id,total_price,unit_price,updated,user_id,version,id) values (?,?,?,?,?,?,?,?,?,?,?,?,?,?,?,?)]]

[ERROR] villagecompute.calendar.data.models.CalendarOrderTest.testFindByStatusOrderByCreatedDesc -- Time elapsed: 0.006 s <<< ERROR!
org.hibernate.exception.ConstraintViolationException: 
could not execute statement [Referential integrity constraint violation: "fk_calendar_orders_calendar: public.calendar_orders FOREIGN KEY(calendar_id) REFERENCES public.user_calendars(id) (UUID '2e02bdc0-7c44-44a0-9899-1e45a8d188fe')"; SQL statement:
insert into calendar_orders (calendar_id,created,notes,paid_at,quantity,shipped_at,shipping_address,status,stripe_charge_id,stripe_payment_intent_id,total_price,unit_price,updated,user_id,version,id) values (?,?,?,?,?,?,?,?,?,?,?,?,?,?,?,?) [23506-230]] [insert into calendar_orders (calendar_id,created,notes,paid_at,quantity,shipped_at,shipping_address,status,stripe_charge_id,stripe_payment_intent_id,total_price,unit_price,updated,user_id,version,id) values (?,?,?,?,?,?,?,?,?,?,?,?,?,?,?,?)]
	at org.hibernate.dialect.H2Dialect.lambda$buildSQLExceptionConversionDelegate$1(H2Dialect.java:853)
	at org.hibernate.exception.internal.StandardSQLExceptionConverter.convert(StandardSQLExceptionConverter.java:34)
	at org.hibernate.engine.jdbc.spi.SqlExceptionHelper.convert(SqlExceptionHelper.java:115)
	at org.hibernate.engine.jdbc.internal.ResultSetReturnImpl.executeUpdate(ResultSetReturnImpl.java:193)
	at org.hibernate.engine.jdbc.mutation.internal.AbstractMutationExecutor.performNonBatchedMutation(AbstractMutationExecutor.java:148)
	at org.hibernate.engine.jdbc.mutation.internal.MutationExecutorSingleNonBatched.performNonBatchedOperations(MutationExecutorSingleNonBatched.java:53)
	at org.hibernate.engine.jdbc.mutation.internal.AbstractMutationExecutor.execute(AbstractMutationExecutor.java:66)
	at org.hibernate.engine.jdbc.mutation.internal.AbstractMutationExecutor.execute(AbstractMutationExecutor.java:55)
	at org.hibernate.persister.entity.mutation.InsertCoordinatorStandard.doStaticInserts(InsertCoordinatorStandard.java:191)
	at org.hibernate.persister.entity.mutation.InsertCoordinatorStandard.coordinateInsert(InsertCoordinatorStandard.java:129)
	at org.hibernate.persister.entity.mutation.InsertCoordinatorStandard.insert(InsertCoordinatorStandard.java:101)
	at org.hibernate.action.internal.EntityInsertAction.execute(EntityInsertAction.java:113)
	at org.hibernate.engine.spi.ActionQueue.executeActions(ActionQueue.java:646)
	at org.hibernate.engine.spi.ActionQueue.executeActions(ActionQueue.java:513)
	at org.hibernate.event.internal.AbstractFlushingEventListener.performExecutions(AbstractFlushingEventListener.java:378)
	at org.hibernate.event.internal.DefaultAutoFlushEventListener.onAutoFlush(DefaultAutoFlushEventListener.java:67)
	at org.hibernate.event.service.internal.EventListenerGroupImpl.fireEventOnEachListener(EventListenerGroupImpl.java:140)
	at org.hibernate.internal.SessionImpl.autoFlushIfRequired(SessionImpl.java:1400)
	at org.hibernate.query.sqm.internal.ConcreteSqmSelectQueryPlan.lambda$new$1(ConcreteSqmSelectQueryPlan.java:138)
	at org.hibernate.query.sqm.internal.ConcreteSqmSelectQueryPlan.withCacheableSqmInterpretation(ConcreteSqmSelectQueryPlan.java:455)
	at org.hibernate.query.sqm.internal.ConcreteSqmSelectQueryPlan.performList(ConcreteSqmSelectQueryPlan.java:388)
	at org.hibernate.query.sqm.internal.SqmSelectionQueryImpl.doList(SqmSelectionQueryImpl.java:423)
	at org.hibernate.query.spi.AbstractSelectionQuery.list(AbstractSelectionQuery.java:154)
	at org.hibernate.query.SelectionQuery.getResultList(SelectionQuery.java:145)
	at io.quarkus.hibernate.orm.panache.common.runtime.CommonPanacheQueryImpl.list(CommonPanacheQueryImpl.java:301)
	at io.quarkus.hibernate.orm.panache.runtime.PanacheQueryImpl.list(PanacheQueryImpl.java:150)
	at villagecompute.calendar.data.models.CalendarOrder.findByStatusOrderByCreatedDesc(CalendarOrder.java:114)
	at villagecompute.calendar.data.models.CalendarOrderTest.testFindByStatusOrderByCreatedDesc(CalendarOrderTest.java:279)
	at villagecompute.calendar.data.models.CalendarOrderTest_Subclass.testFindByStatusOrderByCreatedDesc$$superforward(Unknown Source)
	at villagecompute.calendar.data.models.CalendarOrderTest_Subclass$$function$$4.apply(Unknown Source)
	at io.quarkus.arc.impl.AroundInvokeInvocationContext.proceed(AroundInvokeInvocationContext.java:73)
	at io.quarkus.arc.impl.AroundInvokeInvocationContext.proceed(AroundInvokeInvocationContext.java:62)
	at io.quarkus.narayana.jta.runtime.interceptor.TransactionalInterceptorBase.invokeInOurTx(TransactionalInterceptorBase.java:136)
	at io.quarkus.narayana.jta.runtime.interceptor.TransactionalInterceptorBase.invokeInOurTx(TransactionalInterceptorBase.java:107)
	at io.quarkus.narayana.jta.runtime.interceptor.TransactionalInterceptorRequired.doIntercept(TransactionalInterceptorRequired.java:38)
	at io.quarkus.narayana.jta.runtime.interceptor.TransactionalInterceptorBase.intercept(TransactionalInterceptorBase.java:61)
	at io.quarkus.narayana.jta.runtime.interceptor.TransactionalInterceptorRequired.intercept(TransactionalInterceptorRequired.java:32)
	at io.quarkus.narayana.jta.runtime.interceptor.TransactionalInterceptorRequired_Bean.intercept(Unknown Source)
	at io.quarkus.arc.impl.InterceptorInvocation.invoke(InterceptorInvocation.java:42)
	at io.quarkus.arc.impl.AroundInvokeInvocationContext.perform(AroundInvokeInvocationContext.java:30)
	at io.quarkus.arc.impl.InvocationContexts.performAroundInvoke(InvocationContexts.java:27)
	at villagecompute.calendar.data.models.CalendarOrderTest_Subclass.testFindByStatusOrderByCreatedDesc(Unknown Source)
	at java.base/java.lang.reflect.Method.invoke(Method.java:580)
	at io.quarkus.test.junit.QuarkusTestExtension.runExtensionMethod(QuarkusTestExtension.java:1000)
	at io.quarkus.test.junit.QuarkusTestExtension.interceptTestMethod(QuarkusTestExtension.java:848)
	at java.base/java.util.ArrayList.forEach(ArrayList.java:1596)
	at java.base/java.util.ArrayList.forEach(ArrayList.java:1596)
Caused by: org.h2.jdbc.JdbcSQLIntegrityConstraintViolationException: Referential integrity constraint violation: "fk_calendar_orders_calendar: public.calendar_orders FOREIGN KEY(calendar_id) REFERENCES public.user_calendars(id) (UUID '2e02bdc0-7c44-44a0-9899-1e45a8d188fe')"; SQL statement:
insert into calendar_orders (calendar_id,created,notes,paid_at,quantity,shipped_at,shipping_address,status,stripe_charge_id,stripe_payment_intent_id,total_price,unit_price,updated,user_id,version,id) values (?,?,?,?,?,?,?,?,?,?,?,?,?,?,?,?) [23506-230]
	at org.h2.message.DbException.getJdbcSQLException(DbException.java:520)
	at org.h2.message.DbException.getJdbcSQLException(DbException.java:489)
	at org.h2.message.DbException.get(DbException.java:223)
	at org.h2.message.DbException.get(DbException.java:199)
	at org.h2.constraint.ConstraintReferential.checkRowOwnTable(ConstraintReferential.java:308)
	at org.h2.constraint.ConstraintReferential.checkRow(ConstraintReferential.java:249)
	at org.h2.table.Table.fireConstraints(Table.java:1227)
	at org.h2.table.Table.fireAfterRow(Table.java:1245)
	at org.h2.command.dml.Insert.insertRows(Insert.java:188)
	at org.h2.command.dml.Insert.update(Insert.java:135)
	at org.h2.command.dml.DataChangeStatement.update(DataChangeStatement.java:74)
	at org.h2.command.CommandContainer.update(CommandContainer.java:139)
	at org.h2.command.Command.executeUpdate(Command.java:304)
	at org.h2.command.Command.executeUpdate(Command.java:248)
	at org.h2.jdbc.JdbcPreparedStatement.executeUpdateInternal(JdbcPreparedStatement.java:213)
	at org.h2.jdbc.JdbcPreparedStatement.executeUpdate(JdbcPreparedStatement.java:172)
	at io.agroal.pool.wrapper.PreparedStatementWrapper.executeUpdate(PreparedStatementWrapper.java:90)
	at org.hibernate.engine.jdbc.internal.ResultSetReturnImpl.executeUpdate(ResultSetReturnImpl.java:190)
	... 43 more

[ERROR] villagecompute.calendar.data.models.CalendarOrderTest.testMarkAsShipped -- Time elapsed: 0.004 s <<< ERROR!
io.quarkus.arc.ArcUndeclaredThrowableException: Error invoking subclass method
	at villagecompute.calendar.data.models.CalendarOrderTest_Subclass.testMarkAsShipped(Unknown Source)
	at java.base/java.lang.reflect.Method.invoke(Method.java:580)
	at io.quarkus.test.junit.QuarkusTestExtension.runExtensionMethod(QuarkusTestExtension.java:1000)
	at io.quarkus.test.junit.QuarkusTestExtension.interceptTestMethod(QuarkusTestExtension.java:848)
	at java.base/java.util.ArrayList.forEach(ArrayList.java:1596)
	at java.base/java.util.ArrayList.forEach(ArrayList.java:1596)
	Suppressed: org.hibernate.exception.ConstraintViolationException: could not execute statement [Referential integrity constraint violation: "fk_calendar_orders_calendar: public.calendar_orders FOREIGN KEY(calendar_id) REFERENCES public.user_calendars(id) (UUID 'efccc2c6-e8d7-444a-b03d-16b20feb3051')"; SQL statement:
insert into calendar_orders (calendar_id,created,notes,paid_at,quantity,shipped_at,shipping_address,status,stripe_charge_id,stripe_payment_intent_id,total_price,unit_price,updated,user_id,version,id) values (?,?,?,?,?,?,?,?,?,?,?,?,?,?,?,?) [23506-230]] [insert into calendar_orders (calendar_id,created,notes,paid_at,quantity,shipped_at,shipping_address,status,stripe_charge_id,stripe_payment_intent_id,total_price,unit_price,updated,user_id,version,id) values (?,?,?,?,?,?,?,?,?,?,?,?,?,?,?,?)]
		at org.hibernate.dialect.H2Dialect.lambda$buildSQLExceptionConversionDelegate$1(H2Dialect.java:853)
		at org.hibernate.exception.internal.StandardSQLExceptionConverter.convert(StandardSQLExceptionConverter.java:34)
		at org.hibernate.engine.jdbc.spi.SqlExceptionHelper.convert(SqlExceptionHelper.java:115)
		at org.hibernate.engine.jdbc.internal.ResultSetReturnImpl.executeUpdate(ResultSetReturnImpl.java:193)
		at org.hibernate.engine.jdbc.mutation.internal.AbstractMutationExecutor.performNonBatchedMutation(AbstractMutationExecutor.java:148)
		at org.hibernate.engine.jdbc.mutation.internal.MutationExecutorSingleNonBatched.performNonBatchedOperations(MutationExecutorSingleNonBatched.java:53)
		at org.hibernate.engine.jdbc.mutation.internal.AbstractMutationExecutor.execute(AbstractMutationExecutor.java:66)
		at org.hibernate.engine.jdbc.mutation.internal.AbstractMutationExecutor.execute(AbstractMutationExecutor.java:55)
		at org.hibernate.persister.entity.mutation.InsertCoordinatorStandard.doStaticInserts(InsertCoordinatorStandard.java:191)
		at org.hibernate.persister.entity.mutation.InsertCoordinatorStandard.coordinateInsert(InsertCoordinatorStandard.java:129)
		at org.hibernate.persister.entity.mutation.InsertCoordinatorStandard.insert(InsertCoordinatorStandard.java:101)
		at org.hibernate.action.internal.EntityInsertAction.execute(EntityInsertAction.java:113)
		at org.hibernate.engine.spi.ActionQueue.executeActions(ActionQueue.java:646)
		at org.hibernate.engine.spi.ActionQueue.executeActions(ActionQueue.java:513)
		at org.hibernate.event.internal.AbstractFlushingEventListener.performExecutions(AbstractFlushingEventListener.java:378)
		at org.hibernate.event.internal.DefaultFlushEventListener.onFlush(DefaultFlushEventListener.java:39)
		at org.hibernate.event.service.internal.EventListenerGroupImpl.fireEventOnEachListener(EventListenerGroupImpl.java:140)
		at org.hibernate.internal.SessionImpl.doFlush(SessionImpl.java:1443)
		at org.hibernate.internal.SessionImpl.managedFlush(SessionImpl.java:488)
		at org.hibernate.internal.SessionImpl.flushBeforeTransactionCompletion(SessionImpl.java:2321)
		at org.hibernate.internal.SessionImpl.beforeTransactionCompletion(SessionImpl.java:2029)
		at org.hibernate.engine.jdbc.internal.JdbcCoordinatorImpl.beforeTransactionCompletion(JdbcCoordinatorImpl.java:394)
		at org.hibernate.resource.transaction.backend.jta.internal.JtaTransactionCoordinatorImpl.beforeCompletion(JtaTransactionCoordinatorImpl.java:328)
		at org.hibernate.resource.transaction.backend.jta.internal.synchronization.SynchronizationCallbackCoordinatorNonTrackingImpl.beforeCompletion(SynchronizationCallbackCoordinatorNonTrackingImpl.java:39)
		at org.hibernate.resource.transaction.backend.jta.internal.synchronization.RegisteredSynchronization.beforeCompletion(RegisteredSynchronization.java:33)
		at com.arjuna.ats.internal.jta.resources.arjunacore.SynchronizationImple.beforeCompletion(SynchronizationImple.java:52)
		at com.arjuna.ats.arjuna.coordinator.TwoPhaseCoordinator.beforeCompletion(TwoPhaseCoordinator.java:348)
		at com.arjuna.ats.arjuna.coordinator.TwoPhaseCoordinator.end(TwoPhaseCoordinator.java:66)
		at com.arjuna.ats.arjuna.AtomicAction.commit(AtomicAction.java:135)
		at com.arjuna.ats.internal.jta.transaction.arjunacore.TransactionImple.commitAndDisassociate(TransactionImple.java:1307)
		at com.arjuna.ats.internal.jta.transaction.arjunacore.BaseTransaction.commit(BaseTransaction.java:104)
		at io.quarkus.narayana.jta.runtime.NotifyingTransactionManager.commit(NotifyingTransactionManager.java:70)
		at io.quarkus.narayana.jta.runtime.interceptor.TransactionalInterceptorBase.endTransaction(TransactionalInterceptorBase.java:406)
		at io.quarkus.narayana.jta.runtime.interceptor.TransactionalInterceptorBase.invokeInOurTx(TransactionalInterceptorBase.java:175)
		at io.quarkus.narayana.jta.runtime.interceptor.TransactionalInterceptorBase.invokeInOurTx(TransactionalInterceptorBase.java:107)
		at io.quarkus.narayana.jta.runtime.interceptor.TransactionalInterceptorRequired.doIntercept(TransactionalInterceptorRequired.java:38)
		at io.quarkus.narayana.jta.runtime.interceptor.TransactionalInterceptorBase.intercept(TransactionalInterceptorBase.java:61)
		at io.quarkus.narayana.jta.runtime.interceptor.TransactionalInterceptorRequired.intercept(TransactionalInterceptorRequired.java:32)
		at io.quarkus.narayana.jta.runtime.interceptor.TransactionalInterceptorRequired_Bean.intercept(Unknown Source)
		at io.quarkus.arc.impl.InterceptorInvocation.invoke(InterceptorInvocation.java:42)
		at io.quarkus.arc.impl.AroundInvokeInvocationContext.perform(AroundInvokeInvocationContext.java:30)
		at io.quarkus.arc.impl.InvocationContexts.performAroundInvoke(InvocationContexts.java:27)
		... 6 more
	Caused by: org.h2.jdbc.JdbcSQLIntegrityConstraintViolationException: Referential integrity constraint violation: "fk_calendar_orders_calendar: public.calendar_orders FOREIGN KEY(calendar_id) REFERENCES public.user_calendars(id) (UUID 'efccc2c6-e8d7-444a-b03d-16b20feb3051')"; SQL statement:
insert into calendar_orders (calendar_id,created,notes,paid_at,quantity,shipped_at,shipping_address,status,stripe_charge_id,stripe_payment_intent_id,total_price,unit_price,updated,user_id,version,id) values (?,?,?,?,?,?,?,?,?,?,?,?,?,?,?,?) [23506-230]
		at org.h2.message.DbException.getJdbcSQLException(DbException.java:520)
		at org.h2.message.DbException.getJdbcSQLException(DbException.java:489)
		at org.h2.message.DbException.get(DbException.java:223)
		at org.h2.message.DbException.get(DbException.java:199)
		at org.h2.constraint.ConstraintReferential.checkRowOwnTable(ConstraintReferential.java:308)
		at org.h2.constraint.ConstraintReferential.checkRow(ConstraintReferential.java:249)
		at org.h2.table.Table.fireConstraints(Table.java:1227)
		at org.h2.table.Table.fireAfterRow(Table.java:1245)
		at org.h2.command.dml.Insert.insertRows(Insert.java:188)
		at org.h2.command.dml.Insert.update(Insert.java:135)
		at org.h2.command.dml.DataChangeStatement.update(DataChangeStatement.java:74)
		at org.h2.command.CommandContainer.update(CommandContainer.java:139)
		at org.h2.command.Command.executeUpdate(Command.java:304)
		at org.h2.command.Command.executeUpdate(Command.java:248)
		at org.h2.jdbc.JdbcPreparedStatement.executeUpdateInternal(JdbcPreparedStatement.java:213)
		at org.h2.jdbc.JdbcPreparedStatement.executeUpdate(JdbcPreparedStatement.java:172)
		at io.agroal.pool.wrapper.PreparedStatementWrapper.executeUpdate(PreparedStatementWrapper.java:90)
		at org.hibernate.engine.jdbc.internal.ResultSetReturnImpl.executeUpdate(ResultSetReturnImpl.java:190)
		... 44 more
Caused by: jakarta.transaction.RollbackException: ARJUNA016053: Could not commit transaction.
	at com.arjuna.ats.internal.jta.transaction.arjunacore.TransactionImple.commitAndDisassociate(TransactionImple.java:1319)
	at com.arjuna.ats.internal.jta.transaction.arjunacore.BaseTransaction.commit(BaseTransaction.java:104)
	at io.quarkus.narayana.jta.runtime.NotifyingTransactionManager.commit(NotifyingTransactionManager.java:70)
	at io.quarkus.narayana.jta.runtime.interceptor.TransactionalInterceptorBase.endTransaction(TransactionalInterceptorBase.java:406)
	at io.quarkus.narayana.jta.runtime.interceptor.TransactionalInterceptorBase.invokeInOurTx(TransactionalInterceptorBase.java:175)
	at io.quarkus.narayana.jta.runtime.interceptor.TransactionalInterceptorBase.invokeInOurTx(TransactionalInterceptorBase.java:107)
	at io.quarkus.narayana.jta.runtime.interceptor.TransactionalInterceptorRequired.doIntercept(TransactionalInterceptorRequired.java:38)
	at io.quarkus.narayana.jta.runtime.interceptor.TransactionalInterceptorBase.intercept(TransactionalInterceptorBase.java:61)
	at io.quarkus.narayana.jta.runtime.interceptor.TransactionalInterceptorRequired.intercept(TransactionalInterceptorRequired.java:32)
	at io.quarkus.narayana.jta.runtime.interceptor.TransactionalInterceptorRequired_Bean.intercept(Unknown Source)
	at io.quarkus.arc.impl.InterceptorInvocation.invoke(InterceptorInvocation.java:42)
	at io.quarkus.arc.impl.AroundInvokeInvocationContext.perform(AroundInvokeInvocationContext.java:30)
	at io.quarkus.arc.impl.InvocationContexts.performAroundInvoke(InvocationContexts.java:27)
	... 6 more
Caused by: [CIRCULAR REFERENCE: org.hibernate.exception.ConstraintViolationException: could not execute statement [Referential integrity constraint violation: "fk_calendar_orders_calendar: public.calendar_orders FOREIGN KEY(calendar_id) REFERENCES public.user_calendars(id) (UUID 'efccc2c6-e8d7-444a-b03d-16b20feb3051')"; SQL statement:
insert into calendar_orders (calendar_id,created,notes,paid_at,quantity,shipped_at,shipping_address,status,stripe_charge_id,stripe_payment_intent_id,total_price,unit_price,updated,user_id,version,id) values (?,?,?,?,?,?,?,?,?,?,?,?,?,?,?,?) [23506-230]] [insert into calendar_orders (calendar_id,created,notes,paid_at,quantity,shipped_at,shipping_address,status,stripe_charge_id,stripe_payment_intent_id,total_price,unit_price,updated,user_id,version,id) values (?,?,?,?,?,?,?,?,?,?,?,?,?,?,?,?)]]

[INFO] Running villagecompute.calendar.data.models.CalendarTemplateTest
[Hibernate] 
    delete 
    from
        calendar_orders co1_0
[Hibernate] 
    delete 
    from
        user_calendars uc1_0
[Hibernate] 
    delete 
    from
        page_views pv1_0
[Hibernate] 
    delete 
    from
        analytics_rollups ar1_0
2025-10-17 04:13:22,022 WARN  [org.hib.orm.jdb.error] (main) HHH000247: ErrorCode: 42102, SQLState: 42S02
2025-10-17 04:13:22,022 WARN  [org.hib.orm.jdb.error] (main) Table "analytics_rollups" not found; SQL statement:
delete from analytics_rollups ar1_0 [42102-230]
[Hibernate] 
    delete 
    from
        delayed_jobs dj1_0
[Hibernate] 
    delete 
    from
        calendar_users cu1_0
[Hibernate] 
    delete 
    from
        calendar_templates ct1_0
[Hibernate] 
    delete 
    from
        calendar_orders co1_0
[Hibernate] 
    delete 
    from
        user_calendars uc1_0
[Hibernate] 
    delete 
    from
        page_views pv1_0
[Hibernate] 
    delete 
    from
        analytics_rollups ar1_0
2025-10-17 04:13:22,025 WARN  [org.hib.orm.jdb.error] (main) HHH000247: ErrorCode: 42102, SQLState: 42S02
2025-10-17 04:13:22,025 WARN  [org.hib.orm.jdb.error] (main) Table "analytics_rollups" not found; SQL statement:
delete from analytics_rollups ar1_0 [42102-230]
[Hibernate] 
    delete 
    from
        delayed_jobs dj1_0
[Hibernate] 
    delete 
    from
        calendar_users cu1_0
[Hibernate] 
    delete 
    from
        calendar_templates ct1_0
[Hibernate] 
    insert 
    into
        calendar_templates
        (configuration, created, description, display_order, is_active, is_featured, name, preview_svg, thumbnail_url, updated, version, id) 
    values
        (?, ?, ?, ?, ?, ?, ?, ?, ?, ?, ?, ?)
[Hibernate] 
    select
        ct1_0.id,
        ct1_0.configuration,
        ct1_0.created,
        ct1_0.description,
        ct1_0.display_order,
        ct1_0.is_active,
        ct1_0.is_featured,
        ct1_0.name,
        ct1_0.preview_svg,
        ct1_0.thumbnail_url,
        ct1_0.updated,
        ct1_0.version 
    from
        calendar_templates ct1_0 
    where
        ct1_0.name=? 
    fetch
        first ? rows only
[Hibernate] 
    delete 
    from
        calendar_orders co1_0
[Hibernate] 
    delete 
    from
        user_calendars uc1_0
[Hibernate] 
    delete 
    from
        page_views pv1_0
[Hibernate] 
    delete 
    from
        analytics_rollups ar1_0
2025-10-17 04:13:22,031 WARN  [org.hib.orm.jdb.error] (main) HHH000247: ErrorCode: 42102, SQLState: 42S02
2025-10-17 04:13:22,031 WARN  [org.hib.orm.jdb.error] (main) Table "analytics_rollups" not found; SQL statement:
delete from analytics_rollups ar1_0 [42102-230]
[Hibernate] 
    delete 
    from
        delayed_jobs dj1_0
[Hibernate] 
    delete 
    from
        calendar_users cu1_0
[Hibernate] 
    delete 
    from
        calendar_templates ct1_0
[Hibernate] 
    insert 
    into
        calendar_templates
        (configuration, created, description, display_order, is_active, is_featured, name, preview_svg, thumbnail_url, updated, version, id) 
    values
        (?, ?, ?, ?, ?, ?, ?, ?, ?, ?, ?, ?)
[Hibernate] 
    delete 
    from
        calendar_orders co1_0
[Hibernate] 
    delete 
    from
        user_calendars uc1_0
[Hibernate] 
    delete 
    from
        page_views pv1_0
[Hibernate] 
    delete 
    from
        analytics_rollups ar1_0
2025-10-17 04:13:22,035 WARN  [org.hib.orm.jdb.error] (main) HHH000247: ErrorCode: 42102, SQLState: 42S02
2025-10-17 04:13:22,035 WARN  [org.hib.orm.jdb.error] (main) Table "analytics_rollups" not found; SQL statement:
delete from analytics_rollups ar1_0 [42102-230]
[Hibernate] 
    delete 
    from
        delayed_jobs dj1_0
[Hibernate] 
    delete 
    from
        calendar_users cu1_0
[Hibernate] 
    delete 
    from
        calendar_templates ct1_0
[Hibernate] 
    insert 
    into
        calendar_templates
        (configuration, created, description, display_order, is_active, is_featured, name, preview_svg, thumbnail_url, updated, version, id) 
    values
        (?, ?, ?, ?, ?, ?, ?, ?, ?, ?, ?, ?)
[Hibernate] 
    delete 
    from
        calendar_orders co1_0
[Hibernate] 
    delete 
    from
        user_calendars uc1_0
[Hibernate] 
    delete 
    from
        page_views pv1_0
[Hibernate] 
    delete 
    from
        analytics_rollups ar1_0
2025-10-17 04:13:22,039 WARN  [org.hib.orm.jdb.error] (main) HHH000247: ErrorCode: 42102, SQLState: 42S02
2025-10-17 04:13:22,039 WARN  [org.hib.orm.jdb.error] (main) Table "analytics_rollups" not found; SQL statement:
delete from analytics_rollups ar1_0 [42102-230]
[Hibernate] 
    delete 
    from
        delayed_jobs dj1_0
[Hibernate] 
    delete 
    from
        calendar_users cu1_0
[Hibernate] 
    delete 
    from
        calendar_templates ct1_0
[Hibernate] 
    delete 
    from
        calendar_orders co1_0
[Hibernate] 
    delete 
    from
        user_calendars uc1_0
[Hibernate] 
    delete 
    from
        page_views pv1_0
[Hibernate] 
    delete 
    from
        analytics_rollups ar1_0
2025-10-17 04:13:22,042 WARN  [org.hib.orm.jdb.error] (main) HHH000247: ErrorCode: 42102, SQLState: 42S02
2025-10-17 04:13:22,042 WARN  [org.hib.orm.jdb.error] (main) Table "analytics_rollups" not found; SQL statement:
delete from analytics_rollups ar1_0 [42102-230]
[Hibernate] 
    delete 
    from
        delayed_jobs dj1_0
[Hibernate] 
    delete 
    from
        calendar_users cu1_0
[Hibernate] 
    delete 
    from
        calendar_templates ct1_0
[Hibernate] 
    insert 
    into
        calendar_templates
        (configuration, created, description, display_order, is_active, is_featured, name, preview_svg, thumbnail_url, updated, version, id) 
    values
        (?, ?, ?, ?, ?, ?, ?, ?, ?, ?, ?, ?)
[Hibernate] 
    insert 
    into
        calendar_templates
        (configuration, created, description, display_order, is_active, is_featured, name, preview_svg, thumbnail_url, updated, version, id) 
    values
        (?, ?, ?, ?, ?, ?, ?, ?, ?, ?, ?, ?)
[Hibernate] 
    insert 
    into
        calendar_templates
        (configuration, created, description, display_order, is_active, is_featured, name, preview_svg, thumbnail_url, updated, version, id) 
    values
        (?, ?, ?, ?, ?, ?, ?, ?, ?, ?, ?, ?)
[Hibernate] 
    select
        ct1_0.id,
        ct1_0.configuration,
        ct1_0.created,
        ct1_0.description,
        ct1_0.display_order,
        ct1_0.is_active,
        ct1_0.is_featured,
        ct1_0.name,
        ct1_0.preview_svg,
        ct1_0.thumbnail_url,
        ct1_0.updated,
        ct1_0.version 
    from
        calendar_templates ct1_0 
    where
        ct1_0.is_active=? 
    order by
        ct1_0.display_order,
        ct1_0.name
[Hibernate] 
    delete 
    from
        calendar_orders co1_0
[Hibernate] 
    delete 
    from
        user_calendars uc1_0
[Hibernate] 
    delete 
    from
        page_views pv1_0
[Hibernate] 
    delete 
    from
        analytics_rollups ar1_0
2025-10-17 04:13:22,050 WARN  [org.hib.orm.jdb.error] (main) HHH000247: ErrorCode: 42102, SQLState: 42S02
2025-10-17 04:13:22,050 WARN  [org.hib.orm.jdb.error] (main) Table "analytics_rollups" not found; SQL statement:
delete from analytics_rollups ar1_0 [42102-230]
[Hibernate] 
    delete 
    from
        delayed_jobs dj1_0
[Hibernate] 
    delete 
    from
        calendar_users cu1_0
[Hibernate] 
    delete 
    from
        calendar_templates ct1_0
[Hibernate] 
    insert 
    into
        calendar_templates
        (configuration, created, description, display_order, is_active, is_featured, name, preview_svg, thumbnail_url, updated, version, id) 
    values
        (?, ?, ?, ?, ?, ?, ?, ?, ?, ?, ?, ?)
[Hibernate] 
    select
        ct1_0.id,
        ct1_0.configuration,
        ct1_0.created,
        ct1_0.description,
        ct1_0.display_order,
        ct1_0.is_active,
        ct1_0.is_featured,
        ct1_0.name,
        ct1_0.preview_svg,
        ct1_0.thumbnail_url,
        ct1_0.updated,
        ct1_0.version 
    from
        calendar_templates ct1_0 
    where
        ct1_0.name=? 
    fetch
        first ? rows only
[Hibernate] 
    delete 
    from
        calendar_orders co1_0
[Hibernate] 
    delete 
    from
        user_calendars uc1_0
[Hibernate] 
    delete 
    from
        page_views pv1_0
[Hibernate] 
    delete 
    from
        analytics_rollups ar1_0
2025-10-17 04:13:22,055 WARN  [org.hib.orm.jdb.error] (main) HHH000247: ErrorCode: 42102, SQLState: 42S02
2025-10-17 04:13:22,055 WARN  [org.hib.orm.jdb.error] (main) Table "analytics_rollups" not found; SQL statement:
delete from analytics_rollups ar1_0 [42102-230]
[Hibernate] 
    delete 
    from
        delayed_jobs dj1_0
[Hibernate] 
    delete 
    from
        calendar_users cu1_0
[Hibernate] 
    delete 
    from
        calendar_templates ct1_0
[Hibernate] 
    delete 
    from
        calendar_orders co1_0
[Hibernate] 
    delete 
    from
        user_calendars uc1_0
[Hibernate] 
    delete 
    from
        page_views pv1_0
[Hibernate] 
    delete 
    from
        analytics_rollups ar1_0
2025-10-17 04:13:22,058 WARN  [org.hib.orm.jdb.error] (main) HHH000247: ErrorCode: 42102, SQLState: 42S02
2025-10-17 04:13:22,058 WARN  [org.hib.orm.jdb.error] (main) Table "analytics_rollups" not found; SQL statement:
delete from analytics_rollups ar1_0 [42102-230]
[Hibernate] 
    delete 
    from
        delayed_jobs dj1_0
[Hibernate] 
    delete 
    from
        calendar_users cu1_0
[Hibernate] 
    delete 
    from
        calendar_templates ct1_0
[Hibernate] 
    insert 
    into
        calendar_templates
        (configuration, created, description, display_order, is_active, is_featured, name, preview_svg, thumbnail_url, updated, version, id) 
    values
        (?, ?, ?, ?, ?, ?, ?, ?, ?, ?, ?, ?)
[Hibernate] 
    insert 
    into
        calendar_templates
        (configuration, created, description, display_order, is_active, is_featured, name, preview_svg, thumbnail_url, updated, version, id) 
    values
        (?, ?, ?, ?, ?, ?, ?, ?, ?, ?, ?, ?)
[Hibernate] 
    insert 
    into
        calendar_templates
        (configuration, created, description, display_order, is_active, is_featured, name, preview_svg, thumbnail_url, updated, version, id) 
    values
        (?, ?, ?, ?, ?, ?, ?, ?, ?, ?, ?, ?)
[Hibernate] 
    insert 
    into
        calendar_templates
        (configuration, created, description, display_order, is_active, is_featured, name, preview_svg, thumbnail_url, updated, version, id) 
    values
        (?, ?, ?, ?, ?, ?, ?, ?, ?, ?, ?, ?)
[Hibernate] 
    select
        ct1_0.id,
        ct1_0.configuration,
        ct1_0.created,
        ct1_0.description,
        ct1_0.display_order,
        ct1_0.is_active,
        ct1_0.is_featured,
        ct1_0.name,
        ct1_0.preview_svg,
        ct1_0.thumbnail_url,
        ct1_0.updated,
        ct1_0.version 
    from
        calendar_templates ct1_0 
    where
        ct1_0.is_active=? 
        and ct1_0.is_featured=? 
    order by
        ct1_0.display_order,
        ct1_0.name
[Hibernate] 
    delete 
    from
        calendar_orders co1_0
[Hibernate] 
    delete 
    from
        user_calendars uc1_0
[Hibernate] 
    delete 
    from
        page_views pv1_0
[Hibernate] 
    delete 
    from
        analytics_rollups ar1_0
2025-10-17 04:13:22,065 WARN  [org.hib.orm.jdb.error] (main) HHH000247: ErrorCode: 42102, SQLState: 42S02
2025-10-17 04:13:22,065 WARN  [org.hib.orm.jdb.error] (main) Table "analytics_rollups" not found; SQL statement:
delete from analytics_rollups ar1_0 [42102-230]
[Hibernate] 
    delete 
    from
        delayed_jobs dj1_0
[Hibernate] 
    delete 
    from
        calendar_users cu1_0
[Hibernate] 
    delete 
    from
        calendar_templates ct1_0
[Hibernate] 
    insert 
    into
        calendar_templates
        (configuration, created, description, display_order, is_active, is_featured, name, preview_svg, thumbnail_url, updated, version, id) 
    values
        (?, ?, ?, ?, ?, ?, ?, ?, ?, ?, ?, ?)
[Hibernate] 
    insert 
    into
        calendar_templates
        (configuration, created, description, display_order, is_active, is_featured, name, preview_svg, thumbnail_url, updated, version, id) 
    values
        (?, ?, ?, ?, ?, ?, ?, ?, ?, ?, ?, ?)
[Hibernate] 
    insert 
    into
        calendar_templates
        (configuration, created, description, display_order, is_active, is_featured, name, preview_svg, thumbnail_url, updated, version, id) 
    values
        (?, ?, ?, ?, ?, ?, ?, ?, ?, ?, ?, ?)
[Hibernate] 
    select
        ct1_0.id,
        ct1_0.configuration,
        ct1_0.created,
        ct1_0.description,
        ct1_0.display_order,
        ct1_0.is_active,
        ct1_0.is_featured,
        ct1_0.name,
        ct1_0.preview_svg,
        ct1_0.thumbnail_url,
        ct1_0.updated,
        ct1_0.version 
    from
        calendar_templates ct1_0 
    where
        ct1_0.is_active=? 
    order by
        ct1_0.display_order,
        ct1_0.name
[Hibernate] 
    delete 
    from
        calendar_orders co1_0
[Hibernate] 
    delete 
    from
        user_calendars uc1_0
[Hibernate] 
    delete 
    from
        page_views pv1_0
[Hibernate] 
    delete 
    from
        analytics_rollups ar1_0
2025-10-17 04:13:22,072 WARN  [org.hib.orm.jdb.error] (main) HHH000247: ErrorCode: 42102, SQLState: 42S02
2025-10-17 04:13:22,072 WARN  [org.hib.orm.jdb.error] (main) Table "analytics_rollups" not found; SQL statement:
delete from analytics_rollups ar1_0 [42102-230]
[Hibernate] 
    delete 
    from
        delayed_jobs dj1_0
[Hibernate] 
    delete 
    from
        calendar_users cu1_0
[Hibernate] 
    delete 
    from
        calendar_templates ct1_0
[Hibernate] 
    delete 
    from
        calendar_orders co1_0
[Hibernate] 
    delete 
    from
        user_calendars uc1_0
[Hibernate] 
    delete 
    from
        page_views pv1_0
[Hibernate] 
    delete 
    from
        analytics_rollups ar1_0
2025-10-17 04:13:22,076 WARN  [org.hib.orm.jdb.error] (main) HHH000247: ErrorCode: 42102, SQLState: 42S02
2025-10-17 04:13:22,076 WARN  [org.hib.orm.jdb.error] (main) Table "analytics_rollups" not found; SQL statement:
delete from analytics_rollups ar1_0 [42102-230]
[Hibernate] 
    delete 
    from
        delayed_jobs dj1_0
[Hibernate] 
    delete 
    from
        calendar_users cu1_0
[Hibernate] 
    delete 
    from
        calendar_templates ct1_0
[ERROR] Tests run: 12, Failures: 4, Errors: 0, Skipped: 0, Time elapsed: 0.057 s <<< FAILURE! -- in villagecompute.calendar.data.models.CalendarTemplateTest
[ERROR] villagecompute.calendar.data.models.CalendarTemplateTest.testValidEntity_Success -- Time elapsed: 0.003 s <<< FAILURE!
org.opentest4j.AssertionFailedError: expected: not <null>
	at org.junit.jupiter.api.AssertionFailureBuilder.build(AssertionFailureBuilder.java:152)
	at org.junit.jupiter.api.AssertionFailureBuilder.buildAndThrow(AssertionFailureBuilder.java:132)
	at org.junit.jupiter.api.AssertNotNull.failNull(AssertNotNull.java:49)
	at org.junit.jupiter.api.AssertNotNull.assertNotNull(AssertNotNull.java:35)
	at org.junit.jupiter.api.AssertNotNull.assertNotNull(AssertNotNull.java:30)
	at org.junit.jupiter.api.Assertions.assertNotNull(Assertions.java:304)
	at villagecompute.calendar.data.models.CalendarTemplateTest.testValidEntity_Success(CalendarTemplateTest.java:48)
	at villagecompute.calendar.data.models.CalendarTemplateTest_Subclass.testValidEntity_Success$$superforward(Unknown Source)
	at villagecompute.calendar.data.models.CalendarTemplateTest_Subclass$$function$$10.apply(Unknown Source)
	at io.quarkus.arc.impl.AroundInvokeInvocationContext.proceed(AroundInvokeInvocationContext.java:73)
	at io.quarkus.arc.impl.AroundInvokeInvocationContext.proceed(AroundInvokeInvocationContext.java:62)
	at io.quarkus.narayana.jta.runtime.interceptor.TransactionalInterceptorBase.invokeInOurTx(TransactionalInterceptorBase.java:136)
	at io.quarkus.narayana.jta.runtime.interceptor.TransactionalInterceptorBase.invokeInOurTx(TransactionalInterceptorBase.java:107)
	at io.quarkus.narayana.jta.runtime.interceptor.TransactionalInterceptorRequired.doIntercept(TransactionalInterceptorRequired.java:38)
	at io.quarkus.narayana.jta.runtime.interceptor.TransactionalInterceptorBase.intercept(TransactionalInterceptorBase.java:61)
	at io.quarkus.narayana.jta.runtime.interceptor.TransactionalInterceptorRequired.intercept(TransactionalInterceptorRequired.java:32)
	at io.quarkus.narayana.jta.runtime.interceptor.TransactionalInterceptorRequired_Bean.intercept(Unknown Source)
	at io.quarkus.arc.impl.InterceptorInvocation.invoke(InterceptorInvocation.java:42)
	at io.quarkus.arc.impl.AroundInvokeInvocationContext.perform(AroundInvokeInvocationContext.java:30)
	at io.quarkus.arc.impl.InvocationContexts.performAroundInvoke(InvocationContexts.java:27)
	at villagecompute.calendar.data.models.CalendarTemplateTest_Subclass.testValidEntity_Success(Unknown Source)
	at java.base/java.lang.reflect.Method.invoke(Method.java:580)
	at io.quarkus.test.junit.QuarkusTestExtension.runExtensionMethod(QuarkusTestExtension.java:1000)
	at io.quarkus.test.junit.QuarkusTestExtension.interceptTestMethod(QuarkusTestExtension.java:848)
	at java.base/java.util.ArrayList.forEach(ArrayList.java:1596)
	at java.base/java.util.ArrayList.forEach(ArrayList.java:1596)

[ERROR] villagecompute.calendar.data.models.CalendarTemplateTest.testFindActive -- Time elapsed: 0.008 s <<< FAILURE!
org.opentest4j.AssertionFailedError: expected: <2> but was: <5>
	at org.junit.jupiter.api.AssertionFailureBuilder.build(AssertionFailureBuilder.java:151)
	at org.junit.jupiter.api.AssertionFailureBuilder.buildAndThrow(AssertionFailureBuilder.java:132)
	at org.junit.jupiter.api.AssertEquals.failNotEqual(AssertEquals.java:197)
	at org.junit.jupiter.api.AssertEquals.assertEquals(AssertEquals.java:150)
	at org.junit.jupiter.api.AssertEquals.assertEquals(AssertEquals.java:145)
	at org.junit.jupiter.api.Assertions.assertEquals(Assertions.java:531)
	at villagecompute.calendar.data.models.CalendarTemplateTest.testFindActive(CalendarTemplateTest.java:197)
	at villagecompute.calendar.data.models.CalendarTemplateTest_Subclass.testFindActive$$superforward(Unknown Source)
	at villagecompute.calendar.data.models.CalendarTemplateTest_Subclass$$function$$3.apply(Unknown Source)
	at io.quarkus.arc.impl.AroundInvokeInvocationContext.proceed(AroundInvokeInvocationContext.java:73)
	at io.quarkus.arc.impl.AroundInvokeInvocationContext.proceed(AroundInvokeInvocationContext.java:62)
	at io.quarkus.narayana.jta.runtime.interceptor.TransactionalInterceptorBase.invokeInOurTx(TransactionalInterceptorBase.java:136)
	at io.quarkus.narayana.jta.runtime.interceptor.TransactionalInterceptorBase.invokeInOurTx(TransactionalInterceptorBase.java:107)
	at io.quarkus.narayana.jta.runtime.interceptor.TransactionalInterceptorRequired.doIntercept(TransactionalInterceptorRequired.java:38)
	at io.quarkus.narayana.jta.runtime.interceptor.TransactionalInterceptorBase.intercept(TransactionalInterceptorBase.java:61)
	at io.quarkus.narayana.jta.runtime.interceptor.TransactionalInterceptorRequired.intercept(TransactionalInterceptorRequired.java:32)
	at io.quarkus.narayana.jta.runtime.interceptor.TransactionalInterceptorRequired_Bean.intercept(Unknown Source)
	at io.quarkus.arc.impl.InterceptorInvocation.invoke(InterceptorInvocation.java:42)
	at io.quarkus.arc.impl.AroundInvokeInvocationContext.perform(AroundInvokeInvocationContext.java:30)
	at io.quarkus.arc.impl.InvocationContexts.performAroundInvoke(InvocationContexts.java:27)
	at villagecompute.calendar.data.models.CalendarTemplateTest_Subclass.testFindActive(Unknown Source)
	at java.base/java.lang.reflect.Method.invoke(Method.java:580)
	at io.quarkus.test.junit.QuarkusTestExtension.runExtensionMethod(QuarkusTestExtension.java:1000)
	at io.quarkus.test.junit.QuarkusTestExtension.interceptTestMethod(QuarkusTestExtension.java:848)
	at java.base/java.util.ArrayList.forEach(ArrayList.java:1596)
	at java.base/java.util.ArrayList.forEach(ArrayList.java:1596)

[ERROR] villagecompute.calendar.data.models.CalendarTemplateTest.testFindActiveTemplates -- Time elapsed: 0.006 s <<< FAILURE!
org.opentest4j.AssertionFailedError: expected: <2> but was: <9>
	at org.junit.jupiter.api.AssertionFailureBuilder.build(AssertionFailureBuilder.java:151)
	at org.junit.jupiter.api.AssertionFailureBuilder.buildAndThrow(AssertionFailureBuilder.java:132)
	at org.junit.jupiter.api.AssertEquals.failNotEqual(AssertEquals.java:197)
	at org.junit.jupiter.api.AssertEquals.assertEquals(AssertEquals.java:150)
	at org.junit.jupiter.api.AssertEquals.assertEquals(AssertEquals.java:145)
	at org.junit.jupiter.api.Assertions.assertEquals(Assertions.java:531)
	at villagecompute.calendar.data.models.CalendarTemplateTest.testFindActiveTemplates(CalendarTemplateTest.java:171)
	at villagecompute.calendar.data.models.CalendarTemplateTest_Subclass.testFindActiveTemplates$$superforward(Unknown Source)
	at villagecompute.calendar.data.models.CalendarTemplateTest_Subclass$$function$$4.apply(Unknown Source)
	at io.quarkus.arc.impl.AroundInvokeInvocationContext.proceed(AroundInvokeInvocationContext.java:73)
	at io.quarkus.arc.impl.AroundInvokeInvocationContext.proceed(AroundInvokeInvocationContext.java:62)
	at io.quarkus.narayana.jta.runtime.interceptor.TransactionalInterceptorBase.invokeInOurTx(TransactionalInterceptorBase.java:136)
	at io.quarkus.narayana.jta.runtime.interceptor.TransactionalInterceptorBase.invokeInOurTx(TransactionalInterceptorBase.java:107)
	at io.quarkus.narayana.jta.runtime.interceptor.TransactionalInterceptorRequired.doIntercept(TransactionalInterceptorRequired.java:38)
	at io.quarkus.narayana.jta.runtime.interceptor.TransactionalInterceptorBase.intercept(TransactionalInterceptorBase.java:61)
	at io.quarkus.narayana.jta.runtime.interceptor.TransactionalInterceptorRequired.intercept(TransactionalInterceptorRequired.java:32)
	at io.quarkus.narayana.jta.runtime.interceptor.TransactionalInterceptorRequired_Bean.intercept(Unknown Source)
	at io.quarkus.arc.impl.InterceptorInvocation.invoke(InterceptorInvocation.java:42)
	at io.quarkus.arc.impl.AroundInvokeInvocationContext.perform(AroundInvokeInvocationContext.java:30)
	at io.quarkus.arc.impl.InvocationContexts.performAroundInvoke(InvocationContexts.java:27)
	at villagecompute.calendar.data.models.CalendarTemplateTest_Subclass.testFindActiveTemplates(Unknown Source)
	at java.base/java.lang.reflect.Method.invoke(Method.java:580)
	at io.quarkus.test.junit.QuarkusTestExtension.runExtensionMethod(QuarkusTestExtension.java:1000)
	at io.quarkus.test.junit.QuarkusTestExtension.interceptTestMethod(QuarkusTestExtension.java:848)
	at java.base/java.util.ArrayList.forEach(ArrayList.java:1596)
	at java.base/java.util.ArrayList.forEach(ArrayList.java:1596)

[ERROR] villagecompute.calendar.data.models.CalendarTemplateTest.testRelationships_OneToManyUserCalendars -- Time elapsed: 0.003 s <<< FAILURE!
org.opentest4j.AssertionFailedError: expected: not <null>
	at org.junit.jupiter.api.AssertionFailureBuilder.build(AssertionFailureBuilder.java:152)
	at org.junit.jupiter.api.AssertionFailureBuilder.buildAndThrow(AssertionFailureBuilder.java:132)
	at org.junit.jupiter.api.AssertNotNull.failNull(AssertNotNull.java:49)
	at org.junit.jupiter.api.AssertNotNull.assertNotNull(AssertNotNull.java:35)
	at org.junit.jupiter.api.AssertNotNull.assertNotNull(AssertNotNull.java:30)
	at org.junit.jupiter.api.Assertions.assertNotNull(Assertions.java:304)
	at villagecompute.calendar.data.models.CalendarTemplateTest.testRelationships_OneToManyUserCalendars(CalendarTemplateTest.java:290)
	at villagecompute.calendar.data.models.CalendarTemplateTest_Subclass.testRelationships_OneToManyUserCalendars$$superforward(Unknown Source)
	at villagecompute.calendar.data.models.CalendarTemplateTest_Subclass$$function$$9.apply(Unknown Source)
	at io.quarkus.arc.impl.AroundInvokeInvocationContext.proceed(AroundInvokeInvocationContext.java:73)
	at io.quarkus.arc.impl.AroundInvokeInvocationContext.proceed(AroundInvokeInvocationContext.java:62)
	at io.quarkus.narayana.jta.runtime.interceptor.TransactionalInterceptorBase.invokeInOurTx(TransactionalInterceptorBase.java:136)
	at io.quarkus.narayana.jta.runtime.interceptor.TransactionalInterceptorBase.invokeInOurTx(TransactionalInterceptorBase.java:107)
	at io.quarkus.narayana.jta.runtime.interceptor.TransactionalInterceptorRequired.doIntercept(TransactionalInterceptorRequired.java:38)
	at io.quarkus.narayana.jta.runtime.interceptor.TransactionalInterceptorBase.intercept(TransactionalInterceptorBase.java:61)
	at io.quarkus.narayana.jta.runtime.interceptor.TransactionalInterceptorRequired.intercept(TransactionalInterceptorRequired.java:32)
	at io.quarkus.narayana.jta.runtime.interceptor.TransactionalInterceptorRequired_Bean.intercept(Unknown Source)
	at io.quarkus.arc.impl.InterceptorInvocation.invoke(InterceptorInvocation.java:42)
	at io.quarkus.arc.impl.AroundInvokeInvocationContext.perform(AroundInvokeInvocationContext.java:30)
	at io.quarkus.arc.impl.InvocationContexts.performAroundInvoke(InvocationContexts.java:27)
	at villagecompute.calendar.data.models.CalendarTemplateTest_Subclass.testRelationships_OneToManyUserCalendars(Unknown Source)
	at java.base/java.lang.reflect.Method.invoke(Method.java:580)
	at io.quarkus.test.junit.QuarkusTestExtension.runExtensionMethod(QuarkusTestExtension.java:1000)
	at io.quarkus.test.junit.QuarkusTestExtension.interceptTestMethod(QuarkusTestExtension.java:848)
	at java.base/java.util.ArrayList.forEach(ArrayList.java:1596)
	at java.base/java.util.ArrayList.forEach(ArrayList.java:1596)

[INFO] Running villagecompute.calendar.data.models.CalendarUserTest
[Hibernate] 
    delete 
    from
        calendar_orders co1_0
[Hibernate] 
    delete 
    from
        user_calendars uc1_0
[Hibernate] 
    delete 
    from
        page_views pv1_0
[Hibernate] 
    delete 
    from
        analytics_rollups ar1_0
2025-10-17 04:13:22,081 WARN  [org.hib.orm.jdb.error] (main) HHH000247: ErrorCode: 42102, SQLState: 42S02
2025-10-17 04:13:22,081 WARN  [org.hib.orm.jdb.error] (main) Table "analytics_rollups" not found; SQL statement:
delete from analytics_rollups ar1_0 [42102-230]
[Hibernate] 
    delete 
    from
        delayed_jobs dj1_0
[Hibernate] 
    delete 
    from
        calendar_users cu1_0
[Hibernate] 
    delete 
    from
        calendar_templates ct1_0
[Hibernate] 
    delete 
    from
        calendar_orders co1_0
[Hibernate] 
    delete 
    from
        user_calendars uc1_0
[Hibernate] 
    delete 
    from
        page_views pv1_0
[Hibernate] 
    delete 
    from
        analytics_rollups ar1_0
2025-10-17 04:13:22,085 WARN  [org.hib.orm.jdb.error] (main) HHH000247: ErrorCode: 42102, SQLState: 42S02
2025-10-17 04:13:22,085 WARN  [org.hib.orm.jdb.error] (main) Table "analytics_rollups" not found; SQL statement:
delete from analytics_rollups ar1_0 [42102-230]
[Hibernate] 
    delete 
    from
        delayed_jobs dj1_0
[Hibernate] 
    delete 
    from
        calendar_users cu1_0
[Hibernate] 
    delete 
    from
        calendar_templates ct1_0
[Hibernate] 
    delete 
    from
        calendar_orders co1_0
[Hibernate] 
    delete 
    from
        user_calendars uc1_0
[Hibernate] 
    delete 
    from
        page_views pv1_0
[Hibernate] 
    delete 
    from
        analytics_rollups ar1_0
2025-10-17 04:13:22,087 WARN  [org.hib.orm.jdb.error] (main) HHH000247: ErrorCode: 42102, SQLState: 42S02
2025-10-17 04:13:22,087 WARN  [org.hib.orm.jdb.error] (main) Table "analytics_rollups" not found; SQL statement:
delete from analytics_rollups ar1_0 [42102-230]
[Hibernate] 
    delete 
    from
        delayed_jobs dj1_0
[Hibernate] 
    delete 
    from
        calendar_users cu1_0
[Hibernate] 
    delete 
    from
        calendar_templates ct1_0
[Hibernate] 
    delete 
    from
        calendar_orders co1_0
[Hibernate] 
    delete 
    from
        user_calendars uc1_0
[Hibernate] 
    delete 
    from
        page_views pv1_0
[Hibernate] 
    delete 
    from
        analytics_rollups ar1_0
2025-10-17 04:13:22,092 WARN  [org.hib.orm.jdb.error] (main) HHH000247: ErrorCode: 42102, SQLState: 42S02
2025-10-17 04:13:22,092 WARN  [org.hib.orm.jdb.error] (main) Table "analytics_rollups" not found; SQL statement:
delete from analytics_rollups ar1_0 [42102-230]
[Hibernate] 
    delete 
    from
        delayed_jobs dj1_0
[Hibernate] 
    delete 
    from
        calendar_users cu1_0
[Hibernate] 
    delete 
    from
        calendar_templates ct1_0
[Hibernate] 
    delete 
    from
        calendar_orders co1_0
[Hibernate] 
    delete 
    from
        user_calendars uc1_0
[Hibernate] 
    delete 
    from
        page_views pv1_0
[Hibernate] 
    delete 
    from
        analytics_rollups ar1_0
2025-10-17 04:13:22,100 WARN  [org.hib.orm.jdb.error] (main) HHH000247: ErrorCode: 42102, SQLState: 42S02
2025-10-17 04:13:22,100 WARN  [org.hib.orm.jdb.error] (main) Table "analytics_rollups" not found; SQL statement:
delete from analytics_rollups ar1_0 [42102-230]
[Hibernate] 
    delete 
    from
        delayed_jobs dj1_0
[Hibernate] 
    delete 
    from
        calendar_users cu1_0
[Hibernate] 
    delete 
    from
        calendar_templates ct1_0
[Hibernate] 
    insert 
    into
        calendar_users
        (created, display_name, email, is_admin, last_login_at, oauth_provider, oauth_subject, profile_image_url, updated, version, id) 
    values
        (?, ?, ?, ?, ?, ?, ?, ?, ?, ?, ?)
[Hibernate] 
    update
        calendar_users 
    set
        display_name=?,
        email=?,
        is_admin=?,
        last_login_at=?,
        oauth_provider=?,
        oauth_subject=?,
        profile_image_url=?,
        updated=?,
        version=? 
    where
        id=? 
        and version=?
[Hibernate] 
    delete 
    from
        calendar_orders co1_0
[Hibernate] 
    delete 
    from
        user_calendars uc1_0
[Hibernate] 
    delete 
    from
        page_views pv1_0
[Hibernate] 
    delete 
    from
        analytics_rollups ar1_0
2025-10-17 04:13:22,106 WARN  [org.hib.orm.jdb.error] (main) HHH000247: ErrorCode: 42102, SQLState: 42S02
2025-10-17 04:13:22,106 WARN  [org.hib.orm.jdb.error] (main) Table "analytics_rollups" not found; SQL statement:
delete from analytics_rollups ar1_0 [42102-230]
[Hibernate] 
    delete 
    from
        delayed_jobs dj1_0
[Hibernate] 
    delete 
    from
        calendar_users cu1_0
[Hibernate] 
    delete 
    from
        calendar_templates ct1_0
[Hibernate] 
    delete 
    from
        calendar_orders co1_0
[Hibernate] 
    delete 
    from
        user_calendars uc1_0
[Hibernate] 
    delete 
    from
        page_views pv1_0
[Hibernate] 
    delete 
    from
        analytics_rollups ar1_0
2025-10-17 04:13:22,110 WARN  [org.hib.orm.jdb.error] (main) HHH000247: ErrorCode: 42102, SQLState: 42S02
2025-10-17 04:13:22,110 WARN  [org.hib.orm.jdb.error] (main) Table "analytics_rollups" not found; SQL statement:
delete from analytics_rollups ar1_0 [42102-230]
[Hibernate] 
    delete 
    from
        delayed_jobs dj1_0
[Hibernate] 
    delete 
    from
        calendar_users cu1_0
[Hibernate] 
    delete 
    from
        calendar_templates ct1_0
[Hibernate] 
    insert 
    into
        calendar_users
        (created, display_name, email, is_admin, last_login_at, oauth_provider, oauth_subject, profile_image_url, updated, version, id) 
    values
        (?, ?, ?, ?, ?, ?, ?, ?, ?, ?, ?)
2025-10-17 04:13:22,112 WARN  [org.hib.orm.jdb.error] (main) HHH000247: ErrorCode: 23505, SQLState: 23505
2025-10-17 04:13:22,112 WARN  [org.hib.orm.jdb.error] (main) Unique index or primary key violation: "public.uk_calendar_users_oauth_INDEX_2 ON public.calendar_users(oauth_provider NULLS LAST, oauth_subject NULLS LAST) VALUES ( /* key:35 */ 'GOOGLE', 'test-subject')"; SQL statement:
insert into calendar_users (created,display_name,email,is_admin,last_login_at,oauth_provider,oauth_subject,profile_image_url,updated,version,id) values (?,?,?,?,?,?,?,?,?,?,?) [23505-230]
[Hibernate] 
    delete 
    from
        calendar_orders co1_0
[Hibernate] 
    delete 
    from
        user_calendars uc1_0
[Hibernate] 
    delete 
    from
        page_views pv1_0
[Hibernate] 
    delete 
    from
        analytics_rollups ar1_0
2025-10-17 04:13:22,114 WARN  [org.hib.orm.jdb.error] (main) HHH000247: ErrorCode: 42102, SQLState: 42S02
2025-10-17 04:13:22,114 WARN  [org.hib.orm.jdb.error] (main) Table "analytics_rollups" not found; SQL statement:
delete from analytics_rollups ar1_0 [42102-230]
[Hibernate] 
    delete 
    from
        delayed_jobs dj1_0
[Hibernate] 
    delete 
    from
        calendar_users cu1_0
[Hibernate] 
    delete 
    from
        calendar_templates ct1_0
[Hibernate] 
    insert 
    into
        calendar_users
        (created, display_name, email, is_admin, last_login_at, oauth_provider, oauth_subject, profile_image_url, updated, version, id) 
    values
        (?, ?, ?, ?, ?, ?, ?, ?, ?, ?, ?)
2025-10-17 04:13:22,116 WARN  [org.hib.orm.jdb.error] (main) HHH000247: ErrorCode: 23505, SQLState: 23505
2025-10-17 04:13:22,116 WARN  [org.hib.orm.jdb.error] (main) Unique index or primary key violation: "public.uk_calendar_users_oauth_INDEX_2 ON public.calendar_users(oauth_provider NULLS LAST, oauth_subject NULLS LAST) VALUES ( /* key:35 */ 'GOOGLE', 'test-subject')"; SQL statement:
insert into calendar_users (created,display_name,email,is_admin,last_login_at,oauth_provider,oauth_subject,profile_image_url,updated,version,id) values (?,?,?,?,?,?,?,?,?,?,?) [23505-230]
[Hibernate] 
    delete 
    from
        calendar_orders co1_0
[Hibernate] 
    delete 
    from
        user_calendars uc1_0
[Hibernate] 
    delete 
    from
        page_views pv1_0
[Hibernate] 
    delete 
    from
        analytics_rollups ar1_0
2025-10-17 04:13:22,119 WARN  [org.hib.orm.jdb.error] (main) HHH000247: ErrorCode: 42102, SQLState: 42S02
2025-10-17 04:13:22,119 WARN  [org.hib.orm.jdb.error] (main) Table "analytics_rollups" not found; SQL statement:
delete from analytics_rollups ar1_0 [42102-230]
[Hibernate] 
    delete 
    from
        delayed_jobs dj1_0
[Hibernate] 
    delete 
    from
        calendar_users cu1_0
[Hibernate] 
    delete 
    from
        calendar_templates ct1_0
[Hibernate] 
    insert 
    into
        calendar_users
        (created, display_name, email, is_admin, last_login_at, oauth_provider, oauth_subject, profile_image_url, updated, version, id) 
    values
        (?, ?, ?, ?, ?, ?, ?, ?, ?, ?, ?)
2025-10-17 04:13:22,122 WARN  [org.hib.orm.jdb.error] (main) HHH000247: ErrorCode: 23505, SQLState: 23505
2025-10-17 04:13:22,122 WARN  [org.hib.orm.jdb.error] (main) Unique index or primary key violation: "public.uk_calendar_users_oauth_INDEX_2 ON public.calendar_users(oauth_provider NULLS LAST, oauth_subject NULLS LAST) VALUES ( /* key:35 */ 'GOOGLE', 'test-subject')"; SQL statement:
insert into calendar_users (created,display_name,email,is_admin,last_login_at,oauth_provider,oauth_subject,profile_image_url,updated,version,id) values (?,?,?,?,?,?,?,?,?,?,?) [23505-230]
[Hibernate] 
    delete 
    from
        calendar_orders co1_0
[Hibernate] 
    delete 
    from
        user_calendars uc1_0
[Hibernate] 
    delete 
    from
        page_views pv1_0
[Hibernate] 
    delete 
    from
        analytics_rollups ar1_0
2025-10-17 04:13:22,124 WARN  [org.hib.orm.jdb.error] (main) HHH000247: ErrorCode: 42102, SQLState: 42S02
2025-10-17 04:13:22,124 WARN  [org.hib.orm.jdb.error] (main) Table "analytics_rollups" not found; SQL statement:
delete from analytics_rollups ar1_0 [42102-230]
[Hibernate] 
    delete 
    from
        delayed_jobs dj1_0
[Hibernate] 
    delete 
    from
        calendar_users cu1_0
[Hibernate] 
    delete 
    from
        calendar_templates ct1_0
[Hibernate] 
    insert 
    into
        calendar_users
        (created, display_name, email, is_admin, last_login_at, oauth_provider, oauth_subject, profile_image_url, updated, version, id) 
    values
        (?, ?, ?, ?, ?, ?, ?, ?, ?, ?, ?)
2025-10-17 04:13:22,126 WARN  [org.hib.orm.jdb.error] (main) HHH000247: ErrorCode: 23505, SQLState: 23505
2025-10-17 04:13:22,126 WARN  [org.hib.orm.jdb.error] (main) Unique index or primary key violation: "public.uk_calendar_users_oauth_INDEX_2 ON public.calendar_users(oauth_provider NULLS LAST, oauth_subject NULLS LAST) VALUES ( /* key:35 */ 'GOOGLE', 'test-subject')"; SQL statement:
insert into calendar_users (created,display_name,email,is_admin,last_login_at,oauth_provider,oauth_subject,profile_image_url,updated,version,id) values (?,?,?,?,?,?,?,?,?,?,?) [23505-230]
[Hibernate] 
    delete 
    from
        calendar_orders co1_0
[Hibernate] 
    delete 
    from
        user_calendars uc1_0
[Hibernate] 
    delete 
    from
        page_views pv1_0
[Hibernate] 
    delete 
    from
        analytics_rollups ar1_0
2025-10-17 04:13:22,128 WARN  [org.hib.orm.jdb.error] (main) HHH000247: ErrorCode: 42102, SQLState: 42S02
2025-10-17 04:13:22,128 WARN  [org.hib.orm.jdb.error] (main) Table "analytics_rollups" not found; SQL statement:
delete from analytics_rollups ar1_0 [42102-230]
[Hibernate] 
    delete 
    from
        delayed_jobs dj1_0
[Hibernate] 
    delete 
    from
        calendar_users cu1_0
[Hibernate] 
    delete 
    from
        calendar_templates ct1_0
[Hibernate] 
    insert 
    into
        calendar_users
        (created, display_name, email, is_admin, last_login_at, oauth_provider, oauth_subject, profile_image_url, updated, version, id) 
    values
        (?, ?, ?, ?, ?, ?, ?, ?, ?, ?, ?)
2025-10-17 04:13:22,129 WARN  [org.hib.orm.jdb.error] (main) HHH000247: ErrorCode: 23505, SQLState: 23505
2025-10-17 04:13:22,129 WARN  [org.hib.orm.jdb.error] (main) Unique index or primary key violation: "public.uk_calendar_users_oauth_INDEX_2 ON public.calendar_users(oauth_provider NULLS LAST, oauth_subject NULLS LAST) VALUES ( /* key:35 */ 'GOOGLE', 'test-subject')"; SQL statement:
insert into calendar_users (created,display_name,email,is_admin,last_login_at,oauth_provider,oauth_subject,profile_image_url,updated,version,id) values (?,?,?,?,?,?,?,?,?,?,?) [23505-230]
[Hibernate] 
    delete 
    from
        calendar_orders co1_0
[Hibernate] 
    delete 
    from
        user_calendars uc1_0
[Hibernate] 
    delete 
    from
        page_views pv1_0
[Hibernate] 
    delete 
    from
        analytics_rollups ar1_0
2025-10-17 04:13:22,131 WARN  [org.hib.orm.jdb.error] (main) HHH000247: ErrorCode: 42102, SQLState: 42S02
2025-10-17 04:13:22,131 WARN  [org.hib.orm.jdb.error] (main) Table "analytics_rollups" not found; SQL statement:
delete from analytics_rollups ar1_0 [42102-230]
[Hibernate] 
    delete 
    from
        delayed_jobs dj1_0
[Hibernate] 
    delete 
    from
        calendar_users cu1_0
[Hibernate] 
    delete 
    from
        calendar_templates ct1_0
[Hibernate] 
    delete 
    from
        calendar_orders co1_0
[Hibernate] 
    delete 
    from
        user_calendars uc1_0
[Hibernate] 
    delete 
    from
        page_views pv1_0
[Hibernate] 
    delete 
    from
        analytics_rollups ar1_0
2025-10-17 04:13:22,133 WARN  [org.hib.orm.jdb.error] (main) HHH000247: ErrorCode: 42102, SQLState: 42S02
2025-10-17 04:13:22,133 WARN  [org.hib.orm.jdb.error] (main) Table "analytics_rollups" not found; SQL statement:
delete from analytics_rollups ar1_0 [42102-230]
[Hibernate] 
    delete 
    from
        delayed_jobs dj1_0
[Hibernate] 
    delete 
    from
        calendar_users cu1_0
[Hibernate] 
    delete 
    from
        calendar_templates ct1_0
[Hibernate] 
    insert 
    into
        calendar_users
        (created, display_name, email, is_admin, last_login_at, oauth_provider, oauth_subject, profile_image_url, updated, version, id) 
    values
        (?, ?, ?, ?, ?, ?, ?, ?, ?, ?, ?)
2025-10-17 04:13:22,136 WARN  [org.hib.orm.jdb.error] (main) HHH000247: ErrorCode: 23505, SQLState: 23505
2025-10-17 04:13:22,136 WARN  [org.hib.orm.jdb.error] (main) Unique index or primary key violation: "public.uk_calendar_users_oauth_INDEX_2 ON public.calendar_users(oauth_provider NULLS LAST, oauth_subject NULLS LAST) VALUES ( /* key:35 */ 'GOOGLE', 'test-subject')"; SQL statement:
insert into calendar_users (created,display_name,email,is_admin,last_login_at,oauth_provider,oauth_subject,profile_image_url,updated,version,id) values (?,?,?,?,?,?,?,?,?,?,?) [23505-230]
[Hibernate] 
    delete 
    from
        calendar_orders co1_0
[Hibernate] 
    delete 
    from
        user_calendars uc1_0
[Hibernate] 
    delete 
    from
        page_views pv1_0
[Hibernate] 
    delete 
    from
        analytics_rollups ar1_0
2025-10-17 04:13:22,137 WARN  [org.hib.orm.jdb.error] (main) HHH000247: ErrorCode: 42102, SQLState: 42S02
2025-10-17 04:13:22,137 WARN  [org.hib.orm.jdb.error] (main) Table "analytics_rollups" not found; SQL statement:
delete from analytics_rollups ar1_0 [42102-230]
[Hibernate] 
    delete 
    from
        delayed_jobs dj1_0
[Hibernate] 
    delete 
    from
        calendar_users cu1_0
[Hibernate] 
    delete 
    from
        calendar_templates ct1_0
[Hibernate] 
    delete 
    from
        calendar_orders co1_0
[Hibernate] 
    delete 
    from
        user_calendars uc1_0
[Hibernate] 
    delete 
    from
        page_views pv1_0
[Hibernate] 
    delete 
    from
        analytics_rollups ar1_0
2025-10-17 04:13:22,139 WARN  [org.hib.orm.jdb.error] (main) HHH000247: ErrorCode: 42102, SQLState: 42S02
2025-10-17 04:13:22,139 WARN  [org.hib.orm.jdb.error] (main) Table "analytics_rollups" not found; SQL statement:
delete from analytics_rollups ar1_0 [42102-230]
[Hibernate] 
    delete 
    from
        delayed_jobs dj1_0
[Hibernate] 
    delete 
    from
        calendar_users cu1_0
[Hibernate] 
    delete 
    from
        calendar_templates ct1_0
[Hibernate] 
    delete 
    from
        calendar_orders co1_0
[Hibernate] 
    delete 
    from
        user_calendars uc1_0
[Hibernate] 
    delete 
    from
        page_views pv1_0
[Hibernate] 
    delete 
    from
        analytics_rollups ar1_0
2025-10-17 04:13:22,142 WARN  [org.hib.orm.jdb.error] (main) HHH000247: ErrorCode: 42102, SQLState: 42S02
2025-10-17 04:13:22,142 WARN  [org.hib.orm.jdb.error] (main) Table "analytics_rollups" not found; SQL statement:
delete from analytics_rollups ar1_0 [42102-230]
[Hibernate] 
    delete 
    from
        delayed_jobs dj1_0
[Hibernate] 
    delete 
    from
        calendar_users cu1_0
[Hibernate] 
    delete 
    from
        calendar_templates ct1_0
[Hibernate] 
    delete 
    from
        calendar_orders co1_0
[Hibernate] 
    delete 
    from
        user_calendars uc1_0
[Hibernate] 
    delete 
    from
        page_views pv1_0
[Hibernate] 
    delete 
    from
        analytics_rollups ar1_0
2025-10-17 04:13:22,144 WARN  [org.hib.orm.jdb.error] (main) HHH000247: ErrorCode: 42102, SQLState: 42S02
2025-10-17 04:13:22,144 WARN  [org.hib.orm.jdb.error] (main) Table "analytics_rollups" not found; SQL statement:
delete from analytics_rollups ar1_0 [42102-230]
[Hibernate] 
    delete 
    from
        delayed_jobs dj1_0
[Hibernate] 
    delete 
    from
        calendar_users cu1_0
[Hibernate] 
    delete 
    from
        calendar_templates ct1_0
[Hibernate] 
    insert 
    into
        calendar_users
        (created, display_name, email, is_admin, last_login_at, oauth_provider, oauth_subject, profile_image_url, updated, version, id) 
    values
        (?, ?, ?, ?, ?, ?, ?, ?, ?, ?, ?)
2025-10-17 04:13:22,146 WARN  [org.hib.orm.jdb.error] (main) HHH000247: ErrorCode: 23505, SQLState: 23505
2025-10-17 04:13:22,146 WARN  [org.hib.orm.jdb.error] (main) Unique index or primary key violation: "public.uk_calendar_users_oauth_INDEX_2 ON public.calendar_users(oauth_provider NULLS LAST, oauth_subject NULLS LAST) VALUES ( /* key:35 */ 'GOOGLE', 'test-subject')"; SQL statement:
insert into calendar_users (created,display_name,email,is_admin,last_login_at,oauth_provider,oauth_subject,profile_image_url,updated,version,id) values (?,?,?,?,?,?,?,?,?,?,?) [23505-230]
[Hibernate] 
    delete 
    from
        calendar_orders co1_0
[Hibernate] 
    delete 
    from
        user_calendars uc1_0
[Hibernate] 
    delete 
    from
        page_views pv1_0
[Hibernate] 
    delete 
    from
        analytics_rollups ar1_0
2025-10-17 04:13:22,148 WARN  [org.hib.orm.jdb.error] (main) HHH000247: ErrorCode: 42102, SQLState: 42S02
2025-10-17 04:13:22,148 WARN  [org.hib.orm.jdb.error] (main) Table "analytics_rollups" not found; SQL statement:
delete from analytics_rollups ar1_0 [42102-230]
[Hibernate] 
    delete 
    from
        delayed_jobs dj1_0
[Hibernate] 
    delete 
    from
        calendar_users cu1_0
[Hibernate] 
    delete 
    from
        calendar_templates ct1_0
[ERROR] Tests run: 18, Failures: 3, Errors: 9, Skipped: 0, Time elapsed: 0.072 s <<< FAILURE! -- in villagecompute.calendar.data.models.CalendarUserTest
[ERROR] villagecompute.calendar.data.models.CalendarUserTest.testFindAdminUsers -- Time elapsed: 0.003 s <<< ERROR!
org.hibernate.query.SemanticException: Could not interpret path expression 'createdAt'
	at org.hibernate.query.hql.internal.BasicDotIdentifierConsumer$BaseLocalSequencePart.resolveTerminal(BasicDotIdentifierConsumer.java:177)
	at org.hibernate.query.hql.internal.BasicDotIdentifierConsumer$BaseLocalSequencePart.resolvePathPart(BasicDotIdentifierConsumer.java:150)
	at org.hibernate.query.hql.internal.BasicDotIdentifierConsumer.consumeIdentifier(BasicDotIdentifierConsumer.java:90)
	at org.hibernate.query.hql.internal.SemanticQueryBuilder.resolveOrderByOrGroupByExpression(SemanticQueryBuilder.java:1672)
	at org.hibernate.query.hql.internal.SemanticQueryBuilder.visitSortExpression(SemanticQueryBuilder.java:1756)
	at org.hibernate.query.hql.internal.SemanticQueryBuilder.visitSortSpecification(SemanticQueryBuilder.java:1716)
	at org.hibernate.query.hql.internal.SemanticQueryBuilder.visitOrderByClause(SemanticQueryBuilder.java:1700)
	at org.hibernate.query.hql.internal.SemanticQueryBuilder.visitOrderByClause(SemanticQueryBuilder.java:1692)
	at org.hibernate.query.hql.internal.SemanticQueryBuilder.visitOrderBy(SemanticQueryBuilder.java:1144)
	at org.hibernate.query.hql.internal.SemanticQueryBuilder.visitQuerySpecExpression(SemanticQueryBuilder.java:989)
	at org.hibernate.query.hql.internal.SemanticQueryBuilder.visitQuerySpecExpression(SemanticQueryBuilder.java:258)
	at org.hibernate.grammars.hql.HqlParser$QuerySpecExpressionContext.accept(HqlParser.java:2170)
	at org.hibernate.query.hql.internal.SemanticQueryBuilder.visitSimpleQueryGroup(SemanticQueryBuilder.java:972)
	at org.hibernate.query.hql.internal.SemanticQueryBuilder.visitSimpleQueryGroup(SemanticQueryBuilder.java:258)
	at org.hibernate.grammars.hql.HqlParser$SimpleQueryGroupContext.accept(HqlParser.java:2035)
	at org.hibernate.query.hql.internal.SemanticQueryBuilder.visitSelectStatement(SemanticQueryBuilder.java:478)
	at org.hibernate.query.hql.internal.SemanticQueryBuilder.visitStatement(SemanticQueryBuilder.java:437)
	at org.hibernate.query.hql.internal.SemanticQueryBuilder.buildSemanticModel(SemanticQueryBuilder.java:303)
	at org.hibernate.query.hql.internal.StandardHqlTranslator.translate(StandardHqlTranslator.java:64)
	at org.hibernate.query.internal.QueryInterpretationCacheStandardImpl.createHqlInterpretation(QueryInterpretationCacheStandardImpl.java:166)
	at org.hibernate.query.internal.QueryInterpretationCacheStandardImpl.resolveHqlInterpretation(QueryInterpretationCacheStandardImpl.java:148)
	at org.hibernate.query.spi.QueryEngine.interpretHql(QueryEngine.java:61)
	at org.hibernate.internal.AbstractSharedSessionContract.interpretHql(AbstractSharedSessionContract.java:877)
	at org.hibernate.internal.AbstractSharedSessionContract.interpretAndCreateSelectionQuery(AbstractSharedSessionContract.java:856)
	at org.hibernate.internal.AbstractSharedSessionContract.createSelectionQuery(AbstractSharedSessionContract.java:902)
	at io.quarkus.hibernate.orm.runtime.session.TransactionScopedSession.createSelectionQuery(TransactionScopedSession.java:1272)
	at org.hibernate.engine.spi.SessionLazyDelegator.createSelectionQuery(SessionLazyDelegator.java:703)
	at org.hibernate.Session_QdxvhYUzh5cgfepxgL43K9-OFvU_Synthetic_ClientProxy.createSelectionQuery(Unknown Source)
	at io.quarkus.hibernate.orm.panache.common.runtime.CommonPanacheQueryImpl.createBaseQuery(CommonPanacheQueryImpl.java:385)
	at io.quarkus.hibernate.orm.panache.common.runtime.CommonPanacheQueryImpl.createQuery(CommonPanacheQueryImpl.java:346)
	at io.quarkus.hibernate.orm.panache.common.runtime.CommonPanacheQueryImpl.list(CommonPanacheQueryImpl.java:299)
	at io.quarkus.hibernate.orm.panache.runtime.PanacheQueryImpl.list(PanacheQueryImpl.java:150)
	at villagecompute.calendar.data.models.CalendarUserTest.testFindAdminUsers(CalendarUserTest.java:292)
	at villagecompute.calendar.data.models.CalendarUserTest_Subclass.testFindAdminUsers$$superforward(Unknown Source)
	at villagecompute.calendar.data.models.CalendarUserTest_Subclass$$function$$3.apply(Unknown Source)
	at io.quarkus.arc.impl.AroundInvokeInvocationContext.proceed(AroundInvokeInvocationContext.java:73)
	at io.quarkus.arc.impl.AroundInvokeInvocationContext.proceed(AroundInvokeInvocationContext.java:62)
	at io.quarkus.narayana.jta.runtime.interceptor.TransactionalInterceptorBase.invokeInOurTx(TransactionalInterceptorBase.java:136)
	at io.quarkus.narayana.jta.runtime.interceptor.TransactionalInterceptorBase.invokeInOurTx(TransactionalInterceptorBase.java:107)
	at io.quarkus.narayana.jta.runtime.interceptor.TransactionalInterceptorRequired.doIntercept(TransactionalInterceptorRequired.java:38)
	at io.quarkus.narayana.jta.runtime.interceptor.TransactionalInterceptorBase.intercept(TransactionalInterceptorBase.java:61)
	at io.quarkus.narayana.jta.runtime.interceptor.TransactionalInterceptorRequired.intercept(TransactionalInterceptorRequired.java:32)
	at io.quarkus.narayana.jta.runtime.interceptor.TransactionalInterceptorRequired_Bean.intercept(Unknown Source)
	at io.quarkus.arc.impl.InterceptorInvocation.invoke(InterceptorInvocation.java:42)
	at io.quarkus.arc.impl.AroundInvokeInvocationContext.perform(AroundInvokeInvocationContext.java:30)
	at io.quarkus.arc.impl.InvocationContexts.performAroundInvoke(InvocationContexts.java:27)
	at villagecompute.calendar.data.models.CalendarUserTest_Subclass.testFindAdminUsers(Unknown Source)
	at java.base/java.lang.reflect.Method.invoke(Method.java:580)
	at io.quarkus.test.junit.QuarkusTestExtension.runExtensionMethod(QuarkusTestExtension.java:1000)
	at io.quarkus.test.junit.QuarkusTestExtension.interceptTestMethod(QuarkusTestExtension.java:848)
	at java.base/java.util.ArrayList.forEach(ArrayList.java:1596)
	at java.base/java.util.ArrayList.forEach(ArrayList.java:1596)

[ERROR] villagecompute.calendar.data.models.CalendarUserTest.testRelationships_CascadeRemove -- Time elapsed: 0.007 s <<< ERROR!
org.hibernate.TransientPropertyValueException: Persistent instance of 'villagecompute.calendar.data.models.UserCalendar' references an unsaved transient instance of 'villagecompute.calendar.data.models.CalendarUser' (persist the transient instance before flushing) [villagecompute.calendar.data.models.UserCalendar.user -> villagecompute.calendar.data.models.CalendarUser]
	at org.hibernate.engine.spi.CascadingActions$8.cascade(CascadingActions.java:406)
	at org.hibernate.engine.spi.CascadingActions$8.cascade(CascadingActions.java:385)
	at org.hibernate.engine.internal.Cascade.cascadeToOne(Cascade.java:538)
	at org.hibernate.engine.internal.Cascade.cascadeAssociation(Cascade.java:446)
	at org.hibernate.engine.internal.Cascade.cascadeProperty(Cascade.java:222)
	at org.hibernate.engine.internal.Cascade.cascade(Cascade.java:163)
	at org.hibernate.event.internal.AbstractFlushingEventListener.checkForTransientReferences(AbstractFlushingEventListener.java:151)
	at org.hibernate.event.internal.AbstractFlushingEventListener.prepareEntityFlushes(AbstractFlushingEventListener.java:140)
	at org.hibernate.event.internal.AbstractFlushingEventListener.preFlush(AbstractFlushingEventListener.java:89)
	at org.hibernate.event.internal.DefaultAutoFlushEventListener.onAutoPreFlush(DefaultAutoFlushEventListener.java:104)
	at org.hibernate.event.service.internal.EventListenerGroupImpl.fireEventOnEachListener(EventListenerGroupImpl.java:140)
	at org.hibernate.internal.SessionImpl.autoPreFlush(SessionImpl.java:1412)
	at org.hibernate.query.sqm.internal.ConcreteSqmSelectQueryPlan.withCacheableSqmInterpretation(ConcreteSqmSelectQueryPlan.java:407)
	at org.hibernate.query.sqm.internal.ConcreteSqmSelectQueryPlan.executeQuery(ConcreteSqmSelectQueryPlan.java:381)
	at org.hibernate.query.sqm.internal.SqmSelectionQueryImpl.getResultCount(SqmSelectionQueryImpl.java:412)
	at io.quarkus.hibernate.orm.panache.common.runtime.AbstractJpaOperations.count(AbstractJpaOperations.java:327)
	at villagecompute.calendar.data.models.UserCalendar.count(UserCalendar.java)
	at villagecompute.calendar.data.models.CalendarUserTest.testRelationships_CascadeRemove(CalendarUserTest.java:339)
	at villagecompute.calendar.data.models.CalendarUserTest_Subclass.testRelationships_CascadeRemove$$superforward(Unknown Source)
	at villagecompute.calendar.data.models.CalendarUserTest_Subclass$$function$$11.apply(Unknown Source)
	at io.quarkus.arc.impl.AroundInvokeInvocationContext.proceed(AroundInvokeInvocationContext.java:73)
	at io.quarkus.arc.impl.AroundInvokeInvocationContext.proceed(AroundInvokeInvocationContext.java:62)
	at io.quarkus.narayana.jta.runtime.interceptor.TransactionalInterceptorBase.invokeInOurTx(TransactionalInterceptorBase.java:136)
	at io.quarkus.narayana.jta.runtime.interceptor.TransactionalInterceptorBase.invokeInOurTx(TransactionalInterceptorBase.java:107)
	at io.quarkus.narayana.jta.runtime.interceptor.TransactionalInterceptorRequired.doIntercept(TransactionalInterceptorRequired.java:38)
	at io.quarkus.narayana.jta.runtime.interceptor.TransactionalInterceptorBase.intercept(TransactionalInterceptorBase.java:61)
	at io.quarkus.narayana.jta.runtime.interceptor.TransactionalInterceptorRequired.intercept(TransactionalInterceptorRequired.java:32)
	at io.quarkus.narayana.jta.runtime.interceptor.TransactionalInterceptorRequired_Bean.intercept(Unknown Source)
	at io.quarkus.arc.impl.InterceptorInvocation.invoke(InterceptorInvocation.java:42)
	at io.quarkus.arc.impl.AroundInvokeInvocationContext.perform(AroundInvokeInvocationContext.java:30)
	at io.quarkus.arc.impl.InvocationContexts.performAroundInvoke(InvocationContexts.java:27)
	at villagecompute.calendar.data.models.CalendarUserTest_Subclass.testRelationships_CascadeRemove(Unknown Source)
	at java.base/java.lang.reflect.Method.invoke(Method.java:580)
	at io.quarkus.test.junit.QuarkusTestExtension.runExtensionMethod(QuarkusTestExtension.java:1000)
	at io.quarkus.test.junit.QuarkusTestExtension.interceptTestMethod(QuarkusTestExtension.java:848)
	at java.base/java.util.ArrayList.forEach(ArrayList.java:1596)
	at java.base/java.util.ArrayList.forEach(ArrayList.java:1596)

[ERROR] villagecompute.calendar.data.models.CalendarUserTest.testValidEntity_Success -- Time elapsed: 0.003 s <<< FAILURE!
org.opentest4j.AssertionFailedError: expected: not <null>
	at org.junit.jupiter.api.AssertionFailureBuilder.build(AssertionFailureBuilder.java:152)
	at org.junit.jupiter.api.AssertionFailureBuilder.buildAndThrow(AssertionFailureBuilder.java:132)
	at org.junit.jupiter.api.AssertNotNull.failNull(AssertNotNull.java:49)
	at org.junit.jupiter.api.AssertNotNull.assertNotNull(AssertNotNull.java:35)
	at org.junit.jupiter.api.AssertNotNull.assertNotNull(AssertNotNull.java:30)
	at org.junit.jupiter.api.Assertions.assertNotNull(Assertions.java:304)
	at villagecompute.calendar.data.models.CalendarUserTest.testValidEntity_Success(CalendarUserTest.java:46)
	at villagecompute.calendar.data.models.CalendarUserTest_Subclass.testValidEntity_Success$$superforward(Unknown Source)
	at villagecompute.calendar.data.models.CalendarUserTest_Subclass$$function$$13.apply(Unknown Source)
	at io.quarkus.arc.impl.AroundInvokeInvocationContext.proceed(AroundInvokeInvocationContext.java:73)
	at io.quarkus.arc.impl.AroundInvokeInvocationContext.proceed(AroundInvokeInvocationContext.java:62)
	at io.quarkus.narayana.jta.runtime.interceptor.TransactionalInterceptorBase.invokeInOurTx(TransactionalInterceptorBase.java:136)
	at io.quarkus.narayana.jta.runtime.interceptor.TransactionalInterceptorBase.invokeInOurTx(TransactionalInterceptorBase.java:107)
	at io.quarkus.narayana.jta.runtime.interceptor.TransactionalInterceptorRequired.doIntercept(TransactionalInterceptorRequired.java:38)
	at io.quarkus.narayana.jta.runtime.interceptor.TransactionalInterceptorBase.intercept(TransactionalInterceptorBase.java:61)
	at io.quarkus.narayana.jta.runtime.interceptor.TransactionalInterceptorRequired.intercept(TransactionalInterceptorRequired.java:32)
	at io.quarkus.narayana.jta.runtime.interceptor.TransactionalInterceptorRequired_Bean.intercept(Unknown Source)
	at io.quarkus.arc.impl.InterceptorInvocation.invoke(InterceptorInvocation.java:42)
	at io.quarkus.arc.impl.AroundInvokeInvocationContext.perform(AroundInvokeInvocationContext.java:30)
	at io.quarkus.arc.impl.InvocationContexts.performAroundInvoke(InvocationContexts.java:27)
	at villagecompute.calendar.data.models.CalendarUserTest_Subclass.testValidEntity_Success(Unknown Source)
	at java.base/java.lang.reflect.Method.invoke(Method.java:580)
	at io.quarkus.test.junit.QuarkusTestExtension.runExtensionMethod(QuarkusTestExtension.java:1000)
	at io.quarkus.test.junit.QuarkusTestExtension.interceptTestMethod(QuarkusTestExtension.java:848)
	at java.base/java.util.ArrayList.forEach(ArrayList.java:1596)
	at java.base/java.util.ArrayList.forEach(ArrayList.java:1596)

[ERROR] villagecompute.calendar.data.models.CalendarUserTest.testFindByEmail_NotFound -- Time elapsed: 0.004 s <<< ERROR!
org.hibernate.exception.ConstraintViolationException: 
could not execute statement [Unique index or primary key violation: "public.uk_calendar_users_oauth_INDEX_2 ON public.calendar_users(oauth_provider NULLS LAST, oauth_subject NULLS LAST) VALUES ( /* key:35 */ 'GOOGLE', 'test-subject')"; SQL statement:
insert into calendar_users (created,display_name,email,is_admin,last_login_at,oauth_provider,oauth_subject,profile_image_url,updated,version,id) values (?,?,?,?,?,?,?,?,?,?,?) [23505-230]] [insert into calendar_users (created,display_name,email,is_admin,last_login_at,oauth_provider,oauth_subject,profile_image_url,updated,version,id) values (?,?,?,?,?,?,?,?,?,?,?)]
	at org.hibernate.dialect.H2Dialect.lambda$buildSQLExceptionConversionDelegate$1(H2Dialect.java:845)
	at org.hibernate.exception.internal.StandardSQLExceptionConverter.convert(StandardSQLExceptionConverter.java:34)
	at org.hibernate.engine.jdbc.spi.SqlExceptionHelper.convert(SqlExceptionHelper.java:115)
	at org.hibernate.engine.jdbc.internal.ResultSetReturnImpl.executeUpdate(ResultSetReturnImpl.java:193)
	at org.hibernate.engine.jdbc.mutation.internal.AbstractMutationExecutor.performNonBatchedMutation(AbstractMutationExecutor.java:148)
	at org.hibernate.engine.jdbc.mutation.internal.MutationExecutorSingleNonBatched.performNonBatchedOperations(MutationExecutorSingleNonBatched.java:53)
	at org.hibernate.engine.jdbc.mutation.internal.AbstractMutationExecutor.execute(AbstractMutationExecutor.java:66)
	at org.hibernate.engine.jdbc.mutation.internal.AbstractMutationExecutor.execute(AbstractMutationExecutor.java:55)
	at org.hibernate.persister.entity.mutation.InsertCoordinatorStandard.doStaticInserts(InsertCoordinatorStandard.java:191)
	at org.hibernate.persister.entity.mutation.InsertCoordinatorStandard.coordinateInsert(InsertCoordinatorStandard.java:129)
	at org.hibernate.persister.entity.mutation.InsertCoordinatorStandard.insert(InsertCoordinatorStandard.java:101)
	at org.hibernate.action.internal.EntityInsertAction.execute(EntityInsertAction.java:113)
	at org.hibernate.engine.spi.ActionQueue.executeActions(ActionQueue.java:646)
	at org.hibernate.engine.spi.ActionQueue.executeActions(ActionQueue.java:513)
	at org.hibernate.event.internal.AbstractFlushingEventListener.performExecutions(AbstractFlushingEventListener.java:378)
	at org.hibernate.event.internal.DefaultAutoFlushEventListener.onAutoFlush(DefaultAutoFlushEventListener.java:67)
	at org.hibernate.event.service.internal.EventListenerGroupImpl.fireEventOnEachListener(EventListenerGroupImpl.java:140)
	at org.hibernate.internal.SessionImpl.autoFlushIfRequired(SessionImpl.java:1400)
	at org.hibernate.query.sqm.internal.ConcreteSqmSelectQueryPlan.lambda$new$1(ConcreteSqmSelectQueryPlan.java:138)
	at org.hibernate.query.sqm.internal.ConcreteSqmSelectQueryPlan.withCacheableSqmInterpretation(ConcreteSqmSelectQueryPlan.java:455)
	at org.hibernate.query.sqm.internal.ConcreteSqmSelectQueryPlan.performList(ConcreteSqmSelectQueryPlan.java:388)
	at org.hibernate.query.sqm.internal.SqmSelectionQueryImpl.doList(SqmSelectionQueryImpl.java:423)
	at org.hibernate.query.spi.AbstractSelectionQuery.list(AbstractSelectionQuery.java:154)
	at org.hibernate.query.SelectionQuery.getResultList(SelectionQuery.java:145)
	at io.quarkus.hibernate.orm.panache.common.runtime.CommonPanacheQueryImpl.firstResult(CommonPanacheQueryImpl.java:317)
	at io.quarkus.hibernate.orm.panache.common.runtime.CommonPanacheQueryImpl.firstResultOptional(CommonPanacheQueryImpl.java:323)
	at io.quarkus.hibernate.orm.panache.runtime.PanacheQueryImpl.firstResultOptional(PanacheQueryImpl.java:165)
	at villagecompute.calendar.data.models.CalendarUser.findByEmail(CalendarUser.java:88)
	at villagecompute.calendar.data.models.CalendarUserTest.testFindByEmail_NotFound(CalendarUserTest.java:193)
	at villagecompute.calendar.data.models.CalendarUserTest_Subclass.testFindByEmail_NotFound$$superforward(Unknown Source)
	at villagecompute.calendar.data.models.CalendarUserTest_Subclass$$function$$5.apply(Unknown Source)
	at io.quarkus.arc.impl.AroundInvokeInvocationContext.proceed(AroundInvokeInvocationContext.java:73)
	at io.quarkus.arc.impl.AroundInvokeInvocationContext.proceed(AroundInvokeInvocationContext.java:62)
	at io.quarkus.narayana.jta.runtime.interceptor.TransactionalInterceptorBase.invokeInOurTx(TransactionalInterceptorBase.java:136)
	at io.quarkus.narayana.jta.runtime.interceptor.TransactionalInterceptorBase.invokeInOurTx(TransactionalInterceptorBase.java:107)
	at io.quarkus.narayana.jta.runtime.interceptor.TransactionalInterceptorRequired.doIntercept(TransactionalInterceptorRequired.java:38)
	at io.quarkus.narayana.jta.runtime.interceptor.TransactionalInterceptorBase.intercept(TransactionalInterceptorBase.java:61)
	at io.quarkus.narayana.jta.runtime.interceptor.TransactionalInterceptorRequired.intercept(TransactionalInterceptorRequired.java:32)
	at io.quarkus.narayana.jta.runtime.interceptor.TransactionalInterceptorRequired_Bean.intercept(Unknown Source)
	at io.quarkus.arc.impl.InterceptorInvocation.invoke(InterceptorInvocation.java:42)
	at io.quarkus.arc.impl.AroundInvokeInvocationContext.perform(AroundInvokeInvocationContext.java:30)
	at io.quarkus.arc.impl.InvocationContexts.performAroundInvoke(InvocationContexts.java:27)
	at villagecompute.calendar.data.models.CalendarUserTest_Subclass.testFindByEmail_NotFound(Unknown Source)
	at java.base/java.lang.reflect.Method.invoke(Method.java:580)
	at io.quarkus.test.junit.QuarkusTestExtension.runExtensionMethod(QuarkusTestExtension.java:1000)
	at io.quarkus.test.junit.QuarkusTestExtension.interceptTestMethod(QuarkusTestExtension.java:848)
	at java.base/java.util.ArrayList.forEach(ArrayList.java:1596)
	at java.base/java.util.ArrayList.forEach(ArrayList.java:1596)
Caused by: org.h2.jdbc.JdbcSQLIntegrityConstraintViolationException: Unique index or primary key violation: "public.uk_calendar_users_oauth_INDEX_2 ON public.calendar_users(oauth_provider NULLS LAST, oauth_subject NULLS LAST) VALUES ( /* key:35 */ 'GOOGLE', 'test-subject')"; SQL statement:
insert into calendar_users (created,display_name,email,is_admin,last_login_at,oauth_provider,oauth_subject,profile_image_url,updated,version,id) values (?,?,?,?,?,?,?,?,?,?,?) [23505-230]
	at org.h2.message.DbException.getJdbcSQLException(DbException.java:520)
	at org.h2.message.DbException.getJdbcSQLException(DbException.java:489)
	at org.h2.message.DbException.get(DbException.java:223)
	at org.h2.message.DbException.get(DbException.java:199)
	at org.h2.index.Index.getDuplicateKeyException(Index.java:523)
	at org.h2.mvstore.db.MVSecondaryIndex.checkUnique(MVSecondaryIndex.java:223)
	at org.h2.mvstore.db.MVSecondaryIndex.add(MVSecondaryIndex.java:184)
	at org.h2.mvstore.db.MVTable.addRow(MVTable.java:518)
	at org.h2.command.dml.Insert.insertRows(Insert.java:174)
	at org.h2.command.dml.Insert.update(Insert.java:135)
	at org.h2.command.dml.DataChangeStatement.update(DataChangeStatement.java:74)
	at org.h2.command.CommandContainer.update(CommandContainer.java:139)
	at org.h2.command.Command.executeUpdate(Command.java:304)
	at org.h2.command.Command.executeUpdate(Command.java:248)
	at org.h2.jdbc.JdbcPreparedStatement.executeUpdateInternal(JdbcPreparedStatement.java:213)
	at org.h2.jdbc.JdbcPreparedStatement.executeUpdate(JdbcPreparedStatement.java:172)
	at io.agroal.pool.wrapper.PreparedStatementWrapper.executeUpdate(PreparedStatementWrapper.java:90)
	at org.hibernate.engine.jdbc.internal.ResultSetReturnImpl.executeUpdate(ResultSetReturnImpl.java:190)
	... 44 more

[ERROR] villagecompute.calendar.data.models.CalendarUserTest.testFindActiveUsersSince -- Time elapsed: 0.004 s <<< ERROR!
org.hibernate.exception.ConstraintViolationException: 
could not execute statement [Unique index or primary key violation: "public.uk_calendar_users_oauth_INDEX_2 ON public.calendar_users(oauth_provider NULLS LAST, oauth_subject NULLS LAST) VALUES ( /* key:35 */ 'GOOGLE', 'test-subject')"; SQL statement:
insert into calendar_users (created,display_name,email,is_admin,last_login_at,oauth_provider,oauth_subject,profile_image_url,updated,version,id) values (?,?,?,?,?,?,?,?,?,?,?) [23505-230]] [insert into calendar_users (created,display_name,email,is_admin,last_login_at,oauth_provider,oauth_subject,profile_image_url,updated,version,id) values (?,?,?,?,?,?,?,?,?,?,?)]
	at org.hibernate.dialect.H2Dialect.lambda$buildSQLExceptionConversionDelegate$1(H2Dialect.java:845)
	at org.hibernate.exception.internal.StandardSQLExceptionConverter.convert(StandardSQLExceptionConverter.java:34)
	at org.hibernate.engine.jdbc.spi.SqlExceptionHelper.convert(SqlExceptionHelper.java:115)
	at org.hibernate.engine.jdbc.internal.ResultSetReturnImpl.executeUpdate(ResultSetReturnImpl.java:193)
	at org.hibernate.engine.jdbc.mutation.internal.AbstractMutationExecutor.performNonBatchedMutation(AbstractMutationExecutor.java:148)
	at org.hibernate.engine.jdbc.mutation.internal.MutationExecutorSingleNonBatched.performNonBatchedOperations(MutationExecutorSingleNonBatched.java:53)
	at org.hibernate.engine.jdbc.mutation.internal.AbstractMutationExecutor.execute(AbstractMutationExecutor.java:66)
	at org.hibernate.engine.jdbc.mutation.internal.AbstractMutationExecutor.execute(AbstractMutationExecutor.java:55)
	at org.hibernate.persister.entity.mutation.InsertCoordinatorStandard.doStaticInserts(InsertCoordinatorStandard.java:191)
	at org.hibernate.persister.entity.mutation.InsertCoordinatorStandard.coordinateInsert(InsertCoordinatorStandard.java:129)
	at org.hibernate.persister.entity.mutation.InsertCoordinatorStandard.insert(InsertCoordinatorStandard.java:101)
	at org.hibernate.action.internal.EntityInsertAction.execute(EntityInsertAction.java:113)
	at org.hibernate.engine.spi.ActionQueue.executeActions(ActionQueue.java:646)
	at org.hibernate.engine.spi.ActionQueue.executeActions(ActionQueue.java:513)
	at org.hibernate.event.internal.AbstractFlushingEventListener.performExecutions(AbstractFlushingEventListener.java:378)
	at org.hibernate.event.internal.DefaultAutoFlushEventListener.onAutoFlush(DefaultAutoFlushEventListener.java:67)
	at org.hibernate.event.service.internal.EventListenerGroupImpl.fireEventOnEachListener(EventListenerGroupImpl.java:140)
	at org.hibernate.internal.SessionImpl.autoFlushIfRequired(SessionImpl.java:1400)
	at org.hibernate.query.sqm.internal.ConcreteSqmSelectQueryPlan.lambda$new$1(ConcreteSqmSelectQueryPlan.java:138)
	at org.hibernate.query.sqm.internal.ConcreteSqmSelectQueryPlan.withCacheableSqmInterpretation(ConcreteSqmSelectQueryPlan.java:455)
	at org.hibernate.query.sqm.internal.ConcreteSqmSelectQueryPlan.performList(ConcreteSqmSelectQueryPlan.java:388)
	at org.hibernate.query.sqm.internal.SqmSelectionQueryImpl.doList(SqmSelectionQueryImpl.java:423)
	at org.hibernate.query.spi.AbstractSelectionQuery.list(AbstractSelectionQuery.java:154)
	at org.hibernate.query.SelectionQuery.getResultList(SelectionQuery.java:145)
	at io.quarkus.hibernate.orm.panache.common.runtime.CommonPanacheQueryImpl.list(CommonPanacheQueryImpl.java:301)
	at io.quarkus.hibernate.orm.panache.runtime.PanacheQueryImpl.list(PanacheQueryImpl.java:150)
	at villagecompute.calendar.data.models.CalendarUserTest.testFindActiveUsersSince(CalendarUserTest.java:220)
	at villagecompute.calendar.data.models.CalendarUserTest_Subclass.testFindActiveUsersSince$$superforward(Unknown Source)
	at villagecompute.calendar.data.models.CalendarUserTest_Subclass$$function$$2.apply(Unknown Source)
	at io.quarkus.arc.impl.AroundInvokeInvocationContext.proceed(AroundInvokeInvocationContext.java:73)
	at io.quarkus.arc.impl.AroundInvokeInvocationContext.proceed(AroundInvokeInvocationContext.java:62)
	at io.quarkus.narayana.jta.runtime.interceptor.TransactionalInterceptorBase.invokeInOurTx(TransactionalInterceptorBase.java:136)
	at io.quarkus.narayana.jta.runtime.interceptor.TransactionalInterceptorBase.invokeInOurTx(TransactionalInterceptorBase.java:107)
	at io.quarkus.narayana.jta.runtime.interceptor.TransactionalInterceptorRequired.doIntercept(TransactionalInterceptorRequired.java:38)
	at io.quarkus.narayana.jta.runtime.interceptor.TransactionalInterceptorBase.intercept(TransactionalInterceptorBase.java:61)
	at io.quarkus.narayana.jta.runtime.interceptor.TransactionalInterceptorRequired.intercept(TransactionalInterceptorRequired.java:32)
	at io.quarkus.narayana.jta.runtime.interceptor.TransactionalInterceptorRequired_Bean.intercept(Unknown Source)
	at io.quarkus.arc.impl.InterceptorInvocation.invoke(InterceptorInvocation.java:42)
	at io.quarkus.arc.impl.AroundInvokeInvocationContext.perform(AroundInvokeInvocationContext.java:30)
	at io.quarkus.arc.impl.InvocationContexts.performAroundInvoke(InvocationContexts.java:27)
	at villagecompute.calendar.data.models.CalendarUserTest_Subclass.testFindActiveUsersSince(Unknown Source)
	at java.base/java.lang.reflect.Method.invoke(Method.java:580)
	at io.quarkus.test.junit.QuarkusTestExtension.runExtensionMethod(QuarkusTestExtension.java:1000)
	at io.quarkus.test.junit.QuarkusTestExtension.interceptTestMethod(QuarkusTestExtension.java:848)
	at java.base/java.util.ArrayList.forEach(ArrayList.java:1596)
	at java.base/java.util.ArrayList.forEach(ArrayList.java:1596)
Caused by: org.h2.jdbc.JdbcSQLIntegrityConstraintViolationException: Unique index or primary key violation: "public.uk_calendar_users_oauth_INDEX_2 ON public.calendar_users(oauth_provider NULLS LAST, oauth_subject NULLS LAST) VALUES ( /* key:35 */ 'GOOGLE', 'test-subject')"; SQL statement:
insert into calendar_users (created,display_name,email,is_admin,last_login_at,oauth_provider,oauth_subject,profile_image_url,updated,version,id) values (?,?,?,?,?,?,?,?,?,?,?) [23505-230]
	at org.h2.message.DbException.getJdbcSQLException(DbException.java:520)
	at org.h2.message.DbException.getJdbcSQLException(DbException.java:489)
	at org.h2.message.DbException.get(DbException.java:223)
	at org.h2.message.DbException.get(DbException.java:199)
	at org.h2.index.Index.getDuplicateKeyException(Index.java:523)
	at org.h2.mvstore.db.MVSecondaryIndex.checkUnique(MVSecondaryIndex.java:223)
	at org.h2.mvstore.db.MVSecondaryIndex.add(MVSecondaryIndex.java:184)
	at org.h2.mvstore.db.MVTable.addRow(MVTable.java:518)
	at org.h2.command.dml.Insert.insertRows(Insert.java:174)
	at org.h2.command.dml.Insert.update(Insert.java:135)
	at org.h2.command.dml.DataChangeStatement.update(DataChangeStatement.java:74)
	at org.h2.command.CommandContainer.update(CommandContainer.java:139)
	at org.h2.command.Command.executeUpdate(Command.java:304)
	at org.h2.command.Command.executeUpdate(Command.java:248)
	at org.h2.jdbc.JdbcPreparedStatement.executeUpdateInternal(JdbcPreparedStatement.java:213)
	at org.h2.jdbc.JdbcPreparedStatement.executeUpdate(JdbcPreparedStatement.java:172)
	at io.agroal.pool.wrapper.PreparedStatementWrapper.executeUpdate(PreparedStatementWrapper.java:90)
	at org.hibernate.engine.jdbc.internal.ResultSetReturnImpl.executeUpdate(ResultSetReturnImpl.java:190)
	... 42 more

[ERROR] villagecompute.calendar.data.models.CalendarUserTest.testHasAdminUsers_False -- Time elapsed: 0.005 s <<< ERROR!
org.hibernate.exception.ConstraintViolationException: 
could not execute statement [Unique index or primary key violation: "public.uk_calendar_users_oauth_INDEX_2 ON public.calendar_users(oauth_provider NULLS LAST, oauth_subject NULLS LAST) VALUES ( /* key:35 */ 'GOOGLE', 'test-subject')"; SQL statement:
insert into calendar_users (created,display_name,email,is_admin,last_login_at,oauth_provider,oauth_subject,profile_image_url,updated,version,id) values (?,?,?,?,?,?,?,?,?,?,?) [23505-230]] [insert into calendar_users (created,display_name,email,is_admin,last_login_at,oauth_provider,oauth_subject,profile_image_url,updated,version,id) values (?,?,?,?,?,?,?,?,?,?,?)]
	at org.hibernate.dialect.H2Dialect.lambda$buildSQLExceptionConversionDelegate$1(H2Dialect.java:845)
	at org.hibernate.exception.internal.StandardSQLExceptionConverter.convert(StandardSQLExceptionConverter.java:34)
	at org.hibernate.engine.jdbc.spi.SqlExceptionHelper.convert(SqlExceptionHelper.java:115)
	at org.hibernate.engine.jdbc.internal.ResultSetReturnImpl.executeUpdate(ResultSetReturnImpl.java:193)
	at org.hibernate.engine.jdbc.mutation.internal.AbstractMutationExecutor.performNonBatchedMutation(AbstractMutationExecutor.java:148)
	at org.hibernate.engine.jdbc.mutation.internal.MutationExecutorSingleNonBatched.performNonBatchedOperations(MutationExecutorSingleNonBatched.java:53)
	at org.hibernate.engine.jdbc.mutation.internal.AbstractMutationExecutor.execute(AbstractMutationExecutor.java:66)
	at org.hibernate.engine.jdbc.mutation.internal.AbstractMutationExecutor.execute(AbstractMutationExecutor.java:55)
	at org.hibernate.persister.entity.mutation.InsertCoordinatorStandard.doStaticInserts(InsertCoordinatorStandard.java:191)
	at org.hibernate.persister.entity.mutation.InsertCoordinatorStandard.coordinateInsert(InsertCoordinatorStandard.java:129)
	at org.hibernate.persister.entity.mutation.InsertCoordinatorStandard.insert(InsertCoordinatorStandard.java:101)
	at org.hibernate.action.internal.EntityInsertAction.execute(EntityInsertAction.java:113)
	at org.hibernate.engine.spi.ActionQueue.executeActions(ActionQueue.java:646)
	at org.hibernate.engine.spi.ActionQueue.executeActions(ActionQueue.java:513)
	at org.hibernate.event.internal.AbstractFlushingEventListener.performExecutions(AbstractFlushingEventListener.java:378)
	at org.hibernate.event.internal.DefaultAutoFlushEventListener.onAutoFlush(DefaultAutoFlushEventListener.java:67)
	at org.hibernate.event.service.internal.EventListenerGroupImpl.fireEventOnEachListener(EventListenerGroupImpl.java:140)
	at org.hibernate.internal.SessionImpl.autoFlushIfRequired(SessionImpl.java:1400)
	at org.hibernate.query.sqm.internal.ConcreteSqmSelectQueryPlan.lambda$new$0(ConcreteSqmSelectQueryPlan.java:108)
	at org.hibernate.query.sqm.internal.ConcreteSqmSelectQueryPlan.withCacheableSqmInterpretation(ConcreteSqmSelectQueryPlan.java:455)
	at org.hibernate.query.sqm.internal.ConcreteSqmSelectQueryPlan.executeQuery(ConcreteSqmSelectQueryPlan.java:381)
	at org.hibernate.query.sqm.internal.SqmSelectionQueryImpl.getResultCount(SqmSelectionQueryImpl.java:412)
	at io.quarkus.hibernate.orm.panache.common.runtime.AbstractJpaOperations.count(AbstractJpaOperations.java:338)
	at villagecompute.calendar.data.models.CalendarUser.count(CalendarUser.java)
	at villagecompute.calendar.data.models.CalendarUser.hasAdminUsers(CalendarUser.java:115)
	at villagecompute.calendar.data.models.CalendarUserTest.testHasAdminUsers_False(CalendarUserTest.java:269)
	at villagecompute.calendar.data.models.CalendarUserTest_Subclass.testHasAdminUsers_False$$superforward(Unknown Source)
	at villagecompute.calendar.data.models.CalendarUserTest_Subclass$$function$$8.apply(Unknown Source)
	at io.quarkus.arc.impl.AroundInvokeInvocationContext.proceed(AroundInvokeInvocationContext.java:73)
	at io.quarkus.arc.impl.AroundInvokeInvocationContext.proceed(AroundInvokeInvocationContext.java:62)
	at io.quarkus.narayana.jta.runtime.interceptor.TransactionalInterceptorBase.invokeInOurTx(TransactionalInterceptorBase.java:136)
	at io.quarkus.narayana.jta.runtime.interceptor.TransactionalInterceptorBase.invokeInOurTx(TransactionalInterceptorBase.java:107)
	at io.quarkus.narayana.jta.runtime.interceptor.TransactionalInterceptorRequired.doIntercept(TransactionalInterceptorRequired.java:38)
	at io.quarkus.narayana.jta.runtime.interceptor.TransactionalInterceptorBase.intercept(TransactionalInterceptorBase.java:61)
	at io.quarkus.narayana.jta.runtime.interceptor.TransactionalInterceptorRequired.intercept(TransactionalInterceptorRequired.java:32)
	at io.quarkus.narayana.jta.runtime.interceptor.TransactionalInterceptorRequired_Bean.intercept(Unknown Source)
	at io.quarkus.arc.impl.InterceptorInvocation.invoke(InterceptorInvocation.java:42)
	at io.quarkus.arc.impl.AroundInvokeInvocationContext.perform(AroundInvokeInvocationContext.java:30)
	at io.quarkus.arc.impl.InvocationContexts.performAroundInvoke(InvocationContexts.java:27)
	at villagecompute.calendar.data.models.CalendarUserTest_Subclass.testHasAdminUsers_False(Unknown Source)
	at java.base/java.lang.reflect.Method.invoke(Method.java:580)
	at io.quarkus.test.junit.QuarkusTestExtension.runExtensionMethod(QuarkusTestExtension.java:1000)
	at io.quarkus.test.junit.QuarkusTestExtension.interceptTestMethod(QuarkusTestExtension.java:848)
	at java.base/java.util.ArrayList.forEach(ArrayList.java:1596)
	at java.base/java.util.ArrayList.forEach(ArrayList.java:1596)
Caused by: org.h2.jdbc.JdbcSQLIntegrityConstraintViolationException: Unique index or primary key violation: "public.uk_calendar_users_oauth_INDEX_2 ON public.calendar_users(oauth_provider NULLS LAST, oauth_subject NULLS LAST) VALUES ( /* key:35 */ 'GOOGLE', 'test-subject')"; SQL statement:
insert into calendar_users (created,display_name,email,is_admin,last_login_at,oauth_provider,oauth_subject,profile_image_url,updated,version,id) values (?,?,?,?,?,?,?,?,?,?,?) [23505-230]
	at org.h2.message.DbException.getJdbcSQLException(DbException.java:520)
	at org.h2.message.DbException.getJdbcSQLException(DbException.java:489)
	at org.h2.message.DbException.get(DbException.java:223)
	at org.h2.message.DbException.get(DbException.java:199)
	at org.h2.index.Index.getDuplicateKeyException(Index.java:523)
	at org.h2.mvstore.db.MVSecondaryIndex.checkUnique(MVSecondaryIndex.java:223)
	at org.h2.mvstore.db.MVSecondaryIndex.add(MVSecondaryIndex.java:184)
	at org.h2.mvstore.db.MVTable.addRow(MVTable.java:518)
	at org.h2.command.dml.Insert.insertRows(Insert.java:174)
	at org.h2.command.dml.Insert.update(Insert.java:135)
	at org.h2.command.dml.DataChangeStatement.update(DataChangeStatement.java:74)
	at org.h2.command.CommandContainer.update(CommandContainer.java:139)
	at org.h2.command.Command.executeUpdate(Command.java:304)
	at org.h2.command.Command.executeUpdate(Command.java:248)
	at org.h2.jdbc.JdbcPreparedStatement.executeUpdateInternal(JdbcPreparedStatement.java:213)
	at org.h2.jdbc.JdbcPreparedStatement.executeUpdate(JdbcPreparedStatement.java:172)
	at io.agroal.pool.wrapper.PreparedStatementWrapper.executeUpdate(PreparedStatementWrapper.java:90)
	at org.hibernate.engine.jdbc.internal.ResultSetReturnImpl.executeUpdate(ResultSetReturnImpl.java:190)
	... 41 more

[ERROR] villagecompute.calendar.data.models.CalendarUserTest.testFindByEmail -- Time elapsed: 0.002 s <<< ERROR!
org.hibernate.exception.ConstraintViolationException: 
could not execute statement [Unique index or primary key violation: "public.uk_calendar_users_oauth_INDEX_2 ON public.calendar_users(oauth_provider NULLS LAST, oauth_subject NULLS LAST) VALUES ( /* key:35 */ 'GOOGLE', 'test-subject')"; SQL statement:
insert into calendar_users (created,display_name,email,is_admin,last_login_at,oauth_provider,oauth_subject,profile_image_url,updated,version,id) values (?,?,?,?,?,?,?,?,?,?,?) [23505-230]] [insert into calendar_users (created,display_name,email,is_admin,last_login_at,oauth_provider,oauth_subject,profile_image_url,updated,version,id) values (?,?,?,?,?,?,?,?,?,?,?)]
	at org.hibernate.dialect.H2Dialect.lambda$buildSQLExceptionConversionDelegate$1(H2Dialect.java:845)
	at org.hibernate.exception.internal.StandardSQLExceptionConverter.convert(StandardSQLExceptionConverter.java:34)
	at org.hibernate.engine.jdbc.spi.SqlExceptionHelper.convert(SqlExceptionHelper.java:115)
	at org.hibernate.engine.jdbc.internal.ResultSetReturnImpl.executeUpdate(ResultSetReturnImpl.java:193)
	at org.hibernate.engine.jdbc.mutation.internal.AbstractMutationExecutor.performNonBatchedMutation(AbstractMutationExecutor.java:148)
	at org.hibernate.engine.jdbc.mutation.internal.MutationExecutorSingleNonBatched.performNonBatchedOperations(MutationExecutorSingleNonBatched.java:53)
	at org.hibernate.engine.jdbc.mutation.internal.AbstractMutationExecutor.execute(AbstractMutationExecutor.java:66)
	at org.hibernate.engine.jdbc.mutation.internal.AbstractMutationExecutor.execute(AbstractMutationExecutor.java:55)
	at org.hibernate.persister.entity.mutation.InsertCoordinatorStandard.doStaticInserts(InsertCoordinatorStandard.java:191)
	at org.hibernate.persister.entity.mutation.InsertCoordinatorStandard.coordinateInsert(InsertCoordinatorStandard.java:129)
	at org.hibernate.persister.entity.mutation.InsertCoordinatorStandard.insert(InsertCoordinatorStandard.java:101)
	at org.hibernate.action.internal.EntityInsertAction.execute(EntityInsertAction.java:113)
	at org.hibernate.engine.spi.ActionQueue.executeActions(ActionQueue.java:646)
	at org.hibernate.engine.spi.ActionQueue.executeActions(ActionQueue.java:513)
	at org.hibernate.event.internal.AbstractFlushingEventListener.performExecutions(AbstractFlushingEventListener.java:378)
	at org.hibernate.event.internal.DefaultAutoFlushEventListener.onAutoFlush(DefaultAutoFlushEventListener.java:67)
	at org.hibernate.event.service.internal.EventListenerGroupImpl.fireEventOnEachListener(EventListenerGroupImpl.java:140)
	at org.hibernate.internal.SessionImpl.autoFlushIfRequired(SessionImpl.java:1400)
	at org.hibernate.query.sqm.internal.ConcreteSqmSelectQueryPlan.lambda$new$1(ConcreteSqmSelectQueryPlan.java:138)
	at org.hibernate.query.sqm.internal.ConcreteSqmSelectQueryPlan.withCacheableSqmInterpretation(ConcreteSqmSelectQueryPlan.java:455)
	at org.hibernate.query.sqm.internal.ConcreteSqmSelectQueryPlan.performList(ConcreteSqmSelectQueryPlan.java:388)
	at org.hibernate.query.sqm.internal.SqmSelectionQueryImpl.doList(SqmSelectionQueryImpl.java:423)
	at org.hibernate.query.spi.AbstractSelectionQuery.list(AbstractSelectionQuery.java:154)
	at org.hibernate.query.SelectionQuery.getResultList(SelectionQuery.java:145)
	at io.quarkus.hibernate.orm.panache.common.runtime.CommonPanacheQueryImpl.firstResult(CommonPanacheQueryImpl.java:317)
	at io.quarkus.hibernate.orm.panache.common.runtime.CommonPanacheQueryImpl.firstResultOptional(CommonPanacheQueryImpl.java:323)
	at io.quarkus.hibernate.orm.panache.runtime.PanacheQueryImpl.firstResultOptional(PanacheQueryImpl.java:165)
	at villagecompute.calendar.data.models.CalendarUser.findByEmail(CalendarUser.java:88)
	at villagecompute.calendar.data.models.CalendarUserTest.testFindByEmail(CalendarUserTest.java:178)
	at villagecompute.calendar.data.models.CalendarUserTest_Subclass.testFindByEmail$$superforward(Unknown Source)
	at villagecompute.calendar.data.models.CalendarUserTest_Subclass$$function$$4.apply(Unknown Source)
	at io.quarkus.arc.impl.AroundInvokeInvocationContext.proceed(AroundInvokeInvocationContext.java:73)
	at io.quarkus.arc.impl.AroundInvokeInvocationContext.proceed(AroundInvokeInvocationContext.java:62)
	at io.quarkus.narayana.jta.runtime.interceptor.TransactionalInterceptorBase.invokeInOurTx(TransactionalInterceptorBase.java:136)
	at io.quarkus.narayana.jta.runtime.interceptor.TransactionalInterceptorBase.invokeInOurTx(TransactionalInterceptorBase.java:107)
	at io.quarkus.narayana.jta.runtime.interceptor.TransactionalInterceptorRequired.doIntercept(TransactionalInterceptorRequired.java:38)
	at io.quarkus.narayana.jta.runtime.interceptor.TransactionalInterceptorBase.intercept(TransactionalInterceptorBase.java:61)
	at io.quarkus.narayana.jta.runtime.interceptor.TransactionalInterceptorRequired.intercept(TransactionalInterceptorRequired.java:32)
	at io.quarkus.narayana.jta.runtime.interceptor.TransactionalInterceptorRequired_Bean.intercept(Unknown Source)
	at io.quarkus.arc.impl.InterceptorInvocation.invoke(InterceptorInvocation.java:42)
	at io.quarkus.arc.impl.AroundInvokeInvocationContext.perform(AroundInvokeInvocationContext.java:30)
	at io.quarkus.arc.impl.InvocationContexts.performAroundInvoke(InvocationContexts.java:27)
	at villagecompute.calendar.data.models.CalendarUserTest_Subclass.testFindByEmail(Unknown Source)
	at java.base/java.lang.reflect.Method.invoke(Method.java:580)
	at io.quarkus.test.junit.QuarkusTestExtension.runExtensionMethod(QuarkusTestExtension.java:1000)
	at io.quarkus.test.junit.QuarkusTestExtension.interceptTestMethod(QuarkusTestExtension.java:848)
	at java.base/java.util.ArrayList.forEach(ArrayList.java:1596)
	at java.base/java.util.ArrayList.forEach(ArrayList.java:1596)
Caused by: org.h2.jdbc.JdbcSQLIntegrityConstraintViolationException: Unique index or primary key violation: "public.uk_calendar_users_oauth_INDEX_2 ON public.calendar_users(oauth_provider NULLS LAST, oauth_subject NULLS LAST) VALUES ( /* key:35 */ 'GOOGLE', 'test-subject')"; SQL statement:
insert into calendar_users (created,display_name,email,is_admin,last_login_at,oauth_provider,oauth_subject,profile_image_url,updated,version,id) values (?,?,?,?,?,?,?,?,?,?,?) [23505-230]
	at org.h2.message.DbException.getJdbcSQLException(DbException.java:520)
	at org.h2.message.DbException.getJdbcSQLException(DbException.java:489)
	at org.h2.message.DbException.get(DbException.java:223)
	at org.h2.message.DbException.get(DbException.java:199)
	at org.h2.index.Index.getDuplicateKeyException(Index.java:523)
	at org.h2.mvstore.db.MVSecondaryIndex.checkUnique(MVSecondaryIndex.java:223)
	at org.h2.mvstore.db.MVSecondaryIndex.add(MVSecondaryIndex.java:184)
	at org.h2.mvstore.db.MVTable.addRow(MVTable.java:518)
	at org.h2.command.dml.Insert.insertRows(Insert.java:174)
	at org.h2.command.dml.Insert.update(Insert.java:135)
	at org.h2.command.dml.DataChangeStatement.update(DataChangeStatement.java:74)
	at org.h2.command.CommandContainer.update(CommandContainer.java:139)
	at org.h2.command.Command.executeUpdate(Command.java:304)
	at org.h2.command.Command.executeUpdate(Command.java:248)
	at org.h2.jdbc.JdbcPreparedStatement.executeUpdateInternal(JdbcPreparedStatement.java:213)
	at org.h2.jdbc.JdbcPreparedStatement.executeUpdate(JdbcPreparedStatement.java:172)
	at io.agroal.pool.wrapper.PreparedStatementWrapper.executeUpdate(PreparedStatementWrapper.java:90)
	at org.hibernate.engine.jdbc.internal.ResultSetReturnImpl.executeUpdate(ResultSetReturnImpl.java:190)
	... 44 more

[ERROR] villagecompute.calendar.data.models.CalendarUserTest.testHasAdminUsers_True -- Time elapsed: 0.003 s <<< ERROR!
org.hibernate.exception.ConstraintViolationException: 
could not execute statement [Unique index or primary key violation: "public.uk_calendar_users_oauth_INDEX_2 ON public.calendar_users(oauth_provider NULLS LAST, oauth_subject NULLS LAST) VALUES ( /* key:35 */ 'GOOGLE', 'test-subject')"; SQL statement:
insert into calendar_users (created,display_name,email,is_admin,last_login_at,oauth_provider,oauth_subject,profile_image_url,updated,version,id) values (?,?,?,?,?,?,?,?,?,?,?) [23505-230]] [insert into calendar_users (created,display_name,email,is_admin,last_login_at,oauth_provider,oauth_subject,profile_image_url,updated,version,id) values (?,?,?,?,?,?,?,?,?,?,?)]
	at org.hibernate.dialect.H2Dialect.lambda$buildSQLExceptionConversionDelegate$1(H2Dialect.java:845)
	at org.hibernate.exception.internal.StandardSQLExceptionConverter.convert(StandardSQLExceptionConverter.java:34)
	at org.hibernate.engine.jdbc.spi.SqlExceptionHelper.convert(SqlExceptionHelper.java:115)
	at org.hibernate.engine.jdbc.internal.ResultSetReturnImpl.executeUpdate(ResultSetReturnImpl.java:193)
	at org.hibernate.engine.jdbc.mutation.internal.AbstractMutationExecutor.performNonBatchedMutation(AbstractMutationExecutor.java:148)
	at org.hibernate.engine.jdbc.mutation.internal.MutationExecutorSingleNonBatched.performNonBatchedOperations(MutationExecutorSingleNonBatched.java:53)
	at org.hibernate.engine.jdbc.mutation.internal.AbstractMutationExecutor.execute(AbstractMutationExecutor.java:66)
	at org.hibernate.engine.jdbc.mutation.internal.AbstractMutationExecutor.execute(AbstractMutationExecutor.java:55)
	at org.hibernate.persister.entity.mutation.InsertCoordinatorStandard.doStaticInserts(InsertCoordinatorStandard.java:191)
	at org.hibernate.persister.entity.mutation.InsertCoordinatorStandard.coordinateInsert(InsertCoordinatorStandard.java:129)
	at org.hibernate.persister.entity.mutation.InsertCoordinatorStandard.insert(InsertCoordinatorStandard.java:101)
	at org.hibernate.action.internal.EntityInsertAction.execute(EntityInsertAction.java:113)
	at org.hibernate.engine.spi.ActionQueue.executeActions(ActionQueue.java:646)
	at org.hibernate.engine.spi.ActionQueue.executeActions(ActionQueue.java:513)
	at org.hibernate.event.internal.AbstractFlushingEventListener.performExecutions(AbstractFlushingEventListener.java:378)
	at org.hibernate.event.internal.DefaultAutoFlushEventListener.onAutoFlush(DefaultAutoFlushEventListener.java:67)
	at org.hibernate.event.service.internal.EventListenerGroupImpl.fireEventOnEachListener(EventListenerGroupImpl.java:140)
	at org.hibernate.internal.SessionImpl.autoFlushIfRequired(SessionImpl.java:1400)
	at org.hibernate.query.sqm.internal.ConcreteSqmSelectQueryPlan.lambda$new$0(ConcreteSqmSelectQueryPlan.java:108)
	at org.hibernate.query.sqm.internal.ConcreteSqmSelectQueryPlan.withCacheableSqmInterpretation(ConcreteSqmSelectQueryPlan.java:455)
	at org.hibernate.query.sqm.internal.ConcreteSqmSelectQueryPlan.executeQuery(ConcreteSqmSelectQueryPlan.java:381)
	at org.hibernate.query.sqm.internal.SqmSelectionQueryImpl.getResultCount(SqmSelectionQueryImpl.java:412)
	at io.quarkus.hibernate.orm.panache.common.runtime.AbstractJpaOperations.count(AbstractJpaOperations.java:338)
	at villagecompute.calendar.data.models.CalendarUser.count(CalendarUser.java)
	at villagecompute.calendar.data.models.CalendarUser.hasAdminUsers(CalendarUser.java:115)
	at villagecompute.calendar.data.models.CalendarUserTest.testHasAdminUsers_True(CalendarUserTest.java:254)
	at villagecompute.calendar.data.models.CalendarUserTest_Subclass.testHasAdminUsers_True$$superforward(Unknown Source)
	at villagecompute.calendar.data.models.CalendarUserTest_Subclass$$function$$9.apply(Unknown Source)
	at io.quarkus.arc.impl.AroundInvokeInvocationContext.proceed(AroundInvokeInvocationContext.java:73)
	at io.quarkus.arc.impl.AroundInvokeInvocationContext.proceed(AroundInvokeInvocationContext.java:62)
	at io.quarkus.narayana.jta.runtime.interceptor.TransactionalInterceptorBase.invokeInOurTx(TransactionalInterceptorBase.java:136)
	at io.quarkus.narayana.jta.runtime.interceptor.TransactionalInterceptorBase.invokeInOurTx(TransactionalInterceptorBase.java:107)
	at io.quarkus.narayana.jta.runtime.interceptor.TransactionalInterceptorRequired.doIntercept(TransactionalInterceptorRequired.java:38)
	at io.quarkus.narayana.jta.runtime.interceptor.TransactionalInterceptorBase.intercept(TransactionalInterceptorBase.java:61)
	at io.quarkus.narayana.jta.runtime.interceptor.TransactionalInterceptorRequired.intercept(TransactionalInterceptorRequired.java:32)
	at io.quarkus.narayana.jta.runtime.interceptor.TransactionalInterceptorRequired_Bean.intercept(Unknown Source)
	at io.quarkus.arc.impl.InterceptorInvocation.invoke(InterceptorInvocation.java:42)
	at io.quarkus.arc.impl.AroundInvokeInvocationContext.perform(AroundInvokeInvocationContext.java:30)
	at io.quarkus.arc.impl.InvocationContexts.performAroundInvoke(InvocationContexts.java:27)
	at villagecompute.calendar.data.models.CalendarUserTest_Subclass.testHasAdminUsers_True(Unknown Source)
	at java.base/java.lang.reflect.Method.invoke(Method.java:580)
	at io.quarkus.test.junit.QuarkusTestExtension.runExtensionMethod(QuarkusTestExtension.java:1000)
	at io.quarkus.test.junit.QuarkusTestExtension.interceptTestMethod(QuarkusTestExtension.java:848)
	at java.base/java.util.ArrayList.forEach(ArrayList.java:1596)
	at java.base/java.util.ArrayList.forEach(ArrayList.java:1596)
Caused by: org.h2.jdbc.JdbcSQLIntegrityConstraintViolationException: Unique index or primary key violation: "public.uk_calendar_users_oauth_INDEX_2 ON public.calendar_users(oauth_provider NULLS LAST, oauth_subject NULLS LAST) VALUES ( /* key:35 */ 'GOOGLE', 'test-subject')"; SQL statement:
insert into calendar_users (created,display_name,email,is_admin,last_login_at,oauth_provider,oauth_subject,profile_image_url,updated,version,id) values (?,?,?,?,?,?,?,?,?,?,?) [23505-230]
	at org.h2.message.DbException.getJdbcSQLException(DbException.java:520)
	at org.h2.message.DbException.getJdbcSQLException(DbException.java:489)
	at org.h2.message.DbException.get(DbException.java:223)
	at org.h2.message.DbException.get(DbException.java:199)
	at org.h2.index.Index.getDuplicateKeyException(Index.java:523)
	at org.h2.mvstore.db.MVSecondaryIndex.checkUnique(MVSecondaryIndex.java:223)
	at org.h2.mvstore.db.MVSecondaryIndex.add(MVSecondaryIndex.java:184)
	at org.h2.mvstore.db.MVTable.addRow(MVTable.java:518)
	at org.h2.command.dml.Insert.insertRows(Insert.java:174)
	at org.h2.command.dml.Insert.update(Insert.java:135)
	at org.h2.command.dml.DataChangeStatement.update(DataChangeStatement.java:74)
	at org.h2.command.CommandContainer.update(CommandContainer.java:139)
	at org.h2.command.Command.executeUpdate(Command.java:304)
	at org.h2.command.Command.executeUpdate(Command.java:248)
	at org.h2.jdbc.JdbcPreparedStatement.executeUpdateInternal(JdbcPreparedStatement.java:213)
	at org.h2.jdbc.JdbcPreparedStatement.executeUpdate(JdbcPreparedStatement.java:172)
	at io.agroal.pool.wrapper.PreparedStatementWrapper.executeUpdate(PreparedStatementWrapper.java:90)
	at org.hibernate.engine.jdbc.internal.ResultSetReturnImpl.executeUpdate(ResultSetReturnImpl.java:190)
	... 41 more

[ERROR] villagecompute.calendar.data.models.CalendarUserTest.testFindByOAuthSubject -- Time elapsed: 0.003 s <<< ERROR!
org.hibernate.exception.ConstraintViolationException: 
could not execute statement [Unique index or primary key violation: "public.uk_calendar_users_oauth_INDEX_2 ON public.calendar_users(oauth_provider NULLS LAST, oauth_subject NULLS LAST) VALUES ( /* key:35 */ 'GOOGLE', 'test-subject')"; SQL statement:
insert into calendar_users (created,display_name,email,is_admin,last_login_at,oauth_provider,oauth_subject,profile_image_url,updated,version,id) values (?,?,?,?,?,?,?,?,?,?,?) [23505-230]] [insert into calendar_users (created,display_name,email,is_admin,last_login_at,oauth_provider,oauth_subject,profile_image_url,updated,version,id) values (?,?,?,?,?,?,?,?,?,?,?)]
	at org.hibernate.dialect.H2Dialect.lambda$buildSQLExceptionConversionDelegate$1(H2Dialect.java:845)
	at org.hibernate.exception.internal.StandardSQLExceptionConverter.convert(StandardSQLExceptionConverter.java:34)
	at org.hibernate.engine.jdbc.spi.SqlExceptionHelper.convert(SqlExceptionHelper.java:115)
	at org.hibernate.engine.jdbc.internal.ResultSetReturnImpl.executeUpdate(ResultSetReturnImpl.java:193)
	at org.hibernate.engine.jdbc.mutation.internal.AbstractMutationExecutor.performNonBatchedMutation(AbstractMutationExecutor.java:148)
	at org.hibernate.engine.jdbc.mutation.internal.MutationExecutorSingleNonBatched.performNonBatchedOperations(MutationExecutorSingleNonBatched.java:53)
	at org.hibernate.engine.jdbc.mutation.internal.AbstractMutationExecutor.execute(AbstractMutationExecutor.java:66)
	at org.hibernate.engine.jdbc.mutation.internal.AbstractMutationExecutor.execute(AbstractMutationExecutor.java:55)
	at org.hibernate.persister.entity.mutation.InsertCoordinatorStandard.doStaticInserts(InsertCoordinatorStandard.java:191)
	at org.hibernate.persister.entity.mutation.InsertCoordinatorStandard.coordinateInsert(InsertCoordinatorStandard.java:129)
	at org.hibernate.persister.entity.mutation.InsertCoordinatorStandard.insert(InsertCoordinatorStandard.java:101)
	at org.hibernate.action.internal.EntityInsertAction.execute(EntityInsertAction.java:113)
	at org.hibernate.engine.spi.ActionQueue.executeActions(ActionQueue.java:646)
	at org.hibernate.engine.spi.ActionQueue.executeActions(ActionQueue.java:513)
	at org.hibernate.event.internal.AbstractFlushingEventListener.performExecutions(AbstractFlushingEventListener.java:378)
	at org.hibernate.event.internal.DefaultAutoFlushEventListener.onAutoFlush(DefaultAutoFlushEventListener.java:67)
	at org.hibernate.event.service.internal.EventListenerGroupImpl.fireEventOnEachListener(EventListenerGroupImpl.java:140)
	at org.hibernate.internal.SessionImpl.autoFlushIfRequired(SessionImpl.java:1400)
	at org.hibernate.query.sqm.internal.ConcreteSqmSelectQueryPlan.lambda$new$1(ConcreteSqmSelectQueryPlan.java:138)
	at org.hibernate.query.sqm.internal.ConcreteSqmSelectQueryPlan.withCacheableSqmInterpretation(ConcreteSqmSelectQueryPlan.java:455)
	at org.hibernate.query.sqm.internal.ConcreteSqmSelectQueryPlan.performList(ConcreteSqmSelectQueryPlan.java:388)
	at org.hibernate.query.sqm.internal.SqmSelectionQueryImpl.doList(SqmSelectionQueryImpl.java:423)
	at org.hibernate.query.spi.AbstractSelectionQuery.list(AbstractSelectionQuery.java:154)
	at org.hibernate.query.SelectionQuery.getResultList(SelectionQuery.java:145)
	at io.quarkus.hibernate.orm.panache.common.runtime.CommonPanacheQueryImpl.firstResult(CommonPanacheQueryImpl.java:317)
	at io.quarkus.hibernate.orm.panache.common.runtime.CommonPanacheQueryImpl.firstResultOptional(CommonPanacheQueryImpl.java:323)
	at io.quarkus.hibernate.orm.panache.runtime.PanacheQueryImpl.firstResultOptional(PanacheQueryImpl.java:165)
	at villagecompute.calendar.data.models.CalendarUser.findByOAuthSubject(CalendarUser.java:78)
	at villagecompute.calendar.data.models.CalendarUserTest.testFindByOAuthSubject(CalendarUserTest.java:148)
	at villagecompute.calendar.data.models.CalendarUserTest_Subclass.testFindByOAuthSubject$$superforward(Unknown Source)
	at villagecompute.calendar.data.models.CalendarUserTest_Subclass$$function$$6.apply(Unknown Source)
	at io.quarkus.arc.impl.AroundInvokeInvocationContext.proceed(AroundInvokeInvocationContext.java:73)
	at io.quarkus.arc.impl.AroundInvokeInvocationContext.proceed(AroundInvokeInvocationContext.java:62)
	at io.quarkus.narayana.jta.runtime.interceptor.TransactionalInterceptorBase.invokeInOurTx(TransactionalInterceptorBase.java:136)
	at io.quarkus.narayana.jta.runtime.interceptor.TransactionalInterceptorBase.invokeInOurTx(TransactionalInterceptorBase.java:107)
	at io.quarkus.narayana.jta.runtime.interceptor.TransactionalInterceptorRequired.doIntercept(TransactionalInterceptorRequired.java:38)
	at io.quarkus.narayana.jta.runtime.interceptor.TransactionalInterceptorBase.intercept(TransactionalInterceptorBase.java:61)
	at io.quarkus.narayana.jta.runtime.interceptor.TransactionalInterceptorRequired.intercept(TransactionalInterceptorRequired.java:32)
	at io.quarkus.narayana.jta.runtime.interceptor.TransactionalInterceptorRequired_Bean.intercept(Unknown Source)
	at io.quarkus.arc.impl.InterceptorInvocation.invoke(InterceptorInvocation.java:42)
	at io.quarkus.arc.impl.AroundInvokeInvocationContext.perform(AroundInvokeInvocationContext.java:30)
	at io.quarkus.arc.impl.InvocationContexts.performAroundInvoke(InvocationContexts.java:27)
	at villagecompute.calendar.data.models.CalendarUserTest_Subclass.testFindByOAuthSubject(Unknown Source)
	at java.base/java.lang.reflect.Method.invoke(Method.java:580)
	at io.quarkus.test.junit.QuarkusTestExtension.runExtensionMethod(QuarkusTestExtension.java:1000)
	at io.quarkus.test.junit.QuarkusTestExtension.interceptTestMethod(QuarkusTestExtension.java:848)
	at java.base/java.util.ArrayList.forEach(ArrayList.java:1596)
	at java.base/java.util.ArrayList.forEach(ArrayList.java:1596)
Caused by: org.h2.jdbc.JdbcSQLIntegrityConstraintViolationException: Unique index or primary key violation: "public.uk_calendar_users_oauth_INDEX_2 ON public.calendar_users(oauth_provider NULLS LAST, oauth_subject NULLS LAST) VALUES ( /* key:35 */ 'GOOGLE', 'test-subject')"; SQL statement:
insert into calendar_users (created,display_name,email,is_admin,last_login_at,oauth_provider,oauth_subject,profile_image_url,updated,version,id) values (?,?,?,?,?,?,?,?,?,?,?) [23505-230]
	at org.h2.message.DbException.getJdbcSQLException(DbException.java:520)
	at org.h2.message.DbException.getJdbcSQLException(DbException.java:489)
	at org.h2.message.DbException.get(DbException.java:223)
	at org.h2.message.DbException.get(DbException.java:199)
	at org.h2.index.Index.getDuplicateKeyException(Index.java:523)
	at org.h2.mvstore.db.MVSecondaryIndex.checkUnique(MVSecondaryIndex.java:223)
	at org.h2.mvstore.db.MVSecondaryIndex.add(MVSecondaryIndex.java:184)
	at org.h2.mvstore.db.MVTable.addRow(MVTable.java:518)
	at org.h2.command.dml.Insert.insertRows(Insert.java:174)
	at org.h2.command.dml.Insert.update(Insert.java:135)
	at org.h2.command.dml.DataChangeStatement.update(DataChangeStatement.java:74)
	at org.h2.command.CommandContainer.update(CommandContainer.java:139)
	at org.h2.command.Command.executeUpdate(Command.java:304)
	at org.h2.command.Command.executeUpdate(Command.java:248)
	at org.h2.jdbc.JdbcPreparedStatement.executeUpdateInternal(JdbcPreparedStatement.java:213)
	at org.h2.jdbc.JdbcPreparedStatement.executeUpdate(JdbcPreparedStatement.java:172)
	at io.agroal.pool.wrapper.PreparedStatementWrapper.executeUpdate(PreparedStatementWrapper.java:90)
	at org.hibernate.engine.jdbc.internal.ResultSetReturnImpl.executeUpdate(ResultSetReturnImpl.java:190)
	... 44 more

[ERROR] villagecompute.calendar.data.models.CalendarUserTest.testRelationships_CascadePersist -- Time elapsed: 0.002 s <<< FAILURE!
org.opentest4j.AssertionFailedError: expected: not <null>
	at org.junit.jupiter.api.AssertionFailureBuilder.build(AssertionFailureBuilder.java:152)
	at org.junit.jupiter.api.AssertionFailureBuilder.buildAndThrow(AssertionFailureBuilder.java:132)
	at org.junit.jupiter.api.AssertNotNull.failNull(AssertNotNull.java:49)
	at org.junit.jupiter.api.AssertNotNull.assertNotNull(AssertNotNull.java:35)
	at org.junit.jupiter.api.AssertNotNull.assertNotNull(AssertNotNull.java:30)
	at org.junit.jupiter.api.Assertions.assertNotNull(Assertions.java:304)
	at villagecompute.calendar.data.models.CalendarUserTest.testRelationships_CascadePersist(CalendarUserTest.java:317)
	at villagecompute.calendar.data.models.CalendarUserTest_Subclass.testRelationships_CascadePersist$$superforward(Unknown Source)
	at villagecompute.calendar.data.models.CalendarUserTest_Subclass$$function$$10.apply(Unknown Source)
	at io.quarkus.arc.impl.AroundInvokeInvocationContext.proceed(AroundInvokeInvocationContext.java:73)
	at io.quarkus.arc.impl.AroundInvokeInvocationContext.proceed(AroundInvokeInvocationContext.java:62)
	at io.quarkus.narayana.jta.runtime.interceptor.TransactionalInterceptorBase.invokeInOurTx(TransactionalInterceptorBase.java:136)
	at io.quarkus.narayana.jta.runtime.interceptor.TransactionalInterceptorBase.invokeInOurTx(TransactionalInterceptorBase.java:107)
	at io.quarkus.narayana.jta.runtime.interceptor.TransactionalInterceptorRequired.doIntercept(TransactionalInterceptorRequired.java:38)
	at io.quarkus.narayana.jta.runtime.interceptor.TransactionalInterceptorBase.intercept(TransactionalInterceptorBase.java:61)
	at io.quarkus.narayana.jta.runtime.interceptor.TransactionalInterceptorRequired.intercept(TransactionalInterceptorRequired.java:32)
	at io.quarkus.narayana.jta.runtime.interceptor.TransactionalInterceptorRequired_Bean.intercept(Unknown Source)
	at io.quarkus.arc.impl.InterceptorInvocation.invoke(InterceptorInvocation.java:42)
	at io.quarkus.arc.impl.AroundInvokeInvocationContext.perform(AroundInvokeInvocationContext.java:30)
	at io.quarkus.arc.impl.InvocationContexts.performAroundInvoke(InvocationContexts.java:27)
	at villagecompute.calendar.data.models.CalendarUserTest_Subclass.testRelationships_CascadePersist(Unknown Source)
	at java.base/java.lang.reflect.Method.invoke(Method.java:580)
	at io.quarkus.test.junit.QuarkusTestExtension.runExtensionMethod(QuarkusTestExtension.java:1000)
	at io.quarkus.test.junit.QuarkusTestExtension.interceptTestMethod(QuarkusTestExtension.java:848)
	at java.base/java.util.ArrayList.forEach(ArrayList.java:1596)
	at java.base/java.util.ArrayList.forEach(ArrayList.java:1596)

[ERROR] villagecompute.calendar.data.models.CalendarUserTest.testFindByOAuthSubject_NotFound -- Time elapsed: 0.003 s <<< ERROR!
org.hibernate.exception.ConstraintViolationException: 
could not execute statement [Unique index or primary key violation: "public.uk_calendar_users_oauth_INDEX_2 ON public.calendar_users(oauth_provider NULLS LAST, oauth_subject NULLS LAST) VALUES ( /* key:35 */ 'GOOGLE', 'test-subject')"; SQL statement:
insert into calendar_users (created,display_name,email,is_admin,last_login_at,oauth_provider,oauth_subject,profile_image_url,updated,version,id) values (?,?,?,?,?,?,?,?,?,?,?) [23505-230]] [insert into calendar_users (created,display_name,email,is_admin,last_login_at,oauth_provider,oauth_subject,profile_image_url,updated,version,id) values (?,?,?,?,?,?,?,?,?,?,?)]
	at org.hibernate.dialect.H2Dialect.lambda$buildSQLExceptionConversionDelegate$1(H2Dialect.java:845)
	at org.hibernate.exception.internal.StandardSQLExceptionConverter.convert(StandardSQLExceptionConverter.java:34)
	at org.hibernate.engine.jdbc.spi.SqlExceptionHelper.convert(SqlExceptionHelper.java:115)
	at org.hibernate.engine.jdbc.internal.ResultSetReturnImpl.executeUpdate(ResultSetReturnImpl.java:193)
	at org.hibernate.engine.jdbc.mutation.internal.AbstractMutationExecutor.performNonBatchedMutation(AbstractMutationExecutor.java:148)
	at org.hibernate.engine.jdbc.mutation.internal.MutationExecutorSingleNonBatched.performNonBatchedOperations(MutationExecutorSingleNonBatched.java:53)
	at org.hibernate.engine.jdbc.mutation.internal.AbstractMutationExecutor.execute(AbstractMutationExecutor.java:66)
	at org.hibernate.engine.jdbc.mutation.internal.AbstractMutationExecutor.execute(AbstractMutationExecutor.java:55)
	at org.hibernate.persister.entity.mutation.InsertCoordinatorStandard.doStaticInserts(InsertCoordinatorStandard.java:191)
	at org.hibernate.persister.entity.mutation.InsertCoordinatorStandard.coordinateInsert(InsertCoordinatorStandard.java:129)
	at org.hibernate.persister.entity.mutation.InsertCoordinatorStandard.insert(InsertCoordinatorStandard.java:101)
	at org.hibernate.action.internal.EntityInsertAction.execute(EntityInsertAction.java:113)
	at org.hibernate.engine.spi.ActionQueue.executeActions(ActionQueue.java:646)
	at org.hibernate.engine.spi.ActionQueue.executeActions(ActionQueue.java:513)
	at org.hibernate.event.internal.AbstractFlushingEventListener.performExecutions(AbstractFlushingEventListener.java:378)
	at org.hibernate.event.internal.DefaultAutoFlushEventListener.onAutoFlush(DefaultAutoFlushEventListener.java:67)
	at org.hibernate.event.service.internal.EventListenerGroupImpl.fireEventOnEachListener(EventListenerGroupImpl.java:140)
	at org.hibernate.internal.SessionImpl.autoFlushIfRequired(SessionImpl.java:1400)
	at org.hibernate.query.sqm.internal.ConcreteSqmSelectQueryPlan.lambda$new$1(ConcreteSqmSelectQueryPlan.java:138)
	at org.hibernate.query.sqm.internal.ConcreteSqmSelectQueryPlan.withCacheableSqmInterpretation(ConcreteSqmSelectQueryPlan.java:455)
	at org.hibernate.query.sqm.internal.ConcreteSqmSelectQueryPlan.performList(ConcreteSqmSelectQueryPlan.java:388)
	at org.hibernate.query.sqm.internal.SqmSelectionQueryImpl.doList(SqmSelectionQueryImpl.java:423)
	at org.hibernate.query.spi.AbstractSelectionQuery.list(AbstractSelectionQuery.java:154)
	at org.hibernate.query.SelectionQuery.getResultList(SelectionQuery.java:145)
	at io.quarkus.hibernate.orm.panache.common.runtime.CommonPanacheQueryImpl.firstResult(CommonPanacheQueryImpl.java:317)
	at io.quarkus.hibernate.orm.panache.common.runtime.CommonPanacheQueryImpl.firstResultOptional(CommonPanacheQueryImpl.java:323)
	at io.quarkus.hibernate.orm.panache.runtime.PanacheQueryImpl.firstResultOptional(PanacheQueryImpl.java:165)
	at villagecompute.calendar.data.models.CalendarUser.findByOAuthSubject(CalendarUser.java:78)
	at villagecompute.calendar.data.models.CalendarUserTest.testFindByOAuthSubject_NotFound(CalendarUserTest.java:164)
	at villagecompute.calendar.data.models.CalendarUserTest_Subclass.testFindByOAuthSubject_NotFound$$superforward(Unknown Source)
	at villagecompute.calendar.data.models.CalendarUserTest_Subclass$$function$$7.apply(Unknown Source)
	at io.quarkus.arc.impl.AroundInvokeInvocationContext.proceed(AroundInvokeInvocationContext.java:73)
	at io.quarkus.arc.impl.AroundInvokeInvocationContext.proceed(AroundInvokeInvocationContext.java:62)
	at io.quarkus.narayana.jta.runtime.interceptor.TransactionalInterceptorBase.invokeInOurTx(TransactionalInterceptorBase.java:136)
	at io.quarkus.narayana.jta.runtime.interceptor.TransactionalInterceptorBase.invokeInOurTx(TransactionalInterceptorBase.java:107)
	at io.quarkus.narayana.jta.runtime.interceptor.TransactionalInterceptorRequired.doIntercept(TransactionalInterceptorRequired.java:38)
	at io.quarkus.narayana.jta.runtime.interceptor.TransactionalInterceptorBase.intercept(TransactionalInterceptorBase.java:61)
	at io.quarkus.narayana.jta.runtime.interceptor.TransactionalInterceptorRequired.intercept(TransactionalInterceptorRequired.java:32)
	at io.quarkus.narayana.jta.runtime.interceptor.TransactionalInterceptorRequired_Bean.intercept(Unknown Source)
	at io.quarkus.arc.impl.InterceptorInvocation.invoke(InterceptorInvocation.java:42)
	at io.quarkus.arc.impl.AroundInvokeInvocationContext.perform(AroundInvokeInvocationContext.java:30)
	at io.quarkus.arc.impl.InvocationContexts.performAroundInvoke(InvocationContexts.java:27)
	at villagecompute.calendar.data.models.CalendarUserTest_Subclass.testFindByOAuthSubject_NotFound(Unknown Source)
	at java.base/java.lang.reflect.Method.invoke(Method.java:580)
	at io.quarkus.test.junit.QuarkusTestExtension.runExtensionMethod(QuarkusTestExtension.java:1000)
	at io.quarkus.test.junit.QuarkusTestExtension.interceptTestMethod(QuarkusTestExtension.java:848)
	at java.base/java.util.ArrayList.forEach(ArrayList.java:1596)
	at java.base/java.util.ArrayList.forEach(ArrayList.java:1596)
Caused by: org.h2.jdbc.JdbcSQLIntegrityConstraintViolationException: Unique index or primary key violation: "public.uk_calendar_users_oauth_INDEX_2 ON public.calendar_users(oauth_provider NULLS LAST, oauth_subject NULLS LAST) VALUES ( /* key:35 */ 'GOOGLE', 'test-subject')"; SQL statement:
insert into calendar_users (created,display_name,email,is_admin,last_login_at,oauth_provider,oauth_subject,profile_image_url,updated,version,id) values (?,?,?,?,?,?,?,?,?,?,?) [23505-230]
	at org.h2.message.DbException.getJdbcSQLException(DbException.java:520)
	at org.h2.message.DbException.getJdbcSQLException(DbException.java:489)
	at org.h2.message.DbException.get(DbException.java:223)
	at org.h2.message.DbException.get(DbException.java:199)
	at org.h2.index.Index.getDuplicateKeyException(Index.java:523)
	at org.h2.mvstore.db.MVSecondaryIndex.checkUnique(MVSecondaryIndex.java:223)
	at org.h2.mvstore.db.MVSecondaryIndex.add(MVSecondaryIndex.java:184)
	at org.h2.mvstore.db.MVTable.addRow(MVTable.java:518)
	at org.h2.command.dml.Insert.insertRows(Insert.java:174)
	at org.h2.command.dml.Insert.update(Insert.java:135)
	at org.h2.command.dml.DataChangeStatement.update(DataChangeStatement.java:74)
	at org.h2.command.CommandContainer.update(CommandContainer.java:139)
	at org.h2.command.Command.executeUpdate(Command.java:304)
	at org.h2.command.Command.executeUpdate(Command.java:248)
	at org.h2.jdbc.JdbcPreparedStatement.executeUpdateInternal(JdbcPreparedStatement.java:213)
	at org.h2.jdbc.JdbcPreparedStatement.executeUpdate(JdbcPreparedStatement.java:172)
	at io.agroal.pool.wrapper.PreparedStatementWrapper.executeUpdate(PreparedStatementWrapper.java:90)
	at org.hibernate.engine.jdbc.internal.ResultSetReturnImpl.executeUpdate(ResultSetReturnImpl.java:190)
	... 44 more

[ERROR] villagecompute.calendar.data.models.CalendarUserTest.testInvalidEntity_EmailTooLong -- Time elapsed: 0.002 s <<< FAILURE!
org.opentest4j.AssertionFailedError: expected: <1> but was: <2>
	at org.junit.jupiter.api.AssertionFailureBuilder.build(AssertionFailureBuilder.java:151)
	at org.junit.jupiter.api.AssertionFailureBuilder.buildAndThrow(AssertionFailureBuilder.java:132)
	at org.junit.jupiter.api.AssertEquals.failNotEqual(AssertEquals.java:197)
	at org.junit.jupiter.api.AssertEquals.assertEquals(AssertEquals.java:150)
	at org.junit.jupiter.api.AssertEquals.assertEquals(AssertEquals.java:145)
	at org.junit.jupiter.api.Assertions.assertEquals(Assertions.java:531)
	at villagecompute.calendar.data.models.CalendarUserTest.testInvalidEntity_EmailTooLong(CalendarUserTest.java:135)
	at java.base/java.lang.reflect.Method.invoke(Method.java:580)
	at io.quarkus.test.junit.QuarkusTestExtension.runExtensionMethod(QuarkusTestExtension.java:1000)
	at io.quarkus.test.junit.QuarkusTestExtension.interceptTestMethod(QuarkusTestExtension.java:848)
	at java.base/java.util.ArrayList.forEach(ArrayList.java:1596)
	at java.base/java.util.ArrayList.forEach(ArrayList.java:1596)

[INFO] Running villagecompute.calendar.data.models.DelayedJobTest
[Hibernate] 
    delete 
    from
        calendar_orders co1_0
[Hibernate] 
    delete 
    from
        user_calendars uc1_0
[Hibernate] 
    delete 
    from
        page_views pv1_0
[Hibernate] 
    delete 
    from
        analytics_rollups ar1_0
2025-10-17 04:13:22,153 WARN  [org.hib.orm.jdb.error] (main) HHH000247: ErrorCode: 42102, SQLState: 42S02
2025-10-17 04:13:22,153 WARN  [org.hib.orm.jdb.error] (main) Table "analytics_rollups" not found; SQL statement:
delete from analytics_rollups ar1_0 [42102-230]
[Hibernate] 
    delete 
    from
        delayed_jobs dj1_0
[Hibernate] 
    delete 
    from
        calendar_users cu1_0
[Hibernate] 
    delete 
    from
        calendar_templates ct1_0
[Hibernate] 
    insert 
    into
        delayed_jobs
        (actor_id, attempts, complete, completed_at, completed_with_failure, created, failed_at, failure_reason, last_error, locked, locked_at, priority, queue, run_at, updated, version, id) 
    values
        (?, ?, ?, ?, ?, ?, ?, ?, ?, ?, ?, ?, ?, ?, ?, ?, ?)
[Hibernate] 
    insert 
    into
        delayed_jobs
        (actor_id, attempts, complete, completed_at, completed_with_failure, created, failed_at, failure_reason, last_error, locked, locked_at, priority, queue, run_at, updated, version, id) 
    values
        (?, ?, ?, ?, ?, ?, ?, ?, ?, ?, ?, ?, ?, ?, ?, ?, ?)
[Hibernate] 
    insert 
    into
        delayed_jobs
        (actor_id, attempts, complete, completed_at, completed_with_failure, created, failed_at, failure_reason, last_error, locked, locked_at, priority, queue, run_at, updated, version, id) 
    values
        (?, ?, ?, ?, ?, ?, ?, ?, ?, ?, ?, ?, ?, ?, ?, ?, ?)
[Hibernate] 
    insert 
    into
        delayed_jobs
        (actor_id, attempts, complete, completed_at, completed_with_failure, created, failed_at, failure_reason, last_error, locked, locked_at, priority, queue, run_at, updated, version, id) 
    values
        (?, ?, ?, ?, ?, ?, ?, ?, ?, ?, ?, ?, ?, ?, ?, ?, ?)
[Hibernate] 
    insert 
    into
        delayed_jobs
        (actor_id, attempts, complete, completed_at, completed_with_failure, created, failed_at, failure_reason, last_error, locked, locked_at, priority, queue, run_at, updated, version, id) 
    values
        (?, ?, ?, ?, ?, ?, ?, ?, ?, ?, ?, ?, ?, ?, ?, ?, ?)
[Hibernate] 
    select
        dj1_0.id,
        dj1_0.actor_id,
        dj1_0.attempts,
        dj1_0.complete,
        dj1_0.completed_at,
        dj1_0.completed_with_failure,
        dj1_0.created,
        dj1_0.failed_at,
        dj1_0.failure_reason,
        dj1_0.last_error,
        dj1_0.locked,
        dj1_0.locked_at,
        dj1_0.priority,
        dj1_0.queue,
        dj1_0.run_at,
        dj1_0.updated,
        dj1_0.version 
    from
        delayed_jobs dj1_0 
    where
        dj1_0.run_at<=? 
        and dj1_0.complete=false 
        and dj1_0.locked=false 
    order by
        dj1_0.priority desc,
        dj1_0.run_at 
    offset
        ? rows 
    fetch
        first ? rows only
[Hibernate] 
    delete 
    from
        calendar_orders co1_0
[Hibernate] 
    delete 
    from
        user_calendars uc1_0
[Hibernate] 
    delete 
    from
        page_views pv1_0
[Hibernate] 
    delete 
    from
        analytics_rollups ar1_0
2025-10-17 04:13:22,162 WARN  [org.hib.orm.jdb.error] (main) HHH000247: ErrorCode: 42102, SQLState: 42S02
2025-10-17 04:13:22,162 WARN  [org.hib.orm.jdb.error] (main) Table "analytics_rollups" not found; SQL statement:
delete from analytics_rollups ar1_0 [42102-230]
[Hibernate] 
    delete 
    from
        delayed_jobs dj1_0
[Hibernate] 
    delete 
    from
        calendar_users cu1_0
[Hibernate] 
    delete 
    from
        calendar_templates ct1_0
[Hibernate] 
    insert 
    into
        delayed_jobs
        (actor_id, attempts, complete, completed_at, completed_with_failure, created, failed_at, failure_reason, last_error, locked, locked_at, priority, queue, run_at, updated, version, id) 
    values
        (?, ?, ?, ?, ?, ?, ?, ?, ?, ?, ?, ?, ?, ?, ?, ?, ?)
[Hibernate] 
    delete 
    from
        calendar_orders co1_0
[Hibernate] 
    delete 
    from
        user_calendars uc1_0
[Hibernate] 
    delete 
    from
        page_views pv1_0
[Hibernate] 
    delete 
    from
        analytics_rollups ar1_0
2025-10-17 04:13:22,165 WARN  [org.hib.orm.jdb.error] (main) HHH000247: ErrorCode: 42102, SQLState: 42S02
2025-10-17 04:13:22,165 WARN  [org.hib.orm.jdb.error] (main) Table "analytics_rollups" not found; SQL statement:
delete from analytics_rollups ar1_0 [42102-230]
[Hibernate] 
    delete 
    from
        delayed_jobs dj1_0
[Hibernate] 
    delete 
    from
        calendar_users cu1_0
[Hibernate] 
    delete 
    from
        calendar_templates ct1_0
[Hibernate] 
    delete 
    from
        calendar_orders co1_0
[Hibernate] 
    delete 
    from
        user_calendars uc1_0
[Hibernate] 
    delete 
    from
        page_views pv1_0
[Hibernate] 
    delete 
    from
        analytics_rollups ar1_0
2025-10-17 04:13:22,168 WARN  [org.hib.orm.jdb.error] (main) HHH000247: ErrorCode: 42102, SQLState: 42S02
2025-10-17 04:13:22,168 WARN  [org.hib.orm.jdb.error] (main) Table "analytics_rollups" not found; SQL statement:
delete from analytics_rollups ar1_0 [42102-230]
[Hibernate] 
    delete 
    from
        delayed_jobs dj1_0
[Hibernate] 
    delete 
    from
        calendar_users cu1_0
[Hibernate] 
    delete 
    from
        calendar_templates ct1_0
[Hibernate] 
    insert 
    into
        delayed_jobs
        (actor_id, attempts, complete, completed_at, completed_with_failure, created, failed_at, failure_reason, last_error, locked, locked_at, priority, queue, run_at, updated, version, id) 
    values
        (?, ?, ?, ?, ?, ?, ?, ?, ?, ?, ?, ?, ?, ?, ?, ?, ?)
[Hibernate] 
    delete 
    from
        calendar_orders co1_0
[Hibernate] 
    delete 
    from
        user_calendars uc1_0
[Hibernate] 
    delete 
    from
        page_views pv1_0
[Hibernate] 
    delete 
    from
        analytics_rollups ar1_0
2025-10-17 04:13:22,170 WARN  [org.hib.orm.jdb.error] (main) HHH000247: ErrorCode: 42102, SQLState: 42S02
2025-10-17 04:13:22,170 WARN  [org.hib.orm.jdb.error] (main) Table "analytics_rollups" not found; SQL statement:
delete from analytics_rollups ar1_0 [42102-230]
[Hibernate] 
    delete 
    from
        delayed_jobs dj1_0
[Hibernate] 
    delete 
    from
        calendar_users cu1_0
[Hibernate] 
    delete 
    from
        calendar_templates ct1_0
[Hibernate] 
    insert 
    into
        delayed_jobs
        (actor_id, attempts, complete, completed_at, completed_with_failure, created, failed_at, failure_reason, last_error, locked, locked_at, priority, queue, run_at, updated, version, id) 
    values
        (?, ?, ?, ?, ?, ?, ?, ?, ?, ?, ?, ?, ?, ?, ?, ?, ?)
[Hibernate] 
    select
        dj1_0.id,
        dj1_0.actor_id,
        dj1_0.attempts,
        dj1_0.complete,
        dj1_0.completed_at,
        dj1_0.completed_with_failure,
        dj1_0.created,
        dj1_0.failed_at,
        dj1_0.failure_reason,
        dj1_0.last_error,
        dj1_0.locked,
        dj1_0.locked_at,
        dj1_0.priority,
        dj1_0.queue,
        dj1_0.run_at,
        dj1_0.updated,
        dj1_0.version 
    from
        delayed_jobs dj1_0 
    where
        dj1_0.run_at<=? 
        and dj1_0.complete=false 
        and dj1_0.locked=false 
    order by
        dj1_0.priority desc,
        dj1_0.run_at 
    offset
        ? rows 
    fetch
        first ? rows only
[Hibernate] 
    update
        delayed_jobs 
    set
        actor_id=?,
        attempts=?,
        complete=?,
        completed_at=?,
        completed_with_failure=?,
        failed_at=?,
        failure_reason=?,
        last_error=?,
        locked=?,
        locked_at=?,
        priority=?,
        queue=?,
        run_at=?,
        updated=?,
        version=? 
    where
        id=? 
        and version=?
[Hibernate] 
    select
        dj1_0.id,
        dj1_0.actor_id,
        dj1_0.attempts,
        dj1_0.complete,
        dj1_0.completed_at,
        dj1_0.completed_with_failure,
        dj1_0.created,
        dj1_0.failed_at,
        dj1_0.failure_reason,
        dj1_0.last_error,
        dj1_0.locked,
        dj1_0.locked_at,
        dj1_0.priority,
        dj1_0.queue,
        dj1_0.run_at,
        dj1_0.updated,
        dj1_0.version 
    from
        delayed_jobs dj1_0 
    where
        dj1_0.run_at<=? 
        and dj1_0.complete=false 
        and dj1_0.locked=false 
    order by
        dj1_0.priority desc,
        dj1_0.run_at 
    offset
        ? rows 
    fetch
        first ? rows only
[Hibernate] 
    delete 
    from
        calendar_orders co1_0
[Hibernate] 
    delete 
    from
        user_calendars uc1_0
[Hibernate] 
    delete 
    from
        page_views pv1_0
[Hibernate] 
    delete 
    from
        analytics_rollups ar1_0
2025-10-17 04:13:22,176 WARN  [org.hib.orm.jdb.error] (main) HHH000247: ErrorCode: 42102, SQLState: 42S02
2025-10-17 04:13:22,176 WARN  [org.hib.orm.jdb.error] (main) Table "analytics_rollups" not found; SQL statement:
delete from analytics_rollups ar1_0 [42102-230]
[Hibernate] 
    delete 
    from
        delayed_jobs dj1_0
[Hibernate] 
    delete 
    from
        calendar_users cu1_0
[Hibernate] 
    delete 
    from
        calendar_templates ct1_0
[Hibernate] 
    insert 
    into
        delayed_jobs
        (actor_id, attempts, complete, completed_at, completed_with_failure, created, failed_at, failure_reason, last_error, locked, locked_at, priority, queue, run_at, updated, version, id) 
    values
        (?, ?, ?, ?, ?, ?, ?, ?, ?, ?, ?, ?, ?, ?, ?, ?, ?)
[Hibernate] 
    insert 
    into
        delayed_jobs
        (actor_id, attempts, complete, completed_at, completed_with_failure, created, failed_at, failure_reason, last_error, locked, locked_at, priority, queue, run_at, updated, version, id) 
    values
        (?, ?, ?, ?, ?, ?, ?, ?, ?, ?, ?, ?, ?, ?, ?, ?, ?)
[Hibernate] 
    insert 
    into
        delayed_jobs
        (actor_id, attempts, complete, completed_at, completed_with_failure, created, failed_at, failure_reason, last_error, locked, locked_at, priority, queue, run_at, updated, version, id) 
    values
        (?, ?, ?, ?, ?, ?, ?, ?, ?, ?, ?, ?, ?, ?, ?, ?, ?)
[Hibernate] 
    select
        dj1_0.id,
        dj1_0.actor_id,
        dj1_0.attempts,
        dj1_0.complete,
        dj1_0.completed_at,
        dj1_0.completed_with_failure,
        dj1_0.created,
        dj1_0.failed_at,
        dj1_0.failure_reason,
        dj1_0.last_error,
        dj1_0.locked,
        dj1_0.locked_at,
        dj1_0.priority,
        dj1_0.queue,
        dj1_0.run_at,
        dj1_0.updated,
        dj1_0.version 
    from
        delayed_jobs dj1_0 
    where
        dj1_0.run_at<=? 
        and dj1_0.complete=false 
        and dj1_0.locked=false 
    order by
        dj1_0.priority desc,
        dj1_0.run_at 
    offset
        ? rows 
    fetch
        first ? rows only
[Hibernate] 
    delete 
    from
        calendar_orders co1_0
[Hibernate] 
    delete 
    from
        user_calendars uc1_0
[Hibernate] 
    delete 
    from
        page_views pv1_0
[Hibernate] 
    delete 
    from
        analytics_rollups ar1_0
2025-10-17 04:13:22,180 WARN  [org.hib.orm.jdb.error] (main) HHH000247: ErrorCode: 42102, SQLState: 42S02
2025-10-17 04:13:22,180 WARN  [org.hib.orm.jdb.error] (main) Table "analytics_rollups" not found; SQL statement:
delete from analytics_rollups ar1_0 [42102-230]
[Hibernate] 
    delete 
    from
        delayed_jobs dj1_0
[Hibernate] 
    delete 
    from
        calendar_users cu1_0
[Hibernate] 
    delete 
    from
        calendar_templates ct1_0
[Hibernate] 
    insert 
    into
        delayed_jobs
        (actor_id, attempts, complete, completed_at, completed_with_failure, created, failed_at, failure_reason, last_error, locked, locked_at, priority, queue, run_at, updated, version, id) 
    values
        (?, ?, ?, ?, ?, ?, ?, ?, ?, ?, ?, ?, ?, ?, ?, ?, ?)
[Hibernate] 
    update
        delayed_jobs 
    set
        actor_id=?,
        attempts=?,
        complete=?,
        completed_at=?,
        completed_with_failure=?,
        failed_at=?,
        failure_reason=?,
        last_error=?,
        locked=?,
        locked_at=?,
        priority=?,
        queue=?,
        run_at=?,
        updated=?,
        version=? 
    where
        id=? 
        and version=?
[Hibernate] 
    select
        dj1_0.id,
        dj1_0.actor_id,
        dj1_0.attempts,
        dj1_0.complete,
        dj1_0.completed_at,
        dj1_0.completed_with_failure,
        dj1_0.created,
        dj1_0.failed_at,
        dj1_0.failure_reason,
        dj1_0.last_error,
        dj1_0.locked,
        dj1_0.locked_at,
        dj1_0.priority,
        dj1_0.queue,
        dj1_0.run_at,
        dj1_0.updated,
        dj1_0.version 
    from
        delayed_jobs dj1_0 
    where
        dj1_0.run_at<=? 
        and dj1_0.complete=false 
        and dj1_0.locked=false 
    order by
        dj1_0.priority desc,
        dj1_0.run_at 
    offset
        ? rows 
    fetch
        first ? rows only
[Hibernate] 
    delete 
    from
        calendar_orders co1_0
[Hibernate] 
    delete 
    from
        user_calendars uc1_0
[Hibernate] 
    delete 
    from
        page_views pv1_0
[Hibernate] 
    delete 
    from
        analytics_rollups ar1_0
2025-10-17 04:13:22,183 WARN  [org.hib.orm.jdb.error] (main) HHH000247: ErrorCode: 42102, SQLState: 42S02
2025-10-17 04:13:22,183 WARN  [org.hib.orm.jdb.error] (main) Table "analytics_rollups" not found; SQL statement:
delete from analytics_rollups ar1_0 [42102-230]
[Hibernate] 
    delete 
    from
        delayed_jobs dj1_0
[Hibernate] 
    delete 
    from
        calendar_users cu1_0
[Hibernate] 
    delete 
    from
        calendar_templates ct1_0
[Hibernate] 
    insert 
    into
        delayed_jobs
        (actor_id, attempts, complete, completed_at, completed_with_failure, created, failed_at, failure_reason, last_error, locked, locked_at, priority, queue, run_at, updated, version, id) 
    values
        (?, ?, ?, ?, ?, ?, ?, ?, ?, ?, ?, ?, ?, ?, ?, ?, ?)
[Hibernate] 
    insert 
    into
        delayed_jobs
        (actor_id, attempts, complete, completed_at, completed_with_failure, created, failed_at, failure_reason, last_error, locked, locked_at, priority, queue, run_at, updated, version, id) 
    values
        (?, ?, ?, ?, ?, ?, ?, ?, ?, ?, ?, ?, ?, ?, ?, ?, ?)
[Hibernate] 
    delete 
    from
        calendar_orders co1_0
[Hibernate] 
    delete 
    from
        user_calendars uc1_0
[Hibernate] 
    delete 
    from
        page_views pv1_0
[Hibernate] 
    delete 
    from
        analytics_rollups ar1_0
2025-10-17 04:13:22,187 WARN  [org.hib.orm.jdb.error] (main) HHH000247: ErrorCode: 42102, SQLState: 42S02
2025-10-17 04:13:22,187 WARN  [org.hib.orm.jdb.error] (main) Table "analytics_rollups" not found; SQL statement:
delete from analytics_rollups ar1_0 [42102-230]
[Hibernate] 
    delete 
    from
        delayed_jobs dj1_0
[Hibernate] 
    delete 
    from
        calendar_users cu1_0
[Hibernate] 
    delete 
    from
        calendar_templates ct1_0
[Hibernate] 
    insert 
    into
        delayed_jobs
        (actor_id, attempts, complete, completed_at, completed_with_failure, created, failed_at, failure_reason, last_error, locked, locked_at, priority, queue, run_at, updated, version, id) 
    values
        (?, ?, ?, ?, ?, ?, ?, ?, ?, ?, ?, ?, ?, ?, ?, ?, ?)
[Hibernate] 
    insert 
    into
        delayed_jobs
        (actor_id, attempts, complete, completed_at, completed_with_failure, created, failed_at, failure_reason, last_error, locked, locked_at, priority, queue, run_at, updated, version, id) 
    values
        (?, ?, ?, ?, ?, ?, ?, ?, ?, ?, ?, ?, ?, ?, ?, ?, ?)
[Hibernate] 
    insert 
    into
        delayed_jobs
        (actor_id, attempts, complete, completed_at, completed_with_failure, created, failed_at, failure_reason, last_error, locked, locked_at, priority, queue, run_at, updated, version, id) 
    values
        (?, ?, ?, ?, ?, ?, ?, ?, ?, ?, ?, ?, ?, ?, ?, ?, ?)
[Hibernate] 
    delete 
    from
        calendar_orders co1_0
[Hibernate] 
    delete 
    from
        user_calendars uc1_0
[Hibernate] 
    delete 
    from
        page_views pv1_0
[Hibernate] 
    delete 
    from
        analytics_rollups ar1_0
2025-10-17 04:13:22,190 WARN  [org.hib.orm.jdb.error] (main) HHH000247: ErrorCode: 42102, SQLState: 42S02
2025-10-17 04:13:22,190 WARN  [org.hib.orm.jdb.error] (main) Table "analytics_rollups" not found; SQL statement:
delete from analytics_rollups ar1_0 [42102-230]
[Hibernate] 
    delete 
    from
        delayed_jobs dj1_0
[Hibernate] 
    delete 
    from
        calendar_users cu1_0
[Hibernate] 
    delete 
    from
        calendar_templates ct1_0
[Hibernate] 
    insert 
    into
        delayed_jobs
        (actor_id, attempts, complete, completed_at, completed_with_failure, created, failed_at, failure_reason, last_error, locked, locked_at, priority, queue, run_at, updated, version, id) 
    values
        (?, ?, ?, ?, ?, ?, ?, ?, ?, ?, ?, ?, ?, ?, ?, ?, ?)
[Hibernate] 
    update
        delayed_jobs 
    set
        actor_id=?,
        attempts=?,
        complete=?,
        completed_at=?,
        completed_with_failure=?,
        failed_at=?,
        failure_reason=?,
        last_error=?,
        locked=?,
        locked_at=?,
        priority=?,
        queue=?,
        run_at=?,
        updated=?,
        version=? 
    where
        id=? 
        and version=?
[ERROR] Tests run: 10, Failures: 2, Errors: 0, Skipped: 0, Time elapsed: 0.046 s <<< FAILURE! -- in villagecompute.calendar.data.models.DelayedJobTest
[ERROR] villagecompute.calendar.data.models.DelayedJobTest.testValidEntity_Success -- Time elapsed: 0.002 s <<< FAILURE!
org.opentest4j.AssertionFailedError: expected: not <null>
	at org.junit.jupiter.api.AssertionFailureBuilder.build(AssertionFailureBuilder.java:152)
	at org.junit.jupiter.api.AssertionFailureBuilder.buildAndThrow(AssertionFailureBuilder.java:132)
	at org.junit.jupiter.api.AssertNotNull.failNull(AssertNotNull.java:49)
	at org.junit.jupiter.api.AssertNotNull.assertNotNull(AssertNotNull.java:35)
	at org.junit.jupiter.api.AssertNotNull.assertNotNull(AssertNotNull.java:30)
	at org.junit.jupiter.api.Assertions.assertNotNull(Assertions.java:304)
	at villagecompute.calendar.data.models.DelayedJobTest.testValidEntity_Success(DelayedJobTest.java:39)
	at villagecompute.calendar.data.models.DelayedJobTest_Subclass.testValidEntity_Success$$superforward(Unknown Source)
	at villagecompute.calendar.data.models.DelayedJobTest_Subclass$$function$$11.apply(Unknown Source)
	at io.quarkus.arc.impl.AroundInvokeInvocationContext.proceed(AroundInvokeInvocationContext.java:73)
	at io.quarkus.arc.impl.AroundInvokeInvocationContext.proceed(AroundInvokeInvocationContext.java:62)
	at io.quarkus.narayana.jta.runtime.interceptor.TransactionalInterceptorBase.invokeInOurTx(TransactionalInterceptorBase.java:136)
	at io.quarkus.narayana.jta.runtime.interceptor.TransactionalInterceptorBase.invokeInOurTx(TransactionalInterceptorBase.java:107)
	at io.quarkus.narayana.jta.runtime.interceptor.TransactionalInterceptorRequired.doIntercept(TransactionalInterceptorRequired.java:38)
	at io.quarkus.narayana.jta.runtime.interceptor.TransactionalInterceptorBase.intercept(TransactionalInterceptorBase.java:61)
	at io.quarkus.narayana.jta.runtime.interceptor.TransactionalInterceptorRequired.intercept(TransactionalInterceptorRequired.java:32)
	at io.quarkus.narayana.jta.runtime.interceptor.TransactionalInterceptorRequired_Bean.intercept(Unknown Source)
	at io.quarkus.arc.impl.InterceptorInvocation.invoke(InterceptorInvocation.java:42)
	at io.quarkus.arc.impl.AroundInvokeInvocationContext.perform(AroundInvokeInvocationContext.java:30)
	at io.quarkus.arc.impl.InvocationContexts.performAroundInvoke(InvocationContexts.java:27)
	at villagecompute.calendar.data.models.DelayedJobTest_Subclass.testValidEntity_Success(Unknown Source)
	at java.base/java.lang.reflect.Method.invoke(Method.java:580)
	at io.quarkus.test.junit.QuarkusTestExtension.runExtensionMethod(QuarkusTestExtension.java:1000)
	at io.quarkus.test.junit.QuarkusTestExtension.interceptTestMethod(QuarkusTestExtension.java:848)
	at java.base/java.util.ArrayList.forEach(ArrayList.java:1596)
	at java.base/java.util.ArrayList.forEach(ArrayList.java:1596)

[ERROR] villagecompute.calendar.data.models.DelayedJobTest.testJobLifecycle -- Time elapsed: 0.005 s <<< FAILURE!
org.opentest4j.AssertionFailedError: expected: <0> but was: <3>
	at org.junit.jupiter.api.AssertionFailureBuilder.build(AssertionFailureBuilder.java:151)
	at org.junit.jupiter.api.AssertionFailureBuilder.buildAndThrow(AssertionFailureBuilder.java:132)
	at org.junit.jupiter.api.AssertEquals.failNotEqual(AssertEquals.java:197)
	at org.junit.jupiter.api.AssertEquals.assertEquals(AssertEquals.java:150)
	at org.junit.jupiter.api.AssertEquals.assertEquals(AssertEquals.java:145)
	at org.junit.jupiter.api.Assertions.assertEquals(Assertions.java:531)
	at villagecompute.calendar.data.models.DelayedJobTest.testJobLifecycle(DelayedJobTest.java:250)
	at villagecompute.calendar.data.models.DelayedJobTest_Subclass.testJobLifecycle$$superforward(Unknown Source)
	at villagecompute.calendar.data.models.DelayedJobTest_Subclass$$function$$7.apply(Unknown Source)
	at io.quarkus.arc.impl.AroundInvokeInvocationContext.proceed(AroundInvokeInvocationContext.java:73)
	at io.quarkus.arc.impl.AroundInvokeInvocationContext.proceed(AroundInvokeInvocationContext.java:62)
	at io.quarkus.narayana.jta.runtime.interceptor.TransactionalInterceptorBase.invokeInOurTx(TransactionalInterceptorBase.java:136)
	at io.quarkus.narayana.jta.runtime.interceptor.TransactionalInterceptorBase.invokeInOurTx(TransactionalInterceptorBase.java:107)
	at io.quarkus.narayana.jta.runtime.interceptor.TransactionalInterceptorRequired.doIntercept(TransactionalInterceptorRequired.java:38)
	at io.quarkus.narayana.jta.runtime.interceptor.TransactionalInterceptorBase.intercept(TransactionalInterceptorBase.java:61)
	at io.quarkus.narayana.jta.runtime.interceptor.TransactionalInterceptorRequired.intercept(TransactionalInterceptorRequired.java:32)
	at io.quarkus.narayana.jta.runtime.interceptor.TransactionalInterceptorRequired_Bean.intercept(Unknown Source)
	at io.quarkus.arc.impl.InterceptorInvocation.invoke(InterceptorInvocation.java:42)
	at io.quarkus.arc.impl.AroundInvokeInvocationContext.perform(AroundInvokeInvocationContext.java:30)
	at io.quarkus.arc.impl.InvocationContexts.performAroundInvoke(InvocationContexts.java:27)
	at villagecompute.calendar.data.models.DelayedJobTest_Subclass.testJobLifecycle(Unknown Source)
	at java.base/java.lang.reflect.Method.invoke(Method.java:580)
	at io.quarkus.test.junit.QuarkusTestExtension.runExtensionMethod(QuarkusTestExtension.java:1000)
	at io.quarkus.test.junit.QuarkusTestExtension.interceptTestMethod(QuarkusTestExtension.java:848)
	at java.base/java.util.ArrayList.forEach(ArrayList.java:1596)
	at java.base/java.util.ArrayList.forEach(ArrayList.java:1596)

[INFO] Running villagecompute.calendar.data.models.PageViewTest
[Hibernate] 
    delete 
    from
        calendar_orders co1_0
[Hibernate] 
    delete 
    from
        user_calendars uc1_0
[Hibernate] 
    delete 
    from
        page_views pv1_0
[Hibernate] 
    delete 
    from
        analytics_rollups ar1_0
2025-10-17 04:13:22,199 WARN  [org.hib.orm.jdb.error] (main) HHH000247: ErrorCode: 42102, SQLState: 42S02
2025-10-17 04:13:22,199 WARN  [org.hib.orm.jdb.error] (main) Table "analytics_rollups" not found; SQL statement:
delete from analytics_rollups ar1_0 [42102-230]
[Hibernate] 
    delete 
    from
        delayed_jobs dj1_0
[Hibernate] 
    delete 
    from
        calendar_users cu1_0
[Hibernate] 
    delete 
    from
        calendar_templates ct1_0
[Hibernate] 
    insert 
    into
        calendar_users
        (created, display_name, email, is_admin, last_login_at, oauth_provider, oauth_subject, profile_image_url, updated, version, id) 
    values
        (?, ?, ?, ?, ?, ?, ?, ?, ?, ?, ?)
[Hibernate] 
    delete 
    from
        calendar_orders co1_0
[Hibernate] 
    delete 
    from
        user_calendars uc1_0
[Hibernate] 
    delete 
    from
        page_views pv1_0
[Hibernate] 
    delete 
    from
        analytics_rollups ar1_0
2025-10-17 04:13:22,201 WARN  [org.hib.orm.jdb.error] (main) HHH000247: ErrorCode: 42102, SQLState: 42S02
2025-10-17 04:13:22,201 WARN  [org.hib.orm.jdb.error] (main) Table "analytics_rollups" not found; SQL statement:
delete from analytics_rollups ar1_0 [42102-230]
[Hibernate] 
    delete 
    from
        delayed_jobs dj1_0
[Hibernate] 
    delete 
    from
        calendar_users cu1_0
[Hibernate] 
    delete 
    from
        calendar_templates ct1_0
[Hibernate] 
    insert 
    into
        calendar_users
        (created, display_name, email, is_admin, last_login_at, oauth_provider, oauth_subject, profile_image_url, updated, version, id) 
    values
        (?, ?, ?, ?, ?, ?, ?, ?, ?, ?, ?)
[Hibernate] 
    delete 
    from
        calendar_orders co1_0
[Hibernate] 
    delete 
    from
        user_calendars uc1_0
[Hibernate] 
    delete 
    from
        page_views pv1_0
[Hibernate] 
    delete 
    from
        analytics_rollups ar1_0
2025-10-17 04:13:22,205 WARN  [org.hib.orm.jdb.error] (main) HHH000247: ErrorCode: 42102, SQLState: 42S02
2025-10-17 04:13:22,205 WARN  [org.hib.orm.jdb.error] (main) Table "analytics_rollups" not found; SQL statement:
delete from analytics_rollups ar1_0 [42102-230]
[Hibernate] 
    delete 
    from
        delayed_jobs dj1_0
[Hibernate] 
    delete 
    from
        calendar_users cu1_0
[Hibernate] 
    delete 
    from
        calendar_templates ct1_0
[Hibernate] 
    insert 
    into
        calendar_users
        (created, display_name, email, is_admin, last_login_at, oauth_provider, oauth_subject, profile_image_url, updated, version, id) 
    values
        (?, ?, ?, ?, ?, ?, ?, ?, ?, ?, ?)
[Hibernate] 
    insert 
    into
        page_views
        (created, path, referrer, session_id, updated, user_id, user_agent, version, id) 
    values
        (?, ?, ?, ?, ?, ?, ?, ?, ?)
2025-10-17 04:13:22,207 WARN  [org.hib.orm.jdb.error] (main) HHH000247: ErrorCode: 23506, SQLState: 23506
2025-10-17 04:13:22,207 WARN  [org.hib.orm.jdb.error] (main) Referential integrity constraint violation: "fk_page_views_user: public.page_views FOREIGN KEY(user_id) REFERENCES public.calendar_users(id) (UUID '37d8cbb1-29f9-4163-9210-cc93380f9713')"; SQL statement:
insert into page_views (created,path,referrer,session_id,updated,user_id,user_agent,version,id) values (?,?,?,?,?,?,?,?,?) [23506-230]
2025-10-17 04:13:22,207 WARN  [com.arj.ats.arjuna] (main) ARJUNA012125: TwoPhaseCoordinator.beforeCompletion - failed for SynchronizationImple< 0:ffff7f000001:d824:68f1faa0:3b2, org.hibernate.resource.transaction.backend.jta.internal.synchronization.RegisteredSynchronization@3645a58 >: org.hibernate.exception.ConstraintViolationException: could not execute statement [Referential integrity constraint violation: "fk_page_views_user: public.page_views FOREIGN KEY(user_id) REFERENCES public.calendar_users(id) (UUID '37d8cbb1-29f9-4163-9210-cc93380f9713')"; SQL statement:
insert into page_views (created,path,referrer,session_id,updated,user_id,user_agent,version,id) values (?,?,?,?,?,?,?,?,?) [23506-230]] [insert into page_views (created,path,referrer,session_id,updated,user_id,user_agent,version,id) values (?,?,?,?,?,?,?,?,?)]
	at org.hibernate.dialect.H2Dialect.lambda$buildSQLExceptionConversionDelegate$1(H2Dialect.java:853)
	at org.hibernate.exception.internal.StandardSQLExceptionConverter.convert(StandardSQLExceptionConverter.java:34)
	at org.hibernate.engine.jdbc.spi.SqlExceptionHelper.convert(SqlExceptionHelper.java:115)
	at org.hibernate.engine.jdbc.internal.ResultSetReturnImpl.executeUpdate(ResultSetReturnImpl.java:193)
	at org.hibernate.engine.jdbc.mutation.internal.AbstractMutationExecutor.performNonBatchedMutation(AbstractMutationExecutor.java:148)
	at org.hibernate.engine.jdbc.mutation.internal.MutationExecutorSingleNonBatched.performNonBatchedOperations(MutationExecutorSingleNonBatched.java:53)
	at org.hibernate.engine.jdbc.mutation.internal.AbstractMutationExecutor.execute(AbstractMutationExecutor.java:66)
	at org.hibernate.engine.jdbc.mutation.internal.AbstractMutationExecutor.execute(AbstractMutationExecutor.java:55)
	at org.hibernate.persister.entity.mutation.InsertCoordinatorStandard.doStaticInserts(InsertCoordinatorStandard.java:191)
	at org.hibernate.persister.entity.mutation.InsertCoordinatorStandard.coordinateInsert(InsertCoordinatorStandard.java:129)
	at org.hibernate.persister.entity.mutation.InsertCoordinatorStandard.insert(InsertCoordinatorStandard.java:101)
	at org.hibernate.action.internal.EntityInsertAction.execute(EntityInsertAction.java:113)
	at org.hibernate.engine.spi.ActionQueue.executeActions(ActionQueue.java:646)
	at org.hibernate.engine.spi.ActionQueue.executeActions(ActionQueue.java:513)
	at org.hibernate.event.internal.AbstractFlushingEventListener.performExecutions(AbstractFlushingEventListener.java:378)
	at org.hibernate.event.internal.DefaultFlushEventListener.onFlush(DefaultFlushEventListener.java:39)
	at org.hibernate.event.service.internal.EventListenerGroupImpl.fireEventOnEachListener(EventListenerGroupImpl.java:140)
	at org.hibernate.internal.SessionImpl.doFlush(SessionImpl.java:1443)
	at org.hibernate.internal.SessionImpl.managedFlush(SessionImpl.java:488)
	at org.hibernate.internal.SessionImpl.flushBeforeTransactionCompletion(SessionImpl.java:2321)
	at org.hibernate.internal.SessionImpl.beforeTransactionCompletion(SessionImpl.java:2029)
	at org.hibernate.engine.jdbc.internal.JdbcCoordinatorImpl.beforeTransactionCompletion(JdbcCoordinatorImpl.java:394)
	at org.hibernate.resource.transaction.backend.jta.internal.JtaTransactionCoordinatorImpl.beforeCompletion(JtaTransactionCoordinatorImpl.java:328)
	at org.hibernate.resource.transaction.backend.jta.internal.synchronization.SynchronizationCallbackCoordinatorNonTrackingImpl.beforeCompletion(SynchronizationCallbackCoordinatorNonTrackingImpl.java:39)
	at org.hibernate.resource.transaction.backend.jta.internal.synchronization.RegisteredSynchronization.beforeCompletion(RegisteredSynchronization.java:33)
	at com.arjuna.ats.internal.jta.resources.arjunacore.SynchronizationImple.beforeCompletion(SynchronizationImple.java:52)
	at com.arjuna.ats.arjuna.coordinator.TwoPhaseCoordinator.beforeCompletion(TwoPhaseCoordinator.java:348)
	at com.arjuna.ats.arjuna.coordinator.TwoPhaseCoordinator.end(TwoPhaseCoordinator.java:66)
	at com.arjuna.ats.arjuna.AtomicAction.commit(AtomicAction.java:135)
	at com.arjuna.ats.internal.jta.transaction.arjunacore.TransactionImple.commitAndDisassociate(TransactionImple.java:1307)
	at com.arjuna.ats.internal.jta.transaction.arjunacore.BaseTransaction.commit(BaseTransaction.java:104)
	at io.quarkus.narayana.jta.runtime.NotifyingTransactionManager.commit(NotifyingTransactionManager.java:70)
	at io.quarkus.narayana.jta.runtime.interceptor.TransactionalInterceptorBase.endTransaction(TransactionalInterceptorBase.java:406)
	at io.quarkus.narayana.jta.runtime.interceptor.TransactionalInterceptorBase.invokeInOurTx(TransactionalInterceptorBase.java:175)
	at io.quarkus.narayana.jta.runtime.interceptor.TransactionalInterceptorBase.invokeInOurTx(TransactionalInterceptorBase.java:107)
	at io.quarkus.narayana.jta.runtime.interceptor.TransactionalInterceptorRequired.doIntercept(TransactionalInterceptorRequired.java:38)
	at io.quarkus.narayana.jta.runtime.interceptor.TransactionalInterceptorBase.intercept(TransactionalInterceptorBase.java:61)
	at io.quarkus.narayana.jta.runtime.interceptor.TransactionalInterceptorRequired.intercept(TransactionalInterceptorRequired.java:32)
	at io.quarkus.narayana.jta.runtime.interceptor.TransactionalInterceptorRequired_Bean.intercept(Unknown Source)
	at io.quarkus.arc.impl.InterceptorInvocation.invoke(InterceptorInvocation.java:42)
	at io.quarkus.arc.impl.AroundInvokeInvocationContext.perform(AroundInvokeInvocationContext.java:30)
	at io.quarkus.arc.impl.InvocationContexts.performAroundInvoke(InvocationContexts.java:27)
	at villagecompute.calendar.data.models.PageViewTest_Subclass.testRelationships_ManyToOneUser(Unknown Source)
	at java.base/jdk.internal.reflect.DirectMethodHandleAccessor.invoke(DirectMethodHandleAccessor.java:103)
	at java.base/java.lang.reflect.Method.invoke(Method.java:580)
	at io.quarkus.test.junit.QuarkusTestExtension.runExtensionMethod(QuarkusTestExtension.java:1000)
	at io.quarkus.test.junit.QuarkusTestExtension.interceptTestMethod(QuarkusTestExtension.java:848)
	at org.junit.jupiter.engine.execution.InterceptingExecutableInvoker$ReflectiveInterceptorCall.lambda$ofVoidMethod$0(InterceptingExecutableInvoker.java:112)
	at org.junit.jupiter.engine.execution.InterceptingExecutableInvoker.lambda$invoke$0(InterceptingExecutableInvoker.java:94)
	at org.junit.jupiter.engine.execution.InvocationInterceptorChain$InterceptedInvocation.proceed(InvocationInterceptorChain.java:106)
	at org.junit.jupiter.engine.extension.TimeoutExtension.intercept(TimeoutExtension.java:161)
	at org.junit.jupiter.engine.extension.TimeoutExtension.interceptTestableMethod(TimeoutExtension.java:152)
	at org.junit.jupiter.engine.extension.TimeoutExtension.interceptTestMethod(TimeoutExtension.java:91)
	at org.junit.jupiter.engine.execution.InterceptingExecutableInvoker$ReflectiveInterceptorCall.lambda$ofVoidMethod$0(InterceptingExecutableInvoker.java:112)
	at org.junit.jupiter.engine.execution.InterceptingExecutableInvoker.lambda$invoke$0(InterceptingExecutableInvoker.java:94)
	at org.junit.jupiter.engine.execution.InvocationInterceptorChain$InterceptedInvocation.proceed(InvocationInterceptorChain.java:106)
	at org.junit.jupiter.engine.execution.InvocationInterceptorChain.proceed(InvocationInterceptorChain.java:64)
	at org.junit.jupiter.engine.execution.InvocationInterceptorChain.chainAndInvoke(InvocationInterceptorChain.java:45)
	at org.junit.jupiter.engine.execution.InvocationInterceptorChain.invoke(InvocationInterceptorChain.java:37)
	at org.junit.jupiter.engine.execution.InterceptingExecutableInvoker.invoke(InterceptingExecutableInvoker.java:93)
	at org.junit.jupiter.engine.execution.InterceptingExecutableInvoker.invoke(InterceptingExecutableInvoker.java:87)
	at org.junit.jupiter.engine.descriptor.TestMethodTestDescriptor.lambda$invokeTestMethod$4(TestMethodTestDescriptor.java:221)
	at org.junit.platform.engine.support.hierarchical.ThrowableCollector.execute(ThrowableCollector.java:73)
	at org.junit.jupiter.engine.descriptor.TestMethodTestDescriptor.invokeTestMethod(TestMethodTestDescriptor.java:217)
	at org.junit.jupiter.engine.descriptor.TestMethodTestDescriptor.execute(TestMethodTestDescriptor.java:159)
	at org.junit.jupiter.engine.descriptor.TestMethodTestDescriptor.execute(TestMethodTestDescriptor.java:70)
	at org.junit.platform.engine.support.hierarchical.NodeTestTask.lambda$executeRecursively$6(NodeTestTask.java:157)
	at org.junit.platform.engine.support.hierarchical.ThrowableCollector.execute(ThrowableCollector.java:73)
	at org.junit.platform.engine.support.hierarchical.NodeTestTask.lambda$executeRecursively$8(NodeTestTask.java:147)
	at org.junit.platform.engine.support.hierarchical.Node.around(Node.java:137)
	at org.junit.platform.engine.support.hierarchical.NodeTestTask.lambda$executeRecursively$9(NodeTestTask.java:145)
	at org.junit.platform.engine.support.hierarchical.ThrowableCollector.execute(ThrowableCollector.java:73)
	at org.junit.platform.engine.support.hierarchical.NodeTestTask.executeRecursively(NodeTestTask.java:144)
	at org.junit.platform.engine.support.hierarchical.NodeTestTask.execute(NodeTestTask.java:101)
	at java.base/java.util.ArrayList.forEach(ArrayList.java:1596)
	at org.junit.platform.engine.support.hierarchical.SameThreadHierarchicalTestExecutorService.invokeAll(SameThreadHierarchicalTestExecutorService.java:41)
	at org.junit.platform.engine.support.hierarchical.NodeTestTask.lambda$executeRecursively$6(NodeTestTask.java:161)
	at org.junit.platform.engine.support.hierarchical.ThrowableCollector.execute(ThrowableCollector.java:73)
	at org.junit.platform.engine.support.hierarchical.NodeTestTask.lambda$executeRecursively$8(NodeTestTask.java:147)
	at org.junit.platform.engine.support.hierarchical.Node.around(Node.java:137)
	at org.junit.platform.engine.support.hierarchical.NodeTestTask.lambda$executeRecursively$9(NodeTestTask.java:145)
	at org.junit.platform.engine.support.hierarchical.ThrowableCollector.execute(ThrowableCollector.java:73)
	at org.junit.platform.engine.support.hierarchical.NodeTestTask.executeRecursively(NodeTestTask.java:144)
	at org.junit.platform.engine.support.hierarchical.NodeTestTask.execute(NodeTestTask.java:101)
	at java.base/java.util.ArrayList.forEach(ArrayList.java:1596)
	at org.junit.platform.engine.support.hierarchical.SameThreadHierarchicalTestExecutorService.invokeAll(SameThreadHierarchicalTestExecutorService.java:41)
	at org.junit.platform.engine.support.hierarchical.NodeTestTask.lambda$executeRecursively$6(NodeTestTask.java:161)
	at org.junit.platform.engine.support.hierarchical.ThrowableCollector.execute(ThrowableCollector.java:73)
	at org.junit.platform.engine.support.hierarchical.NodeTestTask.lambda$executeRecursively$8(NodeTestTask.java:147)
	at org.junit.platform.engine.support.hierarchical.Node.around(Node.java:137)
	at org.junit.platform.engine.support.hierarchical.NodeTestTask.lambda$executeRecursively$9(NodeTestTask.java:145)
	at org.junit.platform.engine.support.hierarchical.ThrowableCollector.execute(ThrowableCollector.java:73)
	at org.junit.platform.engine.support.hierarchical.NodeTestTask.executeRecursively(NodeTestTask.java:144)
	at org.junit.platform.engine.support.hierarchical.NodeTestTask.execute(NodeTestTask.java:101)
	at org.junit.platform.engine.support.hierarchical.SameThreadHierarchicalTestExecutorService.submit(SameThreadHierarchicalTestExecutorService.java:35)
	at org.junit.platform.engine.support.hierarchical.HierarchicalTestExecutor.execute(HierarchicalTestExecutor.java:57)
	at org.junit.platform.engine.support.hierarchical.HierarchicalTestEngine.execute(HierarchicalTestEngine.java:54)
	at org.junit.platform.launcher.core.EngineExecutionOrchestrator.executeEngine(EngineExecutionOrchestrator.java:230)
	at org.junit.platform.launcher.core.EngineExecutionOrchestrator.failOrExecuteEngine(EngineExecutionOrchestrator.java:204)
	at org.junit.platform.launcher.core.EngineExecutionOrchestrator.execute(EngineExecutionOrchestrator.java:172)
	at org.junit.platform.launcher.core.EngineExecutionOrchestrator.execute(EngineExecutionOrchestrator.java:101)
	at org.junit.platform.launcher.core.EngineExecutionOrchestrator.lambda$execute$0(EngineExecutionOrchestrator.java:64)
	at org.junit.platform.launcher.core.EngineExecutionOrchestrator.withInterceptedStreams(EngineExecutionOrchestrator.java:150)
	at org.junit.platform.launcher.core.EngineExecutionOrchestrator.execute(EngineExecutionOrchestrator.java:63)
	at org.junit.platform.launcher.core.DefaultLauncher.execute(DefaultLauncher.java:109)
	at org.junit.platform.launcher.core.DefaultLauncher.execute(DefaultLauncher.java:91)
	at org.junit.platform.launcher.core.DelegatingLauncher.execute(DelegatingLauncher.java:47)
	at org.junit.platform.launcher.core.InterceptingLauncher.lambda$execute$1(InterceptingLauncher.java:39)
	at org.junit.platform.launcher.core.ClasspathAlignmentCheckingLauncherInterceptor.intercept(ClasspathAlignmentCheckingLauncherInterceptor.java:25)
	at org.junit.platform.launcher.core.InterceptingLauncher.execute(InterceptingLauncher.java:38)
	at org.junit.platform.launcher.core.DelegatingLauncher.execute(DelegatingLauncher.java:47)
	at org.apache.maven.surefire.junitplatform.LazyLauncher.execute(LazyLauncher.java:56)
	at org.apache.maven.surefire.junitplatform.JUnitPlatformProvider.execute(JUnitPlatformProvider.java:184)
	at org.apache.maven.surefire.junitplatform.JUnitPlatformProvider.invokeAllTests(JUnitPlatformProvider.java:148)
	at org.apache.maven.surefire.junitplatform.JUnitPlatformProvider.invoke(JUnitPlatformProvider.java:122)
	at org.apache.maven.surefire.booter.ForkedBooter.runSuitesInProcess(ForkedBooter.java:385)
	at org.apache.maven.surefire.booter.ForkedBooter.execute(ForkedBooter.java:162)
	at org.apache.maven.surefire.booter.ForkedBooter.run(ForkedBooter.java:507)
	at org.apache.maven.surefire.booter.ForkedBooter.main(ForkedBooter.java:495)
Caused by: org.h2.jdbc.JdbcSQLIntegrityConstraintViolationException: Referential integrity constraint violation: "fk_page_views_user: public.page_views FOREIGN KEY(user_id) REFERENCES public.calendar_users(id) (UUID '37d8cbb1-29f9-4163-9210-cc93380f9713')"; SQL statement:
insert into page_views (created,path,referrer,session_id,updated,user_id,user_agent,version,id) values (?,?,?,?,?,?,?,?,?) [23506-230]
	at org.h2.message.DbException.getJdbcSQLException(DbException.java:520)
	at org.h2.message.DbException.getJdbcSQLException(DbException.java:489)
	at org.h2.message.DbException.get(DbException.java:223)
	at org.h2.message.DbException.get(DbException.java:199)
	at org.h2.constraint.ConstraintReferential.checkRowOwnTable(ConstraintReferential.java:308)
	at org.h2.constraint.ConstraintReferential.checkRow(ConstraintReferential.java:249)
	at org.h2.table.Table.fireConstraints(Table.java:1227)
	at org.h2.table.Table.fireAfterRow(Table.java:1245)
	at org.h2.command.dml.Insert.insertRows(Insert.java:188)
	at org.h2.command.dml.Insert.update(Insert.java:135)
	at org.h2.command.dml.DataChangeStatement.update(DataChangeStatement.java:74)
	at org.h2.command.CommandContainer.update(CommandContainer.java:139)
	at org.h2.command.Command.executeUpdate(Command.java:304)
	at org.h2.command.Command.executeUpdate(Command.java:248)
	at org.h2.jdbc.JdbcPreparedStatement.executeUpdateInternal(JdbcPreparedStatement.java:213)
	at org.h2.jdbc.JdbcPreparedStatement.executeUpdate(JdbcPreparedStatement.java:172)
	at io.agroal.pool.wrapper.PreparedStatementWrapper.executeUpdate(PreparedStatementWrapper.java:90)
	at org.hibernate.engine.jdbc.internal.ResultSetReturnImpl.executeUpdate(ResultSetReturnImpl.java:190)
	... 115 more

[Hibernate] 
    delete 
    from
        calendar_orders co1_0
[Hibernate] 
    delete 
    from
        user_calendars uc1_0
[Hibernate] 
    delete 
    from
        page_views pv1_0
[Hibernate] 
    delete 
    from
        analytics_rollups ar1_0
2025-10-17 04:13:22,209 WARN  [org.hib.orm.jdb.error] (main) HHH000247: ErrorCode: 42102, SQLState: 42S02
2025-10-17 04:13:22,209 WARN  [org.hib.orm.jdb.error] (main) Table "analytics_rollups" not found; SQL statement:
delete from analytics_rollups ar1_0 [42102-230]
[Hibernate] 
    delete 
    from
        delayed_jobs dj1_0
[Hibernate] 
    delete 
    from
        calendar_users cu1_0
[Hibernate] 
    delete 
    from
        calendar_templates ct1_0
[Hibernate] 
    insert 
    into
        calendar_users
        (created, display_name, email, is_admin, last_login_at, oauth_provider, oauth_subject, profile_image_url, updated, version, id) 
    values
        (?, ?, ?, ?, ?, ?, ?, ?, ?, ?, ?)
[Hibernate] 
    insert 
    into
        page_views
        (created, path, referrer, session_id, updated, user_id, user_agent, version, id) 
    values
        (?, ?, ?, ?, ?, ?, ?, ?, ?)
[Hibernate] 
    delete 
    from
        calendar_orders co1_0
[Hibernate] 
    delete 
    from
        user_calendars uc1_0
[Hibernate] 
    delete 
    from
        page_views pv1_0
[Hibernate] 
    delete 
    from
        analytics_rollups ar1_0
2025-10-17 04:13:22,213 WARN  [org.hib.orm.jdb.error] (main) HHH000247: ErrorCode: 42102, SQLState: 42S02
2025-10-17 04:13:22,213 WARN  [org.hib.orm.jdb.error] (main) Table "analytics_rollups" not found; SQL statement:
delete from analytics_rollups ar1_0 [42102-230]
[Hibernate] 
    delete 
    from
        delayed_jobs dj1_0
[Hibernate] 
    delete 
    from
        calendar_users cu1_0
[Hibernate] 
    delete 
    from
        calendar_templates ct1_0
[Hibernate] 
    insert 
    into
        calendar_users
        (created, display_name, email, is_admin, last_login_at, oauth_provider, oauth_subject, profile_image_url, updated, version, id) 
    values
        (?, ?, ?, ?, ?, ?, ?, ?, ?, ?, ?)
[Hibernate] 
    delete 
    from
        calendar_orders co1_0
[Hibernate] 
    delete 
    from
        user_calendars uc1_0
[Hibernate] 
    delete 
    from
        page_views pv1_0
[Hibernate] 
    delete 
    from
        analytics_rollups ar1_0
2025-10-17 04:13:22,216 WARN  [org.hib.orm.jdb.error] (main) HHH000247: ErrorCode: 42102, SQLState: 42S02
2025-10-17 04:13:22,216 WARN  [org.hib.orm.jdb.error] (main) Table "analytics_rollups" not found; SQL statement:
delete from analytics_rollups ar1_0 [42102-230]
[Hibernate] 
    delete 
    from
        delayed_jobs dj1_0
[Hibernate] 
    delete 
    from
        calendar_users cu1_0
[Hibernate] 
    delete 
    from
        calendar_templates ct1_0
[Hibernate] 
    insert 
    into
        calendar_users
        (created, display_name, email, is_admin, last_login_at, oauth_provider, oauth_subject, profile_image_url, updated, version, id) 
    values
        (?, ?, ?, ?, ?, ?, ?, ?, ?, ?, ?)
[Hibernate] 
    insert 
    into
        page_views
        (created, path, referrer, session_id, updated, user_id, user_agent, version, id) 
    values
        (?, ?, ?, ?, ?, ?, ?, ?, ?)
[Hibernate] 
    insert 
    into
        page_views
        (created, path, referrer, session_id, updated, user_id, user_agent, version, id) 
    values
        (?, ?, ?, ?, ?, ?, ?, ?, ?)
[Hibernate] 
    insert 
    into
        page_views
        (created, path, referrer, session_id, updated, user_id, user_agent, version, id) 
    values
        (?, ?, ?, ?, ?, ?, ?, ?, ?)
[Hibernate] 
    select
        pv1_0.id,
        pv1_0.created,
        pv1_0.path,
        pv1_0.referrer,
        pv1_0.session_id,
        pv1_0.updated,
        pv1_0.user_id,
        pv1_0.user_agent,
        pv1_0.version 
    from
        page_views pv1_0 
    where
        pv1_0.path=? 
    order by
        pv1_0.created desc
[Hibernate] 
    delete 
    from
        calendar_orders co1_0
[Hibernate] 
    delete 
    from
        user_calendars uc1_0
[Hibernate] 
    delete 
    from
        page_views pv1_0
[Hibernate] 
    delete 
    from
        analytics_rollups ar1_0
2025-10-17 04:13:22,224 WARN  [org.hib.orm.jdb.error] (main) HHH000247: ErrorCode: 42102, SQLState: 42S02
2025-10-17 04:13:22,224 WARN  [org.hib.orm.jdb.error] (main) Table "analytics_rollups" not found; SQL statement:
delete from analytics_rollups ar1_0 [42102-230]
[Hibernate] 
    delete 
    from
        delayed_jobs dj1_0
[Hibernate] 
    delete 
    from
        calendar_users cu1_0
[Hibernate] 
    delete 
    from
        calendar_templates ct1_0
[Hibernate] 
    insert 
    into
        calendar_users
        (created, display_name, email, is_admin, last_login_at, oauth_provider, oauth_subject, profile_image_url, updated, version, id) 
    values
        (?, ?, ?, ?, ?, ?, ?, ?, ?, ?, ?)
[Hibernate] 
    insert 
    into
        page_views
        (created, path, referrer, session_id, updated, user_id, user_agent, version, id) 
    values
        (?, ?, ?, ?, ?, ?, ?, ?, ?)
2025-10-17 04:13:22,227 WARN  [org.hib.orm.jdb.error] (main) HHH000247: ErrorCode: 23506, SQLState: 23506
2025-10-17 04:13:22,227 WARN  [org.hib.orm.jdb.error] (main) Referential integrity constraint violation: "fk_page_views_user: public.page_views FOREIGN KEY(user_id) REFERENCES public.calendar_users(id) (UUID 'cded5faf-923c-46d2-879c-cd3466eb43f9')"; SQL statement:
insert into page_views (created,path,referrer,session_id,updated,user_id,user_agent,version,id) values (?,?,?,?,?,?,?,?,?) [23506-230]
[Hibernate] 
    delete 
    from
        calendar_orders co1_0
[Hibernate] 
    delete 
    from
        user_calendars uc1_0
[Hibernate] 
    delete 
    from
        page_views pv1_0
[Hibernate] 
    delete 
    from
        analytics_rollups ar1_0
2025-10-17 04:13:22,229 WARN  [org.hib.orm.jdb.error] (main) HHH000247: ErrorCode: 42102, SQLState: 42S02
2025-10-17 04:13:22,229 WARN  [org.hib.orm.jdb.error] (main) Table "analytics_rollups" not found; SQL statement:
delete from analytics_rollups ar1_0 [42102-230]
[Hibernate] 
    delete 
    from
        delayed_jobs dj1_0
[Hibernate] 
    delete 
    from
        calendar_users cu1_0
[Hibernate] 
    delete 
    from
        calendar_templates ct1_0
[Hibernate] 
    insert 
    into
        calendar_users
        (created, display_name, email, is_admin, last_login_at, oauth_provider, oauth_subject, profile_image_url, updated, version, id) 
    values
        (?, ?, ?, ?, ?, ?, ?, ?, ?, ?, ?)
[Hibernate] 
    insert 
    into
        page_views
        (created, path, referrer, session_id, updated, user_id, user_agent, version, id) 
    values
        (?, ?, ?, ?, ?, ?, ?, ?, ?)
[Hibernate] 
    insert 
    into
        page_views
        (created, path, referrer, session_id, updated, user_id, user_agent, version, id) 
    values
        (?, ?, ?, ?, ?, ?, ?, ?, ?)
[Hibernate] 
    insert 
    into
        page_views
        (created, path, referrer, session_id, updated, user_id, user_agent, version, id) 
    values
        (?, ?, ?, ?, ?, ?, ?, ?, ?)
[Hibernate] 
    select
        pv1_0.id,
        pv1_0.created,
        pv1_0.path,
        pv1_0.referrer,
        pv1_0.session_id,
        pv1_0.updated,
        pv1_0.user_id,
        pv1_0.user_agent,
        pv1_0.version 
    from
        page_views pv1_0 
    where
        pv1_0.referrer=? 
    order by
        pv1_0.created desc
[Hibernate] 
    delete 
    from
        calendar_orders co1_0
[Hibernate] 
    delete 
    from
        user_calendars uc1_0
[Hibernate] 
    delete 
    from
        page_views pv1_0
[Hibernate] 
    delete 
    from
        analytics_rollups ar1_0
2025-10-17 04:13:22,234 WARN  [org.hib.orm.jdb.error] (main) HHH000247: ErrorCode: 42102, SQLState: 42S02
2025-10-17 04:13:22,234 WARN  [org.hib.orm.jdb.error] (main) Table "analytics_rollups" not found; SQL statement:
delete from analytics_rollups ar1_0 [42102-230]
[Hibernate] 
    delete 
    from
        delayed_jobs dj1_0
[Hibernate] 
    delete 
    from
        calendar_users cu1_0
[Hibernate] 
    delete 
    from
        calendar_templates ct1_0
[Hibernate] 
    insert 
    into
        calendar_users
        (created, display_name, email, is_admin, last_login_at, oauth_provider, oauth_subject, profile_image_url, updated, version, id) 
    values
        (?, ?, ?, ?, ?, ?, ?, ?, ?, ?, ?)
[Hibernate] 
    insert 
    into
        page_views
        (created, path, referrer, session_id, updated, user_id, user_agent, version, id) 
    values
        (?, ?, ?, ?, ?, ?, ?, ?, ?)
[Hibernate] 
    insert 
    into
        page_views
        (created, path, referrer, session_id, updated, user_id, user_agent, version, id) 
    values
        (?, ?, ?, ?, ?, ?, ?, ?, ?)
[Hibernate] 
    insert 
    into
        page_views
        (created, path, referrer, session_id, updated, user_id, user_agent, version, id) 
    values
        (?, ?, ?, ?, ?, ?, ?, ?, ?)
[Hibernate] 
    insert 
    into
        page_views
        (created, path, referrer, session_id, updated, user_id, user_agent, version, id) 
    values
        (?, ?, ?, ?, ?, ?, ?, ?, ?)
[Hibernate] 
    select
        count(*) 
    from
        page_views pv1_0 
    where
        pv1_0.path=? 
        and pv1_0.created>=? 
        and pv1_0.created<?
[Hibernate] 
    delete 
    from
        calendar_orders co1_0
[Hibernate] 
    delete 
    from
        user_calendars uc1_0
[Hibernate] 
    delete 
    from
        page_views pv1_0
[Hibernate] 
    delete 
    from
        analytics_rollups ar1_0
2025-10-17 04:13:22,245 WARN  [org.hib.orm.jdb.error] (main) HHH000247: ErrorCode: 42102, SQLState: 42S02
2025-10-17 04:13:22,245 WARN  [org.hib.orm.jdb.error] (main) Table "analytics_rollups" not found; SQL statement:
delete from analytics_rollups ar1_0 [42102-230]
[Hibernate] 
    delete 
    from
        delayed_jobs dj1_0
[Hibernate] 
    delete 
    from
        calendar_users cu1_0
[Hibernate] 
    delete 
    from
        calendar_templates ct1_0
[Hibernate] 
    insert 
    into
        calendar_users
        (created, display_name, email, is_admin, last_login_at, oauth_provider, oauth_subject, profile_image_url, updated, version, id) 
    values
        (?, ?, ?, ?, ?, ?, ?, ?, ?, ?, ?)
[Hibernate] 
    insert 
    into
        page_views
        (created, path, referrer, session_id, updated, user_id, user_agent, version, id) 
    values
        (?, ?, ?, ?, ?, ?, ?, ?, ?)
[Hibernate] 
    insert 
    into
        page_views
        (created, path, referrer, session_id, updated, user_id, user_agent, version, id) 
    values
        (?, ?, ?, ?, ?, ?, ?, ?, ?)
[Hibernate] 
    insert 
    into
        page_views
        (created, path, referrer, session_id, updated, user_id, user_agent, version, id) 
    values
        (?, ?, ?, ?, ?, ?, ?, ?, ?)
[Hibernate] 
    select
        pv1_0.id,
        pv1_0.created,
        pv1_0.path,
        pv1_0.referrer,
        pv1_0.session_id,
        pv1_0.updated,
        pv1_0.user_id,
        pv1_0.user_agent,
        pv1_0.version 
    from
        page_views pv1_0 
    where
        pv1_0.session_id=? 
    order by
        pv1_0.created
[Hibernate] 
    delete 
    from
        calendar_orders co1_0
[Hibernate] 
    delete 
    from
        user_calendars uc1_0
[Hibernate] 
    delete 
    from
        page_views pv1_0
[Hibernate] 
    delete 
    from
        analytics_rollups ar1_0
2025-10-17 04:13:22,251 WARN  [org.hib.orm.jdb.error] (main) HHH000247: ErrorCode: 42102, SQLState: 42S02
2025-10-17 04:13:22,251 WARN  [org.hib.orm.jdb.error] (main) Table "analytics_rollups" not found; SQL statement:
delete from analytics_rollups ar1_0 [42102-230]
[Hibernate] 
    delete 
    from
        delayed_jobs dj1_0
[Hibernate] 
    delete 
    from
        calendar_users cu1_0
[Hibernate] 
    delete 
    from
        calendar_templates ct1_0
[Hibernate] 
    insert 
    into
        calendar_users
        (created, display_name, email, is_admin, last_login_at, oauth_provider, oauth_subject, profile_image_url, updated, version, id) 
    values
        (?, ?, ?, ?, ?, ?, ?, ?, ?, ?, ?)
[Hibernate] 
    insert 
    into
        page_views
        (created, path, referrer, session_id, updated, user_id, user_agent, version, id) 
    values
        (?, ?, ?, ?, ?, ?, ?, ?, ?)
[Hibernate] 
    insert 
    into
        page_views
        (created, path, referrer, session_id, updated, user_id, user_agent, version, id) 
    values
        (?, ?, ?, ?, ?, ?, ?, ?, ?)
[Hibernate] 
    insert 
    into
        page_views
        (created, path, referrer, session_id, updated, user_id, user_agent, version, id) 
    values
        (?, ?, ?, ?, ?, ?, ?, ?, ?)
[Hibernate] 
    select
        pv1_0.id,
        pv1_0.created,
        pv1_0.path,
        pv1_0.referrer,
        pv1_0.session_id,
        pv1_0.updated,
        pv1_0.user_id,
        pv1_0.user_agent,
        pv1_0.version 
    from
        page_views pv1_0 
    where
        pv1_0.created>=? 
        and pv1_0.created<? 
    order by
        pv1_0.created desc
[Hibernate] 
    delete 
    from
        calendar_orders co1_0
[Hibernate] 
    delete 
    from
        user_calendars uc1_0
[Hibernate] 
    delete 
    from
        page_views pv1_0
[Hibernate] 
    delete 
    from
        analytics_rollups ar1_0
2025-10-17 04:13:22,258 WARN  [org.hib.orm.jdb.error] (main) HHH000247: ErrorCode: 42102, SQLState: 42S02
2025-10-17 04:13:22,258 WARN  [org.hib.orm.jdb.error] (main) Table "analytics_rollups" not found; SQL statement:
delete from analytics_rollups ar1_0 [42102-230]
[Hibernate] 
    delete 
    from
        delayed_jobs dj1_0
[Hibernate] 
    delete 
    from
        calendar_users cu1_0
[Hibernate] 
    delete 
    from
        calendar_templates ct1_0
[Hibernate] 
    insert 
    into
        calendar_users
        (created, display_name, email, is_admin, last_login_at, oauth_provider, oauth_subject, profile_image_url, updated, version, id) 
    values
        (?, ?, ?, ?, ?, ?, ?, ?, ?, ?, ?)
[Hibernate] 
    insert 
    into
        page_views
        (created, path, referrer, session_id, updated, user_id, user_agent, version, id) 
    values
        (?, ?, ?, ?, ?, ?, ?, ?, ?)
[Hibernate] 
    delete 
    from
        calendar_orders co1_0
[Hibernate] 
    delete 
    from
        user_calendars uc1_0
[Hibernate] 
    delete 
    from
        page_views pv1_0
[Hibernate] 
    delete 
    from
        analytics_rollups ar1_0
2025-10-17 04:13:22,261 WARN  [org.hib.orm.jdb.error] (main) HHH000247: ErrorCode: 42102, SQLState: 42S02
2025-10-17 04:13:22,261 WARN  [org.hib.orm.jdb.error] (main) Table "analytics_rollups" not found; SQL statement:
delete from analytics_rollups ar1_0 [42102-230]
[Hibernate] 
    delete 
    from
        delayed_jobs dj1_0
[Hibernate] 
    delete 
    from
        calendar_users cu1_0
[Hibernate] 
    delete 
    from
        calendar_templates ct1_0
[Hibernate] 
    insert 
    into
        calendar_users
        (created, display_name, email, is_admin, last_login_at, oauth_provider, oauth_subject, profile_image_url, updated, version, id) 
    values
        (?, ?, ?, ?, ?, ?, ?, ?, ?, ?, ?)
[Hibernate] 
    delete 
    from
        calendar_orders co1_0
[Hibernate] 
    delete 
    from
        user_calendars uc1_0
[Hibernate] 
    delete 
    from
        page_views pv1_0
[Hibernate] 
    delete 
    from
        analytics_rollups ar1_0
2025-10-17 04:13:22,263 WARN  [org.hib.orm.jdb.error] (main) HHH000247: ErrorCode: 42102, SQLState: 42S02
2025-10-17 04:13:22,263 WARN  [org.hib.orm.jdb.error] (main) Table "analytics_rollups" not found; SQL statement:
delete from analytics_rollups ar1_0 [42102-230]
[Hibernate] 
    delete 
    from
        delayed_jobs dj1_0
[Hibernate] 
    delete 
    from
        calendar_users cu1_0
[Hibernate] 
    delete 
    from
        calendar_templates ct1_0
[Hibernate] 
    insert 
    into
        calendar_users
        (created, display_name, email, is_admin, last_login_at, oauth_provider, oauth_subject, profile_image_url, updated, version, id) 
    values
        (?, ?, ?, ?, ?, ?, ?, ?, ?, ?, ?)
[ERROR] Tests run: 14, Failures: 5, Errors: 2, Skipped: 0, Time elapsed: 0.068 s <<< FAILURE! -- in villagecompute.calendar.data.models.PageViewTest
[ERROR] villagecompute.calendar.data.models.PageViewTest.testRelationships_ManyToOneUser -- Time elapsed: 0.004 s <<< ERROR!
io.quarkus.arc.ArcUndeclaredThrowableException: Error invoking subclass method
	at villagecompute.calendar.data.models.PageViewTest_Subclass.testRelationships_ManyToOneUser(Unknown Source)
	at java.base/java.lang.reflect.Method.invoke(Method.java:580)
	at io.quarkus.test.junit.QuarkusTestExtension.runExtensionMethod(QuarkusTestExtension.java:1000)
	at io.quarkus.test.junit.QuarkusTestExtension.interceptTestMethod(QuarkusTestExtension.java:848)
	at java.base/java.util.ArrayList.forEach(ArrayList.java:1596)
	at java.base/java.util.ArrayList.forEach(ArrayList.java:1596)
	Suppressed: org.hibernate.exception.ConstraintViolationException: could not execute statement [Referential integrity constraint violation: "fk_page_views_user: public.page_views FOREIGN KEY(user_id) REFERENCES public.calendar_users(id) (UUID '37d8cbb1-29f9-4163-9210-cc93380f9713')"; SQL statement:
insert into page_views (created,path,referrer,session_id,updated,user_id,user_agent,version,id) values (?,?,?,?,?,?,?,?,?) [23506-230]] [insert into page_views (created,path,referrer,session_id,updated,user_id,user_agent,version,id) values (?,?,?,?,?,?,?,?,?)]
		at org.hibernate.dialect.H2Dialect.lambda$buildSQLExceptionConversionDelegate$1(H2Dialect.java:853)
		at org.hibernate.exception.internal.StandardSQLExceptionConverter.convert(StandardSQLExceptionConverter.java:34)
		at org.hibernate.engine.jdbc.spi.SqlExceptionHelper.convert(SqlExceptionHelper.java:115)
		at org.hibernate.engine.jdbc.internal.ResultSetReturnImpl.executeUpdate(ResultSetReturnImpl.java:193)
		at org.hibernate.engine.jdbc.mutation.internal.AbstractMutationExecutor.performNonBatchedMutation(AbstractMutationExecutor.java:148)
		at org.hibernate.engine.jdbc.mutation.internal.MutationExecutorSingleNonBatched.performNonBatchedOperations(MutationExecutorSingleNonBatched.java:53)
		at org.hibernate.engine.jdbc.mutation.internal.AbstractMutationExecutor.execute(AbstractMutationExecutor.java:66)
		at org.hibernate.engine.jdbc.mutation.internal.AbstractMutationExecutor.execute(AbstractMutationExecutor.java:55)
		at org.hibernate.persister.entity.mutation.InsertCoordinatorStandard.doStaticInserts(InsertCoordinatorStandard.java:191)
		at org.hibernate.persister.entity.mutation.InsertCoordinatorStandard.coordinateInsert(InsertCoordinatorStandard.java:129)
		at org.hibernate.persister.entity.mutation.InsertCoordinatorStandard.insert(InsertCoordinatorStandard.java:101)
		at org.hibernate.action.internal.EntityInsertAction.execute(EntityInsertAction.java:113)
		at org.hibernate.engine.spi.ActionQueue.executeActions(ActionQueue.java:646)
		at org.hibernate.engine.spi.ActionQueue.executeActions(ActionQueue.java:513)
		at org.hibernate.event.internal.AbstractFlushingEventListener.performExecutions(AbstractFlushingEventListener.java:378)
		at org.hibernate.event.internal.DefaultFlushEventListener.onFlush(DefaultFlushEventListener.java:39)
		at org.hibernate.event.service.internal.EventListenerGroupImpl.fireEventOnEachListener(EventListenerGroupImpl.java:140)
		at org.hibernate.internal.SessionImpl.doFlush(SessionImpl.java:1443)
		at org.hibernate.internal.SessionImpl.managedFlush(SessionImpl.java:488)
		at org.hibernate.internal.SessionImpl.flushBeforeTransactionCompletion(SessionImpl.java:2321)
		at org.hibernate.internal.SessionImpl.beforeTransactionCompletion(SessionImpl.java:2029)
		at org.hibernate.engine.jdbc.internal.JdbcCoordinatorImpl.beforeTransactionCompletion(JdbcCoordinatorImpl.java:394)
		at org.hibernate.resource.transaction.backend.jta.internal.JtaTransactionCoordinatorImpl.beforeCompletion(JtaTransactionCoordinatorImpl.java:328)
		at org.hibernate.resource.transaction.backend.jta.internal.synchronization.SynchronizationCallbackCoordinatorNonTrackingImpl.beforeCompletion(SynchronizationCallbackCoordinatorNonTrackingImpl.java:39)
		at org.hibernate.resource.transaction.backend.jta.internal.synchronization.RegisteredSynchronization.beforeCompletion(RegisteredSynchronization.java:33)
		at com.arjuna.ats.internal.jta.resources.arjunacore.SynchronizationImple.beforeCompletion(SynchronizationImple.java:52)
		at com.arjuna.ats.arjuna.coordinator.TwoPhaseCoordinator.beforeCompletion(TwoPhaseCoordinator.java:348)
		at com.arjuna.ats.arjuna.coordinator.TwoPhaseCoordinator.end(TwoPhaseCoordinator.java:66)
		at com.arjuna.ats.arjuna.AtomicAction.commit(AtomicAction.java:135)
		at com.arjuna.ats.internal.jta.transaction.arjunacore.TransactionImple.commitAndDisassociate(TransactionImple.java:1307)
		at com.arjuna.ats.internal.jta.transaction.arjunacore.BaseTransaction.commit(BaseTransaction.java:104)
		at io.quarkus.narayana.jta.runtime.NotifyingTransactionManager.commit(NotifyingTransactionManager.java:70)
		at io.quarkus.narayana.jta.runtime.interceptor.TransactionalInterceptorBase.endTransaction(TransactionalInterceptorBase.java:406)
		at io.quarkus.narayana.jta.runtime.interceptor.TransactionalInterceptorBase.invokeInOurTx(TransactionalInterceptorBase.java:175)
		at io.quarkus.narayana.jta.runtime.interceptor.TransactionalInterceptorBase.invokeInOurTx(TransactionalInterceptorBase.java:107)
		at io.quarkus.narayana.jta.runtime.interceptor.TransactionalInterceptorRequired.doIntercept(TransactionalInterceptorRequired.java:38)
		at io.quarkus.narayana.jta.runtime.interceptor.TransactionalInterceptorBase.intercept(TransactionalInterceptorBase.java:61)
		at io.quarkus.narayana.jta.runtime.interceptor.TransactionalInterceptorRequired.intercept(TransactionalInterceptorRequired.java:32)
		at io.quarkus.narayana.jta.runtime.interceptor.TransactionalInterceptorRequired_Bean.intercept(Unknown Source)
		at io.quarkus.arc.impl.InterceptorInvocation.invoke(InterceptorInvocation.java:42)
		at io.quarkus.arc.impl.AroundInvokeInvocationContext.perform(AroundInvokeInvocationContext.java:30)
		at io.quarkus.arc.impl.InvocationContexts.performAroundInvoke(InvocationContexts.java:27)
		... 6 more
	Caused by: org.h2.jdbc.JdbcSQLIntegrityConstraintViolationException: Referential integrity constraint violation: "fk_page_views_user: public.page_views FOREIGN KEY(user_id) REFERENCES public.calendar_users(id) (UUID '37d8cbb1-29f9-4163-9210-cc93380f9713')"; SQL statement:
insert into page_views (created,path,referrer,session_id,updated,user_id,user_agent,version,id) values (?,?,?,?,?,?,?,?,?) [23506-230]
		at org.h2.message.DbException.getJdbcSQLException(DbException.java:520)
		at org.h2.message.DbException.getJdbcSQLException(DbException.java:489)
		at org.h2.message.DbException.get(DbException.java:223)
		at org.h2.message.DbException.get(DbException.java:199)
		at org.h2.constraint.ConstraintReferential.checkRowOwnTable(ConstraintReferential.java:308)
		at org.h2.constraint.ConstraintReferential.checkRow(ConstraintReferential.java:249)
		at org.h2.table.Table.fireConstraints(Table.java:1227)
		at org.h2.table.Table.fireAfterRow(Table.java:1245)
		at org.h2.command.dml.Insert.insertRows(Insert.java:188)
		at org.h2.command.dml.Insert.update(Insert.java:135)
		at org.h2.command.dml.DataChangeStatement.update(DataChangeStatement.java:74)
		at org.h2.command.CommandContainer.update(CommandContainer.java:139)
		at org.h2.command.Command.executeUpdate(Command.java:304)
		at org.h2.command.Command.executeUpdate(Command.java:248)
		at org.h2.jdbc.JdbcPreparedStatement.executeUpdateInternal(JdbcPreparedStatement.java:213)
		at org.h2.jdbc.JdbcPreparedStatement.executeUpdate(JdbcPreparedStatement.java:172)
		at io.agroal.pool.wrapper.PreparedStatementWrapper.executeUpdate(PreparedStatementWrapper.java:90)
		at org.hibernate.engine.jdbc.internal.ResultSetReturnImpl.executeUpdate(ResultSetReturnImpl.java:190)
		... 44 more
Caused by: jakarta.transaction.RollbackException: ARJUNA016053: Could not commit transaction.
	at com.arjuna.ats.internal.jta.transaction.arjunacore.TransactionImple.commitAndDisassociate(TransactionImple.java:1319)
	at com.arjuna.ats.internal.jta.transaction.arjunacore.BaseTransaction.commit(BaseTransaction.java:104)
	at io.quarkus.narayana.jta.runtime.NotifyingTransactionManager.commit(NotifyingTransactionManager.java:70)
	at io.quarkus.narayana.jta.runtime.interceptor.TransactionalInterceptorBase.endTransaction(TransactionalInterceptorBase.java:406)
	at io.quarkus.narayana.jta.runtime.interceptor.TransactionalInterceptorBase.invokeInOurTx(TransactionalInterceptorBase.java:175)
	at io.quarkus.narayana.jta.runtime.interceptor.TransactionalInterceptorBase.invokeInOurTx(TransactionalInterceptorBase.java:107)
	at io.quarkus.narayana.jta.runtime.interceptor.TransactionalInterceptorRequired.doIntercept(TransactionalInterceptorRequired.java:38)
	at io.quarkus.narayana.jta.runtime.interceptor.TransactionalInterceptorBase.intercept(TransactionalInterceptorBase.java:61)
	at io.quarkus.narayana.jta.runtime.interceptor.TransactionalInterceptorRequired.intercept(TransactionalInterceptorRequired.java:32)
	at io.quarkus.narayana.jta.runtime.interceptor.TransactionalInterceptorRequired_Bean.intercept(Unknown Source)
	at io.quarkus.arc.impl.InterceptorInvocation.invoke(InterceptorInvocation.java:42)
	at io.quarkus.arc.impl.AroundInvokeInvocationContext.perform(AroundInvokeInvocationContext.java:30)
	at io.quarkus.arc.impl.InvocationContexts.performAroundInvoke(InvocationContexts.java:27)
	... 6 more
Caused by: [CIRCULAR REFERENCE: org.hibernate.exception.ConstraintViolationException: could not execute statement [Referential integrity constraint violation: "fk_page_views_user: public.page_views FOREIGN KEY(user_id) REFERENCES public.calendar_users(id) (UUID '37d8cbb1-29f9-4163-9210-cc93380f9713')"; SQL statement:
insert into page_views (created,path,referrer,session_id,updated,user_id,user_agent,version,id) values (?,?,?,?,?,?,?,?,?) [23506-230]] [insert into page_views (created,path,referrer,session_id,updated,user_id,user_agent,version,id) values (?,?,?,?,?,?,?,?,?)]]

[ERROR] villagecompute.calendar.data.models.PageViewTest.testValidEntity_Success -- Time elapsed: 0.003 s <<< FAILURE!
org.opentest4j.AssertionFailedError: expected: not <null>
	at org.junit.jupiter.api.AssertionFailureBuilder.build(AssertionFailureBuilder.java:152)
	at org.junit.jupiter.api.AssertionFailureBuilder.buildAndThrow(AssertionFailureBuilder.java:132)
	at org.junit.jupiter.api.AssertNotNull.failNull(AssertNotNull.java:49)
	at org.junit.jupiter.api.AssertNotNull.assertNotNull(AssertNotNull.java:35)
	at org.junit.jupiter.api.AssertNotNull.assertNotNull(AssertNotNull.java:30)
	at org.junit.jupiter.api.Assertions.assertNotNull(Assertions.java:304)
	at villagecompute.calendar.data.models.PageViewTest.testValidEntity_Success(PageViewTest.java:66)
	at villagecompute.calendar.data.models.PageViewTest_Subclass.testValidEntity_Success$$superforward(Unknown Source)
	at villagecompute.calendar.data.models.PageViewTest_Subclass$$function$$11.apply(Unknown Source)
	at io.quarkus.arc.impl.AroundInvokeInvocationContext.proceed(AroundInvokeInvocationContext.java:73)
	at io.quarkus.arc.impl.AroundInvokeInvocationContext.proceed(AroundInvokeInvocationContext.java:62)
	at io.quarkus.narayana.jta.runtime.interceptor.TransactionalInterceptorBase.invokeInOurTx(TransactionalInterceptorBase.java:136)
	at io.quarkus.narayana.jta.runtime.interceptor.TransactionalInterceptorBase.invokeInOurTx(TransactionalInterceptorBase.java:107)
	at io.quarkus.narayana.jta.runtime.interceptor.TransactionalInterceptorRequired.doIntercept(TransactionalInterceptorRequired.java:38)
	at io.quarkus.narayana.jta.runtime.interceptor.TransactionalInterceptorBase.intercept(TransactionalInterceptorBase.java:61)
	at io.quarkus.narayana.jta.runtime.interceptor.TransactionalInterceptorRequired.intercept(TransactionalInterceptorRequired.java:32)
	at io.quarkus.narayana.jta.runtime.interceptor.TransactionalInterceptorRequired_Bean.intercept(Unknown Source)
	at io.quarkus.arc.impl.InterceptorInvocation.invoke(InterceptorInvocation.java:42)
	at io.quarkus.arc.impl.AroundInvokeInvocationContext.perform(AroundInvokeInvocationContext.java:30)
	at io.quarkus.arc.impl.InvocationContexts.performAroundInvoke(InvocationContexts.java:27)
	at villagecompute.calendar.data.models.PageViewTest_Subclass.testValidEntity_Success(Unknown Source)
	at java.base/java.lang.reflect.Method.invoke(Method.java:580)
	at io.quarkus.test.junit.QuarkusTestExtension.runExtensionMethod(QuarkusTestExtension.java:1000)
	at io.quarkus.test.junit.QuarkusTestExtension.interceptTestMethod(QuarkusTestExtension.java:848)
	at java.base/java.util.ArrayList.forEach(ArrayList.java:1596)
	at java.base/java.util.ArrayList.forEach(ArrayList.java:1596)

[ERROR] villagecompute.calendar.data.models.PageViewTest.testFindByPath -- Time elapsed: 0.006 s <<< FAILURE!
org.opentest4j.AssertionFailedError: expected: <2> but was: <3>
	at org.junit.jupiter.api.AssertionFailureBuilder.build(AssertionFailureBuilder.java:151)
	at org.junit.jupiter.api.AssertionFailureBuilder.buildAndThrow(AssertionFailureBuilder.java:132)
	at org.junit.jupiter.api.AssertEquals.failNotEqual(AssertEquals.java:197)
	at org.junit.jupiter.api.AssertEquals.assertEquals(AssertEquals.java:150)
	at org.junit.jupiter.api.AssertEquals.assertEquals(AssertEquals.java:145)
	at org.junit.jupiter.api.Assertions.assertEquals(Assertions.java:531)
	at villagecompute.calendar.data.models.PageViewTest.testFindByPath(PageViewTest.java:208)
	at villagecompute.calendar.data.models.PageViewTest_Subclass.testFindByPath$$superforward(Unknown Source)
	at villagecompute.calendar.data.models.PageViewTest_Subclass$$function$$4.apply(Unknown Source)
	at io.quarkus.arc.impl.AroundInvokeInvocationContext.proceed(AroundInvokeInvocationContext.java:73)
	at io.quarkus.arc.impl.AroundInvokeInvocationContext.proceed(AroundInvokeInvocationContext.java:62)
	at io.quarkus.narayana.jta.runtime.interceptor.TransactionalInterceptorBase.invokeInOurTx(TransactionalInterceptorBase.java:136)
	at io.quarkus.narayana.jta.runtime.interceptor.TransactionalInterceptorBase.invokeInOurTx(TransactionalInterceptorBase.java:107)
	at io.quarkus.narayana.jta.runtime.interceptor.TransactionalInterceptorRequired.doIntercept(TransactionalInterceptorRequired.java:38)
	at io.quarkus.narayana.jta.runtime.interceptor.TransactionalInterceptorBase.intercept(TransactionalInterceptorBase.java:61)
	at io.quarkus.narayana.jta.runtime.interceptor.TransactionalInterceptorRequired.intercept(TransactionalInterceptorRequired.java:32)
	at io.quarkus.narayana.jta.runtime.interceptor.TransactionalInterceptorRequired_Bean.intercept(Unknown Source)
	at io.quarkus.arc.impl.InterceptorInvocation.invoke(InterceptorInvocation.java:42)
	at io.quarkus.arc.impl.AroundInvokeInvocationContext.perform(AroundInvokeInvocationContext.java:30)
	at io.quarkus.arc.impl.InvocationContexts.performAroundInvoke(InvocationContexts.java:27)
	at villagecompute.calendar.data.models.PageViewTest_Subclass.testFindByPath(Unknown Source)
	at java.base/java.lang.reflect.Method.invoke(Method.java:580)
	at io.quarkus.test.junit.QuarkusTestExtension.runExtensionMethod(QuarkusTestExtension.java:1000)
	at io.quarkus.test.junit.QuarkusTestExtension.interceptTestMethod(QuarkusTestExtension.java:848)
	at java.base/java.util.ArrayList.forEach(ArrayList.java:1596)
	at java.base/java.util.ArrayList.forEach(ArrayList.java:1596)

[ERROR] villagecompute.calendar.data.models.PageViewTest.testFindByUser -- Time elapsed: 0.006 s <<< ERROR!
org.hibernate.exception.ConstraintViolationException: 
could not execute statement [Referential integrity constraint violation: "fk_page_views_user: public.page_views FOREIGN KEY(user_id) REFERENCES public.calendar_users(id) (UUID 'cded5faf-923c-46d2-879c-cd3466eb43f9')"; SQL statement:
insert into page_views (created,path,referrer,session_id,updated,user_id,user_agent,version,id) values (?,?,?,?,?,?,?,?,?) [23506-230]] [insert into page_views (created,path,referrer,session_id,updated,user_id,user_agent,version,id) values (?,?,?,?,?,?,?,?,?)]
	at org.hibernate.dialect.H2Dialect.lambda$buildSQLExceptionConversionDelegate$1(H2Dialect.java:853)
	at org.hibernate.exception.internal.StandardSQLExceptionConverter.convert(StandardSQLExceptionConverter.java:34)
	at org.hibernate.engine.jdbc.spi.SqlExceptionHelper.convert(SqlExceptionHelper.java:115)
	at org.hibernate.engine.jdbc.internal.ResultSetReturnImpl.executeUpdate(ResultSetReturnImpl.java:193)
	at org.hibernate.engine.jdbc.mutation.internal.AbstractMutationExecutor.performNonBatchedMutation(AbstractMutationExecutor.java:148)
	at org.hibernate.engine.jdbc.mutation.internal.MutationExecutorSingleNonBatched.performNonBatchedOperations(MutationExecutorSingleNonBatched.java:53)
	at org.hibernate.engine.jdbc.mutation.internal.AbstractMutationExecutor.execute(AbstractMutationExecutor.java:66)
	at org.hibernate.engine.jdbc.mutation.internal.AbstractMutationExecutor.execute(AbstractMutationExecutor.java:55)
	at org.hibernate.persister.entity.mutation.InsertCoordinatorStandard.doStaticInserts(InsertCoordinatorStandard.java:191)
	at org.hibernate.persister.entity.mutation.InsertCoordinatorStandard.coordinateInsert(InsertCoordinatorStandard.java:129)
	at org.hibernate.persister.entity.mutation.InsertCoordinatorStandard.insert(InsertCoordinatorStandard.java:101)
	at org.hibernate.action.internal.EntityInsertAction.execute(EntityInsertAction.java:113)
	at org.hibernate.engine.spi.ActionQueue.executeActions(ActionQueue.java:646)
	at org.hibernate.engine.spi.ActionQueue.executeActions(ActionQueue.java:513)
	at org.hibernate.event.internal.AbstractFlushingEventListener.performExecutions(AbstractFlushingEventListener.java:378)
	at org.hibernate.event.internal.DefaultAutoFlushEventListener.onAutoFlush(DefaultAutoFlushEventListener.java:67)
	at org.hibernate.event.service.internal.EventListenerGroupImpl.fireEventOnEachListener(EventListenerGroupImpl.java:140)
	at org.hibernate.internal.SessionImpl.autoFlushIfRequired(SessionImpl.java:1400)
	at org.hibernate.query.sqm.internal.ConcreteSqmSelectQueryPlan.lambda$new$1(ConcreteSqmSelectQueryPlan.java:138)
	at org.hibernate.query.sqm.internal.ConcreteSqmSelectQueryPlan.withCacheableSqmInterpretation(ConcreteSqmSelectQueryPlan.java:455)
	at org.hibernate.query.sqm.internal.ConcreteSqmSelectQueryPlan.performList(ConcreteSqmSelectQueryPlan.java:388)
	at org.hibernate.query.sqm.internal.SqmSelectionQueryImpl.doList(SqmSelectionQueryImpl.java:423)
	at org.hibernate.query.spi.AbstractSelectionQuery.list(AbstractSelectionQuery.java:154)
	at org.hibernate.query.SelectionQuery.getResultList(SelectionQuery.java:145)
	at io.quarkus.hibernate.orm.panache.common.runtime.CommonPanacheQueryImpl.list(CommonPanacheQueryImpl.java:301)
	at io.quarkus.hibernate.orm.panache.runtime.PanacheQueryImpl.list(PanacheQueryImpl.java:150)
	at villagecompute.calendar.data.models.PageViewTest.testFindByUser(PageViewTest.java:181)
	at villagecompute.calendar.data.models.PageViewTest_Subclass.testFindByUser$$superforward(Unknown Source)
	at villagecompute.calendar.data.models.PageViewTest_Subclass$$function$$8.apply(Unknown Source)
	at io.quarkus.arc.impl.AroundInvokeInvocationContext.proceed(AroundInvokeInvocationContext.java:73)
	at io.quarkus.arc.impl.AroundInvokeInvocationContext.proceed(AroundInvokeInvocationContext.java:62)
	at io.quarkus.narayana.jta.runtime.interceptor.TransactionalInterceptorBase.invokeInOurTx(TransactionalInterceptorBase.java:136)
	at io.quarkus.narayana.jta.runtime.interceptor.TransactionalInterceptorBase.invokeInOurTx(TransactionalInterceptorBase.java:107)
	at io.quarkus.narayana.jta.runtime.interceptor.TransactionalInterceptorRequired.doIntercept(TransactionalInterceptorRequired.java:38)
	at io.quarkus.narayana.jta.runtime.interceptor.TransactionalInterceptorBase.intercept(TransactionalInterceptorBase.java:61)
	at io.quarkus.narayana.jta.runtime.interceptor.TransactionalInterceptorRequired.intercept(TransactionalInterceptorRequired.java:32)
	at io.quarkus.narayana.jta.runtime.interceptor.TransactionalInterceptorRequired_Bean.intercept(Unknown Source)
	at io.quarkus.arc.impl.InterceptorInvocation.invoke(InterceptorInvocation.java:42)
	at io.quarkus.arc.impl.AroundInvokeInvocationContext.perform(AroundInvokeInvocationContext.java:30)
	at io.quarkus.arc.impl.InvocationContexts.performAroundInvoke(InvocationContexts.java:27)
	at villagecompute.calendar.data.models.PageViewTest_Subclass.testFindByUser(Unknown Source)
	at java.base/java.lang.reflect.Method.invoke(Method.java:580)
	at io.quarkus.test.junit.QuarkusTestExtension.runExtensionMethod(QuarkusTestExtension.java:1000)
	at io.quarkus.test.junit.QuarkusTestExtension.interceptTestMethod(QuarkusTestExtension.java:848)
	at java.base/java.util.ArrayList.forEach(ArrayList.java:1596)
	at java.base/java.util.ArrayList.forEach(ArrayList.java:1596)
Caused by: org.h2.jdbc.JdbcSQLIntegrityConstraintViolationException: Referential integrity constraint violation: "fk_page_views_user: public.page_views FOREIGN KEY(user_id) REFERENCES public.calendar_users(id) (UUID 'cded5faf-923c-46d2-879c-cd3466eb43f9')"; SQL statement:
insert into page_views (created,path,referrer,session_id,updated,user_id,user_agent,version,id) values (?,?,?,?,?,?,?,?,?) [23506-230]
	at org.h2.message.DbException.getJdbcSQLException(DbException.java:520)
	at org.h2.message.DbException.getJdbcSQLException(DbException.java:489)
	at org.h2.message.DbException.get(DbException.java:223)
	at org.h2.message.DbException.get(DbException.java:199)
	at org.h2.constraint.ConstraintReferential.checkRowOwnTable(ConstraintReferential.java:308)
	at org.h2.constraint.ConstraintReferential.checkRow(ConstraintReferential.java:249)
	at org.h2.table.Table.fireConstraints(Table.java:1227)
	at org.h2.table.Table.fireAfterRow(Table.java:1245)
	at org.h2.command.dml.Insert.insertRows(Insert.java:188)
	at org.h2.command.dml.Insert.update(Insert.java:135)
	at org.h2.command.dml.DataChangeStatement.update(DataChangeStatement.java:74)
	at org.h2.command.CommandContainer.update(CommandContainer.java:139)
	at org.h2.command.Command.executeUpdate(Command.java:304)
	at org.h2.command.Command.executeUpdate(Command.java:248)
	at org.h2.jdbc.JdbcPreparedStatement.executeUpdateInternal(JdbcPreparedStatement.java:213)
	at org.h2.jdbc.JdbcPreparedStatement.executeUpdate(JdbcPreparedStatement.java:172)
	at io.agroal.pool.wrapper.PreparedStatementWrapper.executeUpdate(PreparedStatementWrapper.java:90)
	at org.hibernate.engine.jdbc.internal.ResultSetReturnImpl.executeUpdate(ResultSetReturnImpl.java:190)
	... 42 more

[ERROR] villagecompute.calendar.data.models.PageViewTest.testFindByReferrer -- Time elapsed: 0.005 s <<< FAILURE!
org.opentest4j.AssertionFailedError: expected: <2> but was: <3>
	at org.junit.jupiter.api.AssertionFailureBuilder.build(AssertionFailureBuilder.java:151)
	at org.junit.jupiter.api.AssertionFailureBuilder.buildAndThrow(AssertionFailureBuilder.java:132)
	at org.junit.jupiter.api.AssertEquals.failNotEqual(AssertEquals.java:197)
	at org.junit.jupiter.api.AssertEquals.assertEquals(AssertEquals.java:150)
	at org.junit.jupiter.api.AssertEquals.assertEquals(AssertEquals.java:145)
	at org.junit.jupiter.api.Assertions.assertEquals(Assertions.java:531)
	at villagecompute.calendar.data.models.PageViewTest.testFindByReferrer(PageViewTest.java:261)
	at villagecompute.calendar.data.models.PageViewTest_Subclass.testFindByReferrer$$superforward(Unknown Source)
	at villagecompute.calendar.data.models.PageViewTest_Subclass$$function$$5.apply(Unknown Source)
	at io.quarkus.arc.impl.AroundInvokeInvocationContext.proceed(AroundInvokeInvocationContext.java:73)
	at io.quarkus.arc.impl.AroundInvokeInvocationContext.proceed(AroundInvokeInvocationContext.java:62)
	at io.quarkus.narayana.jta.runtime.interceptor.TransactionalInterceptorBase.invokeInOurTx(TransactionalInterceptorBase.java:136)
	at io.quarkus.narayana.jta.runtime.interceptor.TransactionalInterceptorBase.invokeInOurTx(TransactionalInterceptorBase.java:107)
	at io.quarkus.narayana.jta.runtime.interceptor.TransactionalInterceptorRequired.doIntercept(TransactionalInterceptorRequired.java:38)
	at io.quarkus.narayana.jta.runtime.interceptor.TransactionalInterceptorBase.intercept(TransactionalInterceptorBase.java:61)
	at io.quarkus.narayana.jta.runtime.interceptor.TransactionalInterceptorRequired.intercept(TransactionalInterceptorRequired.java:32)
	at io.quarkus.narayana.jta.runtime.interceptor.TransactionalInterceptorRequired_Bean.intercept(Unknown Source)
	at io.quarkus.arc.impl.InterceptorInvocation.invoke(InterceptorInvocation.java:42)
	at io.quarkus.arc.impl.AroundInvokeInvocationContext.perform(AroundInvokeInvocationContext.java:30)
	at io.quarkus.arc.impl.InvocationContexts.performAroundInvoke(InvocationContexts.java:27)
	at villagecompute.calendar.data.models.PageViewTest_Subclass.testFindByReferrer(Unknown Source)
	at java.base/java.lang.reflect.Method.invoke(Method.java:580)
	at io.quarkus.test.junit.QuarkusTestExtension.runExtensionMethod(QuarkusTestExtension.java:1000)
	at io.quarkus.test.junit.QuarkusTestExtension.interceptTestMethod(QuarkusTestExtension.java:848)
	at java.base/java.util.ArrayList.forEach(ArrayList.java:1596)
	at java.base/java.util.ArrayList.forEach(ArrayList.java:1596)

[ERROR] villagecompute.calendar.data.models.PageViewTest.testCountByPathAndTimeRange -- Time elapsed: 0.011 s <<< FAILURE!
org.opentest4j.AssertionFailedError: expected: <2> but was: <4>
	at org.junit.jupiter.api.AssertionFailureBuilder.build(AssertionFailureBuilder.java:151)
	at org.junit.jupiter.api.AssertionFailureBuilder.buildAndThrow(AssertionFailureBuilder.java:132)
	at org.junit.jupiter.api.AssertEquals.failNotEqual(AssertEquals.java:197)
	at org.junit.jupiter.api.AssertEquals.assertEquals(AssertEquals.java:166)
	at org.junit.jupiter.api.AssertEquals.assertEquals(AssertEquals.java:161)
	at org.junit.jupiter.api.Assertions.assertEquals(Assertions.java:632)
	at villagecompute.calendar.data.models.PageViewTest.testCountByPathAndTimeRange(PageViewTest.java:294)
	at villagecompute.calendar.data.models.PageViewTest_Subclass.testCountByPathAndTimeRange$$superforward(Unknown Source)
	at villagecompute.calendar.data.models.PageViewTest_Subclass$$function$$3.apply(Unknown Source)
	at io.quarkus.arc.impl.AroundInvokeInvocationContext.proceed(AroundInvokeInvocationContext.java:73)
	at io.quarkus.arc.impl.AroundInvokeInvocationContext.proceed(AroundInvokeInvocationContext.java:62)
	at io.quarkus.narayana.jta.runtime.interceptor.TransactionalInterceptorBase.invokeInOurTx(TransactionalInterceptorBase.java:136)
	at io.quarkus.narayana.jta.runtime.interceptor.TransactionalInterceptorBase.invokeInOurTx(TransactionalInterceptorBase.java:107)
	at io.quarkus.narayana.jta.runtime.interceptor.TransactionalInterceptorRequired.doIntercept(TransactionalInterceptorRequired.java:38)
	at io.quarkus.narayana.jta.runtime.interceptor.TransactionalInterceptorBase.intercept(TransactionalInterceptorBase.java:61)
	at io.quarkus.narayana.jta.runtime.interceptor.TransactionalInterceptorRequired.intercept(TransactionalInterceptorRequired.java:32)
	at io.quarkus.narayana.jta.runtime.interceptor.TransactionalInterceptorRequired_Bean.intercept(Unknown Source)
	at io.quarkus.arc.impl.InterceptorInvocation.invoke(InterceptorInvocation.java:42)
	at io.quarkus.arc.impl.AroundInvokeInvocationContext.perform(AroundInvokeInvocationContext.java:30)
	at io.quarkus.arc.impl.InvocationContexts.performAroundInvoke(InvocationContexts.java:27)
	at villagecompute.calendar.data.models.PageViewTest_Subclass.testCountByPathAndTimeRange(Unknown Source)
	at java.base/java.lang.reflect.Method.invoke(Method.java:580)
	at io.quarkus.test.junit.QuarkusTestExtension.runExtensionMethod(QuarkusTestExtension.java:1000)
	at io.quarkus.test.junit.QuarkusTestExtension.interceptTestMethod(QuarkusTestExtension.java:848)
	at java.base/java.util.ArrayList.forEach(ArrayList.java:1596)
	at java.base/java.util.ArrayList.forEach(ArrayList.java:1596)

[ERROR] villagecompute.calendar.data.models.PageViewTest.testFindByTimeRange -- Time elapsed: 0.006 s <<< FAILURE!
org.opentest4j.AssertionFailedError: expected: <2> but was: <7>
	at org.junit.jupiter.api.AssertionFailureBuilder.build(AssertionFailureBuilder.java:151)
	at org.junit.jupiter.api.AssertionFailureBuilder.buildAndThrow(AssertionFailureBuilder.java:132)
	at org.junit.jupiter.api.AssertEquals.failNotEqual(AssertEquals.java:197)
	at org.junit.jupiter.api.AssertEquals.assertEquals(AssertEquals.java:150)
	at org.junit.jupiter.api.AssertEquals.assertEquals(AssertEquals.java:145)
	at org.junit.jupiter.api.Assertions.assertEquals(Assertions.java:531)
	at villagecompute.calendar.data.models.PageViewTest.testFindByTimeRange(PageViewTest.java:235)
	at villagecompute.calendar.data.models.PageViewTest_Subclass.testFindByTimeRange$$superforward(Unknown Source)
	at villagecompute.calendar.data.models.PageViewTest_Subclass$$function$$7.apply(Unknown Source)
	at io.quarkus.arc.impl.AroundInvokeInvocationContext.proceed(AroundInvokeInvocationContext.java:73)
	at io.quarkus.arc.impl.AroundInvokeInvocationContext.proceed(AroundInvokeInvocationContext.java:62)
	at io.quarkus.narayana.jta.runtime.interceptor.TransactionalInterceptorBase.invokeInOurTx(TransactionalInterceptorBase.java:136)
	at io.quarkus.narayana.jta.runtime.interceptor.TransactionalInterceptorBase.invokeInOurTx(TransactionalInterceptorBase.java:107)
	at io.quarkus.narayana.jta.runtime.interceptor.TransactionalInterceptorRequired.doIntercept(TransactionalInterceptorRequired.java:38)
	at io.quarkus.narayana.jta.runtime.interceptor.TransactionalInterceptorBase.intercept(TransactionalInterceptorBase.java:61)
	at io.quarkus.narayana.jta.runtime.interceptor.TransactionalInterceptorRequired.intercept(TransactionalInterceptorRequired.java:32)
	at io.quarkus.narayana.jta.runtime.interceptor.TransactionalInterceptorRequired_Bean.intercept(Unknown Source)
	at io.quarkus.arc.impl.InterceptorInvocation.invoke(InterceptorInvocation.java:42)
	at io.quarkus.arc.impl.AroundInvokeInvocationContext.perform(AroundInvokeInvocationContext.java:30)
	at io.quarkus.arc.impl.InvocationContexts.performAroundInvoke(InvocationContexts.java:27)
	at villagecompute.calendar.data.models.PageViewTest_Subclass.testFindByTimeRange(Unknown Source)
	at java.base/java.lang.reflect.Method.invoke(Method.java:580)
	at io.quarkus.test.junit.QuarkusTestExtension.runExtensionMethod(QuarkusTestExtension.java:1000)
	at io.quarkus.test.junit.QuarkusTestExtension.interceptTestMethod(QuarkusTestExtension.java:848)
	at java.base/java.util.ArrayList.forEach(ArrayList.java:1596)
	at java.base/java.util.ArrayList.forEach(ArrayList.java:1596)

[INFO] Running villagecompute.calendar.data.models.UserCalendarTest
[Hibernate] 
    delete 
    from
        calendar_orders co1_0
[Hibernate] 
    delete 
    from
        user_calendars uc1_0
[Hibernate] 
    delete 
    from
        page_views pv1_0
[Hibernate] 
    delete 
    from
        analytics_rollups ar1_0
2025-10-17 04:13:22,268 WARN  [org.hib.orm.jdb.error] (main) HHH000247: ErrorCode: 42102, SQLState: 42S02
2025-10-17 04:13:22,268 WARN  [org.hib.orm.jdb.error] (main) Table "analytics_rollups" not found; SQL statement:
delete from analytics_rollups ar1_0 [42102-230]
[Hibernate] 
    delete 
    from
        delayed_jobs dj1_0
[Hibernate] 
    delete 
    from
        calendar_users cu1_0
[Hibernate] 
    delete 
    from
        calendar_templates ct1_0
[Hibernate] 
    insert 
    into
        calendar_users
        (created, display_name, email, is_admin, last_login_at, oauth_provider, oauth_subject, profile_image_url, updated, version, id) 
    values
        (?, ?, ?, ?, ?, ?, ?, ?, ?, ?, ?)
[Hibernate] 
    insert 
    into
        calendar_templates
        (configuration, created, description, display_order, is_active, is_featured, name, preview_svg, thumbnail_url, updated, version, id) 
    values
        (?, ?, ?, ?, ?, ?, ?, ?, ?, ?, ?, ?)
[Hibernate] 
    insert 
    into
        user_calendars
        (configuration, created, generated_pdf_url, generated_svg, is_public, name, session_id, template_id, updated, user_id, version, "year", id) 
    values
        (?, ?, ?, ?, ?, ?, ?, ?, ?, ?, ?, ?, ?)
2025-10-17 04:13:22,273 WARN  [org.hib.orm.jdb.error] (main) HHH000247: ErrorCode: 23506, SQLState: 23506
2025-10-17 04:13:22,273 WARN  [org.hib.orm.jdb.error] (main) Referential integrity constraint violation: "fk_user_calendars_template: public.user_calendars FOREIGN KEY(template_id) REFERENCES public.calendar_templates(id) (UUID '7685904c-21ee-47c1-b172-bbdd60cc200a')"; SQL statement:
insert into user_calendars (configuration,created,generated_pdf_url,generated_svg,is_public,name,session_id,template_id,updated,user_id,version,"year",id) values (?,?,?,?,?,?,?,?,?,?,?,?,?) [23506-230]
2025-10-17 04:13:22,273 WARN  [com.arj.ats.arjuna] (main) ARJUNA012125: TwoPhaseCoordinator.beforeCompletion - failed for SynchronizationImple< 0:ffff7f000001:d824:68f1faa0:432, org.hibernate.resource.transaction.backend.jta.internal.synchronization.RegisteredSynchronization@1d4b4623 >: org.hibernate.exception.ConstraintViolationException: could not execute statement [Referential integrity constraint violation: "fk_user_calendars_template: public.user_calendars FOREIGN KEY(template_id) REFERENCES public.calendar_templates(id) (UUID '7685904c-21ee-47c1-b172-bbdd60cc200a')"; SQL statement:
insert into user_calendars (configuration,created,generated_pdf_url,generated_svg,is_public,name,session_id,template_id,updated,user_id,version,"year",id) values (?,?,?,?,?,?,?,?,?,?,?,?,?) [23506-230]] [insert into user_calendars (configuration,created,generated_pdf_url,generated_svg,is_public,name,session_id,template_id,updated,user_id,version,"year",id) values (?,?,?,?,?,?,?,?,?,?,?,?,?)]
	at org.hibernate.dialect.H2Dialect.lambda$buildSQLExceptionConversionDelegate$1(H2Dialect.java:853)
	at org.hibernate.exception.internal.StandardSQLExceptionConverter.convert(StandardSQLExceptionConverter.java:34)
	at org.hibernate.engine.jdbc.spi.SqlExceptionHelper.convert(SqlExceptionHelper.java:115)
	at org.hibernate.engine.jdbc.internal.ResultSetReturnImpl.executeUpdate(ResultSetReturnImpl.java:193)
	at org.hibernate.engine.jdbc.mutation.internal.AbstractMutationExecutor.performNonBatchedMutation(AbstractMutationExecutor.java:148)
	at org.hibernate.engine.jdbc.mutation.internal.MutationExecutorSingleNonBatched.performNonBatchedOperations(MutationExecutorSingleNonBatched.java:53)
	at org.hibernate.engine.jdbc.mutation.internal.AbstractMutationExecutor.execute(AbstractMutationExecutor.java:66)
	at org.hibernate.engine.jdbc.mutation.internal.AbstractMutationExecutor.execute(AbstractMutationExecutor.java:55)
	at org.hibernate.persister.entity.mutation.InsertCoordinatorStandard.doStaticInserts(InsertCoordinatorStandard.java:191)
	at org.hibernate.persister.entity.mutation.InsertCoordinatorStandard.coordinateInsert(InsertCoordinatorStandard.java:129)
	at org.hibernate.persister.entity.mutation.InsertCoordinatorStandard.insert(InsertCoordinatorStandard.java:101)
	at org.hibernate.action.internal.EntityInsertAction.execute(EntityInsertAction.java:113)
	at org.hibernate.engine.spi.ActionQueue.executeActions(ActionQueue.java:646)
	at org.hibernate.engine.spi.ActionQueue.executeActions(ActionQueue.java:513)
	at org.hibernate.event.internal.AbstractFlushingEventListener.performExecutions(AbstractFlushingEventListener.java:378)
	at org.hibernate.event.internal.DefaultFlushEventListener.onFlush(DefaultFlushEventListener.java:39)
	at org.hibernate.event.service.internal.EventListenerGroupImpl.fireEventOnEachListener(EventListenerGroupImpl.java:140)
	at org.hibernate.internal.SessionImpl.doFlush(SessionImpl.java:1443)
	at org.hibernate.internal.SessionImpl.managedFlush(SessionImpl.java:488)
	at org.hibernate.internal.SessionImpl.flushBeforeTransactionCompletion(SessionImpl.java:2321)
	at org.hibernate.internal.SessionImpl.beforeTransactionCompletion(SessionImpl.java:2029)
	at org.hibernate.engine.jdbc.internal.JdbcCoordinatorImpl.beforeTransactionCompletion(JdbcCoordinatorImpl.java:394)
	at org.hibernate.resource.transaction.backend.jta.internal.JtaTransactionCoordinatorImpl.beforeCompletion(JtaTransactionCoordinatorImpl.java:328)
	at org.hibernate.resource.transaction.backend.jta.internal.synchronization.SynchronizationCallbackCoordinatorNonTrackingImpl.beforeCompletion(SynchronizationCallbackCoordinatorNonTrackingImpl.java:39)
	at org.hibernate.resource.transaction.backend.jta.internal.synchronization.RegisteredSynchronization.beforeCompletion(RegisteredSynchronization.java:33)
	at com.arjuna.ats.internal.jta.resources.arjunacore.SynchronizationImple.beforeCompletion(SynchronizationImple.java:52)
	at com.arjuna.ats.arjuna.coordinator.TwoPhaseCoordinator.beforeCompletion(TwoPhaseCoordinator.java:348)
	at com.arjuna.ats.arjuna.coordinator.TwoPhaseCoordinator.end(TwoPhaseCoordinator.java:66)
	at com.arjuna.ats.arjuna.AtomicAction.commit(AtomicAction.java:135)
	at com.arjuna.ats.internal.jta.transaction.arjunacore.TransactionImple.commitAndDisassociate(TransactionImple.java:1307)
	at com.arjuna.ats.internal.jta.transaction.arjunacore.BaseTransaction.commit(BaseTransaction.java:104)
	at io.quarkus.narayana.jta.runtime.NotifyingTransactionManager.commit(NotifyingTransactionManager.java:70)
	at io.quarkus.narayana.jta.runtime.interceptor.TransactionalInterceptorBase.endTransaction(TransactionalInterceptorBase.java:406)
	at io.quarkus.narayana.jta.runtime.interceptor.TransactionalInterceptorBase.invokeInOurTx(TransactionalInterceptorBase.java:175)
	at io.quarkus.narayana.jta.runtime.interceptor.TransactionalInterceptorBase.invokeInOurTx(TransactionalInterceptorBase.java:107)
	at io.quarkus.narayana.jta.runtime.interceptor.TransactionalInterceptorRequired.doIntercept(TransactionalInterceptorRequired.java:38)
	at io.quarkus.narayana.jta.runtime.interceptor.TransactionalInterceptorBase.intercept(TransactionalInterceptorBase.java:61)
	at io.quarkus.narayana.jta.runtime.interceptor.TransactionalInterceptorRequired.intercept(TransactionalInterceptorRequired.java:32)
	at io.quarkus.narayana.jta.runtime.interceptor.TransactionalInterceptorRequired_Bean.intercept(Unknown Source)
	at io.quarkus.arc.impl.InterceptorInvocation.invoke(InterceptorInvocation.java:42)
	at io.quarkus.arc.impl.AroundInvokeInvocationContext.perform(AroundInvokeInvocationContext.java:30)
	at io.quarkus.arc.impl.InvocationContexts.performAroundInvoke(InvocationContexts.java:27)
	at villagecompute.calendar.data.models.UserCalendarTest_Subclass.testJsonbSerialization(Unknown Source)
	at java.base/jdk.internal.reflect.DirectMethodHandleAccessor.invoke(DirectMethodHandleAccessor.java:103)
	at java.base/java.lang.reflect.Method.invoke(Method.java:580)
	at io.quarkus.test.junit.QuarkusTestExtension.runExtensionMethod(QuarkusTestExtension.java:1000)
	at io.quarkus.test.junit.QuarkusTestExtension.interceptTestMethod(QuarkusTestExtension.java:848)
	at org.junit.jupiter.engine.execution.InterceptingExecutableInvoker$ReflectiveInterceptorCall.lambda$ofVoidMethod$0(InterceptingExecutableInvoker.java:112)
	at org.junit.jupiter.engine.execution.InterceptingExecutableInvoker.lambda$invoke$0(InterceptingExecutableInvoker.java:94)
	at org.junit.jupiter.engine.execution.InvocationInterceptorChain$InterceptedInvocation.proceed(InvocationInterceptorChain.java:106)
	at org.junit.jupiter.engine.extension.TimeoutExtension.intercept(TimeoutExtension.java:161)
	at org.junit.jupiter.engine.extension.TimeoutExtension.interceptTestableMethod(TimeoutExtension.java:152)
	at org.junit.jupiter.engine.extension.TimeoutExtension.interceptTestMethod(TimeoutExtension.java:91)
	at org.junit.jupiter.engine.execution.InterceptingExecutableInvoker$ReflectiveInterceptorCall.lambda$ofVoidMethod$0(InterceptingExecutableInvoker.java:112)
	at org.junit.jupiter.engine.execution.InterceptingExecutableInvoker.lambda$invoke$0(InterceptingExecutableInvoker.java:94)
	at org.junit.jupiter.engine.execution.InvocationInterceptorChain$InterceptedInvocation.proceed(InvocationInterceptorChain.java:106)
	at org.junit.jupiter.engine.execution.InvocationInterceptorChain.proceed(InvocationInterceptorChain.java:64)
	at org.junit.jupiter.engine.execution.InvocationInterceptorChain.chainAndInvoke(InvocationInterceptorChain.java:45)
	at org.junit.jupiter.engine.execution.InvocationInterceptorChain.invoke(InvocationInterceptorChain.java:37)
	at org.junit.jupiter.engine.execution.InterceptingExecutableInvoker.invoke(InterceptingExecutableInvoker.java:93)
	at org.junit.jupiter.engine.execution.InterceptingExecutableInvoker.invoke(InterceptingExecutableInvoker.java:87)
	at org.junit.jupiter.engine.descriptor.TestMethodTestDescriptor.lambda$invokeTestMethod$4(TestMethodTestDescriptor.java:221)
	at org.junit.platform.engine.support.hierarchical.ThrowableCollector.execute(ThrowableCollector.java:73)
	at org.junit.jupiter.engine.descriptor.TestMethodTestDescriptor.invokeTestMethod(TestMethodTestDescriptor.java:217)
	at org.junit.jupiter.engine.descriptor.TestMethodTestDescriptor.execute(TestMethodTestDescriptor.java:159)
	at org.junit.jupiter.engine.descriptor.TestMethodTestDescriptor.execute(TestMethodTestDescriptor.java:70)
	at org.junit.platform.engine.support.hierarchical.NodeTestTask.lambda$executeRecursively$6(NodeTestTask.java:157)
	at org.junit.platform.engine.support.hierarchical.ThrowableCollector.execute(ThrowableCollector.java:73)
	at org.junit.platform.engine.support.hierarchical.NodeTestTask.lambda$executeRecursively$8(NodeTestTask.java:147)
	at org.junit.platform.engine.support.hierarchical.Node.around(Node.java:137)
	at org.junit.platform.engine.support.hierarchical.NodeTestTask.lambda$executeRecursively$9(NodeTestTask.java:145)
	at org.junit.platform.engine.support.hierarchical.ThrowableCollector.execute(ThrowableCollector.java:73)
	at org.junit.platform.engine.support.hierarchical.NodeTestTask.executeRecursively(NodeTestTask.java:144)
	at org.junit.platform.engine.support.hierarchical.NodeTestTask.execute(NodeTestTask.java:101)
	at java.base/java.util.ArrayList.forEach(ArrayList.java:1596)
	at org.junit.platform.engine.support.hierarchical.SameThreadHierarchicalTestExecutorService.invokeAll(SameThreadHierarchicalTestExecutorService.java:41)
	at org.junit.platform.engine.support.hierarchical.NodeTestTask.lambda$executeRecursively$6(NodeTestTask.java:161)
	at org.junit.platform.engine.support.hierarchical.ThrowableCollector.execute(ThrowableCollector.java:73)
	at org.junit.platform.engine.support.hierarchical.NodeTestTask.lambda$executeRecursively$8(NodeTestTask.java:147)
	at org.junit.platform.engine.support.hierarchical.Node.around(Node.java:137)
	at org.junit.platform.engine.support.hierarchical.NodeTestTask.lambda$executeRecursively$9(NodeTestTask.java:145)
	at org.junit.platform.engine.support.hierarchical.ThrowableCollector.execute(ThrowableCollector.java:73)
	at org.junit.platform.engine.support.hierarchical.NodeTestTask.executeRecursively(NodeTestTask.java:144)
	at org.junit.platform.engine.support.hierarchical.NodeTestTask.execute(NodeTestTask.java:101)
	at java.base/java.util.ArrayList.forEach(ArrayList.java:1596)
	at org.junit.platform.engine.support.hierarchical.SameThreadHierarchicalTestExecutorService.invokeAll(SameThreadHierarchicalTestExecutorService.java:41)
	at org.junit.platform.engine.support.hierarchical.NodeTestTask.lambda$executeRecursively$6(NodeTestTask.java:161)
	at org.junit.platform.engine.support.hierarchical.ThrowableCollector.execute(ThrowableCollector.java:73)
	at org.junit.platform.engine.support.hierarchical.NodeTestTask.lambda$executeRecursively$8(NodeTestTask.java:147)
	at org.junit.platform.engine.support.hierarchical.Node.around(Node.java:137)
	at org.junit.platform.engine.support.hierarchical.NodeTestTask.lambda$executeRecursively$9(NodeTestTask.java:145)
	at org.junit.platform.engine.support.hierarchical.ThrowableCollector.execute(ThrowableCollector.java:73)
	at org.junit.platform.engine.support.hierarchical.NodeTestTask.executeRecursively(NodeTestTask.java:144)
	at org.junit.platform.engine.support.hierarchical.NodeTestTask.execute(NodeTestTask.java:101)
	at org.junit.platform.engine.support.hierarchical.SameThreadHierarchicalTestExecutorService.submit(SameThreadHierarchicalTestExecutorService.java:35)
	at org.junit.platform.engine.support.hierarchical.HierarchicalTestExecutor.execute(HierarchicalTestExecutor.java:57)
	at org.junit.platform.engine.support.hierarchical.HierarchicalTestEngine.execute(HierarchicalTestEngine.java:54)
	at org.junit.platform.launcher.core.EngineExecutionOrchestrator.executeEngine(EngineExecutionOrchestrator.java:230)
	at org.junit.platform.launcher.core.EngineExecutionOrchestrator.failOrExecuteEngine(EngineExecutionOrchestrator.java:204)
	at org.junit.platform.launcher.core.EngineExecutionOrchestrator.execute(EngineExecutionOrchestrator.java:172)
	at org.junit.platform.launcher.core.EngineExecutionOrchestrator.execute(EngineExecutionOrchestrator.java:101)
	at org.junit.platform.launcher.core.EngineExecutionOrchestrator.lambda$execute$0(EngineExecutionOrchestrator.java:64)
	at org.junit.platform.launcher.core.EngineExecutionOrchestrator.withInterceptedStreams(EngineExecutionOrchestrator.java:150)
	at org.junit.platform.launcher.core.EngineExecutionOrchestrator.execute(EngineExecutionOrchestrator.java:63)
	at org.junit.platform.launcher.core.DefaultLauncher.execute(DefaultLauncher.java:109)
	at org.junit.platform.launcher.core.DefaultLauncher.execute(DefaultLauncher.java:91)
	at org.junit.platform.launcher.core.DelegatingLauncher.execute(DelegatingLauncher.java:47)
	at org.junit.platform.launcher.core.InterceptingLauncher.lambda$execute$1(InterceptingLauncher.java:39)
	at org.junit.platform.launcher.core.ClasspathAlignmentCheckingLauncherInterceptor.intercept(ClasspathAlignmentCheckingLauncherInterceptor.java:25)
	at org.junit.platform.launcher.core.InterceptingLauncher.execute(InterceptingLauncher.java:38)
	at org.junit.platform.launcher.core.DelegatingLauncher.execute(DelegatingLauncher.java:47)
	at org.apache.maven.surefire.junitplatform.LazyLauncher.execute(LazyLauncher.java:56)
	at org.apache.maven.surefire.junitplatform.JUnitPlatformProvider.execute(JUnitPlatformProvider.java:184)
	at org.apache.maven.surefire.junitplatform.JUnitPlatformProvider.invokeAllTests(JUnitPlatformProvider.java:148)
	at org.apache.maven.surefire.junitplatform.JUnitPlatformProvider.invoke(JUnitPlatformProvider.java:122)
	at org.apache.maven.surefire.booter.ForkedBooter.runSuitesInProcess(ForkedBooter.java:385)
	at org.apache.maven.surefire.booter.ForkedBooter.execute(ForkedBooter.java:162)
	at org.apache.maven.surefire.booter.ForkedBooter.run(ForkedBooter.java:507)
	at org.apache.maven.surefire.booter.ForkedBooter.main(ForkedBooter.java:495)
Caused by: org.h2.jdbc.JdbcSQLIntegrityConstraintViolationException: Referential integrity constraint violation: "fk_user_calendars_template: public.user_calendars FOREIGN KEY(template_id) REFERENCES public.calendar_templates(id) (UUID '7685904c-21ee-47c1-b172-bbdd60cc200a')"; SQL statement:
insert into user_calendars (configuration,created,generated_pdf_url,generated_svg,is_public,name,session_id,template_id,updated,user_id,version,"year",id) values (?,?,?,?,?,?,?,?,?,?,?,?,?) [23506-230]
	at org.h2.message.DbException.getJdbcSQLException(DbException.java:520)
	at org.h2.message.DbException.getJdbcSQLException(DbException.java:489)
	at org.h2.message.DbException.get(DbException.java:223)
	at org.h2.message.DbException.get(DbException.java:199)
	at org.h2.constraint.ConstraintReferential.checkRowOwnTable(ConstraintReferential.java:308)
	at org.h2.constraint.ConstraintReferential.checkRow(ConstraintReferential.java:249)
	at org.h2.table.Table.fireConstraints(Table.java:1227)
	at org.h2.table.Table.fireAfterRow(Table.java:1245)
	at org.h2.command.dml.Insert.insertRows(Insert.java:188)
	at org.h2.command.dml.Insert.update(Insert.java:135)
	at org.h2.command.dml.DataChangeStatement.update(DataChangeStatement.java:74)
	at org.h2.command.CommandContainer.update(CommandContainer.java:139)
	at org.h2.command.Command.executeUpdate(Command.java:304)
	at org.h2.command.Command.executeUpdate(Command.java:248)
	at org.h2.jdbc.JdbcPreparedStatement.executeUpdateInternal(JdbcPreparedStatement.java:213)
	at org.h2.jdbc.JdbcPreparedStatement.executeUpdate(JdbcPreparedStatement.java:172)
	at io.agroal.pool.wrapper.PreparedStatementWrapper.executeUpdate(PreparedStatementWrapper.java:90)
	at org.hibernate.engine.jdbc.internal.ResultSetReturnImpl.executeUpdate(ResultSetReturnImpl.java:190)
	... 115 more

[Hibernate] 
    delete 
    from
        calendar_orders co1_0
[Hibernate] 
    delete 
    from
        user_calendars uc1_0
[Hibernate] 
    delete 
    from
        page_views pv1_0
[Hibernate] 
    delete 
    from
        analytics_rollups ar1_0
2025-10-17 04:13:22,275 WARN  [org.hib.orm.jdb.error] (main) HHH000247: ErrorCode: 42102, SQLState: 42S02
2025-10-17 04:13:22,275 WARN  [org.hib.orm.jdb.error] (main) Table "analytics_rollups" not found; SQL statement:
delete from analytics_rollups ar1_0 [42102-230]
[Hibernate] 
    delete 
    from
        delayed_jobs dj1_0
[Hibernate] 
    delete 
    from
        calendar_users cu1_0
[Hibernate] 
    delete 
    from
        calendar_templates ct1_0
[Hibernate] 
    insert 
    into
        calendar_users
        (created, display_name, email, is_admin, last_login_at, oauth_provider, oauth_subject, profile_image_url, updated, version, id) 
    values
        (?, ?, ?, ?, ?, ?, ?, ?, ?, ?, ?)
[Hibernate] 
    insert 
    into
        calendar_templates
        (configuration, created, description, display_order, is_active, is_featured, name, preview_svg, thumbnail_url, updated, version, id) 
    values
        (?, ?, ?, ?, ?, ?, ?, ?, ?, ?, ?, ?)
[Hibernate] 
    insert 
    into
        user_calendars
        (configuration, created, generated_pdf_url, generated_svg, is_public, name, session_id, template_id, updated, user_id, version, "year", id) 
    values
        (?, ?, ?, ?, ?, ?, ?, ?, ?, ?, ?, ?, ?)
2025-10-17 04:13:22,279 WARN  [org.hib.orm.jdb.error] (main) HHH000247: ErrorCode: 23506, SQLState: 23506
2025-10-17 04:13:22,279 WARN  [org.hib.orm.jdb.error] (main) Referential integrity constraint violation: "fk_user_calendars_template: public.user_calendars FOREIGN KEY(template_id) REFERENCES public.calendar_templates(id) (UUID '34f5c89b-51fb-4391-9fb9-46d239e0e5dd')"; SQL statement:
insert into user_calendars (configuration,created,generated_pdf_url,generated_svg,is_public,name,session_id,template_id,updated,user_id,version,"year",id) values (?,?,?,?,?,?,?,?,?,?,?,?,?) [23506-230]
[Hibernate] 
    delete 
    from
        calendar_orders co1_0
[Hibernate] 
    delete 
    from
        user_calendars uc1_0
[Hibernate] 
    delete 
    from
        page_views pv1_0
[Hibernate] 
    delete 
    from
        analytics_rollups ar1_0
2025-10-17 04:13:22,280 WARN  [org.hib.orm.jdb.error] (main) HHH000247: ErrorCode: 42102, SQLState: 42S02
2025-10-17 04:13:22,280 WARN  [org.hib.orm.jdb.error] (main) Table "analytics_rollups" not found; SQL statement:
delete from analytics_rollups ar1_0 [42102-230]
[Hibernate] 
    delete 
    from
        delayed_jobs dj1_0
[Hibernate] 
    delete 
    from
        calendar_users cu1_0
[Hibernate] 
    delete 
    from
        calendar_templates ct1_0
[Hibernate] 
    insert 
    into
        calendar_users
        (created, display_name, email, is_admin, last_login_at, oauth_provider, oauth_subject, profile_image_url, updated, version, id) 
    values
        (?, ?, ?, ?, ?, ?, ?, ?, ?, ?, ?)
[Hibernate] 
    insert 
    into
        calendar_templates
        (configuration, created, description, display_order, is_active, is_featured, name, preview_svg, thumbnail_url, updated, version, id) 
    values
        (?, ?, ?, ?, ?, ?, ?, ?, ?, ?, ?, ?)
[Hibernate] 
    delete 
    from
        calendar_orders co1_0
[Hibernate] 
    delete 
    from
        user_calendars uc1_0
[Hibernate] 
    delete 
    from
        page_views pv1_0
[Hibernate] 
    delete 
    from
        analytics_rollups ar1_0
2025-10-17 04:13:22,285 WARN  [org.hib.orm.jdb.error] (main) HHH000247: ErrorCode: 42102, SQLState: 42S02
2025-10-17 04:13:22,285 WARN  [org.hib.orm.jdb.error] (main) Table "analytics_rollups" not found; SQL statement:
delete from analytics_rollups ar1_0 [42102-230]
[Hibernate] 
    delete 
    from
        delayed_jobs dj1_0
[Hibernate] 
    delete 
    from
        calendar_users cu1_0
[Hibernate] 
    delete 
    from
        calendar_templates ct1_0
[Hibernate] 
    insert 
    into
        calendar_users
        (created, display_name, email, is_admin, last_login_at, oauth_provider, oauth_subject, profile_image_url, updated, version, id) 
    values
        (?, ?, ?, ?, ?, ?, ?, ?, ?, ?, ?)
[Hibernate] 
    insert 
    into
        calendar_templates
        (configuration, created, description, display_order, is_active, is_featured, name, preview_svg, thumbnail_url, updated, version, id) 
    values
        (?, ?, ?, ?, ?, ?, ?, ?, ?, ?, ?, ?)
[Hibernate] 
    insert 
    into
        user_calendars
        (configuration, created, generated_pdf_url, generated_svg, is_public, name, session_id, template_id, updated, user_id, version, "year", id) 
    values
        (?, ?, ?, ?, ?, ?, ?, ?, ?, ?, ?, ?, ?)
2025-10-17 04:13:22,287 WARN  [org.hib.orm.jdb.error] (main) HHH000247: ErrorCode: 23506, SQLState: 23506
2025-10-17 04:13:22,287 WARN  [org.hib.orm.jdb.error] (main) Referential integrity constraint violation: "fk_user_calendars_template: public.user_calendars FOREIGN KEY(template_id) REFERENCES public.calendar_templates(id) (UUID '321211d7-14a0-4d58-a689-ab0a66a6707a')"; SQL statement:
insert into user_calendars (configuration,created,generated_pdf_url,generated_svg,is_public,name,session_id,template_id,updated,user_id,version,"year",id) values (?,?,?,?,?,?,?,?,?,?,?,?,?) [23506-230]
2025-10-17 04:13:22,287 WARN  [com.arj.ats.arjuna] (main) ARJUNA012125: TwoPhaseCoordinator.beforeCompletion - failed for SynchronizationImple< 0:ffff7f000001:d824:68f1faa0:452, org.hibernate.resource.transaction.backend.jta.internal.synchronization.RegisteredSynchronization@2e4e468f >: org.hibernate.exception.ConstraintViolationException: could not execute statement [Referential integrity constraint violation: "fk_user_calendars_template: public.user_calendars FOREIGN KEY(template_id) REFERENCES public.calendar_templates(id) (UUID '321211d7-14a0-4d58-a689-ab0a66a6707a')"; SQL statement:
insert into user_calendars (configuration,created,generated_pdf_url,generated_svg,is_public,name,session_id,template_id,updated,user_id,version,"year",id) values (?,?,?,?,?,?,?,?,?,?,?,?,?) [23506-230]] [insert into user_calendars (configuration,created,generated_pdf_url,generated_svg,is_public,name,session_id,template_id,updated,user_id,version,"year",id) values (?,?,?,?,?,?,?,?,?,?,?,?,?)]
	at org.hibernate.dialect.H2Dialect.lambda$buildSQLExceptionConversionDelegate$1(H2Dialect.java:853)
	at org.hibernate.exception.internal.StandardSQLExceptionConverter.convert(StandardSQLExceptionConverter.java:34)
	at org.hibernate.engine.jdbc.spi.SqlExceptionHelper.convert(SqlExceptionHelper.java:115)
	at org.hibernate.engine.jdbc.internal.ResultSetReturnImpl.executeUpdate(ResultSetReturnImpl.java:193)
	at org.hibernate.engine.jdbc.mutation.internal.AbstractMutationExecutor.performNonBatchedMutation(AbstractMutationExecutor.java:148)
	at org.hibernate.engine.jdbc.mutation.internal.MutationExecutorSingleNonBatched.performNonBatchedOperations(MutationExecutorSingleNonBatched.java:53)
	at org.hibernate.engine.jdbc.mutation.internal.AbstractMutationExecutor.execute(AbstractMutationExecutor.java:66)
	at org.hibernate.engine.jdbc.mutation.internal.AbstractMutationExecutor.execute(AbstractMutationExecutor.java:55)
	at org.hibernate.persister.entity.mutation.InsertCoordinatorStandard.doStaticInserts(InsertCoordinatorStandard.java:191)
	at org.hibernate.persister.entity.mutation.InsertCoordinatorStandard.coordinateInsert(InsertCoordinatorStandard.java:129)
	at org.hibernate.persister.entity.mutation.InsertCoordinatorStandard.insert(InsertCoordinatorStandard.java:101)
	at org.hibernate.action.internal.EntityInsertAction.execute(EntityInsertAction.java:113)
	at org.hibernate.engine.spi.ActionQueue.executeActions(ActionQueue.java:646)
	at org.hibernate.engine.spi.ActionQueue.executeActions(ActionQueue.java:513)
	at org.hibernate.event.internal.AbstractFlushingEventListener.performExecutions(AbstractFlushingEventListener.java:378)
	at org.hibernate.event.internal.DefaultFlushEventListener.onFlush(DefaultFlushEventListener.java:39)
	at org.hibernate.event.service.internal.EventListenerGroupImpl.fireEventOnEachListener(EventListenerGroupImpl.java:140)
	at org.hibernate.internal.SessionImpl.doFlush(SessionImpl.java:1443)
	at org.hibernate.internal.SessionImpl.managedFlush(SessionImpl.java:488)
	at org.hibernate.internal.SessionImpl.flushBeforeTransactionCompletion(SessionImpl.java:2321)
	at org.hibernate.internal.SessionImpl.beforeTransactionCompletion(SessionImpl.java:2029)
	at org.hibernate.engine.jdbc.internal.JdbcCoordinatorImpl.beforeTransactionCompletion(JdbcCoordinatorImpl.java:394)
	at org.hibernate.resource.transaction.backend.jta.internal.JtaTransactionCoordinatorImpl.beforeCompletion(JtaTransactionCoordinatorImpl.java:328)
	at org.hibernate.resource.transaction.backend.jta.internal.synchronization.SynchronizationCallbackCoordinatorNonTrackingImpl.beforeCompletion(SynchronizationCallbackCoordinatorNonTrackingImpl.java:39)
	at org.hibernate.resource.transaction.backend.jta.internal.synchronization.RegisteredSynchronization.beforeCompletion(RegisteredSynchronization.java:33)
	at com.arjuna.ats.internal.jta.resources.arjunacore.SynchronizationImple.beforeCompletion(SynchronizationImple.java:52)
	at com.arjuna.ats.arjuna.coordinator.TwoPhaseCoordinator.beforeCompletion(TwoPhaseCoordinator.java:348)
	at com.arjuna.ats.arjuna.coordinator.TwoPhaseCoordinator.end(TwoPhaseCoordinator.java:66)
	at com.arjuna.ats.arjuna.AtomicAction.commit(AtomicAction.java:135)
	at com.arjuna.ats.internal.jta.transaction.arjunacore.TransactionImple.commitAndDisassociate(TransactionImple.java:1307)
	at com.arjuna.ats.internal.jta.transaction.arjunacore.BaseTransaction.commit(BaseTransaction.java:104)
	at io.quarkus.narayana.jta.runtime.NotifyingTransactionManager.commit(NotifyingTransactionManager.java:70)
	at io.quarkus.narayana.jta.runtime.interceptor.TransactionalInterceptorBase.endTransaction(TransactionalInterceptorBase.java:406)
	at io.quarkus.narayana.jta.runtime.interceptor.TransactionalInterceptorBase.invokeInOurTx(TransactionalInterceptorBase.java:175)
	at io.quarkus.narayana.jta.runtime.interceptor.TransactionalInterceptorBase.invokeInOurTx(TransactionalInterceptorBase.java:107)
	at io.quarkus.narayana.jta.runtime.interceptor.TransactionalInterceptorRequired.doIntercept(TransactionalInterceptorRequired.java:38)
	at io.quarkus.narayana.jta.runtime.interceptor.TransactionalInterceptorBase.intercept(TransactionalInterceptorBase.java:61)
	at io.quarkus.narayana.jta.runtime.interceptor.TransactionalInterceptorRequired.intercept(TransactionalInterceptorRequired.java:32)
	at io.quarkus.narayana.jta.runtime.interceptor.TransactionalInterceptorRequired_Bean.intercept(Unknown Source)
	at io.quarkus.arc.impl.InterceptorInvocation.invoke(InterceptorInvocation.java:42)
	at io.quarkus.arc.impl.AroundInvokeInvocationContext.perform(AroundInvokeInvocationContext.java:30)
	at io.quarkus.arc.impl.InvocationContexts.performAroundInvoke(InvocationContexts.java:27)
	at villagecompute.calendar.data.models.UserCalendarTest_Subclass.testRelationships_ManyToOneTemplate(Unknown Source)
	at java.base/jdk.internal.reflect.DirectMethodHandleAccessor.invoke(DirectMethodHandleAccessor.java:103)
	at java.base/java.lang.reflect.Method.invoke(Method.java:580)
	at io.quarkus.test.junit.QuarkusTestExtension.runExtensionMethod(QuarkusTestExtension.java:1000)
	at io.quarkus.test.junit.QuarkusTestExtension.interceptTestMethod(QuarkusTestExtension.java:848)
	at org.junit.jupiter.engine.execution.InterceptingExecutableInvoker$ReflectiveInterceptorCall.lambda$ofVoidMethod$0(InterceptingExecutableInvoker.java:112)
	at org.junit.jupiter.engine.execution.InterceptingExecutableInvoker.lambda$invoke$0(InterceptingExecutableInvoker.java:94)
	at org.junit.jupiter.engine.execution.InvocationInterceptorChain$InterceptedInvocation.proceed(InvocationInterceptorChain.java:106)
	at org.junit.jupiter.engine.extension.TimeoutExtension.intercept(TimeoutExtension.java:161)
	at org.junit.jupiter.engine.extension.TimeoutExtension.interceptTestableMethod(TimeoutExtension.java:152)
	at org.junit.jupiter.engine.extension.TimeoutExtension.interceptTestMethod(TimeoutExtension.java:91)
	at org.junit.jupiter.engine.execution.InterceptingExecutableInvoker$ReflectiveInterceptorCall.lambda$ofVoidMethod$0(InterceptingExecutableInvoker.java:112)
	at org.junit.jupiter.engine.execution.InterceptingExecutableInvoker.lambda$invoke$0(InterceptingExecutableInvoker.java:94)
	at org.junit.jupiter.engine.execution.InvocationInterceptorChain$InterceptedInvocation.proceed(InvocationInterceptorChain.java:106)
	at org.junit.jupiter.engine.execution.InvocationInterceptorChain.proceed(InvocationInterceptorChain.java:64)
	at org.junit.jupiter.engine.execution.InvocationInterceptorChain.chainAndInvoke(InvocationInterceptorChain.java:45)
	at org.junit.jupiter.engine.execution.InvocationInterceptorChain.invoke(InvocationInterceptorChain.java:37)
	at org.junit.jupiter.engine.execution.InterceptingExecutableInvoker.invoke(InterceptingExecutableInvoker.java:93)
	at org.junit.jupiter.engine.execution.InterceptingExecutableInvoker.invoke(InterceptingExecutableInvoker.java:87)
	at org.junit.jupiter.engine.descriptor.TestMethodTestDescriptor.lambda$invokeTestMethod$4(TestMethodTestDescriptor.java:221)
	at org.junit.platform.engine.support.hierarchical.ThrowableCollector.execute(ThrowableCollector.java:73)
	at org.junit.jupiter.engine.descriptor.TestMethodTestDescriptor.invokeTestMethod(TestMethodTestDescriptor.java:217)
	at org.junit.jupiter.engine.descriptor.TestMethodTestDescriptor.execute(TestMethodTestDescriptor.java:159)
	at org.junit.jupiter.engine.descriptor.TestMethodTestDescriptor.execute(TestMethodTestDescriptor.java:70)
	at org.junit.platform.engine.support.hierarchical.NodeTestTask.lambda$executeRecursively$6(NodeTestTask.java:157)
	at org.junit.platform.engine.support.hierarchical.ThrowableCollector.execute(ThrowableCollector.java:73)
	at org.junit.platform.engine.support.hierarchical.NodeTestTask.lambda$executeRecursively$8(NodeTestTask.java:147)
	at org.junit.platform.engine.support.hierarchical.Node.around(Node.java:137)
	at org.junit.platform.engine.support.hierarchical.NodeTestTask.lambda$executeRecursively$9(NodeTestTask.java:145)
	at org.junit.platform.engine.support.hierarchical.ThrowableCollector.execute(ThrowableCollector.java:73)
	at org.junit.platform.engine.support.hierarchical.NodeTestTask.executeRecursively(NodeTestTask.java:144)
	at org.junit.platform.engine.support.hierarchical.NodeTestTask.execute(NodeTestTask.java:101)
	at java.base/java.util.ArrayList.forEach(ArrayList.java:1596)
	at org.junit.platform.engine.support.hierarchical.SameThreadHierarchicalTestExecutorService.invokeAll(SameThreadHierarchicalTestExecutorService.java:41)
	at org.junit.platform.engine.support.hierarchical.NodeTestTask.lambda$executeRecursively$6(NodeTestTask.java:161)
	at org.junit.platform.engine.support.hierarchical.ThrowableCollector.execute(ThrowableCollector.java:73)
	at org.junit.platform.engine.support.hierarchical.NodeTestTask.lambda$executeRecursively$8(NodeTestTask.java:147)
	at org.junit.platform.engine.support.hierarchical.Node.around(Node.java:137)
	at org.junit.platform.engine.support.hierarchical.NodeTestTask.lambda$executeRecursively$9(NodeTestTask.java:145)
	at org.junit.platform.engine.support.hierarchical.ThrowableCollector.execute(ThrowableCollector.java:73)
	at org.junit.platform.engine.support.hierarchical.NodeTestTask.executeRecursively(NodeTestTask.java:144)
	at org.junit.platform.engine.support.hierarchical.NodeTestTask.execute(NodeTestTask.java:101)
	at java.base/java.util.ArrayList.forEach(ArrayList.java:1596)
	at org.junit.platform.engine.support.hierarchical.SameThreadHierarchicalTestExecutorService.invokeAll(SameThreadHierarchicalTestExecutorService.java:41)
	at org.junit.platform.engine.support.hierarchical.NodeTestTask.lambda$executeRecursively$6(NodeTestTask.java:161)
	at org.junit.platform.engine.support.hierarchical.ThrowableCollector.execute(ThrowableCollector.java:73)
	at org.junit.platform.engine.support.hierarchical.NodeTestTask.lambda$executeRecursively$8(NodeTestTask.java:147)
	at org.junit.platform.engine.support.hierarchical.Node.around(Node.java:137)
	at org.junit.platform.engine.support.hierarchical.NodeTestTask.lambda$executeRecursively$9(NodeTestTask.java:145)
	at org.junit.platform.engine.support.hierarchical.ThrowableCollector.execute(ThrowableCollector.java:73)
	at org.junit.platform.engine.support.hierarchical.NodeTestTask.executeRecursively(NodeTestTask.java:144)
	at org.junit.platform.engine.support.hierarchical.NodeTestTask.execute(NodeTestTask.java:101)
	at org.junit.platform.engine.support.hierarchical.SameThreadHierarchicalTestExecutorService.submit(SameThreadHierarchicalTestExecutorService.java:35)
	at org.junit.platform.engine.support.hierarchical.HierarchicalTestExecutor.execute(HierarchicalTestExecutor.java:57)
	at org.junit.platform.engine.support.hierarchical.HierarchicalTestEngine.execute(HierarchicalTestEngine.java:54)
	at org.junit.platform.launcher.core.EngineExecutionOrchestrator.executeEngine(EngineExecutionOrchestrator.java:230)
	at org.junit.platform.launcher.core.EngineExecutionOrchestrator.failOrExecuteEngine(EngineExecutionOrchestrator.java:204)
	at org.junit.platform.launcher.core.EngineExecutionOrchestrator.execute(EngineExecutionOrchestrator.java:172)
	at org.junit.platform.launcher.core.EngineExecutionOrchestrator.execute(EngineExecutionOrchestrator.java:101)
	at org.junit.platform.launcher.core.EngineExecutionOrchestrator.lambda$execute$0(EngineExecutionOrchestrator.java:64)
	at org.junit.platform.launcher.core.EngineExecutionOrchestrator.withInterceptedStreams(EngineExecutionOrchestrator.java:150)
	at org.junit.platform.launcher.core.EngineExecutionOrchestrator.execute(EngineExecutionOrchestrator.java:63)
	at org.junit.platform.launcher.core.DefaultLauncher.execute(DefaultLauncher.java:109)
	at org.junit.platform.launcher.core.DefaultLauncher.execute(DefaultLauncher.java:91)
	at org.junit.platform.launcher.core.DelegatingLauncher.execute(DelegatingLauncher.java:47)
	at org.junit.platform.launcher.core.InterceptingLauncher.lambda$execute$1(InterceptingLauncher.java:39)
	at org.junit.platform.launcher.core.ClasspathAlignmentCheckingLauncherInterceptor.intercept(ClasspathAlignmentCheckingLauncherInterceptor.java:25)
	at org.junit.platform.launcher.core.InterceptingLauncher.execute(InterceptingLauncher.java:38)
	at org.junit.platform.launcher.core.DelegatingLauncher.execute(DelegatingLauncher.java:47)
	at org.apache.maven.surefire.junitplatform.LazyLauncher.execute(LazyLauncher.java:56)
	at org.apache.maven.surefire.junitplatform.JUnitPlatformProvider.execute(JUnitPlatformProvider.java:184)
	at org.apache.maven.surefire.junitplatform.JUnitPlatformProvider.invokeAllTests(JUnitPlatformProvider.java:148)
	at org.apache.maven.surefire.junitplatform.JUnitPlatformProvider.invoke(JUnitPlatformProvider.java:122)
	at org.apache.maven.surefire.booter.ForkedBooter.runSuitesInProcess(ForkedBooter.java:385)
	at org.apache.maven.surefire.booter.ForkedBooter.execute(ForkedBooter.java:162)
	at org.apache.maven.surefire.booter.ForkedBooter.run(ForkedBooter.java:507)
	at org.apache.maven.surefire.booter.ForkedBooter.main(ForkedBooter.java:495)
Caused by: org.h2.jdbc.JdbcSQLIntegrityConstraintViolationException: Referential integrity constraint violation: "fk_user_calendars_template: public.user_calendars FOREIGN KEY(template_id) REFERENCES public.calendar_templates(id) (UUID '321211d7-14a0-4d58-a689-ab0a66a6707a')"; SQL statement:
insert into user_calendars (configuration,created,generated_pdf_url,generated_svg,is_public,name,session_id,template_id,updated,user_id,version,"year",id) values (?,?,?,?,?,?,?,?,?,?,?,?,?) [23506-230]
	at org.h2.message.DbException.getJdbcSQLException(DbException.java:520)
	at org.h2.message.DbException.getJdbcSQLException(DbException.java:489)
	at org.h2.message.DbException.get(DbException.java:223)
	at org.h2.message.DbException.get(DbException.java:199)
	at org.h2.constraint.ConstraintReferential.checkRowOwnTable(ConstraintReferential.java:308)
	at org.h2.constraint.ConstraintReferential.checkRow(ConstraintReferential.java:249)
	at org.h2.table.Table.fireConstraints(Table.java:1227)
	at org.h2.table.Table.fireAfterRow(Table.java:1245)
	at org.h2.command.dml.Insert.insertRows(Insert.java:188)
	at org.h2.command.dml.Insert.update(Insert.java:135)
	at org.h2.command.dml.DataChangeStatement.update(DataChangeStatement.java:74)
	at org.h2.command.CommandContainer.update(CommandContainer.java:139)
	at org.h2.command.Command.executeUpdate(Command.java:304)
	at org.h2.command.Command.executeUpdate(Command.java:248)
	at org.h2.jdbc.JdbcPreparedStatement.executeUpdateInternal(JdbcPreparedStatement.java:213)
	at org.h2.jdbc.JdbcPreparedStatement.executeUpdate(JdbcPreparedStatement.java:172)
	at io.agroal.pool.wrapper.PreparedStatementWrapper.executeUpdate(PreparedStatementWrapper.java:90)
	at org.hibernate.engine.jdbc.internal.ResultSetReturnImpl.executeUpdate(ResultSetReturnImpl.java:190)
	... 115 more

[Hibernate] 
    delete 
    from
        calendar_orders co1_0
[Hibernate] 
    delete 
    from
        user_calendars uc1_0
[Hibernate] 
    delete 
    from
        page_views pv1_0
[Hibernate] 
    delete 
    from
        analytics_rollups ar1_0
2025-10-17 04:13:22,289 WARN  [org.hib.orm.jdb.error] (main) HHH000247: ErrorCode: 42102, SQLState: 42S02
2025-10-17 04:13:22,289 WARN  [org.hib.orm.jdb.error] (main) Table "analytics_rollups" not found; SQL statement:
delete from analytics_rollups ar1_0 [42102-230]
[Hibernate] 
    delete 
    from
        delayed_jobs dj1_0
[Hibernate] 
    delete 
    from
        calendar_users cu1_0
[Hibernate] 
    delete 
    from
        calendar_templates ct1_0
[Hibernate] 
    insert 
    into
        calendar_users
        (created, display_name, email, is_admin, last_login_at, oauth_provider, oauth_subject, profile_image_url, updated, version, id) 
    values
        (?, ?, ?, ?, ?, ?, ?, ?, ?, ?, ?)
[Hibernate] 
    insert 
    into
        calendar_templates
        (configuration, created, description, display_order, is_active, is_featured, name, preview_svg, thumbnail_url, updated, version, id) 
    values
        (?, ?, ?, ?, ?, ?, ?, ?, ?, ?, ?, ?)
[Hibernate] 
    insert 
    into
        user_calendars
        (configuration, created, generated_pdf_url, generated_svg, is_public, name, session_id, template_id, updated, user_id, version, "year", id) 
    values
        (?, ?, ?, ?, ?, ?, ?, ?, ?, ?, ?, ?, ?)
2025-10-17 04:13:22,292 WARN  [org.hib.orm.jdb.error] (main) HHH000247: ErrorCode: 23506, SQLState: 23506
2025-10-17 04:13:22,292 WARN  [org.hib.orm.jdb.error] (main) Referential integrity constraint violation: "fk_user_calendars_template: public.user_calendars FOREIGN KEY(template_id) REFERENCES public.calendar_templates(id) (UUID '508e45a0-792b-4bca-baff-beff22a036f8')"; SQL statement:
insert into user_calendars (configuration,created,generated_pdf_url,generated_svg,is_public,name,session_id,template_id,updated,user_id,version,"year",id) values (?,?,?,?,?,?,?,?,?,?,?,?,?) [23506-230]
2025-10-17 04:13:22,292 WARN  [com.arj.ats.arjuna] (main) ARJUNA012125: TwoPhaseCoordinator.beforeCompletion - failed for SynchronizationImple< 0:ffff7f000001:d824:68f1faa0:45e, org.hibernate.resource.transaction.backend.jta.internal.synchronization.RegisteredSynchronization@157834c5 >: org.hibernate.exception.ConstraintViolationException: could not execute statement [Referential integrity constraint violation: "fk_user_calendars_template: public.user_calendars FOREIGN KEY(template_id) REFERENCES public.calendar_templates(id) (UUID '508e45a0-792b-4bca-baff-beff22a036f8')"; SQL statement:
insert into user_calendars (configuration,created,generated_pdf_url,generated_svg,is_public,name,session_id,template_id,updated,user_id,version,"year",id) values (?,?,?,?,?,?,?,?,?,?,?,?,?) [23506-230]] [insert into user_calendars (configuration,created,generated_pdf_url,generated_svg,is_public,name,session_id,template_id,updated,user_id,version,"year",id) values (?,?,?,?,?,?,?,?,?,?,?,?,?)]
	at org.hibernate.dialect.H2Dialect.lambda$buildSQLExceptionConversionDelegate$1(H2Dialect.java:853)
	at org.hibernate.exception.internal.StandardSQLExceptionConverter.convert(StandardSQLExceptionConverter.java:34)
	at org.hibernate.engine.jdbc.spi.SqlExceptionHelper.convert(SqlExceptionHelper.java:115)
	at org.hibernate.engine.jdbc.internal.ResultSetReturnImpl.executeUpdate(ResultSetReturnImpl.java:193)
	at org.hibernate.engine.jdbc.mutation.internal.AbstractMutationExecutor.performNonBatchedMutation(AbstractMutationExecutor.java:148)
	at org.hibernate.engine.jdbc.mutation.internal.MutationExecutorSingleNonBatched.performNonBatchedOperations(MutationExecutorSingleNonBatched.java:53)
	at org.hibernate.engine.jdbc.mutation.internal.AbstractMutationExecutor.execute(AbstractMutationExecutor.java:66)
	at org.hibernate.engine.jdbc.mutation.internal.AbstractMutationExecutor.execute(AbstractMutationExecutor.java:55)
	at org.hibernate.persister.entity.mutation.InsertCoordinatorStandard.doStaticInserts(InsertCoordinatorStandard.java:191)
	at org.hibernate.persister.entity.mutation.InsertCoordinatorStandard.coordinateInsert(InsertCoordinatorStandard.java:129)
	at org.hibernate.persister.entity.mutation.InsertCoordinatorStandard.insert(InsertCoordinatorStandard.java:101)
	at org.hibernate.action.internal.EntityInsertAction.execute(EntityInsertAction.java:113)
	at org.hibernate.engine.spi.ActionQueue.executeActions(ActionQueue.java:646)
	at org.hibernate.engine.spi.ActionQueue.executeActions(ActionQueue.java:513)
	at org.hibernate.event.internal.AbstractFlushingEventListener.performExecutions(AbstractFlushingEventListener.java:378)
	at org.hibernate.event.internal.DefaultFlushEventListener.onFlush(DefaultFlushEventListener.java:39)
	at org.hibernate.event.service.internal.EventListenerGroupImpl.fireEventOnEachListener(EventListenerGroupImpl.java:140)
	at org.hibernate.internal.SessionImpl.doFlush(SessionImpl.java:1443)
	at org.hibernate.internal.SessionImpl.managedFlush(SessionImpl.java:488)
	at org.hibernate.internal.SessionImpl.flushBeforeTransactionCompletion(SessionImpl.java:2321)
	at org.hibernate.internal.SessionImpl.beforeTransactionCompletion(SessionImpl.java:2029)
	at org.hibernate.engine.jdbc.internal.JdbcCoordinatorImpl.beforeTransactionCompletion(JdbcCoordinatorImpl.java:394)
	at org.hibernate.resource.transaction.backend.jta.internal.JtaTransactionCoordinatorImpl.beforeCompletion(JtaTransactionCoordinatorImpl.java:328)
	at org.hibernate.resource.transaction.backend.jta.internal.synchronization.SynchronizationCallbackCoordinatorNonTrackingImpl.beforeCompletion(SynchronizationCallbackCoordinatorNonTrackingImpl.java:39)
	at org.hibernate.resource.transaction.backend.jta.internal.synchronization.RegisteredSynchronization.beforeCompletion(RegisteredSynchronization.java:33)
	at com.arjuna.ats.internal.jta.resources.arjunacore.SynchronizationImple.beforeCompletion(SynchronizationImple.java:52)
	at com.arjuna.ats.arjuna.coordinator.TwoPhaseCoordinator.beforeCompletion(TwoPhaseCoordinator.java:348)
	at com.arjuna.ats.arjuna.coordinator.TwoPhaseCoordinator.end(TwoPhaseCoordinator.java:66)
	at com.arjuna.ats.arjuna.AtomicAction.commit(AtomicAction.java:135)
	at com.arjuna.ats.internal.jta.transaction.arjunacore.TransactionImple.commitAndDisassociate(TransactionImple.java:1307)
	at com.arjuna.ats.internal.jta.transaction.arjunacore.BaseTransaction.commit(BaseTransaction.java:104)
	at io.quarkus.narayana.jta.runtime.NotifyingTransactionManager.commit(NotifyingTransactionManager.java:70)
	at io.quarkus.narayana.jta.runtime.interceptor.TransactionalInterceptorBase.endTransaction(TransactionalInterceptorBase.java:406)
	at io.quarkus.narayana.jta.runtime.interceptor.TransactionalInterceptorBase.invokeInOurTx(TransactionalInterceptorBase.java:175)
	at io.quarkus.narayana.jta.runtime.interceptor.TransactionalInterceptorBase.invokeInOurTx(TransactionalInterceptorBase.java:107)
	at io.quarkus.narayana.jta.runtime.interceptor.TransactionalInterceptorRequired.doIntercept(TransactionalInterceptorRequired.java:38)
	at io.quarkus.narayana.jta.runtime.interceptor.TransactionalInterceptorBase.intercept(TransactionalInterceptorBase.java:61)
	at io.quarkus.narayana.jta.runtime.interceptor.TransactionalInterceptorRequired.intercept(TransactionalInterceptorRequired.java:32)
	at io.quarkus.narayana.jta.runtime.interceptor.TransactionalInterceptorRequired_Bean.intercept(Unknown Source)
	at io.quarkus.arc.impl.InterceptorInvocation.invoke(InterceptorInvocation.java:42)
	at io.quarkus.arc.impl.AroundInvokeInvocationContext.perform(AroundInvokeInvocationContext.java:30)
	at io.quarkus.arc.impl.InvocationContexts.performAroundInvoke(InvocationContexts.java:27)
	at villagecompute.calendar.data.models.UserCalendarTest_Subclass.testRelationships_ManyToOneUser(Unknown Source)
	at java.base/jdk.internal.reflect.DirectMethodHandleAccessor.invoke(DirectMethodHandleAccessor.java:103)
	at java.base/java.lang.reflect.Method.invoke(Method.java:580)
	at io.quarkus.test.junit.QuarkusTestExtension.runExtensionMethod(QuarkusTestExtension.java:1000)
	at io.quarkus.test.junit.QuarkusTestExtension.interceptTestMethod(QuarkusTestExtension.java:848)
	at org.junit.jupiter.engine.execution.InterceptingExecutableInvoker$ReflectiveInterceptorCall.lambda$ofVoidMethod$0(InterceptingExecutableInvoker.java:112)
	at org.junit.jupiter.engine.execution.InterceptingExecutableInvoker.lambda$invoke$0(InterceptingExecutableInvoker.java:94)
	at org.junit.jupiter.engine.execution.InvocationInterceptorChain$InterceptedInvocation.proceed(InvocationInterceptorChain.java:106)
	at org.junit.jupiter.engine.extension.TimeoutExtension.intercept(TimeoutExtension.java:161)
	at org.junit.jupiter.engine.extension.TimeoutExtension.interceptTestableMethod(TimeoutExtension.java:152)
	at org.junit.jupiter.engine.extension.TimeoutExtension.interceptTestMethod(TimeoutExtension.java:91)
	at org.junit.jupiter.engine.execution.InterceptingExecutableInvoker$ReflectiveInterceptorCall.lambda$ofVoidMethod$0(InterceptingExecutableInvoker.java:112)
	at org.junit.jupiter.engine.execution.InterceptingExecutableInvoker.lambda$invoke$0(InterceptingExecutableInvoker.java:94)
	at org.junit.jupiter.engine.execution.InvocationInterceptorChain$InterceptedInvocation.proceed(InvocationInterceptorChain.java:106)
	at org.junit.jupiter.engine.execution.InvocationInterceptorChain.proceed(InvocationInterceptorChain.java:64)
	at org.junit.jupiter.engine.execution.InvocationInterceptorChain.chainAndInvoke(InvocationInterceptorChain.java:45)
	at org.junit.jupiter.engine.execution.InvocationInterceptorChain.invoke(InvocationInterceptorChain.java:37)
	at org.junit.jupiter.engine.execution.InterceptingExecutableInvoker.invoke(InterceptingExecutableInvoker.java:93)
	at org.junit.jupiter.engine.execution.InterceptingExecutableInvoker.invoke(InterceptingExecutableInvoker.java:87)
	at org.junit.jupiter.engine.descriptor.TestMethodTestDescriptor.lambda$invokeTestMethod$4(TestMethodTestDescriptor.java:221)
	at org.junit.platform.engine.support.hierarchical.ThrowableCollector.execute(ThrowableCollector.java:73)
	at org.junit.jupiter.engine.descriptor.TestMethodTestDescriptor.invokeTestMethod(TestMethodTestDescriptor.java:217)
	at org.junit.jupiter.engine.descriptor.TestMethodTestDescriptor.execute(TestMethodTestDescriptor.java:159)
	at org.junit.jupiter.engine.descriptor.TestMethodTestDescriptor.execute(TestMethodTestDescriptor.java:70)
	at org.junit.platform.engine.support.hierarchical.NodeTestTask.lambda$executeRecursively$6(NodeTestTask.java:157)
	at org.junit.platform.engine.support.hierarchical.ThrowableCollector.execute(ThrowableCollector.java:73)
	at org.junit.platform.engine.support.hierarchical.NodeTestTask.lambda$executeRecursively$8(NodeTestTask.java:147)
	at org.junit.platform.engine.support.hierarchical.Node.around(Node.java:137)
	at org.junit.platform.engine.support.hierarchical.NodeTestTask.lambda$executeRecursively$9(NodeTestTask.java:145)
	at org.junit.platform.engine.support.hierarchical.ThrowableCollector.execute(ThrowableCollector.java:73)
	at org.junit.platform.engine.support.hierarchical.NodeTestTask.executeRecursively(NodeTestTask.java:144)
	at org.junit.platform.engine.support.hierarchical.NodeTestTask.execute(NodeTestTask.java:101)
	at java.base/java.util.ArrayList.forEach(ArrayList.java:1596)
	at org.junit.platform.engine.support.hierarchical.SameThreadHierarchicalTestExecutorService.invokeAll(SameThreadHierarchicalTestExecutorService.java:41)
	at org.junit.platform.engine.support.hierarchical.NodeTestTask.lambda$executeRecursively$6(NodeTestTask.java:161)
	at org.junit.platform.engine.support.hierarchical.ThrowableCollector.execute(ThrowableCollector.java:73)
	at org.junit.platform.engine.support.hierarchical.NodeTestTask.lambda$executeRecursively$8(NodeTestTask.java:147)
	at org.junit.platform.engine.support.hierarchical.Node.around(Node.java:137)
	at org.junit.platform.engine.support.hierarchical.NodeTestTask.lambda$executeRecursively$9(NodeTestTask.java:145)
	at org.junit.platform.engine.support.hierarchical.ThrowableCollector.execute(ThrowableCollector.java:73)
	at org.junit.platform.engine.support.hierarchical.NodeTestTask.executeRecursively(NodeTestTask.java:144)
	at org.junit.platform.engine.support.hierarchical.NodeTestTask.execute(NodeTestTask.java:101)
	at java.base/java.util.ArrayList.forEach(ArrayList.java:1596)
	at org.junit.platform.engine.support.hierarchical.SameThreadHierarchicalTestExecutorService.invokeAll(SameThreadHierarchicalTestExecutorService.java:41)
	at org.junit.platform.engine.support.hierarchical.NodeTestTask.lambda$executeRecursively$6(NodeTestTask.java:161)
	at org.junit.platform.engine.support.hierarchical.ThrowableCollector.execute(ThrowableCollector.java:73)
	at org.junit.platform.engine.support.hierarchical.NodeTestTask.lambda$executeRecursively$8(NodeTestTask.java:147)
	at org.junit.platform.engine.support.hierarchical.Node.around(Node.java:137)
	at org.junit.platform.engine.support.hierarchical.NodeTestTask.lambda$executeRecursively$9(NodeTestTask.java:145)
	at org.junit.platform.engine.support.hierarchical.ThrowableCollector.execute(ThrowableCollector.java:73)
	at org.junit.platform.engine.support.hierarchical.NodeTestTask.executeRecursively(NodeTestTask.java:144)
	at org.junit.platform.engine.support.hierarchical.NodeTestTask.execute(NodeTestTask.java:101)
	at org.junit.platform.engine.support.hierarchical.SameThreadHierarchicalTestExecutorService.submit(SameThreadHierarchicalTestExecutorService.java:35)
	at org.junit.platform.engine.support.hierarchical.HierarchicalTestExecutor.execute(HierarchicalTestExecutor.java:57)
	at org.junit.platform.engine.support.hierarchical.HierarchicalTestEngine.execute(HierarchicalTestEngine.java:54)
	at org.junit.platform.launcher.core.EngineExecutionOrchestrator.executeEngine(EngineExecutionOrchestrator.java:230)
	at org.junit.platform.launcher.core.EngineExecutionOrchestrator.failOrExecuteEngine(EngineExecutionOrchestrator.java:204)
	at org.junit.platform.launcher.core.EngineExecutionOrchestrator.execute(EngineExecutionOrchestrator.java:172)
	at org.junit.platform.launcher.core.EngineExecutionOrchestrator.execute(EngineExecutionOrchestrator.java:101)
	at org.junit.platform.launcher.core.EngineExecutionOrchestrator.lambda$execute$0(EngineExecutionOrchestrator.java:64)
	at org.junit.platform.launcher.core.EngineExecutionOrchestrator.withInterceptedStreams(EngineExecutionOrchestrator.java:150)
	at org.junit.platform.launcher.core.EngineExecutionOrchestrator.execute(EngineExecutionOrchestrator.java:63)
	at org.junit.platform.launcher.core.DefaultLauncher.execute(DefaultLauncher.java:109)
	at org.junit.platform.launcher.core.DefaultLauncher.execute(DefaultLauncher.java:91)
	at org.junit.platform.launcher.core.DelegatingLauncher.execute(DelegatingLauncher.java:47)
	at org.junit.platform.launcher.core.InterceptingLauncher.lambda$execute$1(InterceptingLauncher.java:39)
	at org.junit.platform.launcher.core.ClasspathAlignmentCheckingLauncherInterceptor.intercept(ClasspathAlignmentCheckingLauncherInterceptor.java:25)
	at org.junit.platform.launcher.core.InterceptingLauncher.execute(InterceptingLauncher.java:38)
	at org.junit.platform.launcher.core.DelegatingLauncher.execute(DelegatingLauncher.java:47)
	at org.apache.maven.surefire.junitplatform.LazyLauncher.execute(LazyLauncher.java:56)
	at org.apache.maven.surefire.junitplatform.JUnitPlatformProvider.execute(JUnitPlatformProvider.java:184)
	at org.apache.maven.surefire.junitplatform.JUnitPlatformProvider.invokeAllTests(JUnitPlatformProvider.java:148)
	at org.apache.maven.surefire.junitplatform.JUnitPlatformProvider.invoke(JUnitPlatformProvider.java:122)
	at org.apache.maven.surefire.booter.ForkedBooter.runSuitesInProcess(ForkedBooter.java:385)
	at org.apache.maven.surefire.booter.ForkedBooter.execute(ForkedBooter.java:162)
	at org.apache.maven.surefire.booter.ForkedBooter.run(ForkedBooter.java:507)
	at org.apache.maven.surefire.booter.ForkedBooter.main(ForkedBooter.java:495)
Caused by: org.h2.jdbc.JdbcSQLIntegrityConstraintViolationException: Referential integrity constraint violation: "fk_user_calendars_template: public.user_calendars FOREIGN KEY(template_id) REFERENCES public.calendar_templates(id) (UUID '508e45a0-792b-4bca-baff-beff22a036f8')"; SQL statement:
insert into user_calendars (configuration,created,generated_pdf_url,generated_svg,is_public,name,session_id,template_id,updated,user_id,version,"year",id) values (?,?,?,?,?,?,?,?,?,?,?,?,?) [23506-230]
	at org.h2.message.DbException.getJdbcSQLException(DbException.java:520)
	at org.h2.message.DbException.getJdbcSQLException(DbException.java:489)
	at org.h2.message.DbException.get(DbException.java:223)
	at org.h2.message.DbException.get(DbException.java:199)
	at org.h2.constraint.ConstraintReferential.checkRowOwnTable(ConstraintReferential.java:308)
	at org.h2.constraint.ConstraintReferential.checkRow(ConstraintReferential.java:249)
	at org.h2.table.Table.fireConstraints(Table.java:1227)
	at org.h2.table.Table.fireAfterRow(Table.java:1245)
	at org.h2.command.dml.Insert.insertRows(Insert.java:188)
	at org.h2.command.dml.Insert.update(Insert.java:135)
	at org.h2.command.dml.DataChangeStatement.update(DataChangeStatement.java:74)
	at org.h2.command.CommandContainer.update(CommandContainer.java:139)
	at org.h2.command.Command.executeUpdate(Command.java:304)
	at org.h2.command.Command.executeUpdate(Command.java:248)
	at org.h2.jdbc.JdbcPreparedStatement.executeUpdateInternal(JdbcPreparedStatement.java:213)
	at org.h2.jdbc.JdbcPreparedStatement.executeUpdate(JdbcPreparedStatement.java:172)
	at io.agroal.pool.wrapper.PreparedStatementWrapper.executeUpdate(PreparedStatementWrapper.java:90)
	at org.hibernate.engine.jdbc.internal.ResultSetReturnImpl.executeUpdate(ResultSetReturnImpl.java:190)
	... 115 more

[Hibernate] 
    delete 
    from
        calendar_orders co1_0
[Hibernate] 
    delete 
    from
        user_calendars uc1_0
[Hibernate] 
    delete 
    from
        page_views pv1_0
[Hibernate] 
    delete 
    from
        analytics_rollups ar1_0
2025-10-17 04:13:22,294 WARN  [org.hib.orm.jdb.error] (main) HHH000247: ErrorCode: 42102, SQLState: 42S02
2025-10-17 04:13:22,294 WARN  [org.hib.orm.jdb.error] (main) Table "analytics_rollups" not found; SQL statement:
delete from analytics_rollups ar1_0 [42102-230]
[Hibernate] 
    delete 
    from
        delayed_jobs dj1_0
[Hibernate] 
    delete 
    from
        calendar_users cu1_0
[Hibernate] 
    delete 
    from
        calendar_templates ct1_0
[Hibernate] 
    insert 
    into
        calendar_users
        (created, display_name, email, is_admin, last_login_at, oauth_provider, oauth_subject, profile_image_url, updated, version, id) 
    values
        (?, ?, ?, ?, ?, ?, ?, ?, ?, ?, ?)
[Hibernate] 
    insert 
    into
        calendar_templates
        (configuration, created, description, display_order, is_active, is_featured, name, preview_svg, thumbnail_url, updated, version, id) 
    values
        (?, ?, ?, ?, ?, ?, ?, ?, ?, ?, ?, ?)
[Hibernate] 
    delete 
    from
        calendar_orders co1_0
[Hibernate] 
    delete 
    from
        user_calendars uc1_0
[Hibernate] 
    delete 
    from
        page_views pv1_0
[Hibernate] 
    delete 
    from
        analytics_rollups ar1_0
2025-10-17 04:13:22,297 WARN  [org.hib.orm.jdb.error] (main) HHH000247: ErrorCode: 42102, SQLState: 42S02
2025-10-17 04:13:22,297 WARN  [org.hib.orm.jdb.error] (main) Table "analytics_rollups" not found; SQL statement:
delete from analytics_rollups ar1_0 [42102-230]
[Hibernate] 
    delete 
    from
        delayed_jobs dj1_0
[Hibernate] 
    delete 
    from
        calendar_users cu1_0
[Hibernate] 
    delete 
    from
        calendar_templates ct1_0
[Hibernate] 
    insert 
    into
        calendar_users
        (created, display_name, email, is_admin, last_login_at, oauth_provider, oauth_subject, profile_image_url, updated, version, id) 
    values
        (?, ?, ?, ?, ?, ?, ?, ?, ?, ?, ?)
[Hibernate] 
    insert 
    into
        calendar_templates
        (configuration, created, description, display_order, is_active, is_featured, name, preview_svg, thumbnail_url, updated, version, id) 
    values
        (?, ?, ?, ?, ?, ?, ?, ?, ?, ?, ?, ?)
[Hibernate] 
    insert 
    into
        user_calendars
        (configuration, created, generated_pdf_url, generated_svg, is_public, name, session_id, template_id, updated, user_id, version, "year", id) 
    values
        (?, ?, ?, ?, ?, ?, ?, ?, ?, ?, ?, ?, ?)
2025-10-17 04:13:22,299 WARN  [org.hib.orm.jdb.error] (main) HHH000247: ErrorCode: 23506, SQLState: 23506
2025-10-17 04:13:22,299 WARN  [org.hib.orm.jdb.error] (main) Referential integrity constraint violation: "fk_user_calendars_template: public.user_calendars FOREIGN KEY(template_id) REFERENCES public.calendar_templates(id) (UUID 'b3776472-ffe4-489f-b850-267e8c68eeb2')"; SQL statement:
insert into user_calendars (configuration,created,generated_pdf_url,generated_svg,is_public,name,session_id,template_id,updated,user_id,version,"year",id) values (?,?,?,?,?,?,?,?,?,?,?,?,?) [23506-230]
2025-10-17 04:13:22,299 WARN  [com.arj.ats.arjuna] (main) ARJUNA012125: TwoPhaseCoordinator.beforeCompletion - failed for SynchronizationImple< 0:ffff7f000001:d824:68f1faa0:472, org.hibernate.resource.transaction.backend.jta.internal.synchronization.RegisteredSynchronization@28f223ea >: org.hibernate.exception.ConstraintViolationException: could not execute statement [Referential integrity constraint violation: "fk_user_calendars_template: public.user_calendars FOREIGN KEY(template_id) REFERENCES public.calendar_templates(id) (UUID 'b3776472-ffe4-489f-b850-267e8c68eeb2')"; SQL statement:
insert into user_calendars (configuration,created,generated_pdf_url,generated_svg,is_public,name,session_id,template_id,updated,user_id,version,"year",id) values (?,?,?,?,?,?,?,?,?,?,?,?,?) [23506-230]] [insert into user_calendars (configuration,created,generated_pdf_url,generated_svg,is_public,name,session_id,template_id,updated,user_id,version,"year",id) values (?,?,?,?,?,?,?,?,?,?,?,?,?)]
	at org.hibernate.dialect.H2Dialect.lambda$buildSQLExceptionConversionDelegate$1(H2Dialect.java:853)
	at org.hibernate.exception.internal.StandardSQLExceptionConverter.convert(StandardSQLExceptionConverter.java:34)
	at org.hibernate.engine.jdbc.spi.SqlExceptionHelper.convert(SqlExceptionHelper.java:115)
	at org.hibernate.engine.jdbc.internal.ResultSetReturnImpl.executeUpdate(ResultSetReturnImpl.java:193)
	at org.hibernate.engine.jdbc.mutation.internal.AbstractMutationExecutor.performNonBatchedMutation(AbstractMutationExecutor.java:148)
	at org.hibernate.engine.jdbc.mutation.internal.MutationExecutorSingleNonBatched.performNonBatchedOperations(MutationExecutorSingleNonBatched.java:53)
	at org.hibernate.engine.jdbc.mutation.internal.AbstractMutationExecutor.execute(AbstractMutationExecutor.java:66)
	at org.hibernate.engine.jdbc.mutation.internal.AbstractMutationExecutor.execute(AbstractMutationExecutor.java:55)
	at org.hibernate.persister.entity.mutation.InsertCoordinatorStandard.doStaticInserts(InsertCoordinatorStandard.java:191)
	at org.hibernate.persister.entity.mutation.InsertCoordinatorStandard.coordinateInsert(InsertCoordinatorStandard.java:129)
	at org.hibernate.persister.entity.mutation.InsertCoordinatorStandard.insert(InsertCoordinatorStandard.java:101)
	at org.hibernate.action.internal.EntityInsertAction.execute(EntityInsertAction.java:113)
	at org.hibernate.engine.spi.ActionQueue.executeActions(ActionQueue.java:646)
	at org.hibernate.engine.spi.ActionQueue.executeActions(ActionQueue.java:513)
	at org.hibernate.event.internal.AbstractFlushingEventListener.performExecutions(AbstractFlushingEventListener.java:378)
	at org.hibernate.event.internal.DefaultFlushEventListener.onFlush(DefaultFlushEventListener.java:39)
	at org.hibernate.event.service.internal.EventListenerGroupImpl.fireEventOnEachListener(EventListenerGroupImpl.java:140)
	at org.hibernate.internal.SessionImpl.doFlush(SessionImpl.java:1443)
	at org.hibernate.internal.SessionImpl.managedFlush(SessionImpl.java:488)
	at org.hibernate.internal.SessionImpl.flushBeforeTransactionCompletion(SessionImpl.java:2321)
	at org.hibernate.internal.SessionImpl.beforeTransactionCompletion(SessionImpl.java:2029)
	at org.hibernate.engine.jdbc.internal.JdbcCoordinatorImpl.beforeTransactionCompletion(JdbcCoordinatorImpl.java:394)
	at org.hibernate.resource.transaction.backend.jta.internal.JtaTransactionCoordinatorImpl.beforeCompletion(JtaTransactionCoordinatorImpl.java:328)
	at org.hibernate.resource.transaction.backend.jta.internal.synchronization.SynchronizationCallbackCoordinatorNonTrackingImpl.beforeCompletion(SynchronizationCallbackCoordinatorNonTrackingImpl.java:39)
	at org.hibernate.resource.transaction.backend.jta.internal.synchronization.RegisteredSynchronization.beforeCompletion(RegisteredSynchronization.java:33)
	at com.arjuna.ats.internal.jta.resources.arjunacore.SynchronizationImple.beforeCompletion(SynchronizationImple.java:52)
	at com.arjuna.ats.arjuna.coordinator.TwoPhaseCoordinator.beforeCompletion(TwoPhaseCoordinator.java:348)
	at com.arjuna.ats.arjuna.coordinator.TwoPhaseCoordinator.end(TwoPhaseCoordinator.java:66)
	at com.arjuna.ats.arjuna.AtomicAction.commit(AtomicAction.java:135)
	at com.arjuna.ats.internal.jta.transaction.arjunacore.TransactionImple.commitAndDisassociate(TransactionImple.java:1307)
	at com.arjuna.ats.internal.jta.transaction.arjunacore.BaseTransaction.commit(BaseTransaction.java:104)
	at io.quarkus.narayana.jta.runtime.NotifyingTransactionManager.commit(NotifyingTransactionManager.java:70)
	at io.quarkus.narayana.jta.runtime.interceptor.TransactionalInterceptorBase.endTransaction(TransactionalInterceptorBase.java:406)
	at io.quarkus.narayana.jta.runtime.interceptor.TransactionalInterceptorBase.invokeInOurTx(TransactionalInterceptorBase.java:175)
	at io.quarkus.narayana.jta.runtime.interceptor.TransactionalInterceptorBase.invokeInOurTx(TransactionalInterceptorBase.java:107)
	at io.quarkus.narayana.jta.runtime.interceptor.TransactionalInterceptorRequired.doIntercept(TransactionalInterceptorRequired.java:38)
	at io.quarkus.narayana.jta.runtime.interceptor.TransactionalInterceptorBase.intercept(TransactionalInterceptorBase.java:61)
	at io.quarkus.narayana.jta.runtime.interceptor.TransactionalInterceptorRequired.intercept(TransactionalInterceptorRequired.java:32)
	at io.quarkus.narayana.jta.runtime.interceptor.TransactionalInterceptorRequired_Bean.intercept(Unknown Source)
	at io.quarkus.arc.impl.InterceptorInvocation.invoke(InterceptorInvocation.java:42)
	at io.quarkus.arc.impl.AroundInvokeInvocationContext.perform(AroundInvokeInvocationContext.java:30)
	at io.quarkus.arc.impl.InvocationContexts.performAroundInvoke(InvocationContexts.java:27)
	at villagecompute.calendar.data.models.UserCalendarTest_Subclass.testJsonbSerialization_NullJson(Unknown Source)
	at java.base/jdk.internal.reflect.DirectMethodHandleAccessor.invoke(DirectMethodHandleAccessor.java:103)
	at java.base/java.lang.reflect.Method.invoke(Method.java:580)
	at io.quarkus.test.junit.QuarkusTestExtension.runExtensionMethod(QuarkusTestExtension.java:1000)
	at io.quarkus.test.junit.QuarkusTestExtension.interceptTestMethod(QuarkusTestExtension.java:848)
	at org.junit.jupiter.engine.execution.InterceptingExecutableInvoker$ReflectiveInterceptorCall.lambda$ofVoidMethod$0(InterceptingExecutableInvoker.java:112)
	at org.junit.jupiter.engine.execution.InterceptingExecutableInvoker.lambda$invoke$0(InterceptingExecutableInvoker.java:94)
	at org.junit.jupiter.engine.execution.InvocationInterceptorChain$InterceptedInvocation.proceed(InvocationInterceptorChain.java:106)
	at org.junit.jupiter.engine.extension.TimeoutExtension.intercept(TimeoutExtension.java:161)
	at org.junit.jupiter.engine.extension.TimeoutExtension.interceptTestableMethod(TimeoutExtension.java:152)
	at org.junit.jupiter.engine.extension.TimeoutExtension.interceptTestMethod(TimeoutExtension.java:91)
	at org.junit.jupiter.engine.execution.InterceptingExecutableInvoker$ReflectiveInterceptorCall.lambda$ofVoidMethod$0(InterceptingExecutableInvoker.java:112)
	at org.junit.jupiter.engine.execution.InterceptingExecutableInvoker.lambda$invoke$0(InterceptingExecutableInvoker.java:94)
	at org.junit.jupiter.engine.execution.InvocationInterceptorChain$InterceptedInvocation.proceed(InvocationInterceptorChain.java:106)
	at org.junit.jupiter.engine.execution.InvocationInterceptorChain.proceed(InvocationInterceptorChain.java:64)
	at org.junit.jupiter.engine.execution.InvocationInterceptorChain.chainAndInvoke(InvocationInterceptorChain.java:45)
	at org.junit.jupiter.engine.execution.InvocationInterceptorChain.invoke(InvocationInterceptorChain.java:37)
	at org.junit.jupiter.engine.execution.InterceptingExecutableInvoker.invoke(InterceptingExecutableInvoker.java:93)
	at org.junit.jupiter.engine.execution.InterceptingExecutableInvoker.invoke(InterceptingExecutableInvoker.java:87)
	at org.junit.jupiter.engine.descriptor.TestMethodTestDescriptor.lambda$invokeTestMethod$4(TestMethodTestDescriptor.java:221)
	at org.junit.platform.engine.support.hierarchical.ThrowableCollector.execute(ThrowableCollector.java:73)
	at org.junit.jupiter.engine.descriptor.TestMethodTestDescriptor.invokeTestMethod(TestMethodTestDescriptor.java:217)
	at org.junit.jupiter.engine.descriptor.TestMethodTestDescriptor.execute(TestMethodTestDescriptor.java:159)
	at org.junit.jupiter.engine.descriptor.TestMethodTestDescriptor.execute(TestMethodTestDescriptor.java:70)
	at org.junit.platform.engine.support.hierarchical.NodeTestTask.lambda$executeRecursively$6(NodeTestTask.java:157)
	at org.junit.platform.engine.support.hierarchical.ThrowableCollector.execute(ThrowableCollector.java:73)
	at org.junit.platform.engine.support.hierarchical.NodeTestTask.lambda$executeRecursively$8(NodeTestTask.java:147)
	at org.junit.platform.engine.support.hierarchical.Node.around(Node.java:137)
	at org.junit.platform.engine.support.hierarchical.NodeTestTask.lambda$executeRecursively$9(NodeTestTask.java:145)
	at org.junit.platform.engine.support.hierarchical.ThrowableCollector.execute(ThrowableCollector.java:73)
	at org.junit.platform.engine.support.hierarchical.NodeTestTask.executeRecursively(NodeTestTask.java:144)
	at org.junit.platform.engine.support.hierarchical.NodeTestTask.execute(NodeTestTask.java:101)
	at java.base/java.util.ArrayList.forEach(ArrayList.java:1596)
	at org.junit.platform.engine.support.hierarchical.SameThreadHierarchicalTestExecutorService.invokeAll(SameThreadHierarchicalTestExecutorService.java:41)
	at org.junit.platform.engine.support.hierarchical.NodeTestTask.lambda$executeRecursively$6(NodeTestTask.java:161)
	at org.junit.platform.engine.support.hierarchical.ThrowableCollector.execute(ThrowableCollector.java:73)
	at org.junit.platform.engine.support.hierarchical.NodeTestTask.lambda$executeRecursively$8(NodeTestTask.java:147)
	at org.junit.platform.engine.support.hierarchical.Node.around(Node.java:137)
	at org.junit.platform.engine.support.hierarchical.NodeTestTask.lambda$executeRecursively$9(NodeTestTask.java:145)
	at org.junit.platform.engine.support.hierarchical.ThrowableCollector.execute(ThrowableCollector.java:73)
	at org.junit.platform.engine.support.hierarchical.NodeTestTask.executeRecursively(NodeTestTask.java:144)
	at org.junit.platform.engine.support.hierarchical.NodeTestTask.execute(NodeTestTask.java:101)
	at java.base/java.util.ArrayList.forEach(ArrayList.java:1596)
	at org.junit.platform.engine.support.hierarchical.SameThreadHierarchicalTestExecutorService.invokeAll(SameThreadHierarchicalTestExecutorService.java:41)
	at org.junit.platform.engine.support.hierarchical.NodeTestTask.lambda$executeRecursively$6(NodeTestTask.java:161)
	at org.junit.platform.engine.support.hierarchical.ThrowableCollector.execute(ThrowableCollector.java:73)
	at org.junit.platform.engine.support.hierarchical.NodeTestTask.lambda$executeRecursively$8(NodeTestTask.java:147)
	at org.junit.platform.engine.support.hierarchical.Node.around(Node.java:137)
	at org.junit.platform.engine.support.hierarchical.NodeTestTask.lambda$executeRecursively$9(NodeTestTask.java:145)
	at org.junit.platform.engine.support.hierarchical.ThrowableCollector.execute(ThrowableCollector.java:73)
	at org.junit.platform.engine.support.hierarchical.NodeTestTask.executeRecursively(NodeTestTask.java:144)
	at org.junit.platform.engine.support.hierarchical.NodeTestTask.execute(NodeTestTask.java:101)
	at org.junit.platform.engine.support.hierarchical.SameThreadHierarchicalTestExecutorService.submit(SameThreadHierarchicalTestExecutorService.java:35)
	at org.junit.platform.engine.support.hierarchical.HierarchicalTestExecutor.execute(HierarchicalTestExecutor.java:57)
	at org.junit.platform.engine.support.hierarchical.HierarchicalTestEngine.execute(HierarchicalTestEngine.java:54)
	at org.junit.platform.launcher.core.EngineExecutionOrchestrator.executeEngine(EngineExecutionOrchestrator.java:230)
	at org.junit.platform.launcher.core.EngineExecutionOrchestrator.failOrExecuteEngine(EngineExecutionOrchestrator.java:204)
	at org.junit.platform.launcher.core.EngineExecutionOrchestrator.execute(EngineExecutionOrchestrator.java:172)
	at org.junit.platform.launcher.core.EngineExecutionOrchestrator.execute(EngineExecutionOrchestrator.java:101)
	at org.junit.platform.launcher.core.EngineExecutionOrchestrator.lambda$execute$0(EngineExecutionOrchestrator.java:64)
	at org.junit.platform.launcher.core.EngineExecutionOrchestrator.withInterceptedStreams(EngineExecutionOrchestrator.java:150)
	at org.junit.platform.launcher.core.EngineExecutionOrchestrator.execute(EngineExecutionOrchestrator.java:63)
	at org.junit.platform.launcher.core.DefaultLauncher.execute(DefaultLauncher.java:109)
	at org.junit.platform.launcher.core.DefaultLauncher.execute(DefaultLauncher.java:91)
	at org.junit.platform.launcher.core.DelegatingLauncher.execute(DelegatingLauncher.java:47)
	at org.junit.platform.launcher.core.InterceptingLauncher.lambda$execute$1(InterceptingLauncher.java:39)
	at org.junit.platform.launcher.core.ClasspathAlignmentCheckingLauncherInterceptor.intercept(ClasspathAlignmentCheckingLauncherInterceptor.java:25)
	at org.junit.platform.launcher.core.InterceptingLauncher.execute(InterceptingLauncher.java:38)
	at org.junit.platform.launcher.core.DelegatingLauncher.execute(DelegatingLauncher.java:47)
	at org.apache.maven.surefire.junitplatform.LazyLauncher.execute(LazyLauncher.java:56)
	at org.apache.maven.surefire.junitplatform.JUnitPlatformProvider.execute(JUnitPlatformProvider.java:184)
	at org.apache.maven.surefire.junitplatform.JUnitPlatformProvider.invokeAllTests(JUnitPlatformProvider.java:148)
	at org.apache.maven.surefire.junitplatform.JUnitPlatformProvider.invoke(JUnitPlatformProvider.java:122)
	at org.apache.maven.surefire.booter.ForkedBooter.runSuitesInProcess(ForkedBooter.java:385)
	at org.apache.maven.surefire.booter.ForkedBooter.execute(ForkedBooter.java:162)
	at org.apache.maven.surefire.booter.ForkedBooter.run(ForkedBooter.java:507)
	at org.apache.maven.surefire.booter.ForkedBooter.main(ForkedBooter.java:495)
Caused by: org.h2.jdbc.JdbcSQLIntegrityConstraintViolationException: Referential integrity constraint violation: "fk_user_calendars_template: public.user_calendars FOREIGN KEY(template_id) REFERENCES public.calendar_templates(id) (UUID 'b3776472-ffe4-489f-b850-267e8c68eeb2')"; SQL statement:
insert into user_calendars (configuration,created,generated_pdf_url,generated_svg,is_public,name,session_id,template_id,updated,user_id,version,"year",id) values (?,?,?,?,?,?,?,?,?,?,?,?,?) [23506-230]
	at org.h2.message.DbException.getJdbcSQLException(DbException.java:520)
	at org.h2.message.DbException.getJdbcSQLException(DbException.java:489)
	at org.h2.message.DbException.get(DbException.java:223)
	at org.h2.message.DbException.get(DbException.java:199)
	at org.h2.constraint.ConstraintReferential.checkRowOwnTable(ConstraintReferential.java:308)
	at org.h2.constraint.ConstraintReferential.checkRow(ConstraintReferential.java:249)
	at org.h2.table.Table.fireConstraints(Table.java:1227)
	at org.h2.table.Table.fireAfterRow(Table.java:1245)
	at org.h2.command.dml.Insert.insertRows(Insert.java:188)
	at org.h2.command.dml.Insert.update(Insert.java:135)
	at org.h2.command.dml.DataChangeStatement.update(DataChangeStatement.java:74)
	at org.h2.command.CommandContainer.update(CommandContainer.java:139)
	at org.h2.command.Command.executeUpdate(Command.java:304)
	at org.h2.command.Command.executeUpdate(Command.java:248)
	at org.h2.jdbc.JdbcPreparedStatement.executeUpdateInternal(JdbcPreparedStatement.java:213)
	at org.h2.jdbc.JdbcPreparedStatement.executeUpdate(JdbcPreparedStatement.java:172)
	at io.agroal.pool.wrapper.PreparedStatementWrapper.executeUpdate(PreparedStatementWrapper.java:90)
	at org.hibernate.engine.jdbc.internal.ResultSetReturnImpl.executeUpdate(ResultSetReturnImpl.java:190)
	... 115 more

[Hibernate] 
    delete 
    from
        calendar_orders co1_0
[Hibernate] 
    delete 
    from
        user_calendars uc1_0
[Hibernate] 
    delete 
    from
        page_views pv1_0
[Hibernate] 
    delete 
    from
        analytics_rollups ar1_0
2025-10-17 04:13:22,301 WARN  [org.hib.orm.jdb.error] (main) HHH000247: ErrorCode: 42102, SQLState: 42S02
2025-10-17 04:13:22,301 WARN  [org.hib.orm.jdb.error] (main) Table "analytics_rollups" not found; SQL statement:
delete from analytics_rollups ar1_0 [42102-230]
[Hibernate] 
    delete 
    from
        delayed_jobs dj1_0
[Hibernate] 
    delete 
    from
        calendar_users cu1_0
[Hibernate] 
    delete 
    from
        calendar_templates ct1_0
[Hibernate] 
    insert 
    into
        calendar_users
        (created, display_name, email, is_admin, last_login_at, oauth_provider, oauth_subject, profile_image_url, updated, version, id) 
    values
        (?, ?, ?, ?, ?, ?, ?, ?, ?, ?, ?)
[Hibernate] 
    insert 
    into
        calendar_templates
        (configuration, created, description, display_order, is_active, is_featured, name, preview_svg, thumbnail_url, updated, version, id) 
    values
        (?, ?, ?, ?, ?, ?, ?, ?, ?, ?, ?, ?)
[Hibernate] 
    delete 
    from
        calendar_orders co1_0
[Hibernate] 
    delete 
    from
        user_calendars uc1_0
[Hibernate] 
    delete 
    from
        page_views pv1_0
[Hibernate] 
    delete 
    from
        analytics_rollups ar1_0
2025-10-17 04:13:22,305 WARN  [org.hib.orm.jdb.error] (main) HHH000247: ErrorCode: 42102, SQLState: 42S02
2025-10-17 04:13:22,305 WARN  [org.hib.orm.jdb.error] (main) Table "analytics_rollups" not found; SQL statement:
delete from analytics_rollups ar1_0 [42102-230]
[Hibernate] 
    delete 
    from
        delayed_jobs dj1_0
[Hibernate] 
    delete 
    from
        calendar_users cu1_0
[Hibernate] 
    delete 
    from
        calendar_templates ct1_0
[Hibernate] 
    insert 
    into
        calendar_users
        (created, display_name, email, is_admin, last_login_at, oauth_provider, oauth_subject, profile_image_url, updated, version, id) 
    values
        (?, ?, ?, ?, ?, ?, ?, ?, ?, ?, ?)
[Hibernate] 
    insert 
    into
        calendar_templates
        (configuration, created, description, display_order, is_active, is_featured, name, preview_svg, thumbnail_url, updated, version, id) 
    values
        (?, ?, ?, ?, ?, ?, ?, ?, ?, ?, ?, ?)
[Hibernate] 
    insert 
    into
        user_calendars
        (configuration, created, generated_pdf_url, generated_svg, is_public, name, session_id, template_id, updated, user_id, version, "year", id) 
    values
        (?, ?, ?, ?, ?, ?, ?, ?, ?, ?, ?, ?, ?)
2025-10-17 04:13:22,309 WARN  [org.hib.orm.jdb.error] (main) HHH000247: ErrorCode: 23506, SQLState: 23506
2025-10-17 04:13:22,309 WARN  [org.hib.orm.jdb.error] (main) Referential integrity constraint violation: "fk_user_calendars_template: public.user_calendars FOREIGN KEY(template_id) REFERENCES public.calendar_templates(id) (UUID 'e62d75ff-d8e3-407c-8121-b1d5e6b0cd22')"; SQL statement:
insert into user_calendars (configuration,created,generated_pdf_url,generated_svg,is_public,name,session_id,template_id,updated,user_id,version,"year",id) values (?,?,?,?,?,?,?,?,?,?,?,?,?) [23506-230]
[Hibernate] 
    delete 
    from
        calendar_orders co1_0
[Hibernate] 
    delete 
    from
        user_calendars uc1_0
[Hibernate] 
    delete 
    from
        page_views pv1_0
[Hibernate] 
    delete 
    from
        analytics_rollups ar1_0
2025-10-17 04:13:22,310 WARN  [org.hib.orm.jdb.error] (main) HHH000247: ErrorCode: 42102, SQLState: 42S02
2025-10-17 04:13:22,310 WARN  [org.hib.orm.jdb.error] (main) Table "analytics_rollups" not found; SQL statement:
delete from analytics_rollups ar1_0 [42102-230]
[Hibernate] 
    delete 
    from
        delayed_jobs dj1_0
[Hibernate] 
    delete 
    from
        calendar_users cu1_0
[Hibernate] 
    delete 
    from
        calendar_templates ct1_0
[Hibernate] 
    insert 
    into
        calendar_users
        (created, display_name, email, is_admin, last_login_at, oauth_provider, oauth_subject, profile_image_url, updated, version, id) 
    values
        (?, ?, ?, ?, ?, ?, ?, ?, ?, ?, ?)
[Hibernate] 
    insert 
    into
        calendar_templates
        (configuration, created, description, display_order, is_active, is_featured, name, preview_svg, thumbnail_url, updated, version, id) 
    values
        (?, ?, ?, ?, ?, ?, ?, ?, ?, ?, ?, ?)
[Hibernate] 
    insert 
    into
        user_calendars
        (configuration, created, generated_pdf_url, generated_svg, is_public, name, session_id, template_id, updated, user_id, version, "year", id) 
    values
        (?, ?, ?, ?, ?, ?, ?, ?, ?, ?, ?, ?, ?)
2025-10-17 04:13:22,313 WARN  [org.hib.orm.jdb.error] (main) HHH000247: ErrorCode: 23506, SQLState: 23506
2025-10-17 04:13:22,314 WARN  [org.hib.orm.jdb.error] (main) Referential integrity constraint violation: "fk_user_calendars_template: public.user_calendars FOREIGN KEY(template_id) REFERENCES public.calendar_templates(id) (UUID 'e7ba15e5-58ef-48d7-9626-3949159a1700')"; SQL statement:
insert into user_calendars (configuration,created,generated_pdf_url,generated_svg,is_public,name,session_id,template_id,updated,user_id,version,"year",id) values (?,?,?,?,?,?,?,?,?,?,?,?,?) [23506-230]
[Hibernate] 
    delete 
    from
        calendar_orders co1_0
[Hibernate] 
    delete 
    from
        user_calendars uc1_0
[Hibernate] 
    delete 
    from
        page_views pv1_0
[Hibernate] 
    delete 
    from
        analytics_rollups ar1_0
2025-10-17 04:13:22,315 WARN  [org.hib.orm.jdb.error] (main) HHH000247: ErrorCode: 42102, SQLState: 42S02
2025-10-17 04:13:22,315 WARN  [org.hib.orm.jdb.error] (main) Table "analytics_rollups" not found; SQL statement:
delete from analytics_rollups ar1_0 [42102-230]
[Hibernate] 
    delete 
    from
        delayed_jobs dj1_0
[Hibernate] 
    delete 
    from
        calendar_users cu1_0
[Hibernate] 
    delete 
    from
        calendar_templates ct1_0
[Hibernate] 
    insert 
    into
        calendar_users
        (created, display_name, email, is_admin, last_login_at, oauth_provider, oauth_subject, profile_image_url, updated, version, id) 
    values
        (?, ?, ?, ?, ?, ?, ?, ?, ?, ?, ?)
[Hibernate] 
    insert 
    into
        calendar_templates
        (configuration, created, description, display_order, is_active, is_featured, name, preview_svg, thumbnail_url, updated, version, id) 
    values
        (?, ?, ?, ?, ?, ?, ?, ?, ?, ?, ?, ?)
[Hibernate] 
    insert 
    into
        user_calendars
        (configuration, created, generated_pdf_url, generated_svg, is_public, name, session_id, template_id, updated, user_id, version, "year", id) 
    values
        (?, ?, ?, ?, ?, ?, ?, ?, ?, ?, ?, ?, ?)
2025-10-17 04:13:22,319 WARN  [org.hib.orm.jdb.error] (main) HHH000247: ErrorCode: 23506, SQLState: 23506
2025-10-17 04:13:22,319 WARN  [org.hib.orm.jdb.error] (main) Referential integrity constraint violation: "fk_user_calendars_template: public.user_calendars FOREIGN KEY(template_id) REFERENCES public.calendar_templates(id) (UUID '0e8bedbc-497e-4942-92ee-1c069d55e1c8')"; SQL statement:
insert into user_calendars (configuration,created,generated_pdf_url,generated_svg,is_public,name,session_id,template_id,updated,user_id,version,"year",id) values (?,?,?,?,?,?,?,?,?,?,?,?,?) [23506-230]
[Hibernate] 
    delete 
    from
        calendar_orders co1_0
[Hibernate] 
    delete 
    from
        user_calendars uc1_0
[Hibernate] 
    delete 
    from
        page_views pv1_0
[Hibernate] 
    delete 
    from
        analytics_rollups ar1_0
2025-10-17 04:13:22,321 WARN  [org.hib.orm.jdb.error] (main) HHH000247: ErrorCode: 42102, SQLState: 42S02
2025-10-17 04:13:22,321 WARN  [org.hib.orm.jdb.error] (main) Table "analytics_rollups" not found; SQL statement:
delete from analytics_rollups ar1_0 [42102-230]
[Hibernate] 
    delete 
    from
        delayed_jobs dj1_0
[Hibernate] 
    delete 
    from
        calendar_users cu1_0
[Hibernate] 
    delete 
    from
        calendar_templates ct1_0
[Hibernate] 
    insert 
    into
        calendar_users
        (created, display_name, email, is_admin, last_login_at, oauth_provider, oauth_subject, profile_image_url, updated, version, id) 
    values
        (?, ?, ?, ?, ?, ?, ?, ?, ?, ?, ?)
[Hibernate] 
    insert 
    into
        calendar_templates
        (configuration, created, description, display_order, is_active, is_featured, name, preview_svg, thumbnail_url, updated, version, id) 
    values
        (?, ?, ?, ?, ?, ?, ?, ?, ?, ?, ?, ?)
[Hibernate] 
    delete 
    from
        calendar_orders co1_0
[Hibernate] 
    delete 
    from
        user_calendars uc1_0
[Hibernate] 
    delete 
    from
        page_views pv1_0
[Hibernate] 
    delete 
    from
        analytics_rollups ar1_0
2025-10-17 04:13:22,324 WARN  [org.hib.orm.jdb.error] (main) HHH000247: ErrorCode: 42102, SQLState: 42S02
2025-10-17 04:13:22,324 WARN  [org.hib.orm.jdb.error] (main) Table "analytics_rollups" not found; SQL statement:
delete from analytics_rollups ar1_0 [42102-230]
[Hibernate] 
    delete 
    from
        delayed_jobs dj1_0
[Hibernate] 
    delete 
    from
        calendar_users cu1_0
[Hibernate] 
    delete 
    from
        calendar_templates ct1_0
[Hibernate] 
    insert 
    into
        calendar_users
        (created, display_name, email, is_admin, last_login_at, oauth_provider, oauth_subject, profile_image_url, updated, version, id) 
    values
        (?, ?, ?, ?, ?, ?, ?, ?, ?, ?, ?)
[Hibernate] 
    insert 
    into
        calendar_templates
        (configuration, created, description, display_order, is_active, is_featured, name, preview_svg, thumbnail_url, updated, version, id) 
    values
        (?, ?, ?, ?, ?, ?, ?, ?, ?, ?, ?, ?)
[Hibernate] 
    insert 
    into
        user_calendars
        (configuration, created, generated_pdf_url, generated_svg, is_public, name, session_id, template_id, updated, user_id, version, "year", id) 
    values
        (?, ?, ?, ?, ?, ?, ?, ?, ?, ?, ?, ?, ?)
2025-10-17 04:13:22,328 WARN  [org.hib.orm.jdb.error] (main) HHH000247: ErrorCode: 23506, SQLState: 23506
2025-10-17 04:13:22,328 WARN  [org.hib.orm.jdb.error] (main) Referential integrity constraint violation: "fk_user_calendars_template: public.user_calendars FOREIGN KEY(template_id) REFERENCES public.calendar_templates(id) (UUID '9365752f-3fa7-42dd-a39e-ba20e63cf318')"; SQL statement:
insert into user_calendars (configuration,created,generated_pdf_url,generated_svg,is_public,name,session_id,template_id,updated,user_id,version,"year",id) values (?,?,?,?,?,?,?,?,?,?,?,?,?) [23506-230]
[Hibernate] 
    delete 
    from
        calendar_orders co1_0
[Hibernate] 
    delete 
    from
        user_calendars uc1_0
[Hibernate] 
    delete 
    from
        page_views pv1_0
[Hibernate] 
    delete 
    from
        analytics_rollups ar1_0
2025-10-17 04:13:22,330 WARN  [org.hib.orm.jdb.error] (main) HHH000247: ErrorCode: 42102, SQLState: 42S02
2025-10-17 04:13:22,330 WARN  [org.hib.orm.jdb.error] (main) Table "analytics_rollups" not found; SQL statement:
delete from analytics_rollups ar1_0 [42102-230]
[Hibernate] 
    delete 
    from
        delayed_jobs dj1_0
[Hibernate] 
    delete 
    from
        calendar_users cu1_0
[Hibernate] 
    delete 
    from
        calendar_templates ct1_0
[Hibernate] 
    insert 
    into
        calendar_users
        (created, display_name, email, is_admin, last_login_at, oauth_provider, oauth_subject, profile_image_url, updated, version, id) 
    values
        (?, ?, ?, ?, ?, ?, ?, ?, ?, ?, ?)
[Hibernate] 
    insert 
    into
        calendar_templates
        (configuration, created, description, display_order, is_active, is_featured, name, preview_svg, thumbnail_url, updated, version, id) 
    values
        (?, ?, ?, ?, ?, ?, ?, ?, ?, ?, ?, ?)
[Hibernate] 
    insert 
    into
        user_calendars
        (configuration, created, generated_pdf_url, generated_svg, is_public, name, session_id, template_id, updated, user_id, version, "year", id) 
    values
        (?, ?, ?, ?, ?, ?, ?, ?, ?, ?, ?, ?, ?)
2025-10-17 04:13:22,336 WARN  [org.hib.orm.jdb.error] (main) HHH000247: ErrorCode: 23506, SQLState: 23506
2025-10-17 04:13:22,336 WARN  [org.hib.orm.jdb.error] (main) Referential integrity constraint violation: "fk_user_calendars_template: public.user_calendars FOREIGN KEY(template_id) REFERENCES public.calendar_templates(id) (UUID 'f25142b7-f4ce-4a9d-a5d1-551f0ce5f4b6')"; SQL statement:
insert into user_calendars (configuration,created,generated_pdf_url,generated_svg,is_public,name,session_id,template_id,updated,user_id,version,"year",id) values (?,?,?,?,?,?,?,?,?,?,?,?,?) [23506-230]
[Hibernate] 
    delete 
    from
        calendar_orders co1_0
[Hibernate] 
    delete 
    from
        user_calendars uc1_0
[Hibernate] 
    delete 
    from
        page_views pv1_0
[Hibernate] 
    delete 
    from
        analytics_rollups ar1_0
2025-10-17 04:13:22,338 WARN  [org.hib.orm.jdb.error] (main) HHH000247: ErrorCode: 42102, SQLState: 42S02
2025-10-17 04:13:22,338 WARN  [org.hib.orm.jdb.error] (main) Table "analytics_rollups" not found; SQL statement:
delete from analytics_rollups ar1_0 [42102-230]
[Hibernate] 
    delete 
    from
        delayed_jobs dj1_0
[Hibernate] 
    delete 
    from
        calendar_users cu1_0
[Hibernate] 
    delete 
    from
        calendar_templates ct1_0
[Hibernate] 
    insert 
    into
        calendar_users
        (created, display_name, email, is_admin, last_login_at, oauth_provider, oauth_subject, profile_image_url, updated, version, id) 
    values
        (?, ?, ?, ?, ?, ?, ?, ?, ?, ?, ?)
[Hibernate] 
    insert 
    into
        calendar_templates
        (configuration, created, description, display_order, is_active, is_featured, name, preview_svg, thumbnail_url, updated, version, id) 
    values
        (?, ?, ?, ?, ?, ?, ?, ?, ?, ?, ?, ?)
[Hibernate] 
    insert 
    into
        user_calendars
        (configuration, created, generated_pdf_url, generated_svg, is_public, name, session_id, template_id, updated, user_id, version, "year", id) 
    values
        (?, ?, ?, ?, ?, ?, ?, ?, ?, ?, ?, ?, ?)
2025-10-17 04:13:22,340 WARN  [org.hib.orm.jdb.error] (main) HHH000247: ErrorCode: 23506, SQLState: 23506
2025-10-17 04:13:22,340 WARN  [org.hib.orm.jdb.error] (main) Referential integrity constraint violation: "fk_user_calendars_template: public.user_calendars FOREIGN KEY(template_id) REFERENCES public.calendar_templates(id) (UUID 'af80d5b6-fd00-43b9-bda5-19da83abd9ae')"; SQL statement:
insert into user_calendars (configuration,created,generated_pdf_url,generated_svg,is_public,name,session_id,template_id,updated,user_id,version,"year",id) values (?,?,?,?,?,?,?,?,?,?,?,?,?) [23506-230]
2025-10-17 04:13:22,340 WARN  [com.arj.ats.arjuna] (main) ARJUNA012125: TwoPhaseCoordinator.beforeCompletion - failed for SynchronizationImple< 0:ffff7f000001:d824:68f1faa0:4c8, org.hibernate.resource.transaction.backend.jta.internal.synchronization.RegisteredSynchronization@544f33eb >: org.hibernate.exception.ConstraintViolationException: could not execute statement [Referential integrity constraint violation: "fk_user_calendars_template: public.user_calendars FOREIGN KEY(template_id) REFERENCES public.calendar_templates(id) (UUID 'af80d5b6-fd00-43b9-bda5-19da83abd9ae')"; SQL statement:
insert into user_calendars (configuration,created,generated_pdf_url,generated_svg,is_public,name,session_id,template_id,updated,user_id,version,"year",id) values (?,?,?,?,?,?,?,?,?,?,?,?,?) [23506-230]] [insert into user_calendars (configuration,created,generated_pdf_url,generated_svg,is_public,name,session_id,template_id,updated,user_id,version,"year",id) values (?,?,?,?,?,?,?,?,?,?,?,?,?)]
	at org.hibernate.dialect.H2Dialect.lambda$buildSQLExceptionConversionDelegate$1(H2Dialect.java:853)
	at org.hibernate.exception.internal.StandardSQLExceptionConverter.convert(StandardSQLExceptionConverter.java:34)
	at org.hibernate.engine.jdbc.spi.SqlExceptionHelper.convert(SqlExceptionHelper.java:115)
	at org.hibernate.engine.jdbc.internal.ResultSetReturnImpl.executeUpdate(ResultSetReturnImpl.java:193)
	at org.hibernate.engine.jdbc.mutation.internal.AbstractMutationExecutor.performNonBatchedMutation(AbstractMutationExecutor.java:148)
	at org.hibernate.engine.jdbc.mutation.internal.MutationExecutorSingleNonBatched.performNonBatchedOperations(MutationExecutorSingleNonBatched.java:53)
	at org.hibernate.engine.jdbc.mutation.internal.AbstractMutationExecutor.execute(AbstractMutationExecutor.java:66)
	at org.hibernate.engine.jdbc.mutation.internal.AbstractMutationExecutor.execute(AbstractMutationExecutor.java:55)
	at org.hibernate.persister.entity.mutation.InsertCoordinatorStandard.doStaticInserts(InsertCoordinatorStandard.java:191)
	at org.hibernate.persister.entity.mutation.InsertCoordinatorStandard.coordinateInsert(InsertCoordinatorStandard.java:129)
	at org.hibernate.persister.entity.mutation.InsertCoordinatorStandard.insert(InsertCoordinatorStandard.java:101)
	at org.hibernate.action.internal.EntityInsertAction.execute(EntityInsertAction.java:113)
	at org.hibernate.engine.spi.ActionQueue.executeActions(ActionQueue.java:646)
	at org.hibernate.engine.spi.ActionQueue.executeActions(ActionQueue.java:513)
	at org.hibernate.event.internal.AbstractFlushingEventListener.performExecutions(AbstractFlushingEventListener.java:378)
	at org.hibernate.event.internal.DefaultFlushEventListener.onFlush(DefaultFlushEventListener.java:39)
	at org.hibernate.event.service.internal.EventListenerGroupImpl.fireEventOnEachListener(EventListenerGroupImpl.java:140)
	at org.hibernate.internal.SessionImpl.doFlush(SessionImpl.java:1443)
	at org.hibernate.internal.SessionImpl.managedFlush(SessionImpl.java:488)
	at org.hibernate.internal.SessionImpl.flushBeforeTransactionCompletion(SessionImpl.java:2321)
	at org.hibernate.internal.SessionImpl.beforeTransactionCompletion(SessionImpl.java:2029)
	at org.hibernate.engine.jdbc.internal.JdbcCoordinatorImpl.beforeTransactionCompletion(JdbcCoordinatorImpl.java:394)
	at org.hibernate.resource.transaction.backend.jta.internal.JtaTransactionCoordinatorImpl.beforeCompletion(JtaTransactionCoordinatorImpl.java:328)
	at org.hibernate.resource.transaction.backend.jta.internal.synchronization.SynchronizationCallbackCoordinatorNonTrackingImpl.beforeCompletion(SynchronizationCallbackCoordinatorNonTrackingImpl.java:39)
	at org.hibernate.resource.transaction.backend.jta.internal.synchronization.RegisteredSynchronization.beforeCompletion(RegisteredSynchronization.java:33)
	at com.arjuna.ats.internal.jta.resources.arjunacore.SynchronizationImple.beforeCompletion(SynchronizationImple.java:52)
	at com.arjuna.ats.arjuna.coordinator.TwoPhaseCoordinator.beforeCompletion(TwoPhaseCoordinator.java:348)
	at com.arjuna.ats.arjuna.coordinator.TwoPhaseCoordinator.end(TwoPhaseCoordinator.java:66)
	at com.arjuna.ats.arjuna.AtomicAction.commit(AtomicAction.java:135)
	at com.arjuna.ats.internal.jta.transaction.arjunacore.TransactionImple.commitAndDisassociate(TransactionImple.java:1307)
	at com.arjuna.ats.internal.jta.transaction.arjunacore.BaseTransaction.commit(BaseTransaction.java:104)
	at io.quarkus.narayana.jta.runtime.NotifyingTransactionManager.commit(NotifyingTransactionManager.java:70)
	at io.quarkus.narayana.jta.runtime.interceptor.TransactionalInterceptorBase.endTransaction(TransactionalInterceptorBase.java:406)
	at io.quarkus.narayana.jta.runtime.interceptor.TransactionalInterceptorBase.invokeInOurTx(TransactionalInterceptorBase.java:175)
	at io.quarkus.narayana.jta.runtime.interceptor.TransactionalInterceptorBase.invokeInOurTx(TransactionalInterceptorBase.java:107)
	at io.quarkus.narayana.jta.runtime.interceptor.TransactionalInterceptorRequired.doIntercept(TransactionalInterceptorRequired.java:38)
	at io.quarkus.narayana.jta.runtime.interceptor.TransactionalInterceptorBase.intercept(TransactionalInterceptorBase.java:61)
	at io.quarkus.narayana.jta.runtime.interceptor.TransactionalInterceptorRequired.intercept(TransactionalInterceptorRequired.java:32)
	at io.quarkus.narayana.jta.runtime.interceptor.TransactionalInterceptorRequired_Bean.intercept(Unknown Source)
	at io.quarkus.arc.impl.InterceptorInvocation.invoke(InterceptorInvocation.java:42)
	at io.quarkus.arc.impl.AroundInvokeInvocationContext.perform(AroundInvokeInvocationContext.java:30)
	at io.quarkus.arc.impl.InvocationContexts.performAroundInvoke(InvocationContexts.java:27)
	at villagecompute.calendar.data.models.UserCalendarTest_Subclass.testCopyForSession(Unknown Source)
	at java.base/jdk.internal.reflect.DirectMethodHandleAccessor.invoke(DirectMethodHandleAccessor.java:103)
	at java.base/java.lang.reflect.Method.invoke(Method.java:580)
	at io.quarkus.test.junit.QuarkusTestExtension.runExtensionMethod(QuarkusTestExtension.java:1000)
	at io.quarkus.test.junit.QuarkusTestExtension.interceptTestMethod(QuarkusTestExtension.java:848)
	at org.junit.jupiter.engine.execution.InterceptingExecutableInvoker$ReflectiveInterceptorCall.lambda$ofVoidMethod$0(InterceptingExecutableInvoker.java:112)
	at org.junit.jupiter.engine.execution.InterceptingExecutableInvoker.lambda$invoke$0(InterceptingExecutableInvoker.java:94)
	at org.junit.jupiter.engine.execution.InvocationInterceptorChain$InterceptedInvocation.proceed(InvocationInterceptorChain.java:106)
	at org.junit.jupiter.engine.extension.TimeoutExtension.intercept(TimeoutExtension.java:161)
	at org.junit.jupiter.engine.extension.TimeoutExtension.interceptTestableMethod(TimeoutExtension.java:152)
	at org.junit.jupiter.engine.extension.TimeoutExtension.interceptTestMethod(TimeoutExtension.java:91)
	at org.junit.jupiter.engine.execution.InterceptingExecutableInvoker$ReflectiveInterceptorCall.lambda$ofVoidMethod$0(InterceptingExecutableInvoker.java:112)
	at org.junit.jupiter.engine.execution.InterceptingExecutableInvoker.lambda$invoke$0(InterceptingExecutableInvoker.java:94)
	at org.junit.jupiter.engine.execution.InvocationInterceptorChain$InterceptedInvocation.proceed(InvocationInterceptorChain.java:106)
	at org.junit.jupiter.engine.execution.InvocationInterceptorChain.proceed(InvocationInterceptorChain.java:64)
	at org.junit.jupiter.engine.execution.InvocationInterceptorChain.chainAndInvoke(InvocationInterceptorChain.java:45)
	at org.junit.jupiter.engine.execution.InvocationInterceptorChain.invoke(InvocationInterceptorChain.java:37)
	at org.junit.jupiter.engine.execution.InterceptingExecutableInvoker.invoke(InterceptingExecutableInvoker.java:93)
	at org.junit.jupiter.engine.execution.InterceptingExecutableInvoker.invoke(InterceptingExecutableInvoker.java:87)
	at org.junit.jupiter.engine.descriptor.TestMethodTestDescriptor.lambda$invokeTestMethod$4(TestMethodTestDescriptor.java:221)
	at org.junit.platform.engine.support.hierarchical.ThrowableCollector.execute(ThrowableCollector.java:73)
	at org.junit.jupiter.engine.descriptor.TestMethodTestDescriptor.invokeTestMethod(TestMethodTestDescriptor.java:217)
	at org.junit.jupiter.engine.descriptor.TestMethodTestDescriptor.execute(TestMethodTestDescriptor.java:159)
	at org.junit.jupiter.engine.descriptor.TestMethodTestDescriptor.execute(TestMethodTestDescriptor.java:70)
	at org.junit.platform.engine.support.hierarchical.NodeTestTask.lambda$executeRecursively$6(NodeTestTask.java:157)
	at org.junit.platform.engine.support.hierarchical.ThrowableCollector.execute(ThrowableCollector.java:73)
	at org.junit.platform.engine.support.hierarchical.NodeTestTask.lambda$executeRecursively$8(NodeTestTask.java:147)
	at org.junit.platform.engine.support.hierarchical.Node.around(Node.java:137)
	at org.junit.platform.engine.support.hierarchical.NodeTestTask.lambda$executeRecursively$9(NodeTestTask.java:145)
	at org.junit.platform.engine.support.hierarchical.ThrowableCollector.execute(ThrowableCollector.java:73)
	at org.junit.platform.engine.support.hierarchical.NodeTestTask.executeRecursively(NodeTestTask.java:144)
	at org.junit.platform.engine.support.hierarchical.NodeTestTask.execute(NodeTestTask.java:101)
	at java.base/java.util.ArrayList.forEach(ArrayList.java:1596)
	at org.junit.platform.engine.support.hierarchical.SameThreadHierarchicalTestExecutorService.invokeAll(SameThreadHierarchicalTestExecutorService.java:41)
	at org.junit.platform.engine.support.hierarchical.NodeTestTask.lambda$executeRecursively$6(NodeTestTask.java:161)
	at org.junit.platform.engine.support.hierarchical.ThrowableCollector.execute(ThrowableCollector.java:73)
	at org.junit.platform.engine.support.hierarchical.NodeTestTask.lambda$executeRecursively$8(NodeTestTask.java:147)
	at org.junit.platform.engine.support.hierarchical.Node.around(Node.java:137)
	at org.junit.platform.engine.support.hierarchical.NodeTestTask.lambda$executeRecursively$9(NodeTestTask.java:145)
	at org.junit.platform.engine.support.hierarchical.ThrowableCollector.execute(ThrowableCollector.java:73)
	at org.junit.platform.engine.support.hierarchical.NodeTestTask.executeRecursively(NodeTestTask.java:144)
	at org.junit.platform.engine.support.hierarchical.NodeTestTask.execute(NodeTestTask.java:101)
	at java.base/java.util.ArrayList.forEach(ArrayList.java:1596)
	at org.junit.platform.engine.support.hierarchical.SameThreadHierarchicalTestExecutorService.invokeAll(SameThreadHierarchicalTestExecutorService.java:41)
	at org.junit.platform.engine.support.hierarchical.NodeTestTask.lambda$executeRecursively$6(NodeTestTask.java:161)
	at org.junit.platform.engine.support.hierarchical.ThrowableCollector.execute(ThrowableCollector.java:73)
	at org.junit.platform.engine.support.hierarchical.NodeTestTask.lambda$executeRecursively$8(NodeTestTask.java:147)
	at org.junit.platform.engine.support.hierarchical.Node.around(Node.java:137)
	at org.junit.platform.engine.support.hierarchical.NodeTestTask.lambda$executeRecursively$9(NodeTestTask.java:145)
	at org.junit.platform.engine.support.hierarchical.ThrowableCollector.execute(ThrowableCollector.java:73)
	at org.junit.platform.engine.support.hierarchical.NodeTestTask.executeRecursively(NodeTestTask.java:144)
	at org.junit.platform.engine.support.hierarchical.NodeTestTask.execute(NodeTestTask.java:101)
	at org.junit.platform.engine.support.hierarchical.SameThreadHierarchicalTestExecutorService.submit(SameThreadHierarchicalTestExecutorService.java:35)
	at org.junit.platform.engine.support.hierarchical.HierarchicalTestExecutor.execute(HierarchicalTestExecutor.java:57)
	at org.junit.platform.engine.support.hierarchical.HierarchicalTestEngine.execute(HierarchicalTestEngine.java:54)
	at org.junit.platform.launcher.core.EngineExecutionOrchestrator.executeEngine(EngineExecutionOrchestrator.java:230)
	at org.junit.platform.launcher.core.EngineExecutionOrchestrator.failOrExecuteEngine(EngineExecutionOrchestrator.java:204)
	at org.junit.platform.launcher.core.EngineExecutionOrchestrator.execute(EngineExecutionOrchestrator.java:172)
	at org.junit.platform.launcher.core.EngineExecutionOrchestrator.execute(EngineExecutionOrchestrator.java:101)
	at org.junit.platform.launcher.core.EngineExecutionOrchestrator.lambda$execute$0(EngineExecutionOrchestrator.java:64)
	at org.junit.platform.launcher.core.EngineExecutionOrchestrator.withInterceptedStreams(EngineExecutionOrchestrator.java:150)
	at org.junit.platform.launcher.core.EngineExecutionOrchestrator.execute(EngineExecutionOrchestrator.java:63)
	at org.junit.platform.launcher.core.DefaultLauncher.execute(DefaultLauncher.java:109)
	at org.junit.platform.launcher.core.DefaultLauncher.execute(DefaultLauncher.java:91)
	at org.junit.platform.launcher.core.DelegatingLauncher.execute(DelegatingLauncher.java:47)
	at org.junit.platform.launcher.core.InterceptingLauncher.lambda$execute$1(InterceptingLauncher.java:39)
	at org.junit.platform.launcher.core.ClasspathAlignmentCheckingLauncherInterceptor.intercept(ClasspathAlignmentCheckingLauncherInterceptor.java:25)
	at org.junit.platform.launcher.core.InterceptingLauncher.execute(InterceptingLauncher.java:38)
	at org.junit.platform.launcher.core.DelegatingLauncher.execute(DelegatingLauncher.java:47)
	at org.apache.maven.surefire.junitplatform.LazyLauncher.execute(LazyLauncher.java:56)
	at org.apache.maven.surefire.junitplatform.JUnitPlatformProvider.execute(JUnitPlatformProvider.java:184)
	at org.apache.maven.surefire.junitplatform.JUnitPlatformProvider.invokeAllTests(JUnitPlatformProvider.java:148)
	at org.apache.maven.surefire.junitplatform.JUnitPlatformProvider.invoke(JUnitPlatformProvider.java:122)
	at org.apache.maven.surefire.booter.ForkedBooter.runSuitesInProcess(ForkedBooter.java:385)
	at org.apache.maven.surefire.booter.ForkedBooter.execute(ForkedBooter.java:162)
	at org.apache.maven.surefire.booter.ForkedBooter.run(ForkedBooter.java:507)
	at org.apache.maven.surefire.booter.ForkedBooter.main(ForkedBooter.java:495)
Caused by: org.h2.jdbc.JdbcSQLIntegrityConstraintViolationException: Referential integrity constraint violation: "fk_user_calendars_template: public.user_calendars FOREIGN KEY(template_id) REFERENCES public.calendar_templates(id) (UUID 'af80d5b6-fd00-43b9-bda5-19da83abd9ae')"; SQL statement:
insert into user_calendars (configuration,created,generated_pdf_url,generated_svg,is_public,name,session_id,template_id,updated,user_id,version,"year",id) values (?,?,?,?,?,?,?,?,?,?,?,?,?) [23506-230]
	at org.h2.message.DbException.getJdbcSQLException(DbException.java:520)
	at org.h2.message.DbException.getJdbcSQLException(DbException.java:489)
	at org.h2.message.DbException.get(DbException.java:223)
	at org.h2.message.DbException.get(DbException.java:199)
	at org.h2.constraint.ConstraintReferential.checkRowOwnTable(ConstraintReferential.java:308)
	at org.h2.constraint.ConstraintReferential.checkRow(ConstraintReferential.java:249)
	at org.h2.table.Table.fireConstraints(Table.java:1227)
	at org.h2.table.Table.fireAfterRow(Table.java:1245)
	at org.h2.command.dml.Insert.insertRows(Insert.java:188)
	at org.h2.command.dml.Insert.update(Insert.java:135)
	at org.h2.command.dml.DataChangeStatement.update(DataChangeStatement.java:74)
	at org.h2.command.CommandContainer.update(CommandContainer.java:139)
	at org.h2.command.Command.executeUpdate(Command.java:304)
	at org.h2.command.Command.executeUpdate(Command.java:248)
	at org.h2.jdbc.JdbcPreparedStatement.executeUpdateInternal(JdbcPreparedStatement.java:213)
	at org.h2.jdbc.JdbcPreparedStatement.executeUpdate(JdbcPreparedStatement.java:172)
	at io.agroal.pool.wrapper.PreparedStatementWrapper.executeUpdate(PreparedStatementWrapper.java:90)
	at org.hibernate.engine.jdbc.internal.ResultSetReturnImpl.executeUpdate(ResultSetReturnImpl.java:190)
	... 115 more

[Hibernate] 
    delete 
    from
        calendar_orders co1_0
[Hibernate] 
    delete 
    from
        user_calendars uc1_0
[Hibernate] 
    delete 
    from
        page_views pv1_0
[Hibernate] 
    delete 
    from
        analytics_rollups ar1_0
2025-10-17 04:13:22,342 WARN  [org.hib.orm.jdb.error] (main) HHH000247: ErrorCode: 42102, SQLState: 42S02
2025-10-17 04:13:22,342 WARN  [org.hib.orm.jdb.error] (main) Table "analytics_rollups" not found; SQL statement:
delete from analytics_rollups ar1_0 [42102-230]
[Hibernate] 
    delete 
    from
        delayed_jobs dj1_0
[Hibernate] 
    delete 
    from
        calendar_users cu1_0
[Hibernate] 
    delete 
    from
        calendar_templates ct1_0
[Hibernate] 
    insert 
    into
        calendar_users
        (created, display_name, email, is_admin, last_login_at, oauth_provider, oauth_subject, profile_image_url, updated, version, id) 
    values
        (?, ?, ?, ?, ?, ?, ?, ?, ?, ?, ?)
[Hibernate] 
    insert 
    into
        calendar_templates
        (configuration, created, description, display_order, is_active, is_featured, name, preview_svg, thumbnail_url, updated, version, id) 
    values
        (?, ?, ?, ?, ?, ?, ?, ?, ?, ?, ?, ?)
[Hibernate] 
    delete 
    from
        calendar_orders co1_0
[Hibernate] 
    delete 
    from
        user_calendars uc1_0
[Hibernate] 
    delete 
    from
        page_views pv1_0
[Hibernate] 
    delete 
    from
        analytics_rollups ar1_0
2025-10-17 04:13:22,346 WARN  [org.hib.orm.jdb.error] (main) HHH000247: ErrorCode: 42102, SQLState: 42S02
2025-10-17 04:13:22,346 WARN  [org.hib.orm.jdb.error] (main) Table "analytics_rollups" not found; SQL statement:
delete from analytics_rollups ar1_0 [42102-230]
[Hibernate] 
    delete 
    from
        delayed_jobs dj1_0
[Hibernate] 
    delete 
    from
        calendar_users cu1_0
[Hibernate] 
    delete 
    from
        calendar_templates ct1_0
[Hibernate] 
    insert 
    into
        calendar_users
        (created, display_name, email, is_admin, last_login_at, oauth_provider, oauth_subject, profile_image_url, updated, version, id) 
    values
        (?, ?, ?, ?, ?, ?, ?, ?, ?, ?, ?)
[Hibernate] 
    insert 
    into
        calendar_templates
        (configuration, created, description, display_order, is_active, is_featured, name, preview_svg, thumbnail_url, updated, version, id) 
    values
        (?, ?, ?, ?, ?, ?, ?, ?, ?, ?, ?, ?)
[ERROR] Tests run: 17, Failures: 2, Errors: 12, Skipped: 0, Time elapsed: 0.084 s <<< FAILURE! -- in villagecompute.calendar.data.models.UserCalendarTest
[ERROR] villagecompute.calendar.data.models.UserCalendarTest.testJsonbSerialization -- Time elapsed: 0.007 s <<< ERROR!
io.quarkus.arc.ArcUndeclaredThrowableException: Error invoking subclass method
	at villagecompute.calendar.data.models.UserCalendarTest_Subclass.testJsonbSerialization(Unknown Source)
	at java.base/java.lang.reflect.Method.invoke(Method.java:580)
	at io.quarkus.test.junit.QuarkusTestExtension.runExtensionMethod(QuarkusTestExtension.java:1000)
	at io.quarkus.test.junit.QuarkusTestExtension.interceptTestMethod(QuarkusTestExtension.java:848)
	at java.base/java.util.ArrayList.forEach(ArrayList.java:1596)
	at java.base/java.util.ArrayList.forEach(ArrayList.java:1596)
	Suppressed: org.hibernate.exception.ConstraintViolationException: could not execute statement [Referential integrity constraint violation: "fk_user_calendars_template: public.user_calendars FOREIGN KEY(template_id) REFERENCES public.calendar_templates(id) (UUID '7685904c-21ee-47c1-b172-bbdd60cc200a')"; SQL statement:
insert into user_calendars (configuration,created,generated_pdf_url,generated_svg,is_public,name,session_id,template_id,updated,user_id,version,"year",id) values (?,?,?,?,?,?,?,?,?,?,?,?,?) [23506-230]] [insert into user_calendars (configuration,created,generated_pdf_url,generated_svg,is_public,name,session_id,template_id,updated,user_id,version,"year",id) values (?,?,?,?,?,?,?,?,?,?,?,?,?)]
		at org.hibernate.dialect.H2Dialect.lambda$buildSQLExceptionConversionDelegate$1(H2Dialect.java:853)
		at org.hibernate.exception.internal.StandardSQLExceptionConverter.convert(StandardSQLExceptionConverter.java:34)
		at org.hibernate.engine.jdbc.spi.SqlExceptionHelper.convert(SqlExceptionHelper.java:115)
		at org.hibernate.engine.jdbc.internal.ResultSetReturnImpl.executeUpdate(ResultSetReturnImpl.java:193)
		at org.hibernate.engine.jdbc.mutation.internal.AbstractMutationExecutor.performNonBatchedMutation(AbstractMutationExecutor.java:148)
		at org.hibernate.engine.jdbc.mutation.internal.MutationExecutorSingleNonBatched.performNonBatchedOperations(MutationExecutorSingleNonBatched.java:53)
		at org.hibernate.engine.jdbc.mutation.internal.AbstractMutationExecutor.execute(AbstractMutationExecutor.java:66)
		at org.hibernate.engine.jdbc.mutation.internal.AbstractMutationExecutor.execute(AbstractMutationExecutor.java:55)
		at org.hibernate.persister.entity.mutation.InsertCoordinatorStandard.doStaticInserts(InsertCoordinatorStandard.java:191)
		at org.hibernate.persister.entity.mutation.InsertCoordinatorStandard.coordinateInsert(InsertCoordinatorStandard.java:129)
		at org.hibernate.persister.entity.mutation.InsertCoordinatorStandard.insert(InsertCoordinatorStandard.java:101)
		at org.hibernate.action.internal.EntityInsertAction.execute(EntityInsertAction.java:113)
		at org.hibernate.engine.spi.ActionQueue.executeActions(ActionQueue.java:646)
		at org.hibernate.engine.spi.ActionQueue.executeActions(ActionQueue.java:513)
		at org.hibernate.event.internal.AbstractFlushingEventListener.performExecutions(AbstractFlushingEventListener.java:378)
		at org.hibernate.event.internal.DefaultFlushEventListener.onFlush(DefaultFlushEventListener.java:39)
		at org.hibernate.event.service.internal.EventListenerGroupImpl.fireEventOnEachListener(EventListenerGroupImpl.java:140)
		at org.hibernate.internal.SessionImpl.doFlush(SessionImpl.java:1443)
		at org.hibernate.internal.SessionImpl.managedFlush(SessionImpl.java:488)
		at org.hibernate.internal.SessionImpl.flushBeforeTransactionCompletion(SessionImpl.java:2321)
		at org.hibernate.internal.SessionImpl.beforeTransactionCompletion(SessionImpl.java:2029)
		at org.hibernate.engine.jdbc.internal.JdbcCoordinatorImpl.beforeTransactionCompletion(JdbcCoordinatorImpl.java:394)
		at org.hibernate.resource.transaction.backend.jta.internal.JtaTransactionCoordinatorImpl.beforeCompletion(JtaTransactionCoordinatorImpl.java:328)
		at org.hibernate.resource.transaction.backend.jta.internal.synchronization.SynchronizationCallbackCoordinatorNonTrackingImpl.beforeCompletion(SynchronizationCallbackCoordinatorNonTrackingImpl.java:39)
		at org.hibernate.resource.transaction.backend.jta.internal.synchronization.RegisteredSynchronization.beforeCompletion(RegisteredSynchronization.java:33)
		at com.arjuna.ats.internal.jta.resources.arjunacore.SynchronizationImple.beforeCompletion(SynchronizationImple.java:52)
		at com.arjuna.ats.arjuna.coordinator.TwoPhaseCoordinator.beforeCompletion(TwoPhaseCoordinator.java:348)
		at com.arjuna.ats.arjuna.coordinator.TwoPhaseCoordinator.end(TwoPhaseCoordinator.java:66)
		at com.arjuna.ats.arjuna.AtomicAction.commit(AtomicAction.java:135)
		at com.arjuna.ats.internal.jta.transaction.arjunacore.TransactionImple.commitAndDisassociate(TransactionImple.java:1307)
		at com.arjuna.ats.internal.jta.transaction.arjunacore.BaseTransaction.commit(BaseTransaction.java:104)
		at io.quarkus.narayana.jta.runtime.NotifyingTransactionManager.commit(NotifyingTransactionManager.java:70)
		at io.quarkus.narayana.jta.runtime.interceptor.TransactionalInterceptorBase.endTransaction(TransactionalInterceptorBase.java:406)
		at io.quarkus.narayana.jta.runtime.interceptor.TransactionalInterceptorBase.invokeInOurTx(TransactionalInterceptorBase.java:175)
		at io.quarkus.narayana.jta.runtime.interceptor.TransactionalInterceptorBase.invokeInOurTx(TransactionalInterceptorBase.java:107)
		at io.quarkus.narayana.jta.runtime.interceptor.TransactionalInterceptorRequired.doIntercept(TransactionalInterceptorRequired.java:38)
		at io.quarkus.narayana.jta.runtime.interceptor.TransactionalInterceptorBase.intercept(TransactionalInterceptorBase.java:61)
		at io.quarkus.narayana.jta.runtime.interceptor.TransactionalInterceptorRequired.intercept(TransactionalInterceptorRequired.java:32)
		at io.quarkus.narayana.jta.runtime.interceptor.TransactionalInterceptorRequired_Bean.intercept(Unknown Source)
		at io.quarkus.arc.impl.InterceptorInvocation.invoke(InterceptorInvocation.java:42)
		at io.quarkus.arc.impl.AroundInvokeInvocationContext.perform(AroundInvokeInvocationContext.java:30)
		at io.quarkus.arc.impl.InvocationContexts.performAroundInvoke(InvocationContexts.java:27)
		... 6 more
	Caused by: org.h2.jdbc.JdbcSQLIntegrityConstraintViolationException: Referential integrity constraint violation: "fk_user_calendars_template: public.user_calendars FOREIGN KEY(template_id) REFERENCES public.calendar_templates(id) (UUID '7685904c-21ee-47c1-b172-bbdd60cc200a')"; SQL statement:
insert into user_calendars (configuration,created,generated_pdf_url,generated_svg,is_public,name,session_id,template_id,updated,user_id,version,"year",id) values (?,?,?,?,?,?,?,?,?,?,?,?,?) [23506-230]
		at org.h2.message.DbException.getJdbcSQLException(DbException.java:520)
		at org.h2.message.DbException.getJdbcSQLException(DbException.java:489)
		at org.h2.message.DbException.get(DbException.java:223)
		at org.h2.message.DbException.get(DbException.java:199)
		at org.h2.constraint.ConstraintReferential.checkRowOwnTable(ConstraintReferential.java:308)
		at org.h2.constraint.ConstraintReferential.checkRow(ConstraintReferential.java:249)
		at org.h2.table.Table.fireConstraints(Table.java:1227)
		at org.h2.table.Table.fireAfterRow(Table.java:1245)
		at org.h2.command.dml.Insert.insertRows(Insert.java:188)
		at org.h2.command.dml.Insert.update(Insert.java:135)
		at org.h2.command.dml.DataChangeStatement.update(DataChangeStatement.java:74)
		at org.h2.command.CommandContainer.update(CommandContainer.java:139)
		at org.h2.command.Command.executeUpdate(Command.java:304)
		at org.h2.command.Command.executeUpdate(Command.java:248)
		at org.h2.jdbc.JdbcPreparedStatement.executeUpdateInternal(JdbcPreparedStatement.java:213)
		at org.h2.jdbc.JdbcPreparedStatement.executeUpdate(JdbcPreparedStatement.java:172)
		at io.agroal.pool.wrapper.PreparedStatementWrapper.executeUpdate(PreparedStatementWrapper.java:90)
		at org.hibernate.engine.jdbc.internal.ResultSetReturnImpl.executeUpdate(ResultSetReturnImpl.java:190)
		... 44 more
Caused by: jakarta.transaction.RollbackException: ARJUNA016053: Could not commit transaction.
	at com.arjuna.ats.internal.jta.transaction.arjunacore.TransactionImple.commitAndDisassociate(TransactionImple.java:1319)
	at com.arjuna.ats.internal.jta.transaction.arjunacore.BaseTransaction.commit(BaseTransaction.java:104)
	at io.quarkus.narayana.jta.runtime.NotifyingTransactionManager.commit(NotifyingTransactionManager.java:70)
	at io.quarkus.narayana.jta.runtime.interceptor.TransactionalInterceptorBase.endTransaction(TransactionalInterceptorBase.java:406)
	at io.quarkus.narayana.jta.runtime.interceptor.TransactionalInterceptorBase.invokeInOurTx(TransactionalInterceptorBase.java:175)
	at io.quarkus.narayana.jta.runtime.interceptor.TransactionalInterceptorBase.invokeInOurTx(TransactionalInterceptorBase.java:107)
	at io.quarkus.narayana.jta.runtime.interceptor.TransactionalInterceptorRequired.doIntercept(TransactionalInterceptorRequired.java:38)
	at io.quarkus.narayana.jta.runtime.interceptor.TransactionalInterceptorBase.intercept(TransactionalInterceptorBase.java:61)
	at io.quarkus.narayana.jta.runtime.interceptor.TransactionalInterceptorRequired.intercept(TransactionalInterceptorRequired.java:32)
	at io.quarkus.narayana.jta.runtime.interceptor.TransactionalInterceptorRequired_Bean.intercept(Unknown Source)
	at io.quarkus.arc.impl.InterceptorInvocation.invoke(InterceptorInvocation.java:42)
	at io.quarkus.arc.impl.AroundInvokeInvocationContext.perform(AroundInvokeInvocationContext.java:30)
	at io.quarkus.arc.impl.InvocationContexts.performAroundInvoke(InvocationContexts.java:27)
	... 6 more
Caused by: [CIRCULAR REFERENCE: org.hibernate.exception.ConstraintViolationException: could not execute statement [Referential integrity constraint violation: "fk_user_calendars_template: public.user_calendars FOREIGN KEY(template_id) REFERENCES public.calendar_templates(id) (UUID '7685904c-21ee-47c1-b172-bbdd60cc200a')"; SQL statement:
insert into user_calendars (configuration,created,generated_pdf_url,generated_svg,is_public,name,session_id,template_id,updated,user_id,version,"year",id) values (?,?,?,?,?,?,?,?,?,?,?,?,?) [23506-230]] [insert into user_calendars (configuration,created,generated_pdf_url,generated_svg,is_public,name,session_id,template_id,updated,user_id,version,"year",id) values (?,?,?,?,?,?,?,?,?,?,?,?,?)]]

[ERROR] villagecompute.calendar.data.models.UserCalendarTest.testFindPublicCalendars -- Time elapsed: 0.005 s <<< ERROR!
org.hibernate.exception.ConstraintViolationException: 
could not execute statement [Referential integrity constraint violation: "fk_user_calendars_template: public.user_calendars FOREIGN KEY(template_id) REFERENCES public.calendar_templates(id) (UUID '34f5c89b-51fb-4391-9fb9-46d239e0e5dd')"; SQL statement:
insert into user_calendars (configuration,created,generated_pdf_url,generated_svg,is_public,name,session_id,template_id,updated,user_id,version,"year",id) values (?,?,?,?,?,?,?,?,?,?,?,?,?) [23506-230]] [insert into user_calendars (configuration,created,generated_pdf_url,generated_svg,is_public,name,session_id,template_id,updated,user_id,version,"year",id) values (?,?,?,?,?,?,?,?,?,?,?,?,?)]
	at org.hibernate.dialect.H2Dialect.lambda$buildSQLExceptionConversionDelegate$1(H2Dialect.java:853)
	at org.hibernate.exception.internal.StandardSQLExceptionConverter.convert(StandardSQLExceptionConverter.java:34)
	at org.hibernate.engine.jdbc.spi.SqlExceptionHelper.convert(SqlExceptionHelper.java:115)
	at org.hibernate.engine.jdbc.internal.ResultSetReturnImpl.executeUpdate(ResultSetReturnImpl.java:193)
	at org.hibernate.engine.jdbc.mutation.internal.AbstractMutationExecutor.performNonBatchedMutation(AbstractMutationExecutor.java:148)
	at org.hibernate.engine.jdbc.mutation.internal.MutationExecutorSingleNonBatched.performNonBatchedOperations(MutationExecutorSingleNonBatched.java:53)
	at org.hibernate.engine.jdbc.mutation.internal.AbstractMutationExecutor.execute(AbstractMutationExecutor.java:66)
	at org.hibernate.engine.jdbc.mutation.internal.AbstractMutationExecutor.execute(AbstractMutationExecutor.java:55)
	at org.hibernate.persister.entity.mutation.InsertCoordinatorStandard.doStaticInserts(InsertCoordinatorStandard.java:191)
	at org.hibernate.persister.entity.mutation.InsertCoordinatorStandard.coordinateInsert(InsertCoordinatorStandard.java:129)
	at org.hibernate.persister.entity.mutation.InsertCoordinatorStandard.insert(InsertCoordinatorStandard.java:101)
	at org.hibernate.action.internal.EntityInsertAction.execute(EntityInsertAction.java:113)
	at org.hibernate.engine.spi.ActionQueue.executeActions(ActionQueue.java:646)
	at org.hibernate.engine.spi.ActionQueue.executeActions(ActionQueue.java:513)
	at org.hibernate.event.internal.AbstractFlushingEventListener.performExecutions(AbstractFlushingEventListener.java:378)
	at org.hibernate.event.internal.DefaultAutoFlushEventListener.onAutoFlush(DefaultAutoFlushEventListener.java:67)
	at org.hibernate.event.service.internal.EventListenerGroupImpl.fireEventOnEachListener(EventListenerGroupImpl.java:140)
	at org.hibernate.internal.SessionImpl.autoFlushIfRequired(SessionImpl.java:1400)
	at org.hibernate.query.sqm.internal.ConcreteSqmSelectQueryPlan.lambda$new$1(ConcreteSqmSelectQueryPlan.java:138)
	at org.hibernate.query.sqm.internal.ConcreteSqmSelectQueryPlan.withCacheableSqmInterpretation(ConcreteSqmSelectQueryPlan.java:455)
	at org.hibernate.query.sqm.internal.ConcreteSqmSelectQueryPlan.performList(ConcreteSqmSelectQueryPlan.java:388)
	at org.hibernate.query.sqm.internal.SqmSelectionQueryImpl.doList(SqmSelectionQueryImpl.java:423)
	at org.hibernate.query.spi.AbstractSelectionQuery.list(AbstractSelectionQuery.java:154)
	at org.hibernate.query.SelectionQuery.getResultList(SelectionQuery.java:145)
	at io.quarkus.hibernate.orm.panache.common.runtime.CommonPanacheQueryImpl.list(CommonPanacheQueryImpl.java:301)
	at io.quarkus.hibernate.orm.panache.runtime.PanacheQueryImpl.list(PanacheQueryImpl.java:150)
	at villagecompute.calendar.data.models.UserCalendarTest.testFindPublicCalendars(UserCalendarTest.java:286)
	at villagecompute.calendar.data.models.UserCalendarTest_Subclass.testFindPublicCalendars$$superforward(Unknown Source)
	at villagecompute.calendar.data.models.UserCalendarTest_Subclass$$function$$8.apply(Unknown Source)
	at io.quarkus.arc.impl.AroundInvokeInvocationContext.proceed(AroundInvokeInvocationContext.java:73)
	at io.quarkus.arc.impl.AroundInvokeInvocationContext.proceed(AroundInvokeInvocationContext.java:62)
	at io.quarkus.narayana.jta.runtime.interceptor.TransactionalInterceptorBase.invokeInOurTx(TransactionalInterceptorBase.java:136)
	at io.quarkus.narayana.jta.runtime.interceptor.TransactionalInterceptorBase.invokeInOurTx(TransactionalInterceptorBase.java:107)
	at io.quarkus.narayana.jta.runtime.interceptor.TransactionalInterceptorRequired.doIntercept(TransactionalInterceptorRequired.java:38)
	at io.quarkus.narayana.jta.runtime.interceptor.TransactionalInterceptorBase.intercept(TransactionalInterceptorBase.java:61)
	at io.quarkus.narayana.jta.runtime.interceptor.TransactionalInterceptorRequired.intercept(TransactionalInterceptorRequired.java:32)
	at io.quarkus.narayana.jta.runtime.interceptor.TransactionalInterceptorRequired_Bean.intercept(Unknown Source)
	at io.quarkus.arc.impl.InterceptorInvocation.invoke(InterceptorInvocation.java:42)
	at io.quarkus.arc.impl.AroundInvokeInvocationContext.perform(AroundInvokeInvocationContext.java:30)
	at io.quarkus.arc.impl.InvocationContexts.performAroundInvoke(InvocationContexts.java:27)
	at villagecompute.calendar.data.models.UserCalendarTest_Subclass.testFindPublicCalendars(Unknown Source)
	at java.base/java.lang.reflect.Method.invoke(Method.java:580)
	at io.quarkus.test.junit.QuarkusTestExtension.runExtensionMethod(QuarkusTestExtension.java:1000)
	at io.quarkus.test.junit.QuarkusTestExtension.interceptTestMethod(QuarkusTestExtension.java:848)
	at java.base/java.util.ArrayList.forEach(ArrayList.java:1596)
	at java.base/java.util.ArrayList.forEach(ArrayList.java:1596)
Caused by: org.h2.jdbc.JdbcSQLIntegrityConstraintViolationException: Referential integrity constraint violation: "fk_user_calendars_template: public.user_calendars FOREIGN KEY(template_id) REFERENCES public.calendar_templates(id) (UUID '34f5c89b-51fb-4391-9fb9-46d239e0e5dd')"; SQL statement:
insert into user_calendars (configuration,created,generated_pdf_url,generated_svg,is_public,name,session_id,template_id,updated,user_id,version,"year",id) values (?,?,?,?,?,?,?,?,?,?,?,?,?) [23506-230]
	at org.h2.message.DbException.getJdbcSQLException(DbException.java:520)
	at org.h2.message.DbException.getJdbcSQLException(DbException.java:489)
	at org.h2.message.DbException.get(DbException.java:223)
	at org.h2.message.DbException.get(DbException.java:199)
	at org.h2.constraint.ConstraintReferential.checkRowOwnTable(ConstraintReferential.java:308)
	at org.h2.constraint.ConstraintReferential.checkRow(ConstraintReferential.java:249)
	at org.h2.table.Table.fireConstraints(Table.java:1227)
	at org.h2.table.Table.fireAfterRow(Table.java:1245)
	at org.h2.command.dml.Insert.insertRows(Insert.java:188)
	at org.h2.command.dml.Insert.update(Insert.java:135)
	at org.h2.command.dml.DataChangeStatement.update(DataChangeStatement.java:74)
	at org.h2.command.CommandContainer.update(CommandContainer.java:139)
	at org.h2.command.Command.executeUpdate(Command.java:304)
	at org.h2.command.Command.executeUpdate(Command.java:248)
	at org.h2.jdbc.JdbcPreparedStatement.executeUpdateInternal(JdbcPreparedStatement.java:213)
	at org.h2.jdbc.JdbcPreparedStatement.executeUpdate(JdbcPreparedStatement.java:172)
	at io.agroal.pool.wrapper.PreparedStatementWrapper.executeUpdate(PreparedStatementWrapper.java:90)
	at org.hibernate.engine.jdbc.internal.ResultSetReturnImpl.executeUpdate(ResultSetReturnImpl.java:190)
	... 42 more

[ERROR] villagecompute.calendar.data.models.UserCalendarTest.testRelationships_CascadeRemoveOrders -- Time elapsed: 0.004 s <<< ERROR!
org.hibernate.TransientPropertyValueException: Persistent instance of 'villagecompute.calendar.data.models.CalendarOrder' references an unsaved transient instance of 'villagecompute.calendar.data.models.UserCalendar' (persist the transient instance before flushing) [villagecompute.calendar.data.models.CalendarOrder.calendar -> villagecompute.calendar.data.models.UserCalendar]
	at org.hibernate.engine.spi.CascadingActions$8.cascade(CascadingActions.java:406)
	at org.hibernate.engine.spi.CascadingActions$8.cascade(CascadingActions.java:385)
	at org.hibernate.engine.internal.Cascade.cascadeToOne(Cascade.java:538)
	at org.hibernate.engine.internal.Cascade.cascadeAssociation(Cascade.java:446)
	at org.hibernate.engine.internal.Cascade.cascadeProperty(Cascade.java:222)
	at org.hibernate.engine.internal.Cascade.cascade(Cascade.java:163)
	at org.hibernate.event.internal.AbstractFlushingEventListener.checkForTransientReferences(AbstractFlushingEventListener.java:151)
	at org.hibernate.event.internal.AbstractFlushingEventListener.prepareEntityFlushes(AbstractFlushingEventListener.java:140)
	at org.hibernate.event.internal.AbstractFlushingEventListener.preFlush(AbstractFlushingEventListener.java:89)
	at org.hibernate.event.internal.DefaultAutoFlushEventListener.onAutoPreFlush(DefaultAutoFlushEventListener.java:104)
	at org.hibernate.event.service.internal.EventListenerGroupImpl.fireEventOnEachListener(EventListenerGroupImpl.java:140)
	at org.hibernate.internal.SessionImpl.autoPreFlush(SessionImpl.java:1412)
	at org.hibernate.query.sqm.internal.ConcreteSqmSelectQueryPlan.withCacheableSqmInterpretation(ConcreteSqmSelectQueryPlan.java:407)
	at org.hibernate.query.sqm.internal.ConcreteSqmSelectQueryPlan.executeQuery(ConcreteSqmSelectQueryPlan.java:381)
	at org.hibernate.query.sqm.internal.SqmSelectionQueryImpl.getResultCount(SqmSelectionQueryImpl.java:412)
	at io.quarkus.hibernate.orm.panache.common.runtime.AbstractJpaOperations.count(AbstractJpaOperations.java:327)
	at villagecompute.calendar.data.models.CalendarOrder.count(CalendarOrder.java)
	at villagecompute.calendar.data.models.UserCalendarTest.testRelationships_CascadeRemoveOrders(UserCalendarTest.java:392)
	at villagecompute.calendar.data.models.UserCalendarTest_Subclass.testRelationships_CascadeRemoveOrders$$superforward(Unknown Source)
	at villagecompute.calendar.data.models.UserCalendarTest_Subclass$$function$$11.apply(Unknown Source)
	at io.quarkus.arc.impl.AroundInvokeInvocationContext.proceed(AroundInvokeInvocationContext.java:73)
	at io.quarkus.arc.impl.AroundInvokeInvocationContext.proceed(AroundInvokeInvocationContext.java:62)
	at io.quarkus.narayana.jta.runtime.interceptor.TransactionalInterceptorBase.invokeInOurTx(TransactionalInterceptorBase.java:136)
	at io.quarkus.narayana.jta.runtime.interceptor.TransactionalInterceptorBase.invokeInOurTx(TransactionalInterceptorBase.java:107)
	at io.quarkus.narayana.jta.runtime.interceptor.TransactionalInterceptorRequired.doIntercept(TransactionalInterceptorRequired.java:38)
	at io.quarkus.narayana.jta.runtime.interceptor.TransactionalInterceptorBase.intercept(TransactionalInterceptorBase.java:61)
	at io.quarkus.narayana.jta.runtime.interceptor.TransactionalInterceptorRequired.intercept(TransactionalInterceptorRequired.java:32)
	at io.quarkus.narayana.jta.runtime.interceptor.TransactionalInterceptorRequired_Bean.intercept(Unknown Source)
	at io.quarkus.arc.impl.InterceptorInvocation.invoke(InterceptorInvocation.java:42)
	at io.quarkus.arc.impl.AroundInvokeInvocationContext.perform(AroundInvokeInvocationContext.java:30)
	at io.quarkus.arc.impl.InvocationContexts.performAroundInvoke(InvocationContexts.java:27)
	at villagecompute.calendar.data.models.UserCalendarTest_Subclass.testRelationships_CascadeRemoveOrders(Unknown Source)
	at java.base/java.lang.reflect.Method.invoke(Method.java:580)
	at io.quarkus.test.junit.QuarkusTestExtension.runExtensionMethod(QuarkusTestExtension.java:1000)
	at io.quarkus.test.junit.QuarkusTestExtension.interceptTestMethod(QuarkusTestExtension.java:848)
	at java.base/java.util.ArrayList.forEach(ArrayList.java:1596)
	at java.base/java.util.ArrayList.forEach(ArrayList.java:1596)

[ERROR] villagecompute.calendar.data.models.UserCalendarTest.testRelationships_ManyToOneTemplate -- Time elapsed: 0.004 s <<< ERROR!
io.quarkus.arc.ArcUndeclaredThrowableException: Error invoking subclass method
	at villagecompute.calendar.data.models.UserCalendarTest_Subclass.testRelationships_ManyToOneTemplate(Unknown Source)
	at java.base/java.lang.reflect.Method.invoke(Method.java:580)
	at io.quarkus.test.junit.QuarkusTestExtension.runExtensionMethod(QuarkusTestExtension.java:1000)
	at io.quarkus.test.junit.QuarkusTestExtension.interceptTestMethod(QuarkusTestExtension.java:848)
	at java.base/java.util.ArrayList.forEach(ArrayList.java:1596)
	at java.base/java.util.ArrayList.forEach(ArrayList.java:1596)
	Suppressed: org.hibernate.exception.ConstraintViolationException: could not execute statement [Referential integrity constraint violation: "fk_user_calendars_template: public.user_calendars FOREIGN KEY(template_id) REFERENCES public.calendar_templates(id) (UUID '321211d7-14a0-4d58-a689-ab0a66a6707a')"; SQL statement:
insert into user_calendars (configuration,created,generated_pdf_url,generated_svg,is_public,name,session_id,template_id,updated,user_id,version,"year",id) values (?,?,?,?,?,?,?,?,?,?,?,?,?) [23506-230]] [insert into user_calendars (configuration,created,generated_pdf_url,generated_svg,is_public,name,session_id,template_id,updated,user_id,version,"year",id) values (?,?,?,?,?,?,?,?,?,?,?,?,?)]
		at org.hibernate.dialect.H2Dialect.lambda$buildSQLExceptionConversionDelegate$1(H2Dialect.java:853)
		at org.hibernate.exception.internal.StandardSQLExceptionConverter.convert(StandardSQLExceptionConverter.java:34)
		at org.hibernate.engine.jdbc.spi.SqlExceptionHelper.convert(SqlExceptionHelper.java:115)
		at org.hibernate.engine.jdbc.internal.ResultSetReturnImpl.executeUpdate(ResultSetReturnImpl.java:193)
		at org.hibernate.engine.jdbc.mutation.internal.AbstractMutationExecutor.performNonBatchedMutation(AbstractMutationExecutor.java:148)
		at org.hibernate.engine.jdbc.mutation.internal.MutationExecutorSingleNonBatched.performNonBatchedOperations(MutationExecutorSingleNonBatched.java:53)
		at org.hibernate.engine.jdbc.mutation.internal.AbstractMutationExecutor.execute(AbstractMutationExecutor.java:66)
		at org.hibernate.engine.jdbc.mutation.internal.AbstractMutationExecutor.execute(AbstractMutationExecutor.java:55)
		at org.hibernate.persister.entity.mutation.InsertCoordinatorStandard.doStaticInserts(InsertCoordinatorStandard.java:191)
		at org.hibernate.persister.entity.mutation.InsertCoordinatorStandard.coordinateInsert(InsertCoordinatorStandard.java:129)
		at org.hibernate.persister.entity.mutation.InsertCoordinatorStandard.insert(InsertCoordinatorStandard.java:101)
		at org.hibernate.action.internal.EntityInsertAction.execute(EntityInsertAction.java:113)
		at org.hibernate.engine.spi.ActionQueue.executeActions(ActionQueue.java:646)
		at org.hibernate.engine.spi.ActionQueue.executeActions(ActionQueue.java:513)
		at org.hibernate.event.internal.AbstractFlushingEventListener.performExecutions(AbstractFlushingEventListener.java:378)
		at org.hibernate.event.internal.DefaultFlushEventListener.onFlush(DefaultFlushEventListener.java:39)
		at org.hibernate.event.service.internal.EventListenerGroupImpl.fireEventOnEachListener(EventListenerGroupImpl.java:140)
		at org.hibernate.internal.SessionImpl.doFlush(SessionImpl.java:1443)
		at org.hibernate.internal.SessionImpl.managedFlush(SessionImpl.java:488)
		at org.hibernate.internal.SessionImpl.flushBeforeTransactionCompletion(SessionImpl.java:2321)
		at org.hibernate.internal.SessionImpl.beforeTransactionCompletion(SessionImpl.java:2029)
		at org.hibernate.engine.jdbc.internal.JdbcCoordinatorImpl.beforeTransactionCompletion(JdbcCoordinatorImpl.java:394)
		at org.hibernate.resource.transaction.backend.jta.internal.JtaTransactionCoordinatorImpl.beforeCompletion(JtaTransactionCoordinatorImpl.java:328)
		at org.hibernate.resource.transaction.backend.jta.internal.synchronization.SynchronizationCallbackCoordinatorNonTrackingImpl.beforeCompletion(SynchronizationCallbackCoordinatorNonTrackingImpl.java:39)
		at org.hibernate.resource.transaction.backend.jta.internal.synchronization.RegisteredSynchronization.beforeCompletion(RegisteredSynchronization.java:33)
		at com.arjuna.ats.internal.jta.resources.arjunacore.SynchronizationImple.beforeCompletion(SynchronizationImple.java:52)
		at com.arjuna.ats.arjuna.coordinator.TwoPhaseCoordinator.beforeCompletion(TwoPhaseCoordinator.java:348)
		at com.arjuna.ats.arjuna.coordinator.TwoPhaseCoordinator.end(TwoPhaseCoordinator.java:66)
		at com.arjuna.ats.arjuna.AtomicAction.commit(AtomicAction.java:135)
		at com.arjuna.ats.internal.jta.transaction.arjunacore.TransactionImple.commitAndDisassociate(TransactionImple.java:1307)
		at com.arjuna.ats.internal.jta.transaction.arjunacore.BaseTransaction.commit(BaseTransaction.java:104)
		at io.quarkus.narayana.jta.runtime.NotifyingTransactionManager.commit(NotifyingTransactionManager.java:70)
		at io.quarkus.narayana.jta.runtime.interceptor.TransactionalInterceptorBase.endTransaction(TransactionalInterceptorBase.java:406)
		at io.quarkus.narayana.jta.runtime.interceptor.TransactionalInterceptorBase.invokeInOurTx(TransactionalInterceptorBase.java:175)
		at io.quarkus.narayana.jta.runtime.interceptor.TransactionalInterceptorBase.invokeInOurTx(TransactionalInterceptorBase.java:107)
		at io.quarkus.narayana.jta.runtime.interceptor.TransactionalInterceptorRequired.doIntercept(TransactionalInterceptorRequired.java:38)
		at io.quarkus.narayana.jta.runtime.interceptor.TransactionalInterceptorBase.intercept(TransactionalInterceptorBase.java:61)
		at io.quarkus.narayana.jta.runtime.interceptor.TransactionalInterceptorRequired.intercept(TransactionalInterceptorRequired.java:32)
		at io.quarkus.narayana.jta.runtime.interceptor.TransactionalInterceptorRequired_Bean.intercept(Unknown Source)
		at io.quarkus.arc.impl.InterceptorInvocation.invoke(InterceptorInvocation.java:42)
		at io.quarkus.arc.impl.AroundInvokeInvocationContext.perform(AroundInvokeInvocationContext.java:30)
		at io.quarkus.arc.impl.InvocationContexts.performAroundInvoke(InvocationContexts.java:27)
		... 6 more
	Caused by: org.h2.jdbc.JdbcSQLIntegrityConstraintViolationException: Referential integrity constraint violation: "fk_user_calendars_template: public.user_calendars FOREIGN KEY(template_id) REFERENCES public.calendar_templates(id) (UUID '321211d7-14a0-4d58-a689-ab0a66a6707a')"; SQL statement:
insert into user_calendars (configuration,created,generated_pdf_url,generated_svg,is_public,name,session_id,template_id,updated,user_id,version,"year",id) values (?,?,?,?,?,?,?,?,?,?,?,?,?) [23506-230]
		at org.h2.message.DbException.getJdbcSQLException(DbException.java:520)
		at org.h2.message.DbException.getJdbcSQLException(DbException.java:489)
		at org.h2.message.DbException.get(DbException.java:223)
		at org.h2.message.DbException.get(DbException.java:199)
		at org.h2.constraint.ConstraintReferential.checkRowOwnTable(ConstraintReferential.java:308)
		at org.h2.constraint.ConstraintReferential.checkRow(ConstraintReferential.java:249)
		at org.h2.table.Table.fireConstraints(Table.java:1227)
		at org.h2.table.Table.fireAfterRow(Table.java:1245)
		at org.h2.command.dml.Insert.insertRows(Insert.java:188)
		at org.h2.command.dml.Insert.update(Insert.java:135)
		at org.h2.command.dml.DataChangeStatement.update(DataChangeStatement.java:74)
		at org.h2.command.CommandContainer.update(CommandContainer.java:139)
		at org.h2.command.Command.executeUpdate(Command.java:304)
		at org.h2.command.Command.executeUpdate(Command.java:248)
		at org.h2.jdbc.JdbcPreparedStatement.executeUpdateInternal(JdbcPreparedStatement.java:213)
		at org.h2.jdbc.JdbcPreparedStatement.executeUpdate(JdbcPreparedStatement.java:172)
		at io.agroal.pool.wrapper.PreparedStatementWrapper.executeUpdate(PreparedStatementWrapper.java:90)
		at org.hibernate.engine.jdbc.internal.ResultSetReturnImpl.executeUpdate(ResultSetReturnImpl.java:190)
		... 44 more
Caused by: jakarta.transaction.RollbackException: ARJUNA016053: Could not commit transaction.
	at com.arjuna.ats.internal.jta.transaction.arjunacore.TransactionImple.commitAndDisassociate(TransactionImple.java:1319)
	at com.arjuna.ats.internal.jta.transaction.arjunacore.BaseTransaction.commit(BaseTransaction.java:104)
	at io.quarkus.narayana.jta.runtime.NotifyingTransactionManager.commit(NotifyingTransactionManager.java:70)
	at io.quarkus.narayana.jta.runtime.interceptor.TransactionalInterceptorBase.endTransaction(TransactionalInterceptorBase.java:406)
	at io.quarkus.narayana.jta.runtime.interceptor.TransactionalInterceptorBase.invokeInOurTx(TransactionalInterceptorBase.java:175)
	at io.quarkus.narayana.jta.runtime.interceptor.TransactionalInterceptorBase.invokeInOurTx(TransactionalInterceptorBase.java:107)
	at io.quarkus.narayana.jta.runtime.interceptor.TransactionalInterceptorRequired.doIntercept(TransactionalInterceptorRequired.java:38)
	at io.quarkus.narayana.jta.runtime.interceptor.TransactionalInterceptorBase.intercept(TransactionalInterceptorBase.java:61)
	at io.quarkus.narayana.jta.runtime.interceptor.TransactionalInterceptorRequired.intercept(TransactionalInterceptorRequired.java:32)
	at io.quarkus.narayana.jta.runtime.interceptor.TransactionalInterceptorRequired_Bean.intercept(Unknown Source)
	at io.quarkus.arc.impl.InterceptorInvocation.invoke(InterceptorInvocation.java:42)
	at io.quarkus.arc.impl.AroundInvokeInvocationContext.perform(AroundInvokeInvocationContext.java:30)
	at io.quarkus.arc.impl.InvocationContexts.performAroundInvoke(InvocationContexts.java:27)
	... 6 more
Caused by: [CIRCULAR REFERENCE: org.hibernate.exception.ConstraintViolationException: could not execute statement [Referential integrity constraint violation: "fk_user_calendars_template: public.user_calendars FOREIGN KEY(template_id) REFERENCES public.calendar_templates(id) (UUID '321211d7-14a0-4d58-a689-ab0a66a6707a')"; SQL statement:
insert into user_calendars (configuration,created,generated_pdf_url,generated_svg,is_public,name,session_id,template_id,updated,user_id,version,"year",id) values (?,?,?,?,?,?,?,?,?,?,?,?,?) [23506-230]] [insert into user_calendars (configuration,created,generated_pdf_url,generated_svg,is_public,name,session_id,template_id,updated,user_id,version,"year",id) values (?,?,?,?,?,?,?,?,?,?,?,?,?)]]

[ERROR] villagecompute.calendar.data.models.UserCalendarTest.testRelationships_ManyToOneUser -- Time elapsed: 0.004 s <<< ERROR!
io.quarkus.arc.ArcUndeclaredThrowableException: Error invoking subclass method
	at villagecompute.calendar.data.models.UserCalendarTest_Subclass.testRelationships_ManyToOneUser(Unknown Source)
	at java.base/java.lang.reflect.Method.invoke(Method.java:580)
	at io.quarkus.test.junit.QuarkusTestExtension.runExtensionMethod(QuarkusTestExtension.java:1000)
	at io.quarkus.test.junit.QuarkusTestExtension.interceptTestMethod(QuarkusTestExtension.java:848)
	at java.base/java.util.ArrayList.forEach(ArrayList.java:1596)
	at java.base/java.util.ArrayList.forEach(ArrayList.java:1596)
	Suppressed: org.hibernate.exception.ConstraintViolationException: could not execute statement [Referential integrity constraint violation: "fk_user_calendars_template: public.user_calendars FOREIGN KEY(template_id) REFERENCES public.calendar_templates(id) (UUID '508e45a0-792b-4bca-baff-beff22a036f8')"; SQL statement:
insert into user_calendars (configuration,created,generated_pdf_url,generated_svg,is_public,name,session_id,template_id,updated,user_id,version,"year",id) values (?,?,?,?,?,?,?,?,?,?,?,?,?) [23506-230]] [insert into user_calendars (configuration,created,generated_pdf_url,generated_svg,is_public,name,session_id,template_id,updated,user_id,version,"year",id) values (?,?,?,?,?,?,?,?,?,?,?,?,?)]
		at org.hibernate.dialect.H2Dialect.lambda$buildSQLExceptionConversionDelegate$1(H2Dialect.java:853)
		at org.hibernate.exception.internal.StandardSQLExceptionConverter.convert(StandardSQLExceptionConverter.java:34)
		at org.hibernate.engine.jdbc.spi.SqlExceptionHelper.convert(SqlExceptionHelper.java:115)
		at org.hibernate.engine.jdbc.internal.ResultSetReturnImpl.executeUpdate(ResultSetReturnImpl.java:193)
		at org.hibernate.engine.jdbc.mutation.internal.AbstractMutationExecutor.performNonBatchedMutation(AbstractMutationExecutor.java:148)
		at org.hibernate.engine.jdbc.mutation.internal.MutationExecutorSingleNonBatched.performNonBatchedOperations(MutationExecutorSingleNonBatched.java:53)
		at org.hibernate.engine.jdbc.mutation.internal.AbstractMutationExecutor.execute(AbstractMutationExecutor.java:66)
		at org.hibernate.engine.jdbc.mutation.internal.AbstractMutationExecutor.execute(AbstractMutationExecutor.java:55)
		at org.hibernate.persister.entity.mutation.InsertCoordinatorStandard.doStaticInserts(InsertCoordinatorStandard.java:191)
		at org.hibernate.persister.entity.mutation.InsertCoordinatorStandard.coordinateInsert(InsertCoordinatorStandard.java:129)
		at org.hibernate.persister.entity.mutation.InsertCoordinatorStandard.insert(InsertCoordinatorStandard.java:101)
		at org.hibernate.action.internal.EntityInsertAction.execute(EntityInsertAction.java:113)
		at org.hibernate.engine.spi.ActionQueue.executeActions(ActionQueue.java:646)
		at org.hibernate.engine.spi.ActionQueue.executeActions(ActionQueue.java:513)
		at org.hibernate.event.internal.AbstractFlushingEventListener.performExecutions(AbstractFlushingEventListener.java:378)
		at org.hibernate.event.internal.DefaultFlushEventListener.onFlush(DefaultFlushEventListener.java:39)
		at org.hibernate.event.service.internal.EventListenerGroupImpl.fireEventOnEachListener(EventListenerGroupImpl.java:140)
		at org.hibernate.internal.SessionImpl.doFlush(SessionImpl.java:1443)
		at org.hibernate.internal.SessionImpl.managedFlush(SessionImpl.java:488)
		at org.hibernate.internal.SessionImpl.flushBeforeTransactionCompletion(SessionImpl.java:2321)
		at org.hibernate.internal.SessionImpl.beforeTransactionCompletion(SessionImpl.java:2029)
		at org.hibernate.engine.jdbc.internal.JdbcCoordinatorImpl.beforeTransactionCompletion(JdbcCoordinatorImpl.java:394)
		at org.hibernate.resource.transaction.backend.jta.internal.JtaTransactionCoordinatorImpl.beforeCompletion(JtaTransactionCoordinatorImpl.java:328)
		at org.hibernate.resource.transaction.backend.jta.internal.synchronization.SynchronizationCallbackCoordinatorNonTrackingImpl.beforeCompletion(SynchronizationCallbackCoordinatorNonTrackingImpl.java:39)
		at org.hibernate.resource.transaction.backend.jta.internal.synchronization.RegisteredSynchronization.beforeCompletion(RegisteredSynchronization.java:33)
		at com.arjuna.ats.internal.jta.resources.arjunacore.SynchronizationImple.beforeCompletion(SynchronizationImple.java:52)
		at com.arjuna.ats.arjuna.coordinator.TwoPhaseCoordinator.beforeCompletion(TwoPhaseCoordinator.java:348)
		at com.arjuna.ats.arjuna.coordinator.TwoPhaseCoordinator.end(TwoPhaseCoordinator.java:66)
		at com.arjuna.ats.arjuna.AtomicAction.commit(AtomicAction.java:135)
		at com.arjuna.ats.internal.jta.transaction.arjunacore.TransactionImple.commitAndDisassociate(TransactionImple.java:1307)
		at com.arjuna.ats.internal.jta.transaction.arjunacore.BaseTransaction.commit(BaseTransaction.java:104)
		at io.quarkus.narayana.jta.runtime.NotifyingTransactionManager.commit(NotifyingTransactionManager.java:70)
		at io.quarkus.narayana.jta.runtime.interceptor.TransactionalInterceptorBase.endTransaction(TransactionalInterceptorBase.java:406)
		at io.quarkus.narayana.jta.runtime.interceptor.TransactionalInterceptorBase.invokeInOurTx(TransactionalInterceptorBase.java:175)
		at io.quarkus.narayana.jta.runtime.interceptor.TransactionalInterceptorBase.invokeInOurTx(TransactionalInterceptorBase.java:107)
		at io.quarkus.narayana.jta.runtime.interceptor.TransactionalInterceptorRequired.doIntercept(TransactionalInterceptorRequired.java:38)
		at io.quarkus.narayana.jta.runtime.interceptor.TransactionalInterceptorBase.intercept(TransactionalInterceptorBase.java:61)
		at io.quarkus.narayana.jta.runtime.interceptor.TransactionalInterceptorRequired.intercept(TransactionalInterceptorRequired.java:32)
		at io.quarkus.narayana.jta.runtime.interceptor.TransactionalInterceptorRequired_Bean.intercept(Unknown Source)
		at io.quarkus.arc.impl.InterceptorInvocation.invoke(InterceptorInvocation.java:42)
		at io.quarkus.arc.impl.AroundInvokeInvocationContext.perform(AroundInvokeInvocationContext.java:30)
		at io.quarkus.arc.impl.InvocationContexts.performAroundInvoke(InvocationContexts.java:27)
		... 6 more
	Caused by: org.h2.jdbc.JdbcSQLIntegrityConstraintViolationException: Referential integrity constraint violation: "fk_user_calendars_template: public.user_calendars FOREIGN KEY(template_id) REFERENCES public.calendar_templates(id) (UUID '508e45a0-792b-4bca-baff-beff22a036f8')"; SQL statement:
insert into user_calendars (configuration,created,generated_pdf_url,generated_svg,is_public,name,session_id,template_id,updated,user_id,version,"year",id) values (?,?,?,?,?,?,?,?,?,?,?,?,?) [23506-230]
		at org.h2.message.DbException.getJdbcSQLException(DbException.java:520)
		at org.h2.message.DbException.getJdbcSQLException(DbException.java:489)
		at org.h2.message.DbException.get(DbException.java:223)
		at org.h2.message.DbException.get(DbException.java:199)
		at org.h2.constraint.ConstraintReferential.checkRowOwnTable(ConstraintReferential.java:308)
		at org.h2.constraint.ConstraintReferential.checkRow(ConstraintReferential.java:249)
		at org.h2.table.Table.fireConstraints(Table.java:1227)
		at org.h2.table.Table.fireAfterRow(Table.java:1245)
		at org.h2.command.dml.Insert.insertRows(Insert.java:188)
		at org.h2.command.dml.Insert.update(Insert.java:135)
		at org.h2.command.dml.DataChangeStatement.update(DataChangeStatement.java:74)
		at org.h2.command.CommandContainer.update(CommandContainer.java:139)
		at org.h2.command.Command.executeUpdate(Command.java:304)
		at org.h2.command.Command.executeUpdate(Command.java:248)
		at org.h2.jdbc.JdbcPreparedStatement.executeUpdateInternal(JdbcPreparedStatement.java:213)
		at org.h2.jdbc.JdbcPreparedStatement.executeUpdate(JdbcPreparedStatement.java:172)
		at io.agroal.pool.wrapper.PreparedStatementWrapper.executeUpdate(PreparedStatementWrapper.java:90)
		at org.hibernate.engine.jdbc.internal.ResultSetReturnImpl.executeUpdate(ResultSetReturnImpl.java:190)
		... 44 more
Caused by: jakarta.transaction.RollbackException: ARJUNA016053: Could not commit transaction.
	at com.arjuna.ats.internal.jta.transaction.arjunacore.TransactionImple.commitAndDisassociate(TransactionImple.java:1319)
	at com.arjuna.ats.internal.jta.transaction.arjunacore.BaseTransaction.commit(BaseTransaction.java:104)
	at io.quarkus.narayana.jta.runtime.NotifyingTransactionManager.commit(NotifyingTransactionManager.java:70)
	at io.quarkus.narayana.jta.runtime.interceptor.TransactionalInterceptorBase.endTransaction(TransactionalInterceptorBase.java:406)
	at io.quarkus.narayana.jta.runtime.interceptor.TransactionalInterceptorBase.invokeInOurTx(TransactionalInterceptorBase.java:175)
	at io.quarkus.narayana.jta.runtime.interceptor.TransactionalInterceptorBase.invokeInOurTx(TransactionalInterceptorBase.java:107)
	at io.quarkus.narayana.jta.runtime.interceptor.TransactionalInterceptorRequired.doIntercept(TransactionalInterceptorRequired.java:38)
	at io.quarkus.narayana.jta.runtime.interceptor.TransactionalInterceptorBase.intercept(TransactionalInterceptorBase.java:61)
	at io.quarkus.narayana.jta.runtime.interceptor.TransactionalInterceptorRequired.intercept(TransactionalInterceptorRequired.java:32)
	at io.quarkus.narayana.jta.runtime.interceptor.TransactionalInterceptorRequired_Bean.intercept(Unknown Source)
	at io.quarkus.arc.impl.InterceptorInvocation.invoke(InterceptorInvocation.java:42)
	at io.quarkus.arc.impl.AroundInvokeInvocationContext.perform(AroundInvokeInvocationContext.java:30)
	at io.quarkus.arc.impl.InvocationContexts.performAroundInvoke(InvocationContexts.java:27)
	... 6 more
Caused by: [CIRCULAR REFERENCE: org.hibernate.exception.ConstraintViolationException: could not execute statement [Referential integrity constraint violation: "fk_user_calendars_template: public.user_calendars FOREIGN KEY(template_id) REFERENCES public.calendar_templates(id) (UUID '508e45a0-792b-4bca-baff-beff22a036f8')"; SQL statement:
insert into user_calendars (configuration,created,generated_pdf_url,generated_svg,is_public,name,session_id,template_id,updated,user_id,version,"year",id) values (?,?,?,?,?,?,?,?,?,?,?,?,?) [23506-230]] [insert into user_calendars (configuration,created,generated_pdf_url,generated_svg,is_public,name,session_id,template_id,updated,user_id,version,"year",id) values (?,?,?,?,?,?,?,?,?,?,?,?,?)]]

[ERROR] villagecompute.calendar.data.models.UserCalendarTest.testRelationships_OneToManyOrders -- Time elapsed: 0.003 s <<< FAILURE!
org.opentest4j.AssertionFailedError: expected: not <null>
	at org.junit.jupiter.api.AssertionFailureBuilder.build(AssertionFailureBuilder.java:152)
	at org.junit.jupiter.api.AssertionFailureBuilder.buildAndThrow(AssertionFailureBuilder.java:132)
	at org.junit.jupiter.api.AssertNotNull.failNull(AssertNotNull.java:49)
	at org.junit.jupiter.api.AssertNotNull.assertNotNull(AssertNotNull.java:35)
	at org.junit.jupiter.api.AssertNotNull.assertNotNull(AssertNotNull.java:30)
	at org.junit.jupiter.api.Assertions.assertNotNull(Assertions.java:304)
	at villagecompute.calendar.data.models.UserCalendarTest.testRelationships_OneToManyOrders(UserCalendarTest.java:367)
	at villagecompute.calendar.data.models.UserCalendarTest_Subclass.testRelationships_OneToManyOrders$$superforward(Unknown Source)
	at villagecompute.calendar.data.models.UserCalendarTest_Subclass$$function$$14.apply(Unknown Source)
	at io.quarkus.arc.impl.AroundInvokeInvocationContext.proceed(AroundInvokeInvocationContext.java:73)
	at io.quarkus.arc.impl.AroundInvokeInvocationContext.proceed(AroundInvokeInvocationContext.java:62)
	at io.quarkus.narayana.jta.runtime.interceptor.TransactionalInterceptorBase.invokeInOurTx(TransactionalInterceptorBase.java:136)
	at io.quarkus.narayana.jta.runtime.interceptor.TransactionalInterceptorBase.invokeInOurTx(TransactionalInterceptorBase.java:107)
	at io.quarkus.narayana.jta.runtime.interceptor.TransactionalInterceptorRequired.doIntercept(TransactionalInterceptorRequired.java:38)
	at io.quarkus.narayana.jta.runtime.interceptor.TransactionalInterceptorBase.intercept(TransactionalInterceptorBase.java:61)
	at io.quarkus.narayana.jta.runtime.interceptor.TransactionalInterceptorRequired.intercept(TransactionalInterceptorRequired.java:32)
	at io.quarkus.narayana.jta.runtime.interceptor.TransactionalInterceptorRequired_Bean.intercept(Unknown Source)
	at io.quarkus.arc.impl.InterceptorInvocation.invoke(InterceptorInvocation.java:42)
	at io.quarkus.arc.impl.AroundInvokeInvocationContext.perform(AroundInvokeInvocationContext.java:30)
	at io.quarkus.arc.impl.InvocationContexts.performAroundInvoke(InvocationContexts.java:27)
	at villagecompute.calendar.data.models.UserCalendarTest_Subclass.testRelationships_OneToManyOrders(Unknown Source)
	at java.base/java.lang.reflect.Method.invoke(Method.java:580)
	at io.quarkus.test.junit.QuarkusTestExtension.runExtensionMethod(QuarkusTestExtension.java:1000)
	at io.quarkus.test.junit.QuarkusTestExtension.interceptTestMethod(QuarkusTestExtension.java:848)
	at java.base/java.util.ArrayList.forEach(ArrayList.java:1596)
	at java.base/java.util.ArrayList.forEach(ArrayList.java:1596)

[ERROR] villagecompute.calendar.data.models.UserCalendarTest.testJsonbSerialization_NullJson -- Time elapsed: 0.004 s <<< ERROR!
io.quarkus.arc.ArcUndeclaredThrowableException: Error invoking subclass method
	at villagecompute.calendar.data.models.UserCalendarTest_Subclass.testJsonbSerialization_NullJson(Unknown Source)
	at java.base/java.lang.reflect.Method.invoke(Method.java:580)
	at io.quarkus.test.junit.QuarkusTestExtension.runExtensionMethod(QuarkusTestExtension.java:1000)
	at io.quarkus.test.junit.QuarkusTestExtension.interceptTestMethod(QuarkusTestExtension.java:848)
	at java.base/java.util.ArrayList.forEach(ArrayList.java:1596)
	at java.base/java.util.ArrayList.forEach(ArrayList.java:1596)
	Suppressed: org.hibernate.exception.ConstraintViolationException: could not execute statement [Referential integrity constraint violation: "fk_user_calendars_template: public.user_calendars FOREIGN KEY(template_id) REFERENCES public.calendar_templates(id) (UUID 'b3776472-ffe4-489f-b850-267e8c68eeb2')"; SQL statement:
insert into user_calendars (configuration,created,generated_pdf_url,generated_svg,is_public,name,session_id,template_id,updated,user_id,version,"year",id) values (?,?,?,?,?,?,?,?,?,?,?,?,?) [23506-230]] [insert into user_calendars (configuration,created,generated_pdf_url,generated_svg,is_public,name,session_id,template_id,updated,user_id,version,"year",id) values (?,?,?,?,?,?,?,?,?,?,?,?,?)]
		at org.hibernate.dialect.H2Dialect.lambda$buildSQLExceptionConversionDelegate$1(H2Dialect.java:853)
		at org.hibernate.exception.internal.StandardSQLExceptionConverter.convert(StandardSQLExceptionConverter.java:34)
		at org.hibernate.engine.jdbc.spi.SqlExceptionHelper.convert(SqlExceptionHelper.java:115)
		at org.hibernate.engine.jdbc.internal.ResultSetReturnImpl.executeUpdate(ResultSetReturnImpl.java:193)
		at org.hibernate.engine.jdbc.mutation.internal.AbstractMutationExecutor.performNonBatchedMutation(AbstractMutationExecutor.java:148)
		at org.hibernate.engine.jdbc.mutation.internal.MutationExecutorSingleNonBatched.performNonBatchedOperations(MutationExecutorSingleNonBatched.java:53)
		at org.hibernate.engine.jdbc.mutation.internal.AbstractMutationExecutor.execute(AbstractMutationExecutor.java:66)
		at org.hibernate.engine.jdbc.mutation.internal.AbstractMutationExecutor.execute(AbstractMutationExecutor.java:55)
		at org.hibernate.persister.entity.mutation.InsertCoordinatorStandard.doStaticInserts(InsertCoordinatorStandard.java:191)
		at org.hibernate.persister.entity.mutation.InsertCoordinatorStandard.coordinateInsert(InsertCoordinatorStandard.java:129)
		at org.hibernate.persister.entity.mutation.InsertCoordinatorStandard.insert(InsertCoordinatorStandard.java:101)
		at org.hibernate.action.internal.EntityInsertAction.execute(EntityInsertAction.java:113)
		at org.hibernate.engine.spi.ActionQueue.executeActions(ActionQueue.java:646)
		at org.hibernate.engine.spi.ActionQueue.executeActions(ActionQueue.java:513)
		at org.hibernate.event.internal.AbstractFlushingEventListener.performExecutions(AbstractFlushingEventListener.java:378)
		at org.hibernate.event.internal.DefaultFlushEventListener.onFlush(DefaultFlushEventListener.java:39)
		at org.hibernate.event.service.internal.EventListenerGroupImpl.fireEventOnEachListener(EventListenerGroupImpl.java:140)
		at org.hibernate.internal.SessionImpl.doFlush(SessionImpl.java:1443)
		at org.hibernate.internal.SessionImpl.managedFlush(SessionImpl.java:488)
		at org.hibernate.internal.SessionImpl.flushBeforeTransactionCompletion(SessionImpl.java:2321)
		at org.hibernate.internal.SessionImpl.beforeTransactionCompletion(SessionImpl.java:2029)
		at org.hibernate.engine.jdbc.internal.JdbcCoordinatorImpl.beforeTransactionCompletion(JdbcCoordinatorImpl.java:394)
		at org.hibernate.resource.transaction.backend.jta.internal.JtaTransactionCoordinatorImpl.beforeCompletion(JtaTransactionCoordinatorImpl.java:328)
		at org.hibernate.resource.transaction.backend.jta.internal.synchronization.SynchronizationCallbackCoordinatorNonTrackingImpl.beforeCompletion(SynchronizationCallbackCoordinatorNonTrackingImpl.java:39)
		at org.hibernate.resource.transaction.backend.jta.internal.synchronization.RegisteredSynchronization.beforeCompletion(RegisteredSynchronization.java:33)
		at com.arjuna.ats.internal.jta.resources.arjunacore.SynchronizationImple.beforeCompletion(SynchronizationImple.java:52)
		at com.arjuna.ats.arjuna.coordinator.TwoPhaseCoordinator.beforeCompletion(TwoPhaseCoordinator.java:348)
		at com.arjuna.ats.arjuna.coordinator.TwoPhaseCoordinator.end(TwoPhaseCoordinator.java:66)
		at com.arjuna.ats.arjuna.AtomicAction.commit(AtomicAction.java:135)
		at com.arjuna.ats.internal.jta.transaction.arjunacore.TransactionImple.commitAndDisassociate(TransactionImple.java:1307)
		at com.arjuna.ats.internal.jta.transaction.arjunacore.BaseTransaction.commit(BaseTransaction.java:104)
		at io.quarkus.narayana.jta.runtime.NotifyingTransactionManager.commit(NotifyingTransactionManager.java:70)
		at io.quarkus.narayana.jta.runtime.interceptor.TransactionalInterceptorBase.endTransaction(TransactionalInterceptorBase.java:406)
		at io.quarkus.narayana.jta.runtime.interceptor.TransactionalInterceptorBase.invokeInOurTx(TransactionalInterceptorBase.java:175)
		at io.quarkus.narayana.jta.runtime.interceptor.TransactionalInterceptorBase.invokeInOurTx(TransactionalInterceptorBase.java:107)
		at io.quarkus.narayana.jta.runtime.interceptor.TransactionalInterceptorRequired.doIntercept(TransactionalInterceptorRequired.java:38)
		at io.quarkus.narayana.jta.runtime.interceptor.TransactionalInterceptorBase.intercept(TransactionalInterceptorBase.java:61)
		at io.quarkus.narayana.jta.runtime.interceptor.TransactionalInterceptorRequired.intercept(TransactionalInterceptorRequired.java:32)
		at io.quarkus.narayana.jta.runtime.interceptor.TransactionalInterceptorRequired_Bean.intercept(Unknown Source)
		at io.quarkus.arc.impl.InterceptorInvocation.invoke(InterceptorInvocation.java:42)
		at io.quarkus.arc.impl.AroundInvokeInvocationContext.perform(AroundInvokeInvocationContext.java:30)
		at io.quarkus.arc.impl.InvocationContexts.performAroundInvoke(InvocationContexts.java:27)
		... 6 more
	Caused by: org.h2.jdbc.JdbcSQLIntegrityConstraintViolationException: Referential integrity constraint violation: "fk_user_calendars_template: public.user_calendars FOREIGN KEY(template_id) REFERENCES public.calendar_templates(id) (UUID 'b3776472-ffe4-489f-b850-267e8c68eeb2')"; SQL statement:
insert into user_calendars (configuration,created,generated_pdf_url,generated_svg,is_public,name,session_id,template_id,updated,user_id,version,"year",id) values (?,?,?,?,?,?,?,?,?,?,?,?,?) [23506-230]
		at org.h2.message.DbException.getJdbcSQLException(DbException.java:520)
		at org.h2.message.DbException.getJdbcSQLException(DbException.java:489)
		at org.h2.message.DbException.get(DbException.java:223)
		at org.h2.message.DbException.get(DbException.java:199)
		at org.h2.constraint.ConstraintReferential.checkRowOwnTable(ConstraintReferential.java:308)
		at org.h2.constraint.ConstraintReferential.checkRow(ConstraintReferential.java:249)
		at org.h2.table.Table.fireConstraints(Table.java:1227)
		at org.h2.table.Table.fireAfterRow(Table.java:1245)
		at org.h2.command.dml.Insert.insertRows(Insert.java:188)
		at org.h2.command.dml.Insert.update(Insert.java:135)
		at org.h2.command.dml.DataChangeStatement.update(DataChangeStatement.java:74)
		at org.h2.command.CommandContainer.update(CommandContainer.java:139)
		at org.h2.command.Command.executeUpdate(Command.java:304)
		at org.h2.command.Command.executeUpdate(Command.java:248)
		at org.h2.jdbc.JdbcPreparedStatement.executeUpdateInternal(JdbcPreparedStatement.java:213)
		at org.h2.jdbc.JdbcPreparedStatement.executeUpdate(JdbcPreparedStatement.java:172)
		at io.agroal.pool.wrapper.PreparedStatementWrapper.executeUpdate(PreparedStatementWrapper.java:90)
		at org.hibernate.engine.jdbc.internal.ResultSetReturnImpl.executeUpdate(ResultSetReturnImpl.java:190)
		... 44 more
Caused by: jakarta.transaction.RollbackException: ARJUNA016053: Could not commit transaction.
	at com.arjuna.ats.internal.jta.transaction.arjunacore.TransactionImple.commitAndDisassociate(TransactionImple.java:1319)
	at com.arjuna.ats.internal.jta.transaction.arjunacore.BaseTransaction.commit(BaseTransaction.java:104)
	at io.quarkus.narayana.jta.runtime.NotifyingTransactionManager.commit(NotifyingTransactionManager.java:70)
	at io.quarkus.narayana.jta.runtime.interceptor.TransactionalInterceptorBase.endTransaction(TransactionalInterceptorBase.java:406)
	at io.quarkus.narayana.jta.runtime.interceptor.TransactionalInterceptorBase.invokeInOurTx(TransactionalInterceptorBase.java:175)
	at io.quarkus.narayana.jta.runtime.interceptor.TransactionalInterceptorBase.invokeInOurTx(TransactionalInterceptorBase.java:107)
	at io.quarkus.narayana.jta.runtime.interceptor.TransactionalInterceptorRequired.doIntercept(TransactionalInterceptorRequired.java:38)
	at io.quarkus.narayana.jta.runtime.interceptor.TransactionalInterceptorBase.intercept(TransactionalInterceptorBase.java:61)
	at io.quarkus.narayana.jta.runtime.interceptor.TransactionalInterceptorRequired.intercept(TransactionalInterceptorRequired.java:32)
	at io.quarkus.narayana.jta.runtime.interceptor.TransactionalInterceptorRequired_Bean.intercept(Unknown Source)
	at io.quarkus.arc.impl.InterceptorInvocation.invoke(InterceptorInvocation.java:42)
	at io.quarkus.arc.impl.AroundInvokeInvocationContext.perform(AroundInvokeInvocationContext.java:30)
	at io.quarkus.arc.impl.InvocationContexts.performAroundInvoke(InvocationContexts.java:27)
	... 6 more
Caused by: [CIRCULAR REFERENCE: org.hibernate.exception.ConstraintViolationException: could not execute statement [Referential integrity constraint violation: "fk_user_calendars_template: public.user_calendars FOREIGN KEY(template_id) REFERENCES public.calendar_templates(id) (UUID 'b3776472-ffe4-489f-b850-267e8c68eeb2')"; SQL statement:
insert into user_calendars (configuration,created,generated_pdf_url,generated_svg,is_public,name,session_id,template_id,updated,user_id,version,"year",id) values (?,?,?,?,?,?,?,?,?,?,?,?,?) [23506-230]] [insert into user_calendars (configuration,created,generated_pdf_url,generated_svg,is_public,name,session_id,template_id,updated,user_id,version,"year",id) values (?,?,?,?,?,?,?,?,?,?,?,?,?)]]

[ERROR] villagecompute.calendar.data.models.UserCalendarTest.testValidEntity_Success -- Time elapsed: 0.003 s <<< FAILURE!
org.opentest4j.AssertionFailedError: expected: not <null>
	at org.junit.jupiter.api.AssertionFailureBuilder.build(AssertionFailureBuilder.java:152)
	at org.junit.jupiter.api.AssertionFailureBuilder.buildAndThrow(AssertionFailureBuilder.java:132)
	at org.junit.jupiter.api.AssertNotNull.failNull(AssertNotNull.java:49)
	at org.junit.jupiter.api.AssertNotNull.assertNotNull(AssertNotNull.java:35)
	at org.junit.jupiter.api.AssertNotNull.assertNotNull(AssertNotNull.java:30)
	at org.junit.jupiter.api.Assertions.assertNotNull(Assertions.java:304)
	at villagecompute.calendar.data.models.UserCalendarTest.testValidEntity_Success(UserCalendarTest.java:84)
	at villagecompute.calendar.data.models.UserCalendarTest_Subclass.testValidEntity_Success$$superforward(Unknown Source)
	at villagecompute.calendar.data.models.UserCalendarTest_Subclass$$function$$15.apply(Unknown Source)
	at io.quarkus.arc.impl.AroundInvokeInvocationContext.proceed(AroundInvokeInvocationContext.java:73)
	at io.quarkus.arc.impl.AroundInvokeInvocationContext.proceed(AroundInvokeInvocationContext.java:62)
	at io.quarkus.narayana.jta.runtime.interceptor.TransactionalInterceptorBase.invokeInOurTx(TransactionalInterceptorBase.java:136)
	at io.quarkus.narayana.jta.runtime.interceptor.TransactionalInterceptorBase.invokeInOurTx(TransactionalInterceptorBase.java:107)
	at io.quarkus.narayana.jta.runtime.interceptor.TransactionalInterceptorRequired.doIntercept(TransactionalInterceptorRequired.java:38)
	at io.quarkus.narayana.jta.runtime.interceptor.TransactionalInterceptorBase.intercept(TransactionalInterceptorBase.java:61)
	at io.quarkus.narayana.jta.runtime.interceptor.TransactionalInterceptorRequired.intercept(TransactionalInterceptorRequired.java:32)
	at io.quarkus.narayana.jta.runtime.interceptor.TransactionalInterceptorRequired_Bean.intercept(Unknown Source)
	at io.quarkus.arc.impl.InterceptorInvocation.invoke(InterceptorInvocation.java:42)
	at io.quarkus.arc.impl.AroundInvokeInvocationContext.perform(AroundInvokeInvocationContext.java:30)
	at io.quarkus.arc.impl.InvocationContexts.performAroundInvoke(InvocationContexts.java:27)
	at villagecompute.calendar.data.models.UserCalendarTest_Subclass.testValidEntity_Success(Unknown Source)
	at java.base/java.lang.reflect.Method.invoke(Method.java:580)
	at io.quarkus.test.junit.QuarkusTestExtension.runExtensionMethod(QuarkusTestExtension.java:1000)
	at io.quarkus.test.junit.QuarkusTestExtension.interceptTestMethod(QuarkusTestExtension.java:848)
	at java.base/java.util.ArrayList.forEach(ArrayList.java:1596)
	at java.base/java.util.ArrayList.forEach(ArrayList.java:1596)

[ERROR] villagecompute.calendar.data.models.UserCalendarTest.testFindByUser -- Time elapsed: 0.005 s <<< ERROR!
org.hibernate.exception.ConstraintViolationException: 
could not execute statement [Referential integrity constraint violation: "fk_user_calendars_template: public.user_calendars FOREIGN KEY(template_id) REFERENCES public.calendar_templates(id) (UUID 'e62d75ff-d8e3-407c-8121-b1d5e6b0cd22')"; SQL statement:
insert into user_calendars (configuration,created,generated_pdf_url,generated_svg,is_public,name,session_id,template_id,updated,user_id,version,"year",id) values (?,?,?,?,?,?,?,?,?,?,?,?,?) [23506-230]] [insert into user_calendars (configuration,created,generated_pdf_url,generated_svg,is_public,name,session_id,template_id,updated,user_id,version,"year",id) values (?,?,?,?,?,?,?,?,?,?,?,?,?)]
	at org.hibernate.dialect.H2Dialect.lambda$buildSQLExceptionConversionDelegate$1(H2Dialect.java:853)
	at org.hibernate.exception.internal.StandardSQLExceptionConverter.convert(StandardSQLExceptionConverter.java:34)
	at org.hibernate.engine.jdbc.spi.SqlExceptionHelper.convert(SqlExceptionHelper.java:115)
	at org.hibernate.engine.jdbc.internal.ResultSetReturnImpl.executeUpdate(ResultSetReturnImpl.java:193)
	at org.hibernate.engine.jdbc.mutation.internal.AbstractMutationExecutor.performNonBatchedMutation(AbstractMutationExecutor.java:148)
	at org.hibernate.engine.jdbc.mutation.internal.MutationExecutorSingleNonBatched.performNonBatchedOperations(MutationExecutorSingleNonBatched.java:53)
	at org.hibernate.engine.jdbc.mutation.internal.AbstractMutationExecutor.execute(AbstractMutationExecutor.java:66)
	at org.hibernate.engine.jdbc.mutation.internal.AbstractMutationExecutor.execute(AbstractMutationExecutor.java:55)
	at org.hibernate.persister.entity.mutation.InsertCoordinatorStandard.doStaticInserts(InsertCoordinatorStandard.java:191)
	at org.hibernate.persister.entity.mutation.InsertCoordinatorStandard.coordinateInsert(InsertCoordinatorStandard.java:129)
	at org.hibernate.persister.entity.mutation.InsertCoordinatorStandard.insert(InsertCoordinatorStandard.java:101)
	at org.hibernate.action.internal.EntityInsertAction.execute(EntityInsertAction.java:113)
	at org.hibernate.engine.spi.ActionQueue.executeActions(ActionQueue.java:646)
	at org.hibernate.engine.spi.ActionQueue.executeActions(ActionQueue.java:513)
	at org.hibernate.event.internal.AbstractFlushingEventListener.performExecutions(AbstractFlushingEventListener.java:378)
	at org.hibernate.event.internal.DefaultAutoFlushEventListener.onAutoFlush(DefaultAutoFlushEventListener.java:67)
	at org.hibernate.event.service.internal.EventListenerGroupImpl.fireEventOnEachListener(EventListenerGroupImpl.java:140)
	at org.hibernate.internal.SessionImpl.autoFlushIfRequired(SessionImpl.java:1400)
	at org.hibernate.query.sqm.internal.ConcreteSqmSelectQueryPlan.lambda$new$1(ConcreteSqmSelectQueryPlan.java:138)
	at org.hibernate.query.sqm.internal.ConcreteSqmSelectQueryPlan.withCacheableSqmInterpretation(ConcreteSqmSelectQueryPlan.java:455)
	at org.hibernate.query.sqm.internal.ConcreteSqmSelectQueryPlan.performList(ConcreteSqmSelectQueryPlan.java:388)
	at org.hibernate.query.sqm.internal.SqmSelectionQueryImpl.doList(SqmSelectionQueryImpl.java:423)
	at org.hibernate.query.spi.AbstractSelectionQuery.list(AbstractSelectionQuery.java:154)
	at org.hibernate.query.SelectionQuery.getResultList(SelectionQuery.java:145)
	at io.quarkus.hibernate.orm.panache.common.runtime.CommonPanacheQueryImpl.list(CommonPanacheQueryImpl.java:301)
	at io.quarkus.hibernate.orm.panache.runtime.PanacheQueryImpl.list(PanacheQueryImpl.java:150)
	at villagecompute.calendar.data.models.UserCalendarTest.testFindByUser(UserCalendarTest.java:221)
	at villagecompute.calendar.data.models.UserCalendarTest_Subclass.testFindByUser$$superforward(Unknown Source)
	at villagecompute.calendar.data.models.UserCalendarTest_Subclass$$function$$5.apply(Unknown Source)
	at io.quarkus.arc.impl.AroundInvokeInvocationContext.proceed(AroundInvokeInvocationContext.java:73)
	at io.quarkus.arc.impl.AroundInvokeInvocationContext.proceed(AroundInvokeInvocationContext.java:62)
	at io.quarkus.narayana.jta.runtime.interceptor.TransactionalInterceptorBase.invokeInOurTx(TransactionalInterceptorBase.java:136)
	at io.quarkus.narayana.jta.runtime.interceptor.TransactionalInterceptorBase.invokeInOurTx(TransactionalInterceptorBase.java:107)
	at io.quarkus.narayana.jta.runtime.interceptor.TransactionalInterceptorRequired.doIntercept(TransactionalInterceptorRequired.java:38)
	at io.quarkus.narayana.jta.runtime.interceptor.TransactionalInterceptorBase.intercept(TransactionalInterceptorBase.java:61)
	at io.quarkus.narayana.jta.runtime.interceptor.TransactionalInterceptorRequired.intercept(TransactionalInterceptorRequired.java:32)
	at io.quarkus.narayana.jta.runtime.interceptor.TransactionalInterceptorRequired_Bean.intercept(Unknown Source)
	at io.quarkus.arc.impl.InterceptorInvocation.invoke(InterceptorInvocation.java:42)
	at io.quarkus.arc.impl.AroundInvokeInvocationContext.perform(AroundInvokeInvocationContext.java:30)
	at io.quarkus.arc.impl.InvocationContexts.performAroundInvoke(InvocationContexts.java:27)
	at villagecompute.calendar.data.models.UserCalendarTest_Subclass.testFindByUser(Unknown Source)
	at java.base/java.lang.reflect.Method.invoke(Method.java:580)
	at io.quarkus.test.junit.QuarkusTestExtension.runExtensionMethod(QuarkusTestExtension.java:1000)
	at io.quarkus.test.junit.QuarkusTestExtension.interceptTestMethod(QuarkusTestExtension.java:848)
	at java.base/java.util.ArrayList.forEach(ArrayList.java:1596)
	at java.base/java.util.ArrayList.forEach(ArrayList.java:1596)
Caused by: org.h2.jdbc.JdbcSQLIntegrityConstraintViolationException: Referential integrity constraint violation: "fk_user_calendars_template: public.user_calendars FOREIGN KEY(template_id) REFERENCES public.calendar_templates(id) (UUID 'e62d75ff-d8e3-407c-8121-b1d5e6b0cd22')"; SQL statement:
insert into user_calendars (configuration,created,generated_pdf_url,generated_svg,is_public,name,session_id,template_id,updated,user_id,version,"year",id) values (?,?,?,?,?,?,?,?,?,?,?,?,?) [23506-230]
	at org.h2.message.DbException.getJdbcSQLException(DbException.java:520)
	at org.h2.message.DbException.getJdbcSQLException(DbException.java:489)
	at org.h2.message.DbException.get(DbException.java:223)
	at org.h2.message.DbException.get(DbException.java:199)
	at org.h2.constraint.ConstraintReferential.checkRowOwnTable(ConstraintReferential.java:308)
	at org.h2.constraint.ConstraintReferential.checkRow(ConstraintReferential.java:249)
	at org.h2.table.Table.fireConstraints(Table.java:1227)
	at org.h2.table.Table.fireAfterRow(Table.java:1245)
	at org.h2.command.dml.Insert.insertRows(Insert.java:188)
	at org.h2.command.dml.Insert.update(Insert.java:135)
	at org.h2.command.dml.DataChangeStatement.update(DataChangeStatement.java:74)
	at org.h2.command.CommandContainer.update(CommandContainer.java:139)
	at org.h2.command.Command.executeUpdate(Command.java:304)
	at org.h2.command.Command.executeUpdate(Command.java:248)
	at org.h2.jdbc.JdbcPreparedStatement.executeUpdateInternal(JdbcPreparedStatement.java:213)
	at org.h2.jdbc.JdbcPreparedStatement.executeUpdate(JdbcPreparedStatement.java:172)
	at io.agroal.pool.wrapper.PreparedStatementWrapper.executeUpdate(PreparedStatementWrapper.java:90)
	at org.hibernate.engine.jdbc.internal.ResultSetReturnImpl.executeUpdate(ResultSetReturnImpl.java:190)
	... 42 more

[ERROR] villagecompute.calendar.data.models.UserCalendarTest.testFindBySessionAndName -- Time elapsed: 0.004 s <<< ERROR!
org.hibernate.exception.ConstraintViolationException: 
could not execute statement [Referential integrity constraint violation: "fk_user_calendars_template: public.user_calendars FOREIGN KEY(template_id) REFERENCES public.calendar_templates(id) (UUID 'e7ba15e5-58ef-48d7-9626-3949159a1700')"; SQL statement:
insert into user_calendars (configuration,created,generated_pdf_url,generated_svg,is_public,name,session_id,template_id,updated,user_id,version,"year",id) values (?,?,?,?,?,?,?,?,?,?,?,?,?) [23506-230]] [insert into user_calendars (configuration,created,generated_pdf_url,generated_svg,is_public,name,session_id,template_id,updated,user_id,version,"year",id) values (?,?,?,?,?,?,?,?,?,?,?,?,?)]
	at org.hibernate.dialect.H2Dialect.lambda$buildSQLExceptionConversionDelegate$1(H2Dialect.java:853)
	at org.hibernate.exception.internal.StandardSQLExceptionConverter.convert(StandardSQLExceptionConverter.java:34)
	at org.hibernate.engine.jdbc.spi.SqlExceptionHelper.convert(SqlExceptionHelper.java:115)
	at org.hibernate.engine.jdbc.internal.ResultSetReturnImpl.executeUpdate(ResultSetReturnImpl.java:193)
	at org.hibernate.engine.jdbc.mutation.internal.AbstractMutationExecutor.performNonBatchedMutation(AbstractMutationExecutor.java:148)
	at org.hibernate.engine.jdbc.mutation.internal.MutationExecutorSingleNonBatched.performNonBatchedOperations(MutationExecutorSingleNonBatched.java:53)
	at org.hibernate.engine.jdbc.mutation.internal.AbstractMutationExecutor.execute(AbstractMutationExecutor.java:66)
	at org.hibernate.engine.jdbc.mutation.internal.AbstractMutationExecutor.execute(AbstractMutationExecutor.java:55)
	at org.hibernate.persister.entity.mutation.InsertCoordinatorStandard.doStaticInserts(InsertCoordinatorStandard.java:191)
	at org.hibernate.persister.entity.mutation.InsertCoordinatorStandard.coordinateInsert(InsertCoordinatorStandard.java:129)
	at org.hibernate.persister.entity.mutation.InsertCoordinatorStandard.insert(InsertCoordinatorStandard.java:101)
	at org.hibernate.action.internal.EntityInsertAction.execute(EntityInsertAction.java:113)
	at org.hibernate.engine.spi.ActionQueue.executeActions(ActionQueue.java:646)
	at org.hibernate.engine.spi.ActionQueue.executeActions(ActionQueue.java:513)
	at org.hibernate.event.internal.AbstractFlushingEventListener.performExecutions(AbstractFlushingEventListener.java:378)
	at org.hibernate.event.internal.DefaultAutoFlushEventListener.onAutoFlush(DefaultAutoFlushEventListener.java:67)
	at org.hibernate.event.service.internal.EventListenerGroupImpl.fireEventOnEachListener(EventListenerGroupImpl.java:140)
	at org.hibernate.internal.SessionImpl.autoFlushIfRequired(SessionImpl.java:1400)
	at org.hibernate.query.sqm.internal.ConcreteSqmSelectQueryPlan.lambda$new$1(ConcreteSqmSelectQueryPlan.java:138)
	at org.hibernate.query.sqm.internal.ConcreteSqmSelectQueryPlan.withCacheableSqmInterpretation(ConcreteSqmSelectQueryPlan.java:455)
	at org.hibernate.query.sqm.internal.ConcreteSqmSelectQueryPlan.performList(ConcreteSqmSelectQueryPlan.java:388)
	at org.hibernate.query.sqm.internal.SqmSelectionQueryImpl.doList(SqmSelectionQueryImpl.java:423)
	at org.hibernate.query.spi.AbstractSelectionQuery.list(AbstractSelectionQuery.java:154)
	at org.hibernate.query.SelectionQuery.getResultList(SelectionQuery.java:145)
	at io.quarkus.hibernate.orm.panache.common.runtime.CommonPanacheQueryImpl.list(CommonPanacheQueryImpl.java:301)
	at io.quarkus.hibernate.orm.panache.runtime.PanacheQueryImpl.list(PanacheQueryImpl.java:150)
	at villagecompute.calendar.data.models.UserCalendarTest.testFindBySessionAndName(UserCalendarTest.java:241)
	at villagecompute.calendar.data.models.UserCalendarTest_Subclass.testFindBySessionAndName$$superforward(Unknown Source)
	at villagecompute.calendar.data.models.UserCalendarTest_Subclass$$function$$4.apply(Unknown Source)
	at io.quarkus.arc.impl.AroundInvokeInvocationContext.proceed(AroundInvokeInvocationContext.java:73)
	at io.quarkus.arc.impl.AroundInvokeInvocationContext.proceed(AroundInvokeInvocationContext.java:62)
	at io.quarkus.narayana.jta.runtime.interceptor.TransactionalInterceptorBase.invokeInOurTx(TransactionalInterceptorBase.java:136)
	at io.quarkus.narayana.jta.runtime.interceptor.TransactionalInterceptorBase.invokeInOurTx(TransactionalInterceptorBase.java:107)
	at io.quarkus.narayana.jta.runtime.interceptor.TransactionalInterceptorRequired.doIntercept(TransactionalInterceptorRequired.java:38)
	at io.quarkus.narayana.jta.runtime.interceptor.TransactionalInterceptorBase.intercept(TransactionalInterceptorBase.java:61)
	at io.quarkus.narayana.jta.runtime.interceptor.TransactionalInterceptorRequired.intercept(TransactionalInterceptorRequired.java:32)
	at io.quarkus.narayana.jta.runtime.interceptor.TransactionalInterceptorRequired_Bean.intercept(Unknown Source)
	at io.quarkus.arc.impl.InterceptorInvocation.invoke(InterceptorInvocation.java:42)
	at io.quarkus.arc.impl.AroundInvokeInvocationContext.perform(AroundInvokeInvocationContext.java:30)
	at io.quarkus.arc.impl.InvocationContexts.performAroundInvoke(InvocationContexts.java:27)
	at villagecompute.calendar.data.models.UserCalendarTest_Subclass.testFindBySessionAndName(Unknown Source)
	at java.base/java.lang.reflect.Method.invoke(Method.java:580)
	at io.quarkus.test.junit.QuarkusTestExtension.runExtensionMethod(QuarkusTestExtension.java:1000)
	at io.quarkus.test.junit.QuarkusTestExtension.interceptTestMethod(QuarkusTestExtension.java:848)
	at java.base/java.util.ArrayList.forEach(ArrayList.java:1596)
	at java.base/java.util.ArrayList.forEach(ArrayList.java:1596)
Caused by: org.h2.jdbc.JdbcSQLIntegrityConstraintViolationException: Referential integrity constraint violation: "fk_user_calendars_template: public.user_calendars FOREIGN KEY(template_id) REFERENCES public.calendar_templates(id) (UUID 'e7ba15e5-58ef-48d7-9626-3949159a1700')"; SQL statement:
insert into user_calendars (configuration,created,generated_pdf_url,generated_svg,is_public,name,session_id,template_id,updated,user_id,version,"year",id) values (?,?,?,?,?,?,?,?,?,?,?,?,?) [23506-230]
	at org.h2.message.DbException.getJdbcSQLException(DbException.java:520)
	at org.h2.message.DbException.getJdbcSQLException(DbException.java:489)
	at org.h2.message.DbException.get(DbException.java:223)
	at org.h2.message.DbException.get(DbException.java:199)
	at org.h2.constraint.ConstraintReferential.checkRowOwnTable(ConstraintReferential.java:308)
	at org.h2.constraint.ConstraintReferential.checkRow(ConstraintReferential.java:249)
	at org.h2.table.Table.fireConstraints(Table.java:1227)
	at org.h2.table.Table.fireAfterRow(Table.java:1245)
	at org.h2.command.dml.Insert.insertRows(Insert.java:188)
	at org.h2.command.dml.Insert.update(Insert.java:135)
	at org.h2.command.dml.DataChangeStatement.update(DataChangeStatement.java:74)
	at org.h2.command.CommandContainer.update(CommandContainer.java:139)
	at org.h2.command.Command.executeUpdate(Command.java:304)
	at org.h2.command.Command.executeUpdate(Command.java:248)
	at org.h2.jdbc.JdbcPreparedStatement.executeUpdateInternal(JdbcPreparedStatement.java:213)
	at org.h2.jdbc.JdbcPreparedStatement.executeUpdate(JdbcPreparedStatement.java:172)
	at io.agroal.pool.wrapper.PreparedStatementWrapper.executeUpdate(PreparedStatementWrapper.java:90)
	at org.hibernate.engine.jdbc.internal.ResultSetReturnImpl.executeUpdate(ResultSetReturnImpl.java:190)
	... 42 more

[ERROR] villagecompute.calendar.data.models.UserCalendarTest.testFindPublicById -- Time elapsed: 0.005 s <<< ERROR!
org.hibernate.exception.ConstraintViolationException: 
could not execute statement [Referential integrity constraint violation: "fk_user_calendars_template: public.user_calendars FOREIGN KEY(template_id) REFERENCES public.calendar_templates(id) (UUID '0e8bedbc-497e-4942-92ee-1c069d55e1c8')"; SQL statement:
insert into user_calendars (configuration,created,generated_pdf_url,generated_svg,is_public,name,session_id,template_id,updated,user_id,version,"year",id) values (?,?,?,?,?,?,?,?,?,?,?,?,?) [23506-230]] [insert into user_calendars (configuration,created,generated_pdf_url,generated_svg,is_public,name,session_id,template_id,updated,user_id,version,"year",id) values (?,?,?,?,?,?,?,?,?,?,?,?,?)]
	at org.hibernate.dialect.H2Dialect.lambda$buildSQLExceptionConversionDelegate$1(H2Dialect.java:853)
	at org.hibernate.exception.internal.StandardSQLExceptionConverter.convert(StandardSQLExceptionConverter.java:34)
	at org.hibernate.engine.jdbc.spi.SqlExceptionHelper.convert(SqlExceptionHelper.java:115)
	at org.hibernate.engine.jdbc.internal.ResultSetReturnImpl.executeUpdate(ResultSetReturnImpl.java:193)
	at org.hibernate.engine.jdbc.mutation.internal.AbstractMutationExecutor.performNonBatchedMutation(AbstractMutationExecutor.java:148)
	at org.hibernate.engine.jdbc.mutation.internal.MutationExecutorSingleNonBatched.performNonBatchedOperations(MutationExecutorSingleNonBatched.java:53)
	at org.hibernate.engine.jdbc.mutation.internal.AbstractMutationExecutor.execute(AbstractMutationExecutor.java:66)
	at org.hibernate.engine.jdbc.mutation.internal.AbstractMutationExecutor.execute(AbstractMutationExecutor.java:55)
	at org.hibernate.persister.entity.mutation.InsertCoordinatorStandard.doStaticInserts(InsertCoordinatorStandard.java:191)
	at org.hibernate.persister.entity.mutation.InsertCoordinatorStandard.coordinateInsert(InsertCoordinatorStandard.java:129)
	at org.hibernate.persister.entity.mutation.InsertCoordinatorStandard.insert(InsertCoordinatorStandard.java:101)
	at org.hibernate.action.internal.EntityInsertAction.execute(EntityInsertAction.java:113)
	at org.hibernate.engine.spi.ActionQueue.executeActions(ActionQueue.java:646)
	at org.hibernate.engine.spi.ActionQueue.executeActions(ActionQueue.java:513)
	at org.hibernate.event.internal.AbstractFlushingEventListener.performExecutions(AbstractFlushingEventListener.java:378)
	at org.hibernate.event.internal.DefaultAutoFlushEventListener.onAutoFlush(DefaultAutoFlushEventListener.java:67)
	at org.hibernate.event.service.internal.EventListenerGroupImpl.fireEventOnEachListener(EventListenerGroupImpl.java:140)
	at org.hibernate.internal.SessionImpl.autoFlushIfRequired(SessionImpl.java:1400)
	at org.hibernate.query.sqm.internal.ConcreteSqmSelectQueryPlan.lambda$new$1(ConcreteSqmSelectQueryPlan.java:138)
	at org.hibernate.query.sqm.internal.ConcreteSqmSelectQueryPlan.withCacheableSqmInterpretation(ConcreteSqmSelectQueryPlan.java:455)
	at org.hibernate.query.sqm.internal.ConcreteSqmSelectQueryPlan.performList(ConcreteSqmSelectQueryPlan.java:388)
	at org.hibernate.query.sqm.internal.SqmSelectionQueryImpl.doList(SqmSelectionQueryImpl.java:423)
	at org.hibernate.query.spi.AbstractSelectionQuery.list(AbstractSelectionQuery.java:154)
	at org.hibernate.query.SelectionQuery.getResultList(SelectionQuery.java:145)
	at io.quarkus.hibernate.orm.panache.common.runtime.CommonPanacheQueryImpl.firstResult(CommonPanacheQueryImpl.java:317)
	at io.quarkus.hibernate.orm.panache.runtime.PanacheQueryImpl.firstResult(PanacheQueryImpl.java:160)
	at villagecompute.calendar.data.models.UserCalendar.findPublicById(UserCalendar.java:118)
	at villagecompute.calendar.data.models.UserCalendarTest.testFindPublicById(UserCalendarTest.java:261)
	at villagecompute.calendar.data.models.UserCalendarTest_Subclass.testFindPublicById$$superforward(Unknown Source)
	at villagecompute.calendar.data.models.UserCalendarTest_Subclass$$function$$7.apply(Unknown Source)
	at io.quarkus.arc.impl.AroundInvokeInvocationContext.proceed(AroundInvokeInvocationContext.java:73)
	at io.quarkus.arc.impl.AroundInvokeInvocationContext.proceed(AroundInvokeInvocationContext.java:62)
	at io.quarkus.narayana.jta.runtime.interceptor.TransactionalInterceptorBase.invokeInOurTx(TransactionalInterceptorBase.java:136)
	at io.quarkus.narayana.jta.runtime.interceptor.TransactionalInterceptorBase.invokeInOurTx(TransactionalInterceptorBase.java:107)
	at io.quarkus.narayana.jta.runtime.interceptor.TransactionalInterceptorRequired.doIntercept(TransactionalInterceptorRequired.java:38)
	at io.quarkus.narayana.jta.runtime.interceptor.TransactionalInterceptorBase.intercept(TransactionalInterceptorBase.java:61)
	at io.quarkus.narayana.jta.runtime.interceptor.TransactionalInterceptorRequired.intercept(TransactionalInterceptorRequired.java:32)
	at io.quarkus.narayana.jta.runtime.interceptor.TransactionalInterceptorRequired_Bean.intercept(Unknown Source)
	at io.quarkus.arc.impl.InterceptorInvocation.invoke(InterceptorInvocation.java:42)
	at io.quarkus.arc.impl.AroundInvokeInvocationContext.perform(AroundInvokeInvocationContext.java:30)
	at io.quarkus.arc.impl.InvocationContexts.performAroundInvoke(InvocationContexts.java:27)
	at villagecompute.calendar.data.models.UserCalendarTest_Subclass.testFindPublicById(Unknown Source)
	at java.base/java.lang.reflect.Method.invoke(Method.java:580)
	at io.quarkus.test.junit.QuarkusTestExtension.runExtensionMethod(QuarkusTestExtension.java:1000)
	at io.quarkus.test.junit.QuarkusTestExtension.interceptTestMethod(QuarkusTestExtension.java:848)
	at java.base/java.util.ArrayList.forEach(ArrayList.java:1596)
	at java.base/java.util.ArrayList.forEach(ArrayList.java:1596)
Caused by: org.h2.jdbc.JdbcSQLIntegrityConstraintViolationException: Referential integrity constraint violation: "fk_user_calendars_template: public.user_calendars FOREIGN KEY(template_id) REFERENCES public.calendar_templates(id) (UUID '0e8bedbc-497e-4942-92ee-1c069d55e1c8')"; SQL statement:
insert into user_calendars (configuration,created,generated_pdf_url,generated_svg,is_public,name,session_id,template_id,updated,user_id,version,"year",id) values (?,?,?,?,?,?,?,?,?,?,?,?,?) [23506-230]
	at org.h2.message.DbException.getJdbcSQLException(DbException.java:520)
	at org.h2.message.DbException.getJdbcSQLException(DbException.java:489)
	at org.h2.message.DbException.get(DbException.java:223)
	at org.h2.message.DbException.get(DbException.java:199)
	at org.h2.constraint.ConstraintReferential.checkRowOwnTable(ConstraintReferential.java:308)
	at org.h2.constraint.ConstraintReferential.checkRow(ConstraintReferential.java:249)
	at org.h2.table.Table.fireConstraints(Table.java:1227)
	at org.h2.table.Table.fireAfterRow(Table.java:1245)
	at org.h2.command.dml.Insert.insertRows(Insert.java:188)
	at org.h2.command.dml.Insert.update(Insert.java:135)
	at org.h2.command.dml.DataChangeStatement.update(DataChangeStatement.java:74)
	at org.h2.command.CommandContainer.update(CommandContainer.java:139)
	at org.h2.command.Command.executeUpdate(Command.java:304)
	at org.h2.command.Command.executeUpdate(Command.java:248)
	at org.h2.jdbc.JdbcPreparedStatement.executeUpdateInternal(JdbcPreparedStatement.java:213)
	at org.h2.jdbc.JdbcPreparedStatement.executeUpdate(JdbcPreparedStatement.java:172)
	at io.agroal.pool.wrapper.PreparedStatementWrapper.executeUpdate(PreparedStatementWrapper.java:90)
	at org.hibernate.engine.jdbc.internal.ResultSetReturnImpl.executeUpdate(ResultSetReturnImpl.java:190)
	... 43 more

[ERROR] villagecompute.calendar.data.models.UserCalendarTest.testFindBySession -- Time elapsed: 0.006 s <<< ERROR!
org.hibernate.exception.ConstraintViolationException: 
could not execute statement [Referential integrity constraint violation: "fk_user_calendars_template: public.user_calendars FOREIGN KEY(template_id) REFERENCES public.calendar_templates(id) (UUID '9365752f-3fa7-42dd-a39e-ba20e63cf318')"; SQL statement:
insert into user_calendars (configuration,created,generated_pdf_url,generated_svg,is_public,name,session_id,template_id,updated,user_id,version,"year",id) values (?,?,?,?,?,?,?,?,?,?,?,?,?) [23506-230]] [insert into user_calendars (configuration,created,generated_pdf_url,generated_svg,is_public,name,session_id,template_id,updated,user_id,version,"year",id) values (?,?,?,?,?,?,?,?,?,?,?,?,?)]
	at org.hibernate.dialect.H2Dialect.lambda$buildSQLExceptionConversionDelegate$1(H2Dialect.java:853)
	at org.hibernate.exception.internal.StandardSQLExceptionConverter.convert(StandardSQLExceptionConverter.java:34)
	at org.hibernate.engine.jdbc.spi.SqlExceptionHelper.convert(SqlExceptionHelper.java:115)
	at org.hibernate.engine.jdbc.internal.ResultSetReturnImpl.executeUpdate(ResultSetReturnImpl.java:193)
	at org.hibernate.engine.jdbc.mutation.internal.AbstractMutationExecutor.performNonBatchedMutation(AbstractMutationExecutor.java:148)
	at org.hibernate.engine.jdbc.mutation.internal.MutationExecutorSingleNonBatched.performNonBatchedOperations(MutationExecutorSingleNonBatched.java:53)
	at org.hibernate.engine.jdbc.mutation.internal.AbstractMutationExecutor.execute(AbstractMutationExecutor.java:66)
	at org.hibernate.engine.jdbc.mutation.internal.AbstractMutationExecutor.execute(AbstractMutationExecutor.java:55)
	at org.hibernate.persister.entity.mutation.InsertCoordinatorStandard.doStaticInserts(InsertCoordinatorStandard.java:191)
	at org.hibernate.persister.entity.mutation.InsertCoordinatorStandard.coordinateInsert(InsertCoordinatorStandard.java:129)
	at org.hibernate.persister.entity.mutation.InsertCoordinatorStandard.insert(InsertCoordinatorStandard.java:101)
	at org.hibernate.action.internal.EntityInsertAction.execute(EntityInsertAction.java:113)
	at org.hibernate.engine.spi.ActionQueue.executeActions(ActionQueue.java:646)
	at org.hibernate.engine.spi.ActionQueue.executeActions(ActionQueue.java:513)
	at org.hibernate.event.internal.AbstractFlushingEventListener.performExecutions(AbstractFlushingEventListener.java:378)
	at org.hibernate.event.internal.DefaultAutoFlushEventListener.onAutoFlush(DefaultAutoFlushEventListener.java:67)
	at org.hibernate.event.service.internal.EventListenerGroupImpl.fireEventOnEachListener(EventListenerGroupImpl.java:140)
	at org.hibernate.internal.SessionImpl.autoFlushIfRequired(SessionImpl.java:1400)
	at org.hibernate.query.sqm.internal.ConcreteSqmSelectQueryPlan.lambda$new$1(ConcreteSqmSelectQueryPlan.java:138)
	at org.hibernate.query.sqm.internal.ConcreteSqmSelectQueryPlan.withCacheableSqmInterpretation(ConcreteSqmSelectQueryPlan.java:455)
	at org.hibernate.query.sqm.internal.ConcreteSqmSelectQueryPlan.performList(ConcreteSqmSelectQueryPlan.java:388)
	at org.hibernate.query.sqm.internal.SqmSelectionQueryImpl.doList(SqmSelectionQueryImpl.java:423)
	at org.hibernate.query.spi.AbstractSelectionQuery.list(AbstractSelectionQuery.java:154)
	at org.hibernate.query.SelectionQuery.getResultList(SelectionQuery.java:145)
	at io.quarkus.hibernate.orm.panache.common.runtime.CommonPanacheQueryImpl.list(CommonPanacheQueryImpl.java:301)
	at io.quarkus.hibernate.orm.panache.runtime.PanacheQueryImpl.list(PanacheQueryImpl.java:150)
	at villagecompute.calendar.data.models.UserCalendarTest.testFindBySession(UserCalendarTest.java:183)
	at villagecompute.calendar.data.models.UserCalendarTest_Subclass.testFindBySession$$superforward(Unknown Source)
	at villagecompute.calendar.data.models.UserCalendarTest_Subclass$$function$$3.apply(Unknown Source)
	at io.quarkus.arc.impl.AroundInvokeInvocationContext.proceed(AroundInvokeInvocationContext.java:73)
	at io.quarkus.arc.impl.AroundInvokeInvocationContext.proceed(AroundInvokeInvocationContext.java:62)
	at io.quarkus.narayana.jta.runtime.interceptor.TransactionalInterceptorBase.invokeInOurTx(TransactionalInterceptorBase.java:136)
	at io.quarkus.narayana.jta.runtime.interceptor.TransactionalInterceptorBase.invokeInOurTx(TransactionalInterceptorBase.java:107)
	at io.quarkus.narayana.jta.runtime.interceptor.TransactionalInterceptorRequired.doIntercept(TransactionalInterceptorRequired.java:38)
	at io.quarkus.narayana.jta.runtime.interceptor.TransactionalInterceptorBase.intercept(TransactionalInterceptorBase.java:61)
	at io.quarkus.narayana.jta.runtime.interceptor.TransactionalInterceptorRequired.intercept(TransactionalInterceptorRequired.java:32)
	at io.quarkus.narayana.jta.runtime.interceptor.TransactionalInterceptorRequired_Bean.intercept(Unknown Source)
	at io.quarkus.arc.impl.InterceptorInvocation.invoke(InterceptorInvocation.java:42)
	at io.quarkus.arc.impl.AroundInvokeInvocationContext.perform(AroundInvokeInvocationContext.java:30)
	at io.quarkus.arc.impl.InvocationContexts.performAroundInvoke(InvocationContexts.java:27)
	at villagecompute.calendar.data.models.UserCalendarTest_Subclass.testFindBySession(Unknown Source)
	at java.base/java.lang.reflect.Method.invoke(Method.java:580)
	at io.quarkus.test.junit.QuarkusTestExtension.runExtensionMethod(QuarkusTestExtension.java:1000)
	at io.quarkus.test.junit.QuarkusTestExtension.interceptTestMethod(QuarkusTestExtension.java:848)
	at java.base/java.util.ArrayList.forEach(ArrayList.java:1596)
	at java.base/java.util.ArrayList.forEach(ArrayList.java:1596)
Caused by: org.h2.jdbc.JdbcSQLIntegrityConstraintViolationException: Referential integrity constraint violation: "fk_user_calendars_template: public.user_calendars FOREIGN KEY(template_id) REFERENCES public.calendar_templates(id) (UUID '9365752f-3fa7-42dd-a39e-ba20e63cf318')"; SQL statement:
insert into user_calendars (configuration,created,generated_pdf_url,generated_svg,is_public,name,session_id,template_id,updated,user_id,version,"year",id) values (?,?,?,?,?,?,?,?,?,?,?,?,?) [23506-230]
	at org.h2.message.DbException.getJdbcSQLException(DbException.java:520)
	at org.h2.message.DbException.getJdbcSQLException(DbException.java:489)
	at org.h2.message.DbException.get(DbException.java:223)
	at org.h2.message.DbException.get(DbException.java:199)
	at org.h2.constraint.ConstraintReferential.checkRowOwnTable(ConstraintReferential.java:308)
	at org.h2.constraint.ConstraintReferential.checkRow(ConstraintReferential.java:249)
	at org.h2.table.Table.fireConstraints(Table.java:1227)
	at org.h2.table.Table.fireAfterRow(Table.java:1245)
	at org.h2.command.dml.Insert.insertRows(Insert.java:188)
	at org.h2.command.dml.Insert.update(Insert.java:135)
	at org.h2.command.dml.DataChangeStatement.update(DataChangeStatement.java:74)
	at org.h2.command.CommandContainer.update(CommandContainer.java:139)
	at org.h2.command.Command.executeUpdate(Command.java:304)
	at org.h2.command.Command.executeUpdate(Command.java:248)
	at org.h2.jdbc.JdbcPreparedStatement.executeUpdateInternal(JdbcPreparedStatement.java:213)
	at org.h2.jdbc.JdbcPreparedStatement.executeUpdate(JdbcPreparedStatement.java:172)
	at io.agroal.pool.wrapper.PreparedStatementWrapper.executeUpdate(PreparedStatementWrapper.java:90)
	at org.hibernate.engine.jdbc.internal.ResultSetReturnImpl.executeUpdate(ResultSetReturnImpl.java:190)
	... 42 more

[ERROR] villagecompute.calendar.data.models.UserCalendarTest.testFindByUserAndYear -- Time elapsed: 0.007 s <<< ERROR!
org.hibernate.exception.ConstraintViolationException: 
could not execute statement [Referential integrity constraint violation: "fk_user_calendars_template: public.user_calendars FOREIGN KEY(template_id) REFERENCES public.calendar_templates(id) (UUID 'f25142b7-f4ce-4a9d-a5d1-551f0ce5f4b6')"; SQL statement:
insert into user_calendars (configuration,created,generated_pdf_url,generated_svg,is_public,name,session_id,template_id,updated,user_id,version,"year",id) values (?,?,?,?,?,?,?,?,?,?,?,?,?) [23506-230]] [insert into user_calendars (configuration,created,generated_pdf_url,generated_svg,is_public,name,session_id,template_id,updated,user_id,version,"year",id) values (?,?,?,?,?,?,?,?,?,?,?,?,?)]
	at org.hibernate.dialect.H2Dialect.lambda$buildSQLExceptionConversionDelegate$1(H2Dialect.java:853)
	at org.hibernate.exception.internal.StandardSQLExceptionConverter.convert(StandardSQLExceptionConverter.java:34)
	at org.hibernate.engine.jdbc.spi.SqlExceptionHelper.convert(SqlExceptionHelper.java:115)
	at org.hibernate.engine.jdbc.internal.ResultSetReturnImpl.executeUpdate(ResultSetReturnImpl.java:193)
	at org.hibernate.engine.jdbc.mutation.internal.AbstractMutationExecutor.performNonBatchedMutation(AbstractMutationExecutor.java:148)
	at org.hibernate.engine.jdbc.mutation.internal.MutationExecutorSingleNonBatched.performNonBatchedOperations(MutationExecutorSingleNonBatched.java:53)
	at org.hibernate.engine.jdbc.mutation.internal.AbstractMutationExecutor.execute(AbstractMutationExecutor.java:66)
	at org.hibernate.engine.jdbc.mutation.internal.AbstractMutationExecutor.execute(AbstractMutationExecutor.java:55)
	at org.hibernate.persister.entity.mutation.InsertCoordinatorStandard.doStaticInserts(InsertCoordinatorStandard.java:191)
	at org.hibernate.persister.entity.mutation.InsertCoordinatorStandard.coordinateInsert(InsertCoordinatorStandard.java:129)
	at org.hibernate.persister.entity.mutation.InsertCoordinatorStandard.insert(InsertCoordinatorStandard.java:101)
	at org.hibernate.action.internal.EntityInsertAction.execute(EntityInsertAction.java:113)
	at org.hibernate.engine.spi.ActionQueue.executeActions(ActionQueue.java:646)
	at org.hibernate.engine.spi.ActionQueue.executeActions(ActionQueue.java:513)
	at org.hibernate.event.internal.AbstractFlushingEventListener.performExecutions(AbstractFlushingEventListener.java:378)
	at org.hibernate.event.internal.DefaultAutoFlushEventListener.onAutoFlush(DefaultAutoFlushEventListener.java:67)
	at org.hibernate.event.service.internal.EventListenerGroupImpl.fireEventOnEachListener(EventListenerGroupImpl.java:140)
	at org.hibernate.internal.SessionImpl.autoFlushIfRequired(SessionImpl.java:1400)
	at org.hibernate.query.sqm.internal.ConcreteSqmSelectQueryPlan.lambda$new$1(ConcreteSqmSelectQueryPlan.java:138)
	at org.hibernate.query.sqm.internal.ConcreteSqmSelectQueryPlan.withCacheableSqmInterpretation(ConcreteSqmSelectQueryPlan.java:455)
	at org.hibernate.query.sqm.internal.ConcreteSqmSelectQueryPlan.performList(ConcreteSqmSelectQueryPlan.java:388)
	at org.hibernate.query.sqm.internal.SqmSelectionQueryImpl.doList(SqmSelectionQueryImpl.java:423)
	at org.hibernate.query.spi.AbstractSelectionQuery.list(AbstractSelectionQuery.java:154)
	at org.hibernate.query.SelectionQuery.getResultList(SelectionQuery.java:145)
	at io.quarkus.hibernate.orm.panache.common.runtime.CommonPanacheQueryImpl.list(CommonPanacheQueryImpl.java:301)
	at io.quarkus.hibernate.orm.panache.runtime.PanacheQueryImpl.list(PanacheQueryImpl.java:150)
	at villagecompute.calendar.data.models.UserCalendar.findByUserAndYear(UserCalendar.java:87)
	at villagecompute.calendar.data.models.UserCalendarTest.testFindByUserAndYear(UserCalendarTest.java:202)
	at villagecompute.calendar.data.models.UserCalendarTest_Subclass.testFindByUserAndYear$$superforward(Unknown Source)
	at villagecompute.calendar.data.models.UserCalendarTest_Subclass$$function$$6.apply(Unknown Source)
	at io.quarkus.arc.impl.AroundInvokeInvocationContext.proceed(AroundInvokeInvocationContext.java:73)
	at io.quarkus.arc.impl.AroundInvokeInvocationContext.proceed(AroundInvokeInvocationContext.java:62)
	at io.quarkus.narayana.jta.runtime.interceptor.TransactionalInterceptorBase.invokeInOurTx(TransactionalInterceptorBase.java:136)
	at io.quarkus.narayana.jta.runtime.interceptor.TransactionalInterceptorBase.invokeInOurTx(TransactionalInterceptorBase.java:107)
	at io.quarkus.narayana.jta.runtime.interceptor.TransactionalInterceptorRequired.doIntercept(TransactionalInterceptorRequired.java:38)
	at io.quarkus.narayana.jta.runtime.interceptor.TransactionalInterceptorBase.intercept(TransactionalInterceptorBase.java:61)
	at io.quarkus.narayana.jta.runtime.interceptor.TransactionalInterceptorRequired.intercept(TransactionalInterceptorRequired.java:32)
	at io.quarkus.narayana.jta.runtime.interceptor.TransactionalInterceptorRequired_Bean.intercept(Unknown Source)
	at io.quarkus.arc.impl.InterceptorInvocation.invoke(InterceptorInvocation.java:42)
	at io.quarkus.arc.impl.AroundInvokeInvocationContext.perform(AroundInvokeInvocationContext.java:30)
	at io.quarkus.arc.impl.InvocationContexts.performAroundInvoke(InvocationContexts.java:27)
	at villagecompute.calendar.data.models.UserCalendarTest_Subclass.testFindByUserAndYear(Unknown Source)
	at java.base/java.lang.reflect.Method.invoke(Method.java:580)
	at io.quarkus.test.junit.QuarkusTestExtension.runExtensionMethod(QuarkusTestExtension.java:1000)
	at io.quarkus.test.junit.QuarkusTestExtension.interceptTestMethod(QuarkusTestExtension.java:848)
	at java.base/java.util.ArrayList.forEach(ArrayList.java:1596)
	at java.base/java.util.ArrayList.forEach(ArrayList.java:1596)
Caused by: org.h2.jdbc.JdbcSQLIntegrityConstraintViolationException: Referential integrity constraint violation: "fk_user_calendars_template: public.user_calendars FOREIGN KEY(template_id) REFERENCES public.calendar_templates(id) (UUID 'f25142b7-f4ce-4a9d-a5d1-551f0ce5f4b6')"; SQL statement:
insert into user_calendars (configuration,created,generated_pdf_url,generated_svg,is_public,name,session_id,template_id,updated,user_id,version,"year",id) values (?,?,?,?,?,?,?,?,?,?,?,?,?) [23506-230]
	at org.h2.message.DbException.getJdbcSQLException(DbException.java:520)
	at org.h2.message.DbException.getJdbcSQLException(DbException.java:489)
	at org.h2.message.DbException.get(DbException.java:223)
	at org.h2.message.DbException.get(DbException.java:199)
	at org.h2.constraint.ConstraintReferential.checkRowOwnTable(ConstraintReferential.java:308)
	at org.h2.constraint.ConstraintReferential.checkRow(ConstraintReferential.java:249)
	at org.h2.table.Table.fireConstraints(Table.java:1227)
	at org.h2.table.Table.fireAfterRow(Table.java:1245)
	at org.h2.command.dml.Insert.insertRows(Insert.java:188)
	at org.h2.command.dml.Insert.update(Insert.java:135)
	at org.h2.command.dml.DataChangeStatement.update(DataChangeStatement.java:74)
	at org.h2.command.CommandContainer.update(CommandContainer.java:139)
	at org.h2.command.Command.executeUpdate(Command.java:304)
	at org.h2.command.Command.executeUpdate(Command.java:248)
	at org.h2.jdbc.JdbcPreparedStatement.executeUpdateInternal(JdbcPreparedStatement.java:213)
	at org.h2.jdbc.JdbcPreparedStatement.executeUpdate(JdbcPreparedStatement.java:172)
	at io.agroal.pool.wrapper.PreparedStatementWrapper.executeUpdate(PreparedStatementWrapper.java:90)
	at org.hibernate.engine.jdbc.internal.ResultSetReturnImpl.executeUpdate(ResultSetReturnImpl.java:190)
	... 43 more

[ERROR] villagecompute.calendar.data.models.UserCalendarTest.testCopyForSession -- Time elapsed: 0.004 s <<< ERROR!
io.quarkus.arc.ArcUndeclaredThrowableException: Error invoking subclass method
	at villagecompute.calendar.data.models.UserCalendarTest_Subclass.testCopyForSession(Unknown Source)
	at java.base/java.lang.reflect.Method.invoke(Method.java:580)
	at io.quarkus.test.junit.QuarkusTestExtension.runExtensionMethod(QuarkusTestExtension.java:1000)
	at io.quarkus.test.junit.QuarkusTestExtension.interceptTestMethod(QuarkusTestExtension.java:848)
	at java.base/java.util.ArrayList.forEach(ArrayList.java:1596)
	at java.base/java.util.ArrayList.forEach(ArrayList.java:1596)
	Suppressed: org.hibernate.exception.ConstraintViolationException: could not execute statement [Referential integrity constraint violation: "fk_user_calendars_template: public.user_calendars FOREIGN KEY(template_id) REFERENCES public.calendar_templates(id) (UUID 'af80d5b6-fd00-43b9-bda5-19da83abd9ae')"; SQL statement:
insert into user_calendars (configuration,created,generated_pdf_url,generated_svg,is_public,name,session_id,template_id,updated,user_id,version,"year",id) values (?,?,?,?,?,?,?,?,?,?,?,?,?) [23506-230]] [insert into user_calendars (configuration,created,generated_pdf_url,generated_svg,is_public,name,session_id,template_id,updated,user_id,version,"year",id) values (?,?,?,?,?,?,?,?,?,?,?,?,?)]
		at org.hibernate.dialect.H2Dialect.lambda$buildSQLExceptionConversionDelegate$1(H2Dialect.java:853)
		at org.hibernate.exception.internal.StandardSQLExceptionConverter.convert(StandardSQLExceptionConverter.java:34)
		at org.hibernate.engine.jdbc.spi.SqlExceptionHelper.convert(SqlExceptionHelper.java:115)
		at org.hibernate.engine.jdbc.internal.ResultSetReturnImpl.executeUpdate(ResultSetReturnImpl.java:193)
		at org.hibernate.engine.jdbc.mutation.internal.AbstractMutationExecutor.performNonBatchedMutation(AbstractMutationExecutor.java:148)
		at org.hibernate.engine.jdbc.mutation.internal.MutationExecutorSingleNonBatched.performNonBatchedOperations(MutationExecutorSingleNonBatched.java:53)
		at org.hibernate.engine.jdbc.mutation.internal.AbstractMutationExecutor.execute(AbstractMutationExecutor.java:66)
		at org.hibernate.engine.jdbc.mutation.internal.AbstractMutationExecutor.execute(AbstractMutationExecutor.java:55)
		at org.hibernate.persister.entity.mutation.InsertCoordinatorStandard.doStaticInserts(InsertCoordinatorStandard.java:191)
		at org.hibernate.persister.entity.mutation.InsertCoordinatorStandard.coordinateInsert(InsertCoordinatorStandard.java:129)
		at org.hibernate.persister.entity.mutation.InsertCoordinatorStandard.insert(InsertCoordinatorStandard.java:101)
		at org.hibernate.action.internal.EntityInsertAction.execute(EntityInsertAction.java:113)
		at org.hibernate.engine.spi.ActionQueue.executeActions(ActionQueue.java:646)
		at org.hibernate.engine.spi.ActionQueue.executeActions(ActionQueue.java:513)
		at org.hibernate.event.internal.AbstractFlushingEventListener.performExecutions(AbstractFlushingEventListener.java:378)
		at org.hibernate.event.internal.DefaultFlushEventListener.onFlush(DefaultFlushEventListener.java:39)
		at org.hibernate.event.service.internal.EventListenerGroupImpl.fireEventOnEachListener(EventListenerGroupImpl.java:140)
		at org.hibernate.internal.SessionImpl.doFlush(SessionImpl.java:1443)
		at org.hibernate.internal.SessionImpl.managedFlush(SessionImpl.java:488)
		at org.hibernate.internal.SessionImpl.flushBeforeTransactionCompletion(SessionImpl.java:2321)
		at org.hibernate.internal.SessionImpl.beforeTransactionCompletion(SessionImpl.java:2029)
		at org.hibernate.engine.jdbc.internal.JdbcCoordinatorImpl.beforeTransactionCompletion(JdbcCoordinatorImpl.java:394)
		at org.hibernate.resource.transaction.backend.jta.internal.JtaTransactionCoordinatorImpl.beforeCompletion(JtaTransactionCoordinatorImpl.java:328)
		at org.hibernate.resource.transaction.backend.jta.internal.synchronization.SynchronizationCallbackCoordinatorNonTrackingImpl.beforeCompletion(SynchronizationCallbackCoordinatorNonTrackingImpl.java:39)
		at org.hibernate.resource.transaction.backend.jta.internal.synchronization.RegisteredSynchronization.beforeCompletion(RegisteredSynchronization.java:33)
		at com.arjuna.ats.internal.jta.resources.arjunacore.SynchronizationImple.beforeCompletion(SynchronizationImple.java:52)
		at com.arjuna.ats.arjuna.coordinator.TwoPhaseCoordinator.beforeCompletion(TwoPhaseCoordinator.java:348)
		at com.arjuna.ats.arjuna.coordinator.TwoPhaseCoordinator.end(TwoPhaseCoordinator.java:66)
		at com.arjuna.ats.arjuna.AtomicAction.commit(AtomicAction.java:135)
		at com.arjuna.ats.internal.jta.transaction.arjunacore.TransactionImple.commitAndDisassociate(TransactionImple.java:1307)
		at com.arjuna.ats.internal.jta.transaction.arjunacore.BaseTransaction.commit(BaseTransaction.java:104)
		at io.quarkus.narayana.jta.runtime.NotifyingTransactionManager.commit(NotifyingTransactionManager.java:70)
		at io.quarkus.narayana.jta.runtime.interceptor.TransactionalInterceptorBase.endTransaction(TransactionalInterceptorBase.java:406)
		at io.quarkus.narayana.jta.runtime.interceptor.TransactionalInterceptorBase.invokeInOurTx(TransactionalInterceptorBase.java:175)
		at io.quarkus.narayana.jta.runtime.interceptor.TransactionalInterceptorBase.invokeInOurTx(TransactionalInterceptorBase.java:107)
		at io.quarkus.narayana.jta.runtime.interceptor.TransactionalInterceptorRequired.doIntercept(TransactionalInterceptorRequired.java:38)
		at io.quarkus.narayana.jta.runtime.interceptor.TransactionalInterceptorBase.intercept(TransactionalInterceptorBase.java:61)
		at io.quarkus.narayana.jta.runtime.interceptor.TransactionalInterceptorRequired.intercept(TransactionalInterceptorRequired.java:32)
		at io.quarkus.narayana.jta.runtime.interceptor.TransactionalInterceptorRequired_Bean.intercept(Unknown Source)
		at io.quarkus.arc.impl.InterceptorInvocation.invoke(InterceptorInvocation.java:42)
		at io.quarkus.arc.impl.AroundInvokeInvocationContext.perform(AroundInvokeInvocationContext.java:30)
		at io.quarkus.arc.impl.InvocationContexts.performAroundInvoke(InvocationContexts.java:27)
		... 6 more
	Caused by: org.h2.jdbc.JdbcSQLIntegrityConstraintViolationException: Referential integrity constraint violation: "fk_user_calendars_template: public.user_calendars FOREIGN KEY(template_id) REFERENCES public.calendar_templates(id) (UUID 'af80d5b6-fd00-43b9-bda5-19da83abd9ae')"; SQL statement:
insert into user_calendars (configuration,created,generated_pdf_url,generated_svg,is_public,name,session_id,template_id,updated,user_id,version,"year",id) values (?,?,?,?,?,?,?,?,?,?,?,?,?) [23506-230]
		at org.h2.message.DbException.getJdbcSQLException(DbException.java:520)
		at org.h2.message.DbException.getJdbcSQLException(DbException.java:489)
		at org.h2.message.DbException.get(DbException.java:223)
		at org.h2.message.DbException.get(DbException.java:199)
		at org.h2.constraint.ConstraintReferential.checkRowOwnTable(ConstraintReferential.java:308)
		at org.h2.constraint.ConstraintReferential.checkRow(ConstraintReferential.java:249)
		at org.h2.table.Table.fireConstraints(Table.java:1227)
		at org.h2.table.Table.fireAfterRow(Table.java:1245)
		at org.h2.command.dml.Insert.insertRows(Insert.java:188)
		at org.h2.command.dml.Insert.update(Insert.java:135)
		at org.h2.command.dml.DataChangeStatement.update(DataChangeStatement.java:74)
		at org.h2.command.CommandContainer.update(CommandContainer.java:139)
		at org.h2.command.Command.executeUpdate(Command.java:304)
		at org.h2.command.Command.executeUpdate(Command.java:248)
		at org.h2.jdbc.JdbcPreparedStatement.executeUpdateInternal(JdbcPreparedStatement.java:213)
		at org.h2.jdbc.JdbcPreparedStatement.executeUpdate(JdbcPreparedStatement.java:172)
		at io.agroal.pool.wrapper.PreparedStatementWrapper.executeUpdate(PreparedStatementWrapper.java:90)
		at org.hibernate.engine.jdbc.internal.ResultSetReturnImpl.executeUpdate(ResultSetReturnImpl.java:190)
		... 44 more
Caused by: jakarta.transaction.RollbackException: ARJUNA016053: Could not commit transaction.
	at com.arjuna.ats.internal.jta.transaction.arjunacore.TransactionImple.commitAndDisassociate(TransactionImple.java:1319)
	at com.arjuna.ats.internal.jta.transaction.arjunacore.BaseTransaction.commit(BaseTransaction.java:104)
	at io.quarkus.narayana.jta.runtime.NotifyingTransactionManager.commit(NotifyingTransactionManager.java:70)
	at io.quarkus.narayana.jta.runtime.interceptor.TransactionalInterceptorBase.endTransaction(TransactionalInterceptorBase.java:406)
	at io.quarkus.narayana.jta.runtime.interceptor.TransactionalInterceptorBase.invokeInOurTx(TransactionalInterceptorBase.java:175)
	at io.quarkus.narayana.jta.runtime.interceptor.TransactionalInterceptorBase.invokeInOurTx(TransactionalInterceptorBase.java:107)
	at io.quarkus.narayana.jta.runtime.interceptor.TransactionalInterceptorRequired.doIntercept(TransactionalInterceptorRequired.java:38)
	at io.quarkus.narayana.jta.runtime.interceptor.TransactionalInterceptorBase.intercept(TransactionalInterceptorBase.java:61)
	at io.quarkus.narayana.jta.runtime.interceptor.TransactionalInterceptorRequired.intercept(TransactionalInterceptorRequired.java:32)
	at io.quarkus.narayana.jta.runtime.interceptor.TransactionalInterceptorRequired_Bean.intercept(Unknown Source)
	at io.quarkus.arc.impl.InterceptorInvocation.invoke(InterceptorInvocation.java:42)
	at io.quarkus.arc.impl.AroundInvokeInvocationContext.perform(AroundInvokeInvocationContext.java:30)
	at io.quarkus.arc.impl.InvocationContexts.performAroundInvoke(InvocationContexts.java:27)
	... 6 more
Caused by: [CIRCULAR REFERENCE: org.hibernate.exception.ConstraintViolationException: could not execute statement [Referential integrity constraint violation: "fk_user_calendars_template: public.user_calendars FOREIGN KEY(template_id) REFERENCES public.calendar_templates(id) (UUID 'af80d5b6-fd00-43b9-bda5-19da83abd9ae')"; SQL statement:
insert into user_calendars (configuration,created,generated_pdf_url,generated_svg,is_public,name,session_id,template_id,updated,user_id,version,"year",id) values (?,?,?,?,?,?,?,?,?,?,?,?,?) [23506-230]] [insert into user_calendars (configuration,created,generated_pdf_url,generated_svg,is_public,name,session_id,template_id,updated,user_id,version,"year",id) values (?,?,?,?,?,?,?,?,?,?,?,?,?)]]

[INFO] Running villagecompute.calendar.data.repositories.CalendarOrderRepositoryTest
[Hibernate] 
    delete 
    from
        calendar_orders co1_0
[Hibernate] 
    delete 
    from
        user_calendars uc1_0
[Hibernate] 
    delete 
    from
        page_views pv1_0
[Hibernate] 
    delete 
    from
        analytics_rollups ar1_0
2025-10-17 04:13:22,351 WARN  [org.hib.orm.jdb.error] (main) HHH000247: ErrorCode: 42102, SQLState: 42S02
2025-10-17 04:13:22,351 WARN  [org.hib.orm.jdb.error] (main) Table "analytics_rollups" not found; SQL statement:
delete from analytics_rollups ar1_0 [42102-230]
[Hibernate] 
    delete 
    from
        delayed_jobs dj1_0
[Hibernate] 
    delete 
    from
        calendar_users cu1_0
[Hibernate] 
    delete 
    from
        calendar_templates ct1_0
[Hibernate] 
    insert 
    into
        calendar_orders
        (calendar_id, created, notes, paid_at, quantity, shipped_at, shipping_address, status, stripe_charge_id, stripe_payment_intent_id, total_price, unit_price, updated, user_id, version, id) 
    values
        (?, ?, ?, ?, ?, ?, ?, ?, ?, ?, ?, ?, ?, ?, ?, ?)
2025-10-17 04:13:22,354 WARN  [org.hib.orm.jdb.error] (main) HHH000247: ErrorCode: 23506, SQLState: 23506
2025-10-17 04:13:22,354 WARN  [org.hib.orm.jdb.error] (main) Referential integrity constraint violation: "fk_calendar_orders_calendar: public.calendar_orders FOREIGN KEY(calendar_id) REFERENCES public.user_calendars(id) (UUID '4ffe23d4-016b-454f-b8a4-4324f265feb1')"; SQL statement:
insert into calendar_orders (calendar_id,created,notes,paid_at,quantity,shipped_at,shipping_address,status,stripe_charge_id,stripe_payment_intent_id,total_price,unit_price,updated,user_id,version,id) values (?,?,?,?,?,?,?,?,?,?,?,?,?,?,?,?) [23506-230]
[Hibernate] 
    delete 
    from
        calendar_orders co1_0
[Hibernate] 
    delete 
    from
        user_calendars uc1_0
[Hibernate] 
    delete 
    from
        page_views pv1_0
[Hibernate] 
    delete 
    from
        analytics_rollups ar1_0
2025-10-17 04:13:22,357 WARN  [org.hib.orm.jdb.error] (main) HHH000247: ErrorCode: 42102, SQLState: 42S02
2025-10-17 04:13:22,357 WARN  [org.hib.orm.jdb.error] (main) Table "analytics_rollups" not found; SQL statement:
delete from analytics_rollups ar1_0 [42102-230]
[Hibernate] 
    delete 
    from
        delayed_jobs dj1_0
[Hibernate] 
    delete 
    from
        calendar_users cu1_0
[Hibernate] 
    delete 
    from
        calendar_templates ct1_0
[Hibernate] 
    insert 
    into
        calendar_orders
        (calendar_id, created, notes, paid_at, quantity, shipped_at, shipping_address, status, stripe_charge_id, stripe_payment_intent_id, total_price, unit_price, updated, user_id, version, id) 
    values
        (?, ?, ?, ?, ?, ?, ?, ?, ?, ?, ?, ?, ?, ?, ?, ?)
2025-10-17 04:13:22,359 WARN  [org.hib.orm.jdb.error] (main) HHH000247: ErrorCode: 23506, SQLState: 23506
2025-10-17 04:13:22,359 WARN  [org.hib.orm.jdb.error] (main) Referential integrity constraint violation: "fk_calendar_orders_calendar: public.calendar_orders FOREIGN KEY(calendar_id) REFERENCES public.user_calendars(id) (UUID '292b4e8e-4327-49fd-abf0-bcaf0ff4f9ce')"; SQL statement:
insert into calendar_orders (calendar_id,created,notes,paid_at,quantity,shipped_at,shipping_address,status,stripe_charge_id,stripe_payment_intent_id,total_price,unit_price,updated,user_id,version,id) values (?,?,?,?,?,?,?,?,?,?,?,?,?,?,?,?) [23506-230]
[Hibernate] 
    delete 
    from
        calendar_orders co1_0
[Hibernate] 
    delete 
    from
        user_calendars uc1_0
[Hibernate] 
    delete 
    from
        page_views pv1_0
[Hibernate] 
    delete 
    from
        analytics_rollups ar1_0
2025-10-17 04:13:22,361 WARN  [org.hib.orm.jdb.error] (main) HHH000247: ErrorCode: 42102, SQLState: 42S02
2025-10-17 04:13:22,361 WARN  [org.hib.orm.jdb.error] (main) Table "analytics_rollups" not found; SQL statement:
delete from analytics_rollups ar1_0 [42102-230]
[Hibernate] 
    delete 
    from
        delayed_jobs dj1_0
[Hibernate] 
    delete 
    from
        calendar_users cu1_0
[Hibernate] 
    delete 
    from
        calendar_templates ct1_0
[Hibernate] 
    insert 
    into
        calendar_orders
        (calendar_id, created, notes, paid_at, quantity, shipped_at, shipping_address, status, stripe_charge_id, stripe_payment_intent_id, total_price, unit_price, updated, user_id, version, id) 
    values
        (?, ?, ?, ?, ?, ?, ?, ?, ?, ?, ?, ?, ?, ?, ?, ?)
2025-10-17 04:13:22,363 WARN  [org.hib.orm.jdb.error] (main) HHH000247: ErrorCode: 23506, SQLState: 23506
2025-10-17 04:13:22,363 WARN  [org.hib.orm.jdb.error] (main) Referential integrity constraint violation: "fk_calendar_orders_calendar: public.calendar_orders FOREIGN KEY(calendar_id) REFERENCES public.user_calendars(id) (UUID 'e76ea93c-5579-458b-901c-6180b502fbfd')"; SQL statement:
insert into calendar_orders (calendar_id,created,notes,paid_at,quantity,shipped_at,shipping_address,status,stripe_charge_id,stripe_payment_intent_id,total_price,unit_price,updated,user_id,version,id) values (?,?,?,?,?,?,?,?,?,?,?,?,?,?,?,?) [23506-230]
[Hibernate] 
    delete 
    from
        calendar_orders co1_0
[Hibernate] 
    delete 
    from
        user_calendars uc1_0
[Hibernate] 
    delete 
    from
        page_views pv1_0
[Hibernate] 
    delete 
    from
        analytics_rollups ar1_0
2025-10-17 04:13:22,366 WARN  [org.hib.orm.jdb.error] (main) HHH000247: ErrorCode: 42102, SQLState: 42S02
2025-10-17 04:13:22,366 WARN  [org.hib.orm.jdb.error] (main) Table "analytics_rollups" not found; SQL statement:
delete from analytics_rollups ar1_0 [42102-230]
[Hibernate] 
    delete 
    from
        delayed_jobs dj1_0
[Hibernate] 
    delete 
    from
        calendar_users cu1_0
[Hibernate] 
    delete 
    from
        calendar_templates ct1_0
[Hibernate] 
    insert 
    into
        calendar_orders
        (calendar_id, created, notes, paid_at, quantity, shipped_at, shipping_address, status, stripe_charge_id, stripe_payment_intent_id, total_price, unit_price, updated, user_id, version, id) 
    values
        (?, ?, ?, ?, ?, ?, ?, ?, ?, ?, ?, ?, ?, ?, ?, ?)
2025-10-17 04:13:22,368 WARN  [org.hib.orm.jdb.error] (main) HHH000247: ErrorCode: 23506, SQLState: 23506
2025-10-17 04:13:22,368 WARN  [org.hib.orm.jdb.error] (main) Referential integrity constraint violation: "fk_calendar_orders_calendar: public.calendar_orders FOREIGN KEY(calendar_id) REFERENCES public.user_calendars(id) (UUID '9651c055-9ac7-446a-9c0b-56a0c3d7599a')"; SQL statement:
insert into calendar_orders (calendar_id,created,notes,paid_at,quantity,shipped_at,shipping_address,status,stripe_charge_id,stripe_payment_intent_id,total_price,unit_price,updated,user_id,version,id) values (?,?,?,?,?,?,?,?,?,?,?,?,?,?,?,?) [23506-230]
[Hibernate] 
    delete 
    from
        calendar_orders co1_0
[Hibernate] 
    delete 
    from
        user_calendars uc1_0
[Hibernate] 
    delete 
    from
        page_views pv1_0
[Hibernate] 
    delete 
    from
        analytics_rollups ar1_0
2025-10-17 04:13:22,370 WARN  [org.hib.orm.jdb.error] (main) HHH000247: ErrorCode: 42102, SQLState: 42S02
2025-10-17 04:13:22,370 WARN  [org.hib.orm.jdb.error] (main) Table "analytics_rollups" not found; SQL statement:
delete from analytics_rollups ar1_0 [42102-230]
[Hibernate] 
    delete 
    from
        delayed_jobs dj1_0
[Hibernate] 
    delete 
    from
        calendar_users cu1_0
[Hibernate] 
    delete 
    from
        calendar_templates ct1_0
[Hibernate] 
    insert 
    into
        calendar_orders
        (calendar_id, created, notes, paid_at, quantity, shipped_at, shipping_address, status, stripe_charge_id, stripe_payment_intent_id, total_price, unit_price, updated, user_id, version, id) 
    values
        (?, ?, ?, ?, ?, ?, ?, ?, ?, ?, ?, ?, ?, ?, ?, ?)
2025-10-17 04:13:22,372 WARN  [org.hib.orm.jdb.error] (main) HHH000247: ErrorCode: 23506, SQLState: 23506
2025-10-17 04:13:22,372 WARN  [org.hib.orm.jdb.error] (main) Referential integrity constraint violation: "fk_calendar_orders_calendar: public.calendar_orders FOREIGN KEY(calendar_id) REFERENCES public.user_calendars(id) (UUID '96530971-7444-4210-a6c3-ad82ddc4836c')"; SQL statement:
insert into calendar_orders (calendar_id,created,notes,paid_at,quantity,shipped_at,shipping_address,status,stripe_charge_id,stripe_payment_intent_id,total_price,unit_price,updated,user_id,version,id) values (?,?,?,?,?,?,?,?,?,?,?,?,?,?,?,?) [23506-230]
[Hibernate] 
    delete 
    from
        calendar_orders co1_0
[Hibernate] 
    delete 
    from
        user_calendars uc1_0
[Hibernate] 
    delete 
    from
        page_views pv1_0
[Hibernate] 
    delete 
    from
        analytics_rollups ar1_0
2025-10-17 04:13:22,374 WARN  [org.hib.orm.jdb.error] (main) HHH000247: ErrorCode: 42102, SQLState: 42S02
2025-10-17 04:13:22,374 WARN  [org.hib.orm.jdb.error] (main) Table "analytics_rollups" not found; SQL statement:
delete from analytics_rollups ar1_0 [42102-230]
[Hibernate] 
    delete 
    from
        delayed_jobs dj1_0
[Hibernate] 
    delete 
    from
        calendar_users cu1_0
[Hibernate] 
    delete 
    from
        calendar_templates ct1_0
[Hibernate] 
    insert 
    into
        calendar_orders
        (calendar_id, created, notes, paid_at, quantity, shipped_at, shipping_address, status, stripe_charge_id, stripe_payment_intent_id, total_price, unit_price, updated, user_id, version, id) 
    values
        (?, ?, ?, ?, ?, ?, ?, ?, ?, ?, ?, ?, ?, ?, ?, ?)
2025-10-17 04:13:22,377 WARN  [org.hib.orm.jdb.error] (main) HHH000247: ErrorCode: 23506, SQLState: 23506
2025-10-17 04:13:22,377 WARN  [org.hib.orm.jdb.error] (main) Referential integrity constraint violation: "fk_calendar_orders_calendar: public.calendar_orders FOREIGN KEY(calendar_id) REFERENCES public.user_calendars(id) (UUID 'a37ceb56-8e6d-4637-812e-a6807a2f2bd3')"; SQL statement:
insert into calendar_orders (calendar_id,created,notes,paid_at,quantity,shipped_at,shipping_address,status,stripe_charge_id,stripe_payment_intent_id,total_price,unit_price,updated,user_id,version,id) values (?,?,?,?,?,?,?,?,?,?,?,?,?,?,?,?) [23506-230]
[Hibernate] 
    delete 
    from
        calendar_orders co1_0
[Hibernate] 
    delete 
    from
        user_calendars uc1_0
[Hibernate] 
    delete 
    from
        page_views pv1_0
[Hibernate] 
    delete 
    from
        analytics_rollups ar1_0
2025-10-17 04:13:22,379 WARN  [org.hib.orm.jdb.error] (main) HHH000247: ErrorCode: 42102, SQLState: 42S02
2025-10-17 04:13:22,379 WARN  [org.hib.orm.jdb.error] (main) Table "analytics_rollups" not found; SQL statement:
delete from analytics_rollups ar1_0 [42102-230]
[Hibernate] 
    delete 
    from
        delayed_jobs dj1_0
[Hibernate] 
    delete 
    from
        calendar_users cu1_0
[Hibernate] 
    delete 
    from
        calendar_templates ct1_0
[Hibernate] 
    insert 
    into
        calendar_orders
        (calendar_id, created, notes, paid_at, quantity, shipped_at, shipping_address, status, stripe_charge_id, stripe_payment_intent_id, total_price, unit_price, updated, user_id, version, id) 
    values
        (?, ?, ?, ?, ?, ?, ?, ?, ?, ?, ?, ?, ?, ?, ?, ?)
2025-10-17 04:13:22,381 WARN  [org.hib.orm.jdb.error] (main) HHH000247: ErrorCode: 23506, SQLState: 23506
2025-10-17 04:13:22,381 WARN  [org.hib.orm.jdb.error] (main) Referential integrity constraint violation: "fk_calendar_orders_calendar: public.calendar_orders FOREIGN KEY(calendar_id) REFERENCES public.user_calendars(id) (UUID '0c0ef36c-4b3e-41be-9b36-4614955cfd85')"; SQL statement:
insert into calendar_orders (calendar_id,created,notes,paid_at,quantity,shipped_at,shipping_address,status,stripe_charge_id,stripe_payment_intent_id,total_price,unit_price,updated,user_id,version,id) values (?,?,?,?,?,?,?,?,?,?,?,?,?,?,?,?) [23506-230]
[Hibernate] 
    delete 
    from
        calendar_orders co1_0
[Hibernate] 
    delete 
    from
        user_calendars uc1_0
[Hibernate] 
    delete 
    from
        page_views pv1_0
[Hibernate] 
    delete 
    from
        analytics_rollups ar1_0
2025-10-17 04:13:22,383 WARN  [org.hib.orm.jdb.error] (main) HHH000247: ErrorCode: 42102, SQLState: 42S02
2025-10-17 04:13:22,383 WARN  [org.hib.orm.jdb.error] (main) Table "analytics_rollups" not found; SQL statement:
delete from analytics_rollups ar1_0 [42102-230]
[Hibernate] 
    delete 
    from
        delayed_jobs dj1_0
[Hibernate] 
    delete 
    from
        calendar_users cu1_0
[Hibernate] 
    delete 
    from
        calendar_templates ct1_0
[Hibernate] 
    insert 
    into
        calendar_orders
        (calendar_id, created, notes, paid_at, quantity, shipped_at, shipping_address, status, stripe_charge_id, stripe_payment_intent_id, total_price, unit_price, updated, user_id, version, id) 
    values
        (?, ?, ?, ?, ?, ?, ?, ?, ?, ?, ?, ?, ?, ?, ?, ?)
2025-10-17 04:13:22,385 WARN  [org.hib.orm.jdb.error] (main) HHH000247: ErrorCode: 23506, SQLState: 23506
2025-10-17 04:13:22,385 WARN  [org.hib.orm.jdb.error] (main) Referential integrity constraint violation: "fk_calendar_orders_calendar: public.calendar_orders FOREIGN KEY(calendar_id) REFERENCES public.user_calendars(id) (UUID '6d742c24-987f-4508-857d-43ee91c3bfc7')"; SQL statement:
insert into calendar_orders (calendar_id,created,notes,paid_at,quantity,shipped_at,shipping_address,status,stripe_charge_id,stripe_payment_intent_id,total_price,unit_price,updated,user_id,version,id) values (?,?,?,?,?,?,?,?,?,?,?,?,?,?,?,?) [23506-230]
[Hibernate] 
    delete 
    from
        calendar_orders co1_0
[Hibernate] 
    delete 
    from
        user_calendars uc1_0
[Hibernate] 
    delete 
    from
        page_views pv1_0
[Hibernate] 
    delete 
    from
        analytics_rollups ar1_0
2025-10-17 04:13:22,387 WARN  [org.hib.orm.jdb.error] (main) HHH000247: ErrorCode: 42102, SQLState: 42S02
2025-10-17 04:13:22,387 WARN  [org.hib.orm.jdb.error] (main) Table "analytics_rollups" not found; SQL statement:
delete from analytics_rollups ar1_0 [42102-230]
[Hibernate] 
    delete 
    from
        delayed_jobs dj1_0
[Hibernate] 
    delete 
    from
        calendar_users cu1_0
[Hibernate] 
    delete 
    from
        calendar_templates ct1_0
[Hibernate] 
    insert 
    into
        calendar_orders
        (calendar_id, created, notes, paid_at, quantity, shipped_at, shipping_address, status, stripe_charge_id, stripe_payment_intent_id, total_price, unit_price, updated, user_id, version, id) 
    values
        (?, ?, ?, ?, ?, ?, ?, ?, ?, ?, ?, ?, ?, ?, ?, ?)
2025-10-17 04:13:22,389 WARN  [org.hib.orm.jdb.error] (main) HHH000247: ErrorCode: 23506, SQLState: 23506
2025-10-17 04:13:22,389 WARN  [org.hib.orm.jdb.error] (main) Referential integrity constraint violation: "fk_calendar_orders_calendar: public.calendar_orders FOREIGN KEY(calendar_id) REFERENCES public.user_calendars(id) (UUID 'd44020d1-0843-482f-a01d-3bbb2c2eb07e')"; SQL statement:
insert into calendar_orders (calendar_id,created,notes,paid_at,quantity,shipped_at,shipping_address,status,stripe_charge_id,stripe_payment_intent_id,total_price,unit_price,updated,user_id,version,id) values (?,?,?,?,?,?,?,?,?,?,?,?,?,?,?,?) [23506-230]
[Hibernate] 
    delete 
    from
        calendar_orders co1_0
[Hibernate] 
    delete 
    from
        user_calendars uc1_0
[Hibernate] 
    delete 
    from
        page_views pv1_0
[Hibernate] 
    delete 
    from
        analytics_rollups ar1_0
2025-10-17 04:13:22,391 WARN  [org.hib.orm.jdb.error] (main) HHH000247: ErrorCode: 42102, SQLState: 42S02
2025-10-17 04:13:22,391 WARN  [org.hib.orm.jdb.error] (main) Table "analytics_rollups" not found; SQL statement:
delete from analytics_rollups ar1_0 [42102-230]
[Hibernate] 
    delete 
    from
        delayed_jobs dj1_0
[Hibernate] 
    delete 
    from
        calendar_users cu1_0
[Hibernate] 
    delete 
    from
        calendar_templates ct1_0
[ERROR] Tests run: 10, Failures: 0, Errors: 9, Skipped: 0, Time elapsed: 0.043 s <<< FAILURE! -- in villagecompute.calendar.data.repositories.CalendarOrderRepositoryTest
[ERROR] villagecompute.calendar.data.repositories.CalendarOrderRepositoryTest.testFindByUserAndStatus -- Time elapsed: 0.005 s <<< ERROR!
org.hibernate.exception.ConstraintViolationException: 
could not execute statement [Referential integrity constraint violation: "fk_calendar_orders_calendar: public.calendar_orders FOREIGN KEY(calendar_id) REFERENCES public.user_calendars(id) (UUID '4ffe23d4-016b-454f-b8a4-4324f265feb1')"; SQL statement:
insert into calendar_orders (calendar_id,created,notes,paid_at,quantity,shipped_at,shipping_address,status,stripe_charge_id,stripe_payment_intent_id,total_price,unit_price,updated,user_id,version,id) values (?,?,?,?,?,?,?,?,?,?,?,?,?,?,?,?) [23506-230]] [insert into calendar_orders (calendar_id,created,notes,paid_at,quantity,shipped_at,shipping_address,status,stripe_charge_id,stripe_payment_intent_id,total_price,unit_price,updated,user_id,version,id) values (?,?,?,?,?,?,?,?,?,?,?,?,?,?,?,?)]
	at org.hibernate.dialect.H2Dialect.lambda$buildSQLExceptionConversionDelegate$1(H2Dialect.java:853)
	at org.hibernate.exception.internal.StandardSQLExceptionConverter.convert(StandardSQLExceptionConverter.java:34)
	at org.hibernate.engine.jdbc.spi.SqlExceptionHelper.convert(SqlExceptionHelper.java:115)
	at org.hibernate.engine.jdbc.internal.ResultSetReturnImpl.executeUpdate(ResultSetReturnImpl.java:193)
	at org.hibernate.engine.jdbc.mutation.internal.AbstractMutationExecutor.performNonBatchedMutation(AbstractMutationExecutor.java:148)
	at org.hibernate.engine.jdbc.mutation.internal.MutationExecutorSingleNonBatched.performNonBatchedOperations(MutationExecutorSingleNonBatched.java:53)
	at org.hibernate.engine.jdbc.mutation.internal.AbstractMutationExecutor.execute(AbstractMutationExecutor.java:66)
	at org.hibernate.engine.jdbc.mutation.internal.AbstractMutationExecutor.execute(AbstractMutationExecutor.java:55)
	at org.hibernate.persister.entity.mutation.InsertCoordinatorStandard.doStaticInserts(InsertCoordinatorStandard.java:191)
	at org.hibernate.persister.entity.mutation.InsertCoordinatorStandard.coordinateInsert(InsertCoordinatorStandard.java:129)
	at org.hibernate.persister.entity.mutation.InsertCoordinatorStandard.insert(InsertCoordinatorStandard.java:101)
	at org.hibernate.action.internal.EntityInsertAction.execute(EntityInsertAction.java:113)
	at org.hibernate.engine.spi.ActionQueue.executeActions(ActionQueue.java:646)
	at org.hibernate.engine.spi.ActionQueue.executeActions(ActionQueue.java:513)
	at org.hibernate.event.internal.AbstractFlushingEventListener.performExecutions(AbstractFlushingEventListener.java:378)
	at org.hibernate.event.internal.DefaultAutoFlushEventListener.onAutoFlush(DefaultAutoFlushEventListener.java:67)
	at org.hibernate.event.service.internal.EventListenerGroupImpl.fireEventOnEachListener(EventListenerGroupImpl.java:140)
	at org.hibernate.internal.SessionImpl.autoFlushIfRequired(SessionImpl.java:1400)
	at org.hibernate.query.sqm.internal.ConcreteSqmSelectQueryPlan.lambda$new$1(ConcreteSqmSelectQueryPlan.java:138)
	at org.hibernate.query.sqm.internal.ConcreteSqmSelectQueryPlan.withCacheableSqmInterpretation(ConcreteSqmSelectQueryPlan.java:455)
	at org.hibernate.query.sqm.internal.ConcreteSqmSelectQueryPlan.performList(ConcreteSqmSelectQueryPlan.java:388)
	at org.hibernate.query.sqm.internal.SqmSelectionQueryImpl.doList(SqmSelectionQueryImpl.java:423)
	at org.hibernate.query.spi.AbstractSelectionQuery.list(AbstractSelectionQuery.java:154)
	at org.hibernate.query.SelectionQuery.getResultList(SelectionQuery.java:145)
	at io.quarkus.hibernate.orm.panache.common.runtime.CommonPanacheQueryImpl.list(CommonPanacheQueryImpl.java:301)
	at io.quarkus.hibernate.orm.panache.runtime.PanacheQueryImpl.list(PanacheQueryImpl.java:150)
	at villagecompute.calendar.data.repositories.CalendarOrderRepository.findByUserAndStatus(CalendarOrderRepository.java:96)
	at villagecompute.calendar.data.repositories.CalendarOrderRepository_ClientProxy.findByUserAndStatus(Unknown Source)
	at villagecompute.calendar.data.repositories.CalendarOrderRepositoryTest.testFindByUserAndStatus(CalendarOrderRepositoryTest.java:211)
	at villagecompute.calendar.data.repositories.CalendarOrderRepositoryTest_Subclass.testFindByUserAndStatus$$superforward(Unknown Source)
	at villagecompute.calendar.data.repositories.CalendarOrderRepositoryTest_Subclass$$function$$6.apply(Unknown Source)
	at io.quarkus.arc.impl.AroundInvokeInvocationContext.proceed(AroundInvokeInvocationContext.java:73)
	at io.quarkus.arc.impl.AroundInvokeInvocationContext.proceed(AroundInvokeInvocationContext.java:62)
	at io.quarkus.narayana.jta.runtime.interceptor.TransactionalInterceptorBase.invokeInOurTx(TransactionalInterceptorBase.java:136)
	at io.quarkus.narayana.jta.runtime.interceptor.TransactionalInterceptorBase.invokeInOurTx(TransactionalInterceptorBase.java:107)
	at io.quarkus.narayana.jta.runtime.interceptor.TransactionalInterceptorRequired.doIntercept(TransactionalInterceptorRequired.java:38)
	at io.quarkus.narayana.jta.runtime.interceptor.TransactionalInterceptorBase.intercept(TransactionalInterceptorBase.java:61)
	at io.quarkus.narayana.jta.runtime.interceptor.TransactionalInterceptorRequired.intercept(TransactionalInterceptorRequired.java:32)
	at io.quarkus.narayana.jta.runtime.interceptor.TransactionalInterceptorRequired_Bean.intercept(Unknown Source)
	at io.quarkus.arc.impl.InterceptorInvocation.invoke(InterceptorInvocation.java:42)
	at io.quarkus.arc.impl.AroundInvokeInvocationContext.perform(AroundInvokeInvocationContext.java:30)
	at io.quarkus.arc.impl.InvocationContexts.performAroundInvoke(InvocationContexts.java:27)
	at villagecompute.calendar.data.repositories.CalendarOrderRepositoryTest_Subclass.testFindByUserAndStatus(Unknown Source)
	at java.base/java.lang.reflect.Method.invoke(Method.java:580)
	at io.quarkus.test.junit.QuarkusTestExtension.runExtensionMethod(QuarkusTestExtension.java:1000)
	at io.quarkus.test.junit.QuarkusTestExtension.interceptTestMethod(QuarkusTestExtension.java:848)
	at java.base/java.util.ArrayList.forEach(ArrayList.java:1596)
	at java.base/java.util.ArrayList.forEach(ArrayList.java:1596)
Caused by: org.h2.jdbc.JdbcSQLIntegrityConstraintViolationException: Referential integrity constraint violation: "fk_calendar_orders_calendar: public.calendar_orders FOREIGN KEY(calendar_id) REFERENCES public.user_calendars(id) (UUID '4ffe23d4-016b-454f-b8a4-4324f265feb1')"; SQL statement:
insert into calendar_orders (calendar_id,created,notes,paid_at,quantity,shipped_at,shipping_address,status,stripe_charge_id,stripe_payment_intent_id,total_price,unit_price,updated,user_id,version,id) values (?,?,?,?,?,?,?,?,?,?,?,?,?,?,?,?) [23506-230]
	at org.h2.message.DbException.getJdbcSQLException(DbException.java:520)
	at org.h2.message.DbException.getJdbcSQLException(DbException.java:489)
	at org.h2.message.DbException.get(DbException.java:223)
	at org.h2.message.DbException.get(DbException.java:199)
	at org.h2.constraint.ConstraintReferential.checkRowOwnTable(ConstraintReferential.java:308)
	at org.h2.constraint.ConstraintReferential.checkRow(ConstraintReferential.java:249)
	at org.h2.table.Table.fireConstraints(Table.java:1227)
	at org.h2.table.Table.fireAfterRow(Table.java:1245)
	at org.h2.command.dml.Insert.insertRows(Insert.java:188)
	at org.h2.command.dml.Insert.update(Insert.java:135)
	at org.h2.command.dml.DataChangeStatement.update(DataChangeStatement.java:74)
	at org.h2.command.CommandContainer.update(CommandContainer.java:139)
	at org.h2.command.Command.executeUpdate(Command.java:304)
	at org.h2.command.Command.executeUpdate(Command.java:248)
	at org.h2.jdbc.JdbcPreparedStatement.executeUpdateInternal(JdbcPreparedStatement.java:213)
	at org.h2.jdbc.JdbcPreparedStatement.executeUpdate(JdbcPreparedStatement.java:172)
	at io.agroal.pool.wrapper.PreparedStatementWrapper.executeUpdate(PreparedStatementWrapper.java:90)
	at org.hibernate.engine.jdbc.internal.ResultSetReturnImpl.executeUpdate(ResultSetReturnImpl.java:190)
	... 44 more

[ERROR] villagecompute.calendar.data.repositories.CalendarOrderRepositoryTest.testFindByUser -- Time elapsed: 0.003 s <<< ERROR!
org.hibernate.exception.ConstraintViolationException: 
could not execute statement [Referential integrity constraint violation: "fk_calendar_orders_calendar: public.calendar_orders FOREIGN KEY(calendar_id) REFERENCES public.user_calendars(id) (UUID '292b4e8e-4327-49fd-abf0-bcaf0ff4f9ce')"; SQL statement:
insert into calendar_orders (calendar_id,created,notes,paid_at,quantity,shipped_at,shipping_address,status,stripe_charge_id,stripe_payment_intent_id,total_price,unit_price,updated,user_id,version,id) values (?,?,?,?,?,?,?,?,?,?,?,?,?,?,?,?) [23506-230]] [insert into calendar_orders (calendar_id,created,notes,paid_at,quantity,shipped_at,shipping_address,status,stripe_charge_id,stripe_payment_intent_id,total_price,unit_price,updated,user_id,version,id) values (?,?,?,?,?,?,?,?,?,?,?,?,?,?,?,?)]
	at org.hibernate.dialect.H2Dialect.lambda$buildSQLExceptionConversionDelegate$1(H2Dialect.java:853)
	at org.hibernate.exception.internal.StandardSQLExceptionConverter.convert(StandardSQLExceptionConverter.java:34)
	at org.hibernate.engine.jdbc.spi.SqlExceptionHelper.convert(SqlExceptionHelper.java:115)
	at org.hibernate.engine.jdbc.internal.ResultSetReturnImpl.executeUpdate(ResultSetReturnImpl.java:193)
	at org.hibernate.engine.jdbc.mutation.internal.AbstractMutationExecutor.performNonBatchedMutation(AbstractMutationExecutor.java:148)
	at org.hibernate.engine.jdbc.mutation.internal.MutationExecutorSingleNonBatched.performNonBatchedOperations(MutationExecutorSingleNonBatched.java:53)
	at org.hibernate.engine.jdbc.mutation.internal.AbstractMutationExecutor.execute(AbstractMutationExecutor.java:66)
	at org.hibernate.engine.jdbc.mutation.internal.AbstractMutationExecutor.execute(AbstractMutationExecutor.java:55)
	at org.hibernate.persister.entity.mutation.InsertCoordinatorStandard.doStaticInserts(InsertCoordinatorStandard.java:191)
	at org.hibernate.persister.entity.mutation.InsertCoordinatorStandard.coordinateInsert(InsertCoordinatorStandard.java:129)
	at org.hibernate.persister.entity.mutation.InsertCoordinatorStandard.insert(InsertCoordinatorStandard.java:101)
	at org.hibernate.action.internal.EntityInsertAction.execute(EntityInsertAction.java:113)
	at org.hibernate.engine.spi.ActionQueue.executeActions(ActionQueue.java:646)
	at org.hibernate.engine.spi.ActionQueue.executeActions(ActionQueue.java:513)
	at org.hibernate.event.internal.AbstractFlushingEventListener.performExecutions(AbstractFlushingEventListener.java:378)
	at org.hibernate.event.internal.DefaultAutoFlushEventListener.onAutoFlush(DefaultAutoFlushEventListener.java:67)
	at org.hibernate.event.service.internal.EventListenerGroupImpl.fireEventOnEachListener(EventListenerGroupImpl.java:140)
	at org.hibernate.internal.SessionImpl.autoFlushIfRequired(SessionImpl.java:1400)
	at org.hibernate.query.sqm.internal.ConcreteSqmSelectQueryPlan.lambda$new$1(ConcreteSqmSelectQueryPlan.java:138)
	at org.hibernate.query.sqm.internal.ConcreteSqmSelectQueryPlan.withCacheableSqmInterpretation(ConcreteSqmSelectQueryPlan.java:455)
	at org.hibernate.query.sqm.internal.ConcreteSqmSelectQueryPlan.performList(ConcreteSqmSelectQueryPlan.java:388)
	at org.hibernate.query.sqm.internal.SqmSelectionQueryImpl.doList(SqmSelectionQueryImpl.java:423)
	at org.hibernate.query.spi.AbstractSelectionQuery.list(AbstractSelectionQuery.java:154)
	at org.hibernate.query.SelectionQuery.getResultList(SelectionQuery.java:145)
	at io.quarkus.hibernate.orm.panache.common.runtime.CommonPanacheQueryImpl.list(CommonPanacheQueryImpl.java:301)
	at io.quarkus.hibernate.orm.panache.runtime.PanacheQueryImpl.list(PanacheQueryImpl.java:150)
	at villagecompute.calendar.data.repositories.CalendarOrderRepository.findByUser(CalendarOrderRepository.java:37)
	at villagecompute.calendar.data.repositories.CalendarOrderRepository_ClientProxy.findByUser(Unknown Source)
	at villagecompute.calendar.data.repositories.CalendarOrderRepositoryTest.testFindByUser(CalendarOrderRepositoryTest.java:104)
	at villagecompute.calendar.data.repositories.CalendarOrderRepositoryTest_Subclass.testFindByUser$$superforward(Unknown Source)
	at villagecompute.calendar.data.repositories.CalendarOrderRepositoryTest_Subclass$$function$$5.apply(Unknown Source)
	at io.quarkus.arc.impl.AroundInvokeInvocationContext.proceed(AroundInvokeInvocationContext.java:73)
	at io.quarkus.arc.impl.AroundInvokeInvocationContext.proceed(AroundInvokeInvocationContext.java:62)
	at io.quarkus.narayana.jta.runtime.interceptor.TransactionalInterceptorBase.invokeInOurTx(TransactionalInterceptorBase.java:136)
	at io.quarkus.narayana.jta.runtime.interceptor.TransactionalInterceptorBase.invokeInOurTx(TransactionalInterceptorBase.java:107)
	at io.quarkus.narayana.jta.runtime.interceptor.TransactionalInterceptorRequired.doIntercept(TransactionalInterceptorRequired.java:38)
	at io.quarkus.narayana.jta.runtime.interceptor.TransactionalInterceptorBase.intercept(TransactionalInterceptorBase.java:61)
	at io.quarkus.narayana.jta.runtime.interceptor.TransactionalInterceptorRequired.intercept(TransactionalInterceptorRequired.java:32)
	at io.quarkus.narayana.jta.runtime.interceptor.TransactionalInterceptorRequired_Bean.intercept(Unknown Source)
	at io.quarkus.arc.impl.InterceptorInvocation.invoke(InterceptorInvocation.java:42)
	at io.quarkus.arc.impl.AroundInvokeInvocationContext.perform(AroundInvokeInvocationContext.java:30)
	at io.quarkus.arc.impl.InvocationContexts.performAroundInvoke(InvocationContexts.java:27)
	at villagecompute.calendar.data.repositories.CalendarOrderRepositoryTest_Subclass.testFindByUser(Unknown Source)
	at java.base/java.lang.reflect.Method.invoke(Method.java:580)
	at io.quarkus.test.junit.QuarkusTestExtension.runExtensionMethod(QuarkusTestExtension.java:1000)
	at io.quarkus.test.junit.QuarkusTestExtension.interceptTestMethod(QuarkusTestExtension.java:848)
	at java.base/java.util.ArrayList.forEach(ArrayList.java:1596)
	at java.base/java.util.ArrayList.forEach(ArrayList.java:1596)
Caused by: org.h2.jdbc.JdbcSQLIntegrityConstraintViolationException: Referential integrity constraint violation: "fk_calendar_orders_calendar: public.calendar_orders FOREIGN KEY(calendar_id) REFERENCES public.user_calendars(id) (UUID '292b4e8e-4327-49fd-abf0-bcaf0ff4f9ce')"; SQL statement:
insert into calendar_orders (calendar_id,created,notes,paid_at,quantity,shipped_at,shipping_address,status,stripe_charge_id,stripe_payment_intent_id,total_price,unit_price,updated,user_id,version,id) values (?,?,?,?,?,?,?,?,?,?,?,?,?,?,?,?) [23506-230]
	at org.h2.message.DbException.getJdbcSQLException(DbException.java:520)
	at org.h2.message.DbException.getJdbcSQLException(DbException.java:489)
	at org.h2.message.DbException.get(DbException.java:223)
	at org.h2.message.DbException.get(DbException.java:199)
	at org.h2.constraint.ConstraintReferential.checkRowOwnTable(ConstraintReferential.java:308)
	at org.h2.constraint.ConstraintReferential.checkRow(ConstraintReferential.java:249)
	at org.h2.table.Table.fireConstraints(Table.java:1227)
	at org.h2.table.Table.fireAfterRow(Table.java:1245)
	at org.h2.command.dml.Insert.insertRows(Insert.java:188)
	at org.h2.command.dml.Insert.update(Insert.java:135)
	at org.h2.command.dml.DataChangeStatement.update(DataChangeStatement.java:74)
	at org.h2.command.CommandContainer.update(CommandContainer.java:139)
	at org.h2.command.Command.executeUpdate(Command.java:304)
	at org.h2.command.Command.executeUpdate(Command.java:248)
	at org.h2.jdbc.JdbcPreparedStatement.executeUpdateInternal(JdbcPreparedStatement.java:213)
	at org.h2.jdbc.JdbcPreparedStatement.executeUpdate(JdbcPreparedStatement.java:172)
	at io.agroal.pool.wrapper.PreparedStatementWrapper.executeUpdate(PreparedStatementWrapper.java:90)
	at org.hibernate.engine.jdbc.internal.ResultSetReturnImpl.executeUpdate(ResultSetReturnImpl.java:190)
	... 44 more

[ERROR] villagecompute.calendar.data.repositories.CalendarOrderRepositoryTest.testFindPaidNotShipped -- Time elapsed: 0.004 s <<< ERROR!
org.hibernate.exception.ConstraintViolationException: 
could not execute statement [Referential integrity constraint violation: "fk_calendar_orders_calendar: public.calendar_orders FOREIGN KEY(calendar_id) REFERENCES public.user_calendars(id) (UUID 'e76ea93c-5579-458b-901c-6180b502fbfd')"; SQL statement:
insert into calendar_orders (calendar_id,created,notes,paid_at,quantity,shipped_at,shipping_address,status,stripe_charge_id,stripe_payment_intent_id,total_price,unit_price,updated,user_id,version,id) values (?,?,?,?,?,?,?,?,?,?,?,?,?,?,?,?) [23506-230]] [insert into calendar_orders (calendar_id,created,notes,paid_at,quantity,shipped_at,shipping_address,status,stripe_charge_id,stripe_payment_intent_id,total_price,unit_price,updated,user_id,version,id) values (?,?,?,?,?,?,?,?,?,?,?,?,?,?,?,?)]
	at org.hibernate.dialect.H2Dialect.lambda$buildSQLExceptionConversionDelegate$1(H2Dialect.java:853)
	at org.hibernate.exception.internal.StandardSQLExceptionConverter.convert(StandardSQLExceptionConverter.java:34)
	at org.hibernate.engine.jdbc.spi.SqlExceptionHelper.convert(SqlExceptionHelper.java:115)
	at org.hibernate.engine.jdbc.internal.ResultSetReturnImpl.executeUpdate(ResultSetReturnImpl.java:193)
	at org.hibernate.engine.jdbc.mutation.internal.AbstractMutationExecutor.performNonBatchedMutation(AbstractMutationExecutor.java:148)
	at org.hibernate.engine.jdbc.mutation.internal.MutationExecutorSingleNonBatched.performNonBatchedOperations(MutationExecutorSingleNonBatched.java:53)
	at org.hibernate.engine.jdbc.mutation.internal.AbstractMutationExecutor.execute(AbstractMutationExecutor.java:66)
	at org.hibernate.engine.jdbc.mutation.internal.AbstractMutationExecutor.execute(AbstractMutationExecutor.java:55)
	at org.hibernate.persister.entity.mutation.InsertCoordinatorStandard.doStaticInserts(InsertCoordinatorStandard.java:191)
	at org.hibernate.persister.entity.mutation.InsertCoordinatorStandard.coordinateInsert(InsertCoordinatorStandard.java:129)
	at org.hibernate.persister.entity.mutation.InsertCoordinatorStandard.insert(InsertCoordinatorStandard.java:101)
	at org.hibernate.action.internal.EntityInsertAction.execute(EntityInsertAction.java:113)
	at org.hibernate.engine.spi.ActionQueue.executeActions(ActionQueue.java:646)
	at org.hibernate.engine.spi.ActionQueue.executeActions(ActionQueue.java:513)
	at org.hibernate.event.internal.AbstractFlushingEventListener.performExecutions(AbstractFlushingEventListener.java:378)
	at org.hibernate.event.internal.DefaultAutoFlushEventListener.onAutoFlush(DefaultAutoFlushEventListener.java:67)
	at org.hibernate.event.service.internal.EventListenerGroupImpl.fireEventOnEachListener(EventListenerGroupImpl.java:140)
	at org.hibernate.internal.SessionImpl.autoFlushIfRequired(SessionImpl.java:1400)
	at org.hibernate.query.sqm.internal.ConcreteSqmSelectQueryPlan.lambda$new$1(ConcreteSqmSelectQueryPlan.java:138)
	at org.hibernate.query.sqm.internal.ConcreteSqmSelectQueryPlan.withCacheableSqmInterpretation(ConcreteSqmSelectQueryPlan.java:455)
	at org.hibernate.query.sqm.internal.ConcreteSqmSelectQueryPlan.performList(ConcreteSqmSelectQueryPlan.java:388)
	at org.hibernate.query.sqm.internal.SqmSelectionQueryImpl.doList(SqmSelectionQueryImpl.java:423)
	at org.hibernate.query.spi.AbstractSelectionQuery.list(AbstractSelectionQuery.java:154)
	at org.hibernate.query.SelectionQuery.getResultList(SelectionQuery.java:145)
	at io.quarkus.hibernate.orm.panache.common.runtime.CommonPanacheQueryImpl.list(CommonPanacheQueryImpl.java:301)
	at io.quarkus.hibernate.orm.panache.runtime.PanacheQueryImpl.list(PanacheQueryImpl.java:150)
	at villagecompute.calendar.data.repositories.CalendarOrderRepository.findPaidNotShipped(CalendarOrderRepository.java:85)
	at villagecompute.calendar.data.repositories.CalendarOrderRepository_ClientProxy.findPaidNotShipped(Unknown Source)
	at villagecompute.calendar.data.repositories.CalendarOrderRepositoryTest.testFindPaidNotShipped(CalendarOrderRepositoryTest.java:195)
	at villagecompute.calendar.data.repositories.CalendarOrderRepositoryTest_Subclass.testFindPaidNotShipped$$superforward(Unknown Source)
	at villagecompute.calendar.data.repositories.CalendarOrderRepositoryTest_Subclass$$function$$7.apply(Unknown Source)
	at io.quarkus.arc.impl.AroundInvokeInvocationContext.proceed(AroundInvokeInvocationContext.java:73)
	at io.quarkus.arc.impl.AroundInvokeInvocationContext.proceed(AroundInvokeInvocationContext.java:62)
	at io.quarkus.narayana.jta.runtime.interceptor.TransactionalInterceptorBase.invokeInOurTx(TransactionalInterceptorBase.java:136)
	at io.quarkus.narayana.jta.runtime.interceptor.TransactionalInterceptorBase.invokeInOurTx(TransactionalInterceptorBase.java:107)
	at io.quarkus.narayana.jta.runtime.interceptor.TransactionalInterceptorRequired.doIntercept(TransactionalInterceptorRequired.java:38)
	at io.quarkus.narayana.jta.runtime.interceptor.TransactionalInterceptorBase.intercept(TransactionalInterceptorBase.java:61)
	at io.quarkus.narayana.jta.runtime.interceptor.TransactionalInterceptorRequired.intercept(TransactionalInterceptorRequired.java:32)
	at io.quarkus.narayana.jta.runtime.interceptor.TransactionalInterceptorRequired_Bean.intercept(Unknown Source)
	at io.quarkus.arc.impl.InterceptorInvocation.invoke(InterceptorInvocation.java:42)
	at io.quarkus.arc.impl.AroundInvokeInvocationContext.perform(AroundInvokeInvocationContext.java:30)
	at io.quarkus.arc.impl.InvocationContexts.performAroundInvoke(InvocationContexts.java:27)
	at villagecompute.calendar.data.repositories.CalendarOrderRepositoryTest_Subclass.testFindPaidNotShipped(Unknown Source)
	at java.base/java.lang.reflect.Method.invoke(Method.java:580)
	at io.quarkus.test.junit.QuarkusTestExtension.runExtensionMethod(QuarkusTestExtension.java:1000)
	at io.quarkus.test.junit.QuarkusTestExtension.interceptTestMethod(QuarkusTestExtension.java:848)
	at java.base/java.util.ArrayList.forEach(ArrayList.java:1596)
	at java.base/java.util.ArrayList.forEach(ArrayList.java:1596)
Caused by: org.h2.jdbc.JdbcSQLIntegrityConstraintViolationException: Referential integrity constraint violation: "fk_calendar_orders_calendar: public.calendar_orders FOREIGN KEY(calendar_id) REFERENCES public.user_calendars(id) (UUID 'e76ea93c-5579-458b-901c-6180b502fbfd')"; SQL statement:
insert into calendar_orders (calendar_id,created,notes,paid_at,quantity,shipped_at,shipping_address,status,stripe_charge_id,stripe_payment_intent_id,total_price,unit_price,updated,user_id,version,id) values (?,?,?,?,?,?,?,?,?,?,?,?,?,?,?,?) [23506-230]
	at org.h2.message.DbException.getJdbcSQLException(DbException.java:520)
	at org.h2.message.DbException.getJdbcSQLException(DbException.java:489)
	at org.h2.message.DbException.get(DbException.java:223)
	at org.h2.message.DbException.get(DbException.java:199)
	at org.h2.constraint.ConstraintReferential.checkRowOwnTable(ConstraintReferential.java:308)
	at org.h2.constraint.ConstraintReferential.checkRow(ConstraintReferential.java:249)
	at org.h2.table.Table.fireConstraints(Table.java:1227)
	at org.h2.table.Table.fireAfterRow(Table.java:1245)
	at org.h2.command.dml.Insert.insertRows(Insert.java:188)
	at org.h2.command.dml.Insert.update(Insert.java:135)
	at org.h2.command.dml.DataChangeStatement.update(DataChangeStatement.java:74)
	at org.h2.command.CommandContainer.update(CommandContainer.java:139)
	at org.h2.command.Command.executeUpdate(Command.java:304)
	at org.h2.command.Command.executeUpdate(Command.java:248)
	at org.h2.jdbc.JdbcPreparedStatement.executeUpdateInternal(JdbcPreparedStatement.java:213)
	at org.h2.jdbc.JdbcPreparedStatement.executeUpdate(JdbcPreparedStatement.java:172)
	at io.agroal.pool.wrapper.PreparedStatementWrapper.executeUpdate(PreparedStatementWrapper.java:90)
	at org.hibernate.engine.jdbc.internal.ResultSetReturnImpl.executeUpdate(ResultSetReturnImpl.java:190)
	... 44 more

[ERROR] villagecompute.calendar.data.repositories.CalendarOrderRepositoryTest.testFindByCalendar -- Time elapsed: 0.004 s <<< ERROR!
org.hibernate.exception.ConstraintViolationException: 
could not execute statement [Referential integrity constraint violation: "fk_calendar_orders_calendar: public.calendar_orders FOREIGN KEY(calendar_id) REFERENCES public.user_calendars(id) (UUID '9651c055-9ac7-446a-9c0b-56a0c3d7599a')"; SQL statement:
insert into calendar_orders (calendar_id,created,notes,paid_at,quantity,shipped_at,shipping_address,status,stripe_charge_id,stripe_payment_intent_id,total_price,unit_price,updated,user_id,version,id) values (?,?,?,?,?,?,?,?,?,?,?,?,?,?,?,?) [23506-230]] [insert into calendar_orders (calendar_id,created,notes,paid_at,quantity,shipped_at,shipping_address,status,stripe_charge_id,stripe_payment_intent_id,total_price,unit_price,updated,user_id,version,id) values (?,?,?,?,?,?,?,?,?,?,?,?,?,?,?,?)]
	at org.hibernate.dialect.H2Dialect.lambda$buildSQLExceptionConversionDelegate$1(H2Dialect.java:853)
	at org.hibernate.exception.internal.StandardSQLExceptionConverter.convert(StandardSQLExceptionConverter.java:34)
	at org.hibernate.engine.jdbc.spi.SqlExceptionHelper.convert(SqlExceptionHelper.java:115)
	at org.hibernate.engine.jdbc.internal.ResultSetReturnImpl.executeUpdate(ResultSetReturnImpl.java:193)
	at org.hibernate.engine.jdbc.mutation.internal.AbstractMutationExecutor.performNonBatchedMutation(AbstractMutationExecutor.java:148)
	at org.hibernate.engine.jdbc.mutation.internal.MutationExecutorSingleNonBatched.performNonBatchedOperations(MutationExecutorSingleNonBatched.java:53)
	at org.hibernate.engine.jdbc.mutation.internal.AbstractMutationExecutor.execute(AbstractMutationExecutor.java:66)
	at org.hibernate.engine.jdbc.mutation.internal.AbstractMutationExecutor.execute(AbstractMutationExecutor.java:55)
	at org.hibernate.persister.entity.mutation.InsertCoordinatorStandard.doStaticInserts(InsertCoordinatorStandard.java:191)
	at org.hibernate.persister.entity.mutation.InsertCoordinatorStandard.coordinateInsert(InsertCoordinatorStandard.java:129)
	at org.hibernate.persister.entity.mutation.InsertCoordinatorStandard.insert(InsertCoordinatorStandard.java:101)
	at org.hibernate.action.internal.EntityInsertAction.execute(EntityInsertAction.java:113)
	at org.hibernate.engine.spi.ActionQueue.executeActions(ActionQueue.java:646)
	at org.hibernate.engine.spi.ActionQueue.executeActions(ActionQueue.java:513)
	at org.hibernate.event.internal.AbstractFlushingEventListener.performExecutions(AbstractFlushingEventListener.java:378)
	at org.hibernate.event.internal.DefaultAutoFlushEventListener.onAutoFlush(DefaultAutoFlushEventListener.java:67)
	at org.hibernate.event.service.internal.EventListenerGroupImpl.fireEventOnEachListener(EventListenerGroupImpl.java:140)
	at org.hibernate.internal.SessionImpl.autoFlushIfRequired(SessionImpl.java:1400)
	at org.hibernate.query.sqm.internal.ConcreteSqmSelectQueryPlan.lambda$new$1(ConcreteSqmSelectQueryPlan.java:138)
	at org.hibernate.query.sqm.internal.ConcreteSqmSelectQueryPlan.withCacheableSqmInterpretation(ConcreteSqmSelectQueryPlan.java:455)
	at org.hibernate.query.sqm.internal.ConcreteSqmSelectQueryPlan.performList(ConcreteSqmSelectQueryPlan.java:388)
	at org.hibernate.query.sqm.internal.SqmSelectionQueryImpl.doList(SqmSelectionQueryImpl.java:423)
	at org.hibernate.query.spi.AbstractSelectionQuery.list(AbstractSelectionQuery.java:154)
	at org.hibernate.query.SelectionQuery.getResultList(SelectionQuery.java:145)
	at io.quarkus.hibernate.orm.panache.common.runtime.CommonPanacheQueryImpl.list(CommonPanacheQueryImpl.java:301)
	at io.quarkus.hibernate.orm.panache.runtime.PanacheQueryImpl.list(PanacheQueryImpl.java:150)
	at villagecompute.calendar.data.repositories.CalendarOrderRepository.findByCalendar(CalendarOrderRepository.java:47)
	at villagecompute.calendar.data.repositories.CalendarOrderRepository_ClientProxy.findByCalendar(Unknown Source)
	at villagecompute.calendar.data.repositories.CalendarOrderRepositoryTest.testFindByCalendar(CalendarOrderRepositoryTest.java:119)
	at villagecompute.calendar.data.repositories.CalendarOrderRepositoryTest_Subclass.testFindByCalendar$$superforward(Unknown Source)
	at villagecompute.calendar.data.repositories.CalendarOrderRepositoryTest_Subclass$$function$$2.apply(Unknown Source)
	at io.quarkus.arc.impl.AroundInvokeInvocationContext.proceed(AroundInvokeInvocationContext.java:73)
	at io.quarkus.arc.impl.AroundInvokeInvocationContext.proceed(AroundInvokeInvocationContext.java:62)
	at io.quarkus.narayana.jta.runtime.interceptor.TransactionalInterceptorBase.invokeInOurTx(TransactionalInterceptorBase.java:136)
	at io.quarkus.narayana.jta.runtime.interceptor.TransactionalInterceptorBase.invokeInOurTx(TransactionalInterceptorBase.java:107)
	at io.quarkus.narayana.jta.runtime.interceptor.TransactionalInterceptorRequired.doIntercept(TransactionalInterceptorRequired.java:38)
	at io.quarkus.narayana.jta.runtime.interceptor.TransactionalInterceptorBase.intercept(TransactionalInterceptorBase.java:61)
	at io.quarkus.narayana.jta.runtime.interceptor.TransactionalInterceptorRequired.intercept(TransactionalInterceptorRequired.java:32)
	at io.quarkus.narayana.jta.runtime.interceptor.TransactionalInterceptorRequired_Bean.intercept(Unknown Source)
	at io.quarkus.arc.impl.InterceptorInvocation.invoke(InterceptorInvocation.java:42)
	at io.quarkus.arc.impl.AroundInvokeInvocationContext.perform(AroundInvokeInvocationContext.java:30)
	at io.quarkus.arc.impl.InvocationContexts.performAroundInvoke(InvocationContexts.java:27)
	at villagecompute.calendar.data.repositories.CalendarOrderRepositoryTest_Subclass.testFindByCalendar(Unknown Source)
	at java.base/java.lang.reflect.Method.invoke(Method.java:580)
	at io.quarkus.test.junit.QuarkusTestExtension.runExtensionMethod(QuarkusTestExtension.java:1000)
	at io.quarkus.test.junit.QuarkusTestExtension.interceptTestMethod(QuarkusTestExtension.java:848)
	at java.base/java.util.ArrayList.forEach(ArrayList.java:1596)
	at java.base/java.util.ArrayList.forEach(ArrayList.java:1596)
Caused by: org.h2.jdbc.JdbcSQLIntegrityConstraintViolationException: Referential integrity constraint violation: "fk_calendar_orders_calendar: public.calendar_orders FOREIGN KEY(calendar_id) REFERENCES public.user_calendars(id) (UUID '9651c055-9ac7-446a-9c0b-56a0c3d7599a')"; SQL statement:
insert into calendar_orders (calendar_id,created,notes,paid_at,quantity,shipped_at,shipping_address,status,stripe_charge_id,stripe_payment_intent_id,total_price,unit_price,updated,user_id,version,id) values (?,?,?,?,?,?,?,?,?,?,?,?,?,?,?,?) [23506-230]
	at org.h2.message.DbException.getJdbcSQLException(DbException.java:520)
	at org.h2.message.DbException.getJdbcSQLException(DbException.java:489)
	at org.h2.message.DbException.get(DbException.java:223)
	at org.h2.message.DbException.get(DbException.java:199)
	at org.h2.constraint.ConstraintReferential.checkRowOwnTable(ConstraintReferential.java:308)
	at org.h2.constraint.ConstraintReferential.checkRow(ConstraintReferential.java:249)
	at org.h2.table.Table.fireConstraints(Table.java:1227)
	at org.h2.table.Table.fireAfterRow(Table.java:1245)
	at org.h2.command.dml.Insert.insertRows(Insert.java:188)
	at org.h2.command.dml.Insert.update(Insert.java:135)
	at org.h2.command.dml.DataChangeStatement.update(DataChangeStatement.java:74)
	at org.h2.command.CommandContainer.update(CommandContainer.java:139)
	at org.h2.command.Command.executeUpdate(Command.java:304)
	at org.h2.command.Command.executeUpdate(Command.java:248)
	at org.h2.jdbc.JdbcPreparedStatement.executeUpdateInternal(JdbcPreparedStatement.java:213)
	at org.h2.jdbc.JdbcPreparedStatement.executeUpdate(JdbcPreparedStatement.java:172)
	at io.agroal.pool.wrapper.PreparedStatementWrapper.executeUpdate(PreparedStatementWrapper.java:90)
	at org.hibernate.engine.jdbc.internal.ResultSetReturnImpl.executeUpdate(ResultSetReturnImpl.java:190)
	... 44 more

[ERROR] villagecompute.calendar.data.repositories.CalendarOrderRepositoryTest.testFindRecentOrders -- Time elapsed: 0.003 s <<< ERROR!
org.hibernate.exception.ConstraintViolationException: 
could not execute statement [Referential integrity constraint violation: "fk_calendar_orders_calendar: public.calendar_orders FOREIGN KEY(calendar_id) REFERENCES public.user_calendars(id) (UUID '96530971-7444-4210-a6c3-ad82ddc4836c')"; SQL statement:
insert into calendar_orders (calendar_id,created,notes,paid_at,quantity,shipped_at,shipping_address,status,stripe_charge_id,stripe_payment_intent_id,total_price,unit_price,updated,user_id,version,id) values (?,?,?,?,?,?,?,?,?,?,?,?,?,?,?,?) [23506-230]] [insert into calendar_orders (calendar_id,created,notes,paid_at,quantity,shipped_at,shipping_address,status,stripe_charge_id,stripe_payment_intent_id,total_price,unit_price,updated,user_id,version,id) values (?,?,?,?,?,?,?,?,?,?,?,?,?,?,?,?)]
	at org.hibernate.dialect.H2Dialect.lambda$buildSQLExceptionConversionDelegate$1(H2Dialect.java:853)
	at org.hibernate.exception.internal.StandardSQLExceptionConverter.convert(StandardSQLExceptionConverter.java:34)
	at org.hibernate.engine.jdbc.spi.SqlExceptionHelper.convert(SqlExceptionHelper.java:115)
	at org.hibernate.engine.jdbc.internal.ResultSetReturnImpl.executeUpdate(ResultSetReturnImpl.java:193)
	at org.hibernate.engine.jdbc.mutation.internal.AbstractMutationExecutor.performNonBatchedMutation(AbstractMutationExecutor.java:148)
	at org.hibernate.engine.jdbc.mutation.internal.MutationExecutorSingleNonBatched.performNonBatchedOperations(MutationExecutorSingleNonBatched.java:53)
	at org.hibernate.engine.jdbc.mutation.internal.AbstractMutationExecutor.execute(AbstractMutationExecutor.java:66)
	at org.hibernate.engine.jdbc.mutation.internal.AbstractMutationExecutor.execute(AbstractMutationExecutor.java:55)
	at org.hibernate.persister.entity.mutation.InsertCoordinatorStandard.doStaticInserts(InsertCoordinatorStandard.java:191)
	at org.hibernate.persister.entity.mutation.InsertCoordinatorStandard.coordinateInsert(InsertCoordinatorStandard.java:129)
	at org.hibernate.persister.entity.mutation.InsertCoordinatorStandard.insert(InsertCoordinatorStandard.java:101)
	at org.hibernate.action.internal.EntityInsertAction.execute(EntityInsertAction.java:113)
	at org.hibernate.engine.spi.ActionQueue.executeActions(ActionQueue.java:646)
	at org.hibernate.engine.spi.ActionQueue.executeActions(ActionQueue.java:513)
	at org.hibernate.event.internal.AbstractFlushingEventListener.performExecutions(AbstractFlushingEventListener.java:378)
	at org.hibernate.event.internal.DefaultAutoFlushEventListener.onAutoFlush(DefaultAutoFlushEventListener.java:67)
	at org.hibernate.event.service.internal.EventListenerGroupImpl.fireEventOnEachListener(EventListenerGroupImpl.java:140)
	at org.hibernate.internal.SessionImpl.autoFlushIfRequired(SessionImpl.java:1400)
	at org.hibernate.query.sqm.internal.ConcreteSqmSelectQueryPlan.lambda$new$1(ConcreteSqmSelectQueryPlan.java:138)
	at org.hibernate.query.sqm.internal.ConcreteSqmSelectQueryPlan.withCacheableSqmInterpretation(ConcreteSqmSelectQueryPlan.java:455)
	at org.hibernate.query.sqm.internal.ConcreteSqmSelectQueryPlan.performList(ConcreteSqmSelectQueryPlan.java:388)
	at org.hibernate.query.sqm.internal.SqmSelectionQueryImpl.doList(SqmSelectionQueryImpl.java:423)
	at org.hibernate.query.spi.AbstractSelectionQuery.list(AbstractSelectionQuery.java:154)
	at org.hibernate.query.SelectionQuery.getResultList(SelectionQuery.java:145)
	at io.quarkus.hibernate.orm.panache.common.runtime.CommonPanacheQueryImpl.list(CommonPanacheQueryImpl.java:301)
	at io.quarkus.hibernate.orm.panache.runtime.PanacheQueryImpl.list(PanacheQueryImpl.java:150)
	at villagecompute.calendar.data.repositories.CalendarOrderRepository.findRecentOrders(CalendarOrderRepository.java:67)
	at villagecompute.calendar.data.repositories.CalendarOrderRepository_ClientProxy.findRecentOrders(Unknown Source)
	at villagecompute.calendar.data.repositories.CalendarOrderRepositoryTest.testFindRecentOrders(CalendarOrderRepositoryTest.java:155)
	at villagecompute.calendar.data.repositories.CalendarOrderRepositoryTest_Subclass.testFindRecentOrders$$superforward(Unknown Source)
	at villagecompute.calendar.data.repositories.CalendarOrderRepositoryTest_Subclass$$function$$9.apply(Unknown Source)
	at io.quarkus.arc.impl.AroundInvokeInvocationContext.proceed(AroundInvokeInvocationContext.java:73)
	at io.quarkus.arc.impl.AroundInvokeInvocationContext.proceed(AroundInvokeInvocationContext.java:62)
	at io.quarkus.narayana.jta.runtime.interceptor.TransactionalInterceptorBase.invokeInOurTx(TransactionalInterceptorBase.java:136)
	at io.quarkus.narayana.jta.runtime.interceptor.TransactionalInterceptorBase.invokeInOurTx(TransactionalInterceptorBase.java:107)
	at io.quarkus.narayana.jta.runtime.interceptor.TransactionalInterceptorRequired.doIntercept(TransactionalInterceptorRequired.java:38)
	at io.quarkus.narayana.jta.runtime.interceptor.TransactionalInterceptorBase.intercept(TransactionalInterceptorBase.java:61)
	at io.quarkus.narayana.jta.runtime.interceptor.TransactionalInterceptorRequired.intercept(TransactionalInterceptorRequired.java:32)
	at io.quarkus.narayana.jta.runtime.interceptor.TransactionalInterceptorRequired_Bean.intercept(Unknown Source)
	at io.quarkus.arc.impl.InterceptorInvocation.invoke(InterceptorInvocation.java:42)
	at io.quarkus.arc.impl.AroundInvokeInvocationContext.perform(AroundInvokeInvocationContext.java:30)
	at io.quarkus.arc.impl.InvocationContexts.performAroundInvoke(InvocationContexts.java:27)
	at villagecompute.calendar.data.repositories.CalendarOrderRepositoryTest_Subclass.testFindRecentOrders(Unknown Source)
	at java.base/java.lang.reflect.Method.invoke(Method.java:580)
	at io.quarkus.test.junit.QuarkusTestExtension.runExtensionMethod(QuarkusTestExtension.java:1000)
	at io.quarkus.test.junit.QuarkusTestExtension.interceptTestMethod(QuarkusTestExtension.java:848)
	at java.base/java.util.ArrayList.forEach(ArrayList.java:1596)
	at java.base/java.util.ArrayList.forEach(ArrayList.java:1596)
Caused by: org.h2.jdbc.JdbcSQLIntegrityConstraintViolationException: Referential integrity constraint violation: "fk_calendar_orders_calendar: public.calendar_orders FOREIGN KEY(calendar_id) REFERENCES public.user_calendars(id) (UUID '96530971-7444-4210-a6c3-ad82ddc4836c')"; SQL statement:
insert into calendar_orders (calendar_id,created,notes,paid_at,quantity,shipped_at,shipping_address,status,stripe_charge_id,stripe_payment_intent_id,total_price,unit_price,updated,user_id,version,id) values (?,?,?,?,?,?,?,?,?,?,?,?,?,?,?,?) [23506-230]
	at org.h2.message.DbException.getJdbcSQLException(DbException.java:520)
	at org.h2.message.DbException.getJdbcSQLException(DbException.java:489)
	at org.h2.message.DbException.get(DbException.java:223)
	at org.h2.message.DbException.get(DbException.java:199)
	at org.h2.constraint.ConstraintReferential.checkRowOwnTable(ConstraintReferential.java:308)
	at org.h2.constraint.ConstraintReferential.checkRow(ConstraintReferential.java:249)
	at org.h2.table.Table.fireConstraints(Table.java:1227)
	at org.h2.table.Table.fireAfterRow(Table.java:1245)
	at org.h2.command.dml.Insert.insertRows(Insert.java:188)
	at org.h2.command.dml.Insert.update(Insert.java:135)
	at org.h2.command.dml.DataChangeStatement.update(DataChangeStatement.java:74)
	at org.h2.command.CommandContainer.update(CommandContainer.java:139)
	at org.h2.command.Command.executeUpdate(Command.java:304)
	at org.h2.command.Command.executeUpdate(Command.java:248)
	at org.h2.jdbc.JdbcPreparedStatement.executeUpdateInternal(JdbcPreparedStatement.java:213)
	at org.h2.jdbc.JdbcPreparedStatement.executeUpdate(JdbcPreparedStatement.java:172)
	at io.agroal.pool.wrapper.PreparedStatementWrapper.executeUpdate(PreparedStatementWrapper.java:90)
	at org.hibernate.engine.jdbc.internal.ResultSetReturnImpl.executeUpdate(ResultSetReturnImpl.java:190)
	... 44 more

[ERROR] villagecompute.calendar.data.repositories.CalendarOrderRepositoryTest.testFindByStripePaymentIntent -- Time elapsed: 0.005 s <<< ERROR!
org.hibernate.exception.ConstraintViolationException: 
could not execute statement [Referential integrity constraint violation: "fk_calendar_orders_calendar: public.calendar_orders FOREIGN KEY(calendar_id) REFERENCES public.user_calendars(id) (UUID 'a37ceb56-8e6d-4637-812e-a6807a2f2bd3')"; SQL statement:
insert into calendar_orders (calendar_id,created,notes,paid_at,quantity,shipped_at,shipping_address,status,stripe_charge_id,stripe_payment_intent_id,total_price,unit_price,updated,user_id,version,id) values (?,?,?,?,?,?,?,?,?,?,?,?,?,?,?,?) [23506-230]] [insert into calendar_orders (calendar_id,created,notes,paid_at,quantity,shipped_at,shipping_address,status,stripe_charge_id,stripe_payment_intent_id,total_price,unit_price,updated,user_id,version,id) values (?,?,?,?,?,?,?,?,?,?,?,?,?,?,?,?)]
	at org.hibernate.dialect.H2Dialect.lambda$buildSQLExceptionConversionDelegate$1(H2Dialect.java:853)
	at org.hibernate.exception.internal.StandardSQLExceptionConverter.convert(StandardSQLExceptionConverter.java:34)
	at org.hibernate.engine.jdbc.spi.SqlExceptionHelper.convert(SqlExceptionHelper.java:115)
	at org.hibernate.engine.jdbc.internal.ResultSetReturnImpl.executeUpdate(ResultSetReturnImpl.java:193)
	at org.hibernate.engine.jdbc.mutation.internal.AbstractMutationExecutor.performNonBatchedMutation(AbstractMutationExecutor.java:148)
	at org.hibernate.engine.jdbc.mutation.internal.MutationExecutorSingleNonBatched.performNonBatchedOperations(MutationExecutorSingleNonBatched.java:53)
	at org.hibernate.engine.jdbc.mutation.internal.AbstractMutationExecutor.execute(AbstractMutationExecutor.java:66)
	at org.hibernate.engine.jdbc.mutation.internal.AbstractMutationExecutor.execute(AbstractMutationExecutor.java:55)
	at org.hibernate.persister.entity.mutation.InsertCoordinatorStandard.doStaticInserts(InsertCoordinatorStandard.java:191)
	at org.hibernate.persister.entity.mutation.InsertCoordinatorStandard.coordinateInsert(InsertCoordinatorStandard.java:129)
	at org.hibernate.persister.entity.mutation.InsertCoordinatorStandard.insert(InsertCoordinatorStandard.java:101)
	at org.hibernate.action.internal.EntityInsertAction.execute(EntityInsertAction.java:113)
	at org.hibernate.engine.spi.ActionQueue.executeActions(ActionQueue.java:646)
	at org.hibernate.engine.spi.ActionQueue.executeActions(ActionQueue.java:513)
	at org.hibernate.event.internal.AbstractFlushingEventListener.performExecutions(AbstractFlushingEventListener.java:378)
	at org.hibernate.event.internal.DefaultAutoFlushEventListener.onAutoFlush(DefaultAutoFlushEventListener.java:67)
	at org.hibernate.event.service.internal.EventListenerGroupImpl.fireEventOnEachListener(EventListenerGroupImpl.java:140)
	at org.hibernate.internal.SessionImpl.autoFlushIfRequired(SessionImpl.java:1400)
	at org.hibernate.query.sqm.internal.ConcreteSqmSelectQueryPlan.lambda$new$1(ConcreteSqmSelectQueryPlan.java:138)
	at org.hibernate.query.sqm.internal.ConcreteSqmSelectQueryPlan.withCacheableSqmInterpretation(ConcreteSqmSelectQueryPlan.java:455)
	at org.hibernate.query.sqm.internal.ConcreteSqmSelectQueryPlan.performList(ConcreteSqmSelectQueryPlan.java:388)
	at org.hibernate.query.sqm.internal.SqmSelectionQueryImpl.doList(SqmSelectionQueryImpl.java:423)
	at org.hibernate.query.spi.AbstractSelectionQuery.list(AbstractSelectionQuery.java:154)
	at org.hibernate.query.SelectionQuery.getResultList(SelectionQuery.java:145)
	at io.quarkus.hibernate.orm.panache.common.runtime.CommonPanacheQueryImpl.firstResult(CommonPanacheQueryImpl.java:317)
	at io.quarkus.hibernate.orm.panache.common.runtime.CommonPanacheQueryImpl.firstResultOptional(CommonPanacheQueryImpl.java:323)
	at io.quarkus.hibernate.orm.panache.runtime.PanacheQueryImpl.firstResultOptional(PanacheQueryImpl.java:165)
	at villagecompute.calendar.data.repositories.CalendarOrderRepository.findByStripePaymentIntent(CalendarOrderRepository.java:57)
	at villagecompute.calendar.data.repositories.CalendarOrderRepository_ClientProxy.findByStripePaymentIntent(Unknown Source)
	at villagecompute.calendar.data.repositories.CalendarOrderRepositoryTest.testFindByStripePaymentIntent(CalendarOrderRepositoryTest.java:134)
	at villagecompute.calendar.data.repositories.CalendarOrderRepositoryTest_Subclass.testFindByStripePaymentIntent$$superforward(Unknown Source)
	at villagecompute.calendar.data.repositories.CalendarOrderRepositoryTest_Subclass$$function$$4.apply(Unknown Source)
	at io.quarkus.arc.impl.AroundInvokeInvocationContext.proceed(AroundInvokeInvocationContext.java:73)
	at io.quarkus.arc.impl.AroundInvokeInvocationContext.proceed(AroundInvokeInvocationContext.java:62)
	at io.quarkus.narayana.jta.runtime.interceptor.TransactionalInterceptorBase.invokeInOurTx(TransactionalInterceptorBase.java:136)
	at io.quarkus.narayana.jta.runtime.interceptor.TransactionalInterceptorBase.invokeInOurTx(TransactionalInterceptorBase.java:107)
	at io.quarkus.narayana.jta.runtime.interceptor.TransactionalInterceptorRequired.doIntercept(TransactionalInterceptorRequired.java:38)
	at io.quarkus.narayana.jta.runtime.interceptor.TransactionalInterceptorBase.intercept(TransactionalInterceptorBase.java:61)
	at io.quarkus.narayana.jta.runtime.interceptor.TransactionalInterceptorRequired.intercept(TransactionalInterceptorRequired.java:32)
	at io.quarkus.narayana.jta.runtime.interceptor.TransactionalInterceptorRequired_Bean.intercept(Unknown Source)
	at io.quarkus.arc.impl.InterceptorInvocation.invoke(InterceptorInvocation.java:42)
	at io.quarkus.arc.impl.AroundInvokeInvocationContext.perform(AroundInvokeInvocationContext.java:30)
	at io.quarkus.arc.impl.InvocationContexts.performAroundInvoke(InvocationContexts.java:27)
	at villagecompute.calendar.data.repositories.CalendarOrderRepositoryTest_Subclass.testFindByStripePaymentIntent(Unknown Source)
	at java.base/java.lang.reflect.Method.invoke(Method.java:580)
	at io.quarkus.test.junit.QuarkusTestExtension.runExtensionMethod(QuarkusTestExtension.java:1000)
	at io.quarkus.test.junit.QuarkusTestExtension.interceptTestMethod(QuarkusTestExtension.java:848)
	at java.base/java.util.ArrayList.forEach(ArrayList.java:1596)
	at java.base/java.util.ArrayList.forEach(ArrayList.java:1596)
Caused by: org.h2.jdbc.JdbcSQLIntegrityConstraintViolationException: Referential integrity constraint violation: "fk_calendar_orders_calendar: public.calendar_orders FOREIGN KEY(calendar_id) REFERENCES public.user_calendars(id) (UUID 'a37ceb56-8e6d-4637-812e-a6807a2f2bd3')"; SQL statement:
insert into calendar_orders (calendar_id,created,notes,paid_at,quantity,shipped_at,shipping_address,status,stripe_charge_id,stripe_payment_intent_id,total_price,unit_price,updated,user_id,version,id) values (?,?,?,?,?,?,?,?,?,?,?,?,?,?,?,?) [23506-230]
	at org.h2.message.DbException.getJdbcSQLException(DbException.java:520)
	at org.h2.message.DbException.getJdbcSQLException(DbException.java:489)
	at org.h2.message.DbException.get(DbException.java:223)
	at org.h2.message.DbException.get(DbException.java:199)
	at org.h2.constraint.ConstraintReferential.checkRowOwnTable(ConstraintReferential.java:308)
	at org.h2.constraint.ConstraintReferential.checkRow(ConstraintReferential.java:249)
	at org.h2.table.Table.fireConstraints(Table.java:1227)
	at org.h2.table.Table.fireAfterRow(Table.java:1245)
	at org.h2.command.dml.Insert.insertRows(Insert.java:188)
	at org.h2.command.dml.Insert.update(Insert.java:135)
	at org.h2.command.dml.DataChangeStatement.update(DataChangeStatement.java:74)
	at org.h2.command.CommandContainer.update(CommandContainer.java:139)
	at org.h2.command.Command.executeUpdate(Command.java:304)
	at org.h2.command.Command.executeUpdate(Command.java:248)
	at org.h2.jdbc.JdbcPreparedStatement.executeUpdateInternal(JdbcPreparedStatement.java:213)
	at org.h2.jdbc.JdbcPreparedStatement.executeUpdate(JdbcPreparedStatement.java:172)
	at io.agroal.pool.wrapper.PreparedStatementWrapper.executeUpdate(PreparedStatementWrapper.java:90)
	at org.hibernate.engine.jdbc.internal.ResultSetReturnImpl.executeUpdate(ResultSetReturnImpl.java:190)
	... 45 more

[ERROR] villagecompute.calendar.data.repositories.CalendarOrderRepositoryTest.testOrderHelperMethods -- Time elapsed: 0.004 s <<< ERROR!
org.hibernate.exception.ConstraintViolationException: 
could not execute statement [Referential integrity constraint violation: "fk_calendar_orders_calendar: public.calendar_orders FOREIGN KEY(calendar_id) REFERENCES public.user_calendars(id) (UUID '0c0ef36c-4b3e-41be-9b36-4614955cfd85')"; SQL statement:
insert into calendar_orders (calendar_id,created,notes,paid_at,quantity,shipped_at,shipping_address,status,stripe_charge_id,stripe_payment_intent_id,total_price,unit_price,updated,user_id,version,id) values (?,?,?,?,?,?,?,?,?,?,?,?,?,?,?,?) [23506-230]] [insert into calendar_orders (calendar_id,created,notes,paid_at,quantity,shipped_at,shipping_address,status,stripe_charge_id,stripe_payment_intent_id,total_price,unit_price,updated,user_id,version,id) values (?,?,?,?,?,?,?,?,?,?,?,?,?,?,?,?)]
	at org.hibernate.dialect.H2Dialect.lambda$buildSQLExceptionConversionDelegate$1(H2Dialect.java:853)
	at org.hibernate.exception.internal.StandardSQLExceptionConverter.convert(StandardSQLExceptionConverter.java:34)
	at org.hibernate.engine.jdbc.spi.SqlExceptionHelper.convert(SqlExceptionHelper.java:115)
	at org.hibernate.engine.jdbc.internal.ResultSetReturnImpl.executeUpdate(ResultSetReturnImpl.java:193)
	at org.hibernate.engine.jdbc.mutation.internal.AbstractMutationExecutor.performNonBatchedMutation(AbstractMutationExecutor.java:148)
	at org.hibernate.engine.jdbc.mutation.internal.MutationExecutorSingleNonBatched.performNonBatchedOperations(MutationExecutorSingleNonBatched.java:53)
	at org.hibernate.engine.jdbc.mutation.internal.AbstractMutationExecutor.execute(AbstractMutationExecutor.java:66)
	at org.hibernate.engine.jdbc.mutation.internal.AbstractMutationExecutor.execute(AbstractMutationExecutor.java:55)
	at org.hibernate.persister.entity.mutation.InsertCoordinatorStandard.doStaticInserts(InsertCoordinatorStandard.java:191)
	at org.hibernate.persister.entity.mutation.InsertCoordinatorStandard.coordinateInsert(InsertCoordinatorStandard.java:129)
	at org.hibernate.persister.entity.mutation.InsertCoordinatorStandard.insert(InsertCoordinatorStandard.java:101)
	at org.hibernate.action.internal.EntityInsertAction.execute(EntityInsertAction.java:113)
	at org.hibernate.engine.spi.ActionQueue.executeActions(ActionQueue.java:646)
	at org.hibernate.engine.spi.ActionQueue.executeActions(ActionQueue.java:513)
	at org.hibernate.event.internal.AbstractFlushingEventListener.performExecutions(AbstractFlushingEventListener.java:378)
	at org.hibernate.event.internal.DefaultFlushEventListener.onFlush(DefaultFlushEventListener.java:39)
	at org.hibernate.event.service.internal.EventListenerGroupImpl.fireEventOnEachListener(EventListenerGroupImpl.java:140)
	at org.hibernate.internal.SessionImpl.doFlush(SessionImpl.java:1443)
	at org.hibernate.internal.SessionImpl.flush(SessionImpl.java:1432)
	at io.quarkus.hibernate.orm.runtime.session.TransactionScopedSession.flush(TransactionScopedSession.java:304)
	at org.hibernate.engine.spi.SessionLazyDelegator.flush(SessionLazyDelegator.java:89)
	at org.hibernate.Session_QdxvhYUzh5cgfepxgL43K9-OFvU_Synthetic_ClientProxy.flush(Unknown Source)
	at io.quarkus.hibernate.orm.panache.PanacheRepositoryBase.flush(PanacheRepositoryBase.java:114)
	at villagecompute.calendar.data.repositories.CalendarOrderRepository_ClientProxy.flush(Unknown Source)
	at villagecompute.calendar.data.repositories.CalendarOrderRepositoryTest.testOrderHelperMethods(CalendarOrderRepositoryTest.java:229)
	at villagecompute.calendar.data.repositories.CalendarOrderRepositoryTest_Subclass.testOrderHelperMethods$$superforward(Unknown Source)
	at villagecompute.calendar.data.repositories.CalendarOrderRepositoryTest_Subclass$$function$$11.apply(Unknown Source)
	at io.quarkus.arc.impl.AroundInvokeInvocationContext.proceed(AroundInvokeInvocationContext.java:73)
	at io.quarkus.arc.impl.AroundInvokeInvocationContext.proceed(AroundInvokeInvocationContext.java:62)
	at io.quarkus.narayana.jta.runtime.interceptor.TransactionalInterceptorBase.invokeInOurTx(TransactionalInterceptorBase.java:136)
	at io.quarkus.narayana.jta.runtime.interceptor.TransactionalInterceptorBase.invokeInOurTx(TransactionalInterceptorBase.java:107)
	at io.quarkus.narayana.jta.runtime.interceptor.TransactionalInterceptorRequired.doIntercept(TransactionalInterceptorRequired.java:38)
	at io.quarkus.narayana.jta.runtime.interceptor.TransactionalInterceptorBase.intercept(TransactionalInterceptorBase.java:61)
	at io.quarkus.narayana.jta.runtime.interceptor.TransactionalInterceptorRequired.intercept(TransactionalInterceptorRequired.java:32)
	at io.quarkus.narayana.jta.runtime.interceptor.TransactionalInterceptorRequired_Bean.intercept(Unknown Source)
	at io.quarkus.arc.impl.InterceptorInvocation.invoke(InterceptorInvocation.java:42)
	at io.quarkus.arc.impl.AroundInvokeInvocationContext.perform(AroundInvokeInvocationContext.java:30)
	at io.quarkus.arc.impl.InvocationContexts.performAroundInvoke(InvocationContexts.java:27)
	at villagecompute.calendar.data.repositories.CalendarOrderRepositoryTest_Subclass.testOrderHelperMethods(Unknown Source)
	at java.base/java.lang.reflect.Method.invoke(Method.java:580)
	at io.quarkus.test.junit.QuarkusTestExtension.runExtensionMethod(QuarkusTestExtension.java:1000)
	at io.quarkus.test.junit.QuarkusTestExtension.interceptTestMethod(QuarkusTestExtension.java:848)
	at java.base/java.util.ArrayList.forEach(ArrayList.java:1596)
	at java.base/java.util.ArrayList.forEach(ArrayList.java:1596)
Caused by: org.h2.jdbc.JdbcSQLIntegrityConstraintViolationException: Referential integrity constraint violation: "fk_calendar_orders_calendar: public.calendar_orders FOREIGN KEY(calendar_id) REFERENCES public.user_calendars(id) (UUID '0c0ef36c-4b3e-41be-9b36-4614955cfd85')"; SQL statement:
insert into calendar_orders (calendar_id,created,notes,paid_at,quantity,shipped_at,shipping_address,status,stripe_charge_id,stripe_payment_intent_id,total_price,unit_price,updated,user_id,version,id) values (?,?,?,?,?,?,?,?,?,?,?,?,?,?,?,?) [23506-230]
	at org.h2.message.DbException.getJdbcSQLException(DbException.java:520)
	at org.h2.message.DbException.getJdbcSQLException(DbException.java:489)
	at org.h2.message.DbException.get(DbException.java:223)
	at org.h2.message.DbException.get(DbException.java:199)
	at org.h2.constraint.ConstraintReferential.checkRowOwnTable(ConstraintReferential.java:308)
	at org.h2.constraint.ConstraintReferential.checkRow(ConstraintReferential.java:249)
	at org.h2.table.Table.fireConstraints(Table.java:1227)
	at org.h2.table.Table.fireAfterRow(Table.java:1245)
	at org.h2.command.dml.Insert.insertRows(Insert.java:188)
	at org.h2.command.dml.Insert.update(Insert.java:135)
	at org.h2.command.dml.DataChangeStatement.update(DataChangeStatement.java:74)
	at org.h2.command.CommandContainer.update(CommandContainer.java:139)
	at org.h2.command.Command.executeUpdate(Command.java:304)
	at org.h2.command.Command.executeUpdate(Command.java:248)
	at org.h2.jdbc.JdbcPreparedStatement.executeUpdateInternal(JdbcPreparedStatement.java:213)
	at org.h2.jdbc.JdbcPreparedStatement.executeUpdate(JdbcPreparedStatement.java:172)
	at io.agroal.pool.wrapper.PreparedStatementWrapper.executeUpdate(PreparedStatementWrapper.java:90)
	at org.hibernate.engine.jdbc.internal.ResultSetReturnImpl.executeUpdate(ResultSetReturnImpl.java:190)
	... 40 more

[ERROR] villagecompute.calendar.data.repositories.CalendarOrderRepositoryTest.testFindPendingOrders -- Time elapsed: 0.004 s <<< ERROR!
org.hibernate.exception.ConstraintViolationException: 
could not execute statement [Referential integrity constraint violation: "fk_calendar_orders_calendar: public.calendar_orders FOREIGN KEY(calendar_id) REFERENCES public.user_calendars(id) (UUID '6d742c24-987f-4508-857d-43ee91c3bfc7')"; SQL statement:
insert into calendar_orders (calendar_id,created,notes,paid_at,quantity,shipped_at,shipping_address,status,stripe_charge_id,stripe_payment_intent_id,total_price,unit_price,updated,user_id,version,id) values (?,?,?,?,?,?,?,?,?,?,?,?,?,?,?,?) [23506-230]] [insert into calendar_orders (calendar_id,created,notes,paid_at,quantity,shipped_at,shipping_address,status,stripe_charge_id,stripe_payment_intent_id,total_price,unit_price,updated,user_id,version,id) values (?,?,?,?,?,?,?,?,?,?,?,?,?,?,?,?)]
	at org.hibernate.dialect.H2Dialect.lambda$buildSQLExceptionConversionDelegate$1(H2Dialect.java:853)
	at org.hibernate.exception.internal.StandardSQLExceptionConverter.convert(StandardSQLExceptionConverter.java:34)
	at org.hibernate.engine.jdbc.spi.SqlExceptionHelper.convert(SqlExceptionHelper.java:115)
	at org.hibernate.engine.jdbc.internal.ResultSetReturnImpl.executeUpdate(ResultSetReturnImpl.java:193)
	at org.hibernate.engine.jdbc.mutation.internal.AbstractMutationExecutor.performNonBatchedMutation(AbstractMutationExecutor.java:148)
	at org.hibernate.engine.jdbc.mutation.internal.MutationExecutorSingleNonBatched.performNonBatchedOperations(MutationExecutorSingleNonBatched.java:53)
	at org.hibernate.engine.jdbc.mutation.internal.AbstractMutationExecutor.execute(AbstractMutationExecutor.java:66)
	at org.hibernate.engine.jdbc.mutation.internal.AbstractMutationExecutor.execute(AbstractMutationExecutor.java:55)
	at org.hibernate.persister.entity.mutation.InsertCoordinatorStandard.doStaticInserts(InsertCoordinatorStandard.java:191)
	at org.hibernate.persister.entity.mutation.InsertCoordinatorStandard.coordinateInsert(InsertCoordinatorStandard.java:129)
	at org.hibernate.persister.entity.mutation.InsertCoordinatorStandard.insert(InsertCoordinatorStandard.java:101)
	at org.hibernate.action.internal.EntityInsertAction.execute(EntityInsertAction.java:113)
	at org.hibernate.engine.spi.ActionQueue.executeActions(ActionQueue.java:646)
	at org.hibernate.engine.spi.ActionQueue.executeActions(ActionQueue.java:513)
	at org.hibernate.event.internal.AbstractFlushingEventListener.performExecutions(AbstractFlushingEventListener.java:378)
	at org.hibernate.event.internal.DefaultAutoFlushEventListener.onAutoFlush(DefaultAutoFlushEventListener.java:67)
	at org.hibernate.event.service.internal.EventListenerGroupImpl.fireEventOnEachListener(EventListenerGroupImpl.java:140)
	at org.hibernate.internal.SessionImpl.autoFlushIfRequired(SessionImpl.java:1400)
	at org.hibernate.query.sqm.internal.ConcreteSqmSelectQueryPlan.lambda$new$1(ConcreteSqmSelectQueryPlan.java:138)
	at org.hibernate.query.sqm.internal.ConcreteSqmSelectQueryPlan.withCacheableSqmInterpretation(ConcreteSqmSelectQueryPlan.java:455)
	at org.hibernate.query.sqm.internal.ConcreteSqmSelectQueryPlan.performList(ConcreteSqmSelectQueryPlan.java:388)
	at org.hibernate.query.sqm.internal.SqmSelectionQueryImpl.doList(SqmSelectionQueryImpl.java:423)
	at org.hibernate.query.spi.AbstractSelectionQuery.list(AbstractSelectionQuery.java:154)
	at org.hibernate.query.SelectionQuery.getResultList(SelectionQuery.java:145)
	at io.quarkus.hibernate.orm.panache.common.runtime.CommonPanacheQueryImpl.list(CommonPanacheQueryImpl.java:301)
	at io.quarkus.hibernate.orm.panache.runtime.PanacheQueryImpl.list(PanacheQueryImpl.java:150)
	at villagecompute.calendar.data.repositories.CalendarOrderRepository.findByStatusOrderByCreatedDesc(CalendarOrderRepository.java:27)
	at villagecompute.calendar.data.repositories.CalendarOrderRepository.findPendingOrders(CalendarOrderRepository.java:76)
	at villagecompute.calendar.data.repositories.CalendarOrderRepository_ClientProxy.findPendingOrders(Unknown Source)
	at villagecompute.calendar.data.repositories.CalendarOrderRepositoryTest.testFindPendingOrders(CalendarOrderRepositoryTest.java:177)
	at villagecompute.calendar.data.repositories.CalendarOrderRepositoryTest_Subclass.testFindPendingOrders$$superforward(Unknown Source)
	at villagecompute.calendar.data.repositories.CalendarOrderRepositoryTest_Subclass$$function$$8.apply(Unknown Source)
	at io.quarkus.arc.impl.AroundInvokeInvocationContext.proceed(AroundInvokeInvocationContext.java:73)
	at io.quarkus.arc.impl.AroundInvokeInvocationContext.proceed(AroundInvokeInvocationContext.java:62)
	at io.quarkus.narayana.jta.runtime.interceptor.TransactionalInterceptorBase.invokeInOurTx(TransactionalInterceptorBase.java:136)
	at io.quarkus.narayana.jta.runtime.interceptor.TransactionalInterceptorBase.invokeInOurTx(TransactionalInterceptorBase.java:107)
	at io.quarkus.narayana.jta.runtime.interceptor.TransactionalInterceptorRequired.doIntercept(TransactionalInterceptorRequired.java:38)
	at io.quarkus.narayana.jta.runtime.interceptor.TransactionalInterceptorBase.intercept(TransactionalInterceptorBase.java:61)
	at io.quarkus.narayana.jta.runtime.interceptor.TransactionalInterceptorRequired.intercept(TransactionalInterceptorRequired.java:32)
	at io.quarkus.narayana.jta.runtime.interceptor.TransactionalInterceptorRequired_Bean.intercept(Unknown Source)
	at io.quarkus.arc.impl.InterceptorInvocation.invoke(InterceptorInvocation.java:42)
	at io.quarkus.arc.impl.AroundInvokeInvocationContext.perform(AroundInvokeInvocationContext.java:30)
	at io.quarkus.arc.impl.InvocationContexts.performAroundInvoke(InvocationContexts.java:27)
	at villagecompute.calendar.data.repositories.CalendarOrderRepositoryTest_Subclass.testFindPendingOrders(Unknown Source)
	at java.base/java.lang.reflect.Method.invoke(Method.java:580)
	at io.quarkus.test.junit.QuarkusTestExtension.runExtensionMethod(QuarkusTestExtension.java:1000)
	at io.quarkus.test.junit.QuarkusTestExtension.interceptTestMethod(QuarkusTestExtension.java:848)
	at java.base/java.util.ArrayList.forEach(ArrayList.java:1596)
	at java.base/java.util.ArrayList.forEach(ArrayList.java:1596)
Caused by: org.h2.jdbc.JdbcSQLIntegrityConstraintViolationException: Referential integrity constraint violation: "fk_calendar_orders_calendar: public.calendar_orders FOREIGN KEY(calendar_id) REFERENCES public.user_calendars(id) (UUID '6d742c24-987f-4508-857d-43ee91c3bfc7')"; SQL statement:
insert into calendar_orders (calendar_id,created,notes,paid_at,quantity,shipped_at,shipping_address,status,stripe_charge_id,stripe_payment_intent_id,total_price,unit_price,updated,user_id,version,id) values (?,?,?,?,?,?,?,?,?,?,?,?,?,?,?,?) [23506-230]
	at org.h2.message.DbException.getJdbcSQLException(DbException.java:520)
	at org.h2.message.DbException.getJdbcSQLException(DbException.java:489)
	at org.h2.message.DbException.get(DbException.java:223)
	at org.h2.message.DbException.get(DbException.java:199)
	at org.h2.constraint.ConstraintReferential.checkRowOwnTable(ConstraintReferential.java:308)
	at org.h2.constraint.ConstraintReferential.checkRow(ConstraintReferential.java:249)
	at org.h2.table.Table.fireConstraints(Table.java:1227)
	at org.h2.table.Table.fireAfterRow(Table.java:1245)
	at org.h2.command.dml.Insert.insertRows(Insert.java:188)
	at org.h2.command.dml.Insert.update(Insert.java:135)
	at org.h2.command.dml.DataChangeStatement.update(DataChangeStatement.java:74)
	at org.h2.command.CommandContainer.update(CommandContainer.java:139)
	at org.h2.command.Command.executeUpdate(Command.java:304)
	at org.h2.command.Command.executeUpdate(Command.java:248)
	at org.h2.jdbc.JdbcPreparedStatement.executeUpdateInternal(JdbcPreparedStatement.java:213)
	at org.h2.jdbc.JdbcPreparedStatement.executeUpdate(JdbcPreparedStatement.java:172)
	at io.agroal.pool.wrapper.PreparedStatementWrapper.executeUpdate(PreparedStatementWrapper.java:90)
	at org.hibernate.engine.jdbc.internal.ResultSetReturnImpl.executeUpdate(ResultSetReturnImpl.java:190)
	... 45 more

[ERROR] villagecompute.calendar.data.repositories.CalendarOrderRepositoryTest.testFindByStatusOrderByCreatedDesc -- Time elapsed: 0.004 s <<< ERROR!
org.hibernate.exception.ConstraintViolationException: 
could not execute statement [Referential integrity constraint violation: "fk_calendar_orders_calendar: public.calendar_orders FOREIGN KEY(calendar_id) REFERENCES public.user_calendars(id) (UUID 'd44020d1-0843-482f-a01d-3bbb2c2eb07e')"; SQL statement:
insert into calendar_orders (calendar_id,created,notes,paid_at,quantity,shipped_at,shipping_address,status,stripe_charge_id,stripe_payment_intent_id,total_price,unit_price,updated,user_id,version,id) values (?,?,?,?,?,?,?,?,?,?,?,?,?,?,?,?) [23506-230]] [insert into calendar_orders (calendar_id,created,notes,paid_at,quantity,shipped_at,shipping_address,status,stripe_charge_id,stripe_payment_intent_id,total_price,unit_price,updated,user_id,version,id) values (?,?,?,?,?,?,?,?,?,?,?,?,?,?,?,?)]
	at org.hibernate.dialect.H2Dialect.lambda$buildSQLExceptionConversionDelegate$1(H2Dialect.java:853)
	at org.hibernate.exception.internal.StandardSQLExceptionConverter.convert(StandardSQLExceptionConverter.java:34)
	at org.hibernate.engine.jdbc.spi.SqlExceptionHelper.convert(SqlExceptionHelper.java:115)
	at org.hibernate.engine.jdbc.internal.ResultSetReturnImpl.executeUpdate(ResultSetReturnImpl.java:193)
	at org.hibernate.engine.jdbc.mutation.internal.AbstractMutationExecutor.performNonBatchedMutation(AbstractMutationExecutor.java:148)
	at org.hibernate.engine.jdbc.mutation.internal.MutationExecutorSingleNonBatched.performNonBatchedOperations(MutationExecutorSingleNonBatched.java:53)
	at org.hibernate.engine.jdbc.mutation.internal.AbstractMutationExecutor.execute(AbstractMutationExecutor.java:66)
	at org.hibernate.engine.jdbc.mutation.internal.AbstractMutationExecutor.execute(AbstractMutationExecutor.java:55)
	at org.hibernate.persister.entity.mutation.InsertCoordinatorStandard.doStaticInserts(InsertCoordinatorStandard.java:191)
	at org.hibernate.persister.entity.mutation.InsertCoordinatorStandard.coordinateInsert(InsertCoordinatorStandard.java:129)
	at org.hibernate.persister.entity.mutation.InsertCoordinatorStandard.insert(InsertCoordinatorStandard.java:101)
	at org.hibernate.action.internal.EntityInsertAction.execute(EntityInsertAction.java:113)
	at org.hibernate.engine.spi.ActionQueue.executeActions(ActionQueue.java:646)
	at org.hibernate.engine.spi.ActionQueue.executeActions(ActionQueue.java:513)
	at org.hibernate.event.internal.AbstractFlushingEventListener.performExecutions(AbstractFlushingEventListener.java:378)
	at org.hibernate.event.internal.DefaultAutoFlushEventListener.onAutoFlush(DefaultAutoFlushEventListener.java:67)
	at org.hibernate.event.service.internal.EventListenerGroupImpl.fireEventOnEachListener(EventListenerGroupImpl.java:140)
	at org.hibernate.internal.SessionImpl.autoFlushIfRequired(SessionImpl.java:1400)
	at org.hibernate.query.sqm.internal.ConcreteSqmSelectQueryPlan.lambda$new$1(ConcreteSqmSelectQueryPlan.java:138)
	at org.hibernate.query.sqm.internal.ConcreteSqmSelectQueryPlan.withCacheableSqmInterpretation(ConcreteSqmSelectQueryPlan.java:455)
	at org.hibernate.query.sqm.internal.ConcreteSqmSelectQueryPlan.performList(ConcreteSqmSelectQueryPlan.java:388)
	at org.hibernate.query.sqm.internal.SqmSelectionQueryImpl.doList(SqmSelectionQueryImpl.java:423)
	at org.hibernate.query.spi.AbstractSelectionQuery.list(AbstractSelectionQuery.java:154)
	at org.hibernate.query.SelectionQuery.getResultList(SelectionQuery.java:145)
	at io.quarkus.hibernate.orm.panache.common.runtime.CommonPanacheQueryImpl.list(CommonPanacheQueryImpl.java:301)
	at io.quarkus.hibernate.orm.panache.runtime.PanacheQueryImpl.list(PanacheQueryImpl.java:150)
	at villagecompute.calendar.data.repositories.CalendarOrderRepository.findByStatusOrderByCreatedDesc(CalendarOrderRepository.java:27)
	at villagecompute.calendar.data.repositories.CalendarOrderRepository_ClientProxy.findByStatusOrderByCreatedDesc(Unknown Source)
	at villagecompute.calendar.data.repositories.CalendarOrderRepositoryTest.testFindByStatusOrderByCreatedDesc(CalendarOrderRepositoryTest.java:89)
	at villagecompute.calendar.data.repositories.CalendarOrderRepositoryTest_Subclass.testFindByStatusOrderByCreatedDesc$$superforward(Unknown Source)
	at villagecompute.calendar.data.repositories.CalendarOrderRepositoryTest_Subclass$$function$$3.apply(Unknown Source)
	at io.quarkus.arc.impl.AroundInvokeInvocationContext.proceed(AroundInvokeInvocationContext.java:73)
	at io.quarkus.arc.impl.AroundInvokeInvocationContext.proceed(AroundInvokeInvocationContext.java:62)
	at io.quarkus.narayana.jta.runtime.interceptor.TransactionalInterceptorBase.invokeInOurTx(TransactionalInterceptorBase.java:136)
	at io.quarkus.narayana.jta.runtime.interceptor.TransactionalInterceptorBase.invokeInOurTx(TransactionalInterceptorBase.java:107)
	at io.quarkus.narayana.jta.runtime.interceptor.TransactionalInterceptorRequired.doIntercept(TransactionalInterceptorRequired.java:38)
	at io.quarkus.narayana.jta.runtime.interceptor.TransactionalInterceptorBase.intercept(TransactionalInterceptorBase.java:61)
	at io.quarkus.narayana.jta.runtime.interceptor.TransactionalInterceptorRequired.intercept(TransactionalInterceptorRequired.java:32)
	at io.quarkus.narayana.jta.runtime.interceptor.TransactionalInterceptorRequired_Bean.intercept(Unknown Source)
	at io.quarkus.arc.impl.InterceptorInvocation.invoke(InterceptorInvocation.java:42)
	at io.quarkus.arc.impl.AroundInvokeInvocationContext.perform(AroundInvokeInvocationContext.java:30)
	at io.quarkus.arc.impl.InvocationContexts.performAroundInvoke(InvocationContexts.java:27)
	at villagecompute.calendar.data.repositories.CalendarOrderRepositoryTest_Subclass.testFindByStatusOrderByCreatedDesc(Unknown Source)
	at java.base/java.lang.reflect.Method.invoke(Method.java:580)
	at io.quarkus.test.junit.QuarkusTestExtension.runExtensionMethod(QuarkusTestExtension.java:1000)
	at io.quarkus.test.junit.QuarkusTestExtension.interceptTestMethod(QuarkusTestExtension.java:848)
	at java.base/java.util.ArrayList.forEach(ArrayList.java:1596)
	at java.base/java.util.ArrayList.forEach(ArrayList.java:1596)
Caused by: org.h2.jdbc.JdbcSQLIntegrityConstraintViolationException: Referential integrity constraint violation: "fk_calendar_orders_calendar: public.calendar_orders FOREIGN KEY(calendar_id) REFERENCES public.user_calendars(id) (UUID 'd44020d1-0843-482f-a01d-3bbb2c2eb07e')"; SQL statement:
insert into calendar_orders (calendar_id,created,notes,paid_at,quantity,shipped_at,shipping_address,status,stripe_charge_id,stripe_payment_intent_id,total_price,unit_price,updated,user_id,version,id) values (?,?,?,?,?,?,?,?,?,?,?,?,?,?,?,?) [23506-230]
	at org.h2.message.DbException.getJdbcSQLException(DbException.java:520)
	at org.h2.message.DbException.getJdbcSQLException(DbException.java:489)
	at org.h2.message.DbException.get(DbException.java:223)
	at org.h2.message.DbException.get(DbException.java:199)
	at org.h2.constraint.ConstraintReferential.checkRowOwnTable(ConstraintReferential.java:308)
	at org.h2.constraint.ConstraintReferential.checkRow(ConstraintReferential.java:249)
	at org.h2.table.Table.fireConstraints(Table.java:1227)
	at org.h2.table.Table.fireAfterRow(Table.java:1245)
	at org.h2.command.dml.Insert.insertRows(Insert.java:188)
	at org.h2.command.dml.Insert.update(Insert.java:135)
	at org.h2.command.dml.DataChangeStatement.update(DataChangeStatement.java:74)
	at org.h2.command.CommandContainer.update(CommandContainer.java:139)
	at org.h2.command.Command.executeUpdate(Command.java:304)
	at org.h2.command.Command.executeUpdate(Command.java:248)
	at org.h2.jdbc.JdbcPreparedStatement.executeUpdateInternal(JdbcPreparedStatement.java:213)
	at org.h2.jdbc.JdbcPreparedStatement.executeUpdate(JdbcPreparedStatement.java:172)
	at io.agroal.pool.wrapper.PreparedStatementWrapper.executeUpdate(PreparedStatementWrapper.java:90)
	at org.hibernate.engine.jdbc.internal.ResultSetReturnImpl.executeUpdate(ResultSetReturnImpl.java:190)
	... 44 more

[INFO] Running villagecompute.calendar.data.repositories.CalendarTemplateRepositoryTest
[Hibernate] 
    delete 
    from
        calendar_orders co1_0
[Hibernate] 
    delete 
    from
        user_calendars uc1_0
[Hibernate] 
    delete 
    from
        page_views pv1_0
[Hibernate] 
    delete 
    from
        analytics_rollups ar1_0
2025-10-17 04:13:22,394 WARN  [org.hib.orm.jdb.error] (main) HHH000247: ErrorCode: 42102, SQLState: 42S02
2025-10-17 04:13:22,395 WARN  [org.hib.orm.jdb.error] (main) Table "analytics_rollups" not found; SQL statement:
delete from analytics_rollups ar1_0 [42102-230]
[Hibernate] 
    delete 
    from
        delayed_jobs dj1_0
[Hibernate] 
    delete 
    from
        calendar_users cu1_0
[Hibernate] 
    delete 
    from
        calendar_templates ct1_0
[Hibernate] 
    insert 
    into
        calendar_templates
        (configuration, created, description, display_order, is_active, is_featured, name, preview_svg, thumbnail_url, updated, version, id) 
    values
        (?, ?, ?, ?, ?, ?, ?, ?, ?, ?, ?, ?)
[Hibernate] 
    select
        ct1_0.id,
        ct1_0.configuration,
        ct1_0.created,
        ct1_0.description,
        ct1_0.display_order,
        ct1_0.is_active,
        ct1_0.is_featured,
        ct1_0.name,
        ct1_0.preview_svg,
        ct1_0.thumbnail_url,
        ct1_0.updated,
        ct1_0.version 
    from
        calendar_templates ct1_0 
    where
        ct1_0.name=? 
    fetch
        first ? rows only
[Hibernate] 
    delete 
    from
        calendar_orders co1_0
[Hibernate] 
    delete 
    from
        user_calendars uc1_0
[Hibernate] 
    delete 
    from
        page_views pv1_0
[Hibernate] 
    delete 
    from
        analytics_rollups ar1_0
2025-10-17 04:13:22,398 WARN  [org.hib.orm.jdb.error] (main) HHH000247: ErrorCode: 42102, SQLState: 42S02
2025-10-17 04:13:22,398 WARN  [org.hib.orm.jdb.error] (main) Table "analytics_rollups" not found; SQL statement:
delete from analytics_rollups ar1_0 [42102-230]
[Hibernate] 
    delete 
    from
        delayed_jobs dj1_0
[Hibernate] 
    delete 
    from
        calendar_users cu1_0
[Hibernate] 
    delete 
    from
        calendar_templates ct1_0
[Hibernate] 
    insert 
    into
        calendar_templates
        (configuration, created, description, display_order, is_active, is_featured, name, preview_svg, thumbnail_url, updated, version, id) 
    values
        (?, ?, ?, ?, ?, ?, ?, ?, ?, ?, ?, ?)
[Hibernate] 
    insert 
    into
        calendar_templates
        (configuration, created, description, display_order, is_active, is_featured, name, preview_svg, thumbnail_url, updated, version, id) 
    values
        (?, ?, ?, ?, ?, ?, ?, ?, ?, ?, ?, ?)
[Hibernate] 
    insert 
    into
        calendar_templates
        (configuration, created, description, display_order, is_active, is_featured, name, preview_svg, thumbnail_url, updated, version, id) 
    values
        (?, ?, ?, ?, ?, ?, ?, ?, ?, ?, ?, ?)
[Hibernate] 
    select
        ct1_0.id,
        ct1_0.configuration,
        ct1_0.created,
        ct1_0.description,
        ct1_0.display_order,
        ct1_0.is_active,
        ct1_0.is_featured,
        ct1_0.name,
        ct1_0.preview_svg,
        ct1_0.thumbnail_url,
        ct1_0.updated,
        ct1_0.version 
    from
        calendar_templates ct1_0 
    where
        ct1_0.is_active=? 
    order by
        ct1_0.display_order,
        ct1_0.name
[Hibernate] 
    delete 
    from
        calendar_orders co1_0
[Hibernate] 
    delete 
    from
        user_calendars uc1_0
[Hibernate] 
    delete 
    from
        page_views pv1_0
[Hibernate] 
    delete 
    from
        analytics_rollups ar1_0
2025-10-17 04:13:22,403 WARN  [org.hib.orm.jdb.error] (main) HHH000247: ErrorCode: 42102, SQLState: 42S02
2025-10-17 04:13:22,403 WARN  [org.hib.orm.jdb.error] (main) Table "analytics_rollups" not found; SQL statement:
delete from analytics_rollups ar1_0 [42102-230]
[Hibernate] 
    delete 
    from
        delayed_jobs dj1_0
[Hibernate] 
    delete 
    from
        calendar_users cu1_0
[Hibernate] 
    delete 
    from
        calendar_templates ct1_0
[Hibernate] 
    insert 
    into
        calendar_templates
        (configuration, created, description, display_order, is_active, is_featured, name, preview_svg, thumbnail_url, updated, version, id) 
    values
        (?, ?, ?, ?, ?, ?, ?, ?, ?, ?, ?, ?)
[Hibernate] 
    insert 
    into
        calendar_templates
        (configuration, created, description, display_order, is_active, is_featured, name, preview_svg, thumbnail_url, updated, version, id) 
    values
        (?, ?, ?, ?, ?, ?, ?, ?, ?, ?, ?, ?)
[Hibernate] 
    insert 
    into
        calendar_templates
        (configuration, created, description, display_order, is_active, is_featured, name, preview_svg, thumbnail_url, updated, version, id) 
    values
        (?, ?, ?, ?, ?, ?, ?, ?, ?, ?, ?, ?)
[Hibernate] 
    insert 
    into
        calendar_templates
        (configuration, created, description, display_order, is_active, is_featured, name, preview_svg, thumbnail_url, updated, version, id) 
    values
        (?, ?, ?, ?, ?, ?, ?, ?, ?, ?, ?, ?)
[Hibernate] 
    select
        ct1_0.id,
        ct1_0.configuration,
        ct1_0.created,
        ct1_0.description,
        ct1_0.display_order,
        ct1_0.is_active,
        ct1_0.is_featured,
        ct1_0.name,
        ct1_0.preview_svg,
        ct1_0.thumbnail_url,
        ct1_0.updated,
        ct1_0.version 
    from
        calendar_templates ct1_0 
    where
        ct1_0.is_active=? 
        and ct1_0.is_featured=? 
    order by
        ct1_0.display_order,
        ct1_0.name
[Hibernate] 
    delete 
    from
        calendar_orders co1_0
[Hibernate] 
    delete 
    from
        user_calendars uc1_0
[Hibernate] 
    delete 
    from
        page_views pv1_0
[Hibernate] 
    delete 
    from
        analytics_rollups ar1_0
2025-10-17 04:13:22,407 WARN  [org.hib.orm.jdb.error] (main) HHH000247: ErrorCode: 42102, SQLState: 42S02
2025-10-17 04:13:22,407 WARN  [org.hib.orm.jdb.error] (main) Table "analytics_rollups" not found; SQL statement:
delete from analytics_rollups ar1_0 [42102-230]
[Hibernate] 
    delete 
    from
        delayed_jobs dj1_0
[Hibernate] 
    delete 
    from
        calendar_users cu1_0
[Hibernate] 
    delete 
    from
        calendar_templates ct1_0
[Hibernate] 
    insert 
    into
        calendar_templates
        (configuration, created, description, display_order, is_active, is_featured, name, preview_svg, thumbnail_url, updated, version, id) 
    values
        (?, ?, ?, ?, ?, ?, ?, ?, ?, ?, ?, ?)
[Hibernate] 
    insert 
    into
        calendar_templates
        (configuration, created, description, display_order, is_active, is_featured, name, preview_svg, thumbnail_url, updated, version, id) 
    values
        (?, ?, ?, ?, ?, ?, ?, ?, ?, ?, ?, ?)
[Hibernate] 
    insert 
    into
        calendar_templates
        (configuration, created, description, display_order, is_active, is_featured, name, preview_svg, thumbnail_url, updated, version, id) 
    values
        (?, ?, ?, ?, ?, ?, ?, ?, ?, ?, ?, ?)
[Hibernate] 
    select
        ct1_0.id,
        ct1_0.configuration,
        ct1_0.created,
        ct1_0.description,
        ct1_0.display_order,
        ct1_0.is_active,
        ct1_0.is_featured,
        ct1_0.name,
        ct1_0.preview_svg,
        ct1_0.thumbnail_url,
        ct1_0.updated,
        ct1_0.version 
    from
        calendar_templates ct1_0 
    where
        ct1_0.is_active=? 
    order by
        ct1_0.display_order,
        ct1_0.name
[Hibernate] 
    delete 
    from
        calendar_orders co1_0
[Hibernate] 
    delete 
    from
        user_calendars uc1_0
[Hibernate] 
    delete 
    from
        page_views pv1_0
[Hibernate] 
    delete 
    from
        analytics_rollups ar1_0
2025-10-17 04:13:22,413 WARN  [org.hib.orm.jdb.error] (main) HHH000247: ErrorCode: 42102, SQLState: 42S02
2025-10-17 04:13:22,413 WARN  [org.hib.orm.jdb.error] (main) Table "analytics_rollups" not found; SQL statement:
delete from analytics_rollups ar1_0 [42102-230]
[Hibernate] 
    delete 
    from
        delayed_jobs dj1_0
[Hibernate] 
    delete 
    from
        calendar_users cu1_0
[Hibernate] 
    delete 
    from
        calendar_templates ct1_0
[Hibernate] 
    insert 
    into
        calendar_templates
        (configuration, created, description, display_order, is_active, is_featured, name, preview_svg, thumbnail_url, updated, version, id) 
    values
        (?, ?, ?, ?, ?, ?, ?, ?, ?, ?, ?, ?)
[Hibernate] 
    insert 
    into
        calendar_templates
        (configuration, created, description, display_order, is_active, is_featured, name, preview_svg, thumbnail_url, updated, version, id) 
    values
        (?, ?, ?, ?, ?, ?, ?, ?, ?, ?, ?, ?)
[Hibernate] 
    insert 
    into
        calendar_templates
        (configuration, created, description, display_order, is_active, is_featured, name, preview_svg, thumbnail_url, updated, version, id) 
    values
        (?, ?, ?, ?, ?, ?, ?, ?, ?, ?, ?, ?)
[Hibernate] 
    select
        ct1_0.id,
        ct1_0.configuration,
        ct1_0.created,
        ct1_0.description,
        ct1_0.display_order,
        ct1_0.is_active,
        ct1_0.is_featured,
        ct1_0.name,
        ct1_0.preview_svg,
        ct1_0.thumbnail_url,
        ct1_0.updated,
        ct1_0.version 
    from
        calendar_templates ct1_0 
    where
        ct1_0.is_active=? 
    order by
        ct1_0.display_order,
        ct1_0.name
[Hibernate] 
    select
        ct1_0.id,
        ct1_0.configuration,
        ct1_0.created,
        ct1_0.description,
        ct1_0.display_order,
        ct1_0.is_active,
        ct1_0.is_featured,
        ct1_0.name,
        ct1_0.preview_svg,
        ct1_0.thumbnail_url,
        ct1_0.updated,
        ct1_0.version 
    from
        calendar_templates ct1_0 
    where
        ct1_0.is_active=? 
    order by
        ct1_0.display_order,
        ct1_0.name
[ERROR] Tests run: 5, Failures: 4, Errors: 0, Skipped: 0, Time elapsed: 0.026 s <<< FAILURE! -- in villagecompute.calendar.data.repositories.CalendarTemplateRepositoryTest
[ERROR] villagecompute.calendar.data.repositories.CalendarTemplateRepositoryTest.testTemplateOrdering -- Time elapsed: 0.004 s <<< FAILURE!
org.opentest4j.AssertionFailedError: expected: <First> but was: <Not Featured>
	at org.junit.jupiter.api.AssertionFailureBuilder.build(AssertionFailureBuilder.java:151)
	at org.junit.jupiter.api.AssertionFailureBuilder.buildAndThrow(AssertionFailureBuilder.java:132)
	at org.junit.jupiter.api.AssertEquals.failNotEqual(AssertEquals.java:197)
	at org.junit.jupiter.api.AssertEquals.assertEquals(AssertEquals.java:182)
	at org.junit.jupiter.api.AssertEquals.assertEquals(AssertEquals.java:177)
	at org.junit.jupiter.api.Assertions.assertEquals(Assertions.java:1145)
	at villagecompute.calendar.data.repositories.CalendarTemplateRepositoryTest.testTemplateOrdering(CalendarTemplateRepositoryTest.java:114)
	at villagecompute.calendar.data.repositories.CalendarTemplateRepositoryTest_Subclass.testTemplateOrdering$$superforward(Unknown Source)
	at villagecompute.calendar.data.repositories.CalendarTemplateRepositoryTest_Subclass$$function$$6.apply(Unknown Source)
	at io.quarkus.arc.impl.AroundInvokeInvocationContext.proceed(AroundInvokeInvocationContext.java:73)
	at io.quarkus.arc.impl.AroundInvokeInvocationContext.proceed(AroundInvokeInvocationContext.java:62)
	at io.quarkus.narayana.jta.runtime.interceptor.TransactionalInterceptorBase.invokeInOurTx(TransactionalInterceptorBase.java:136)
	at io.quarkus.narayana.jta.runtime.interceptor.TransactionalInterceptorBase.invokeInOurTx(TransactionalInterceptorBase.java:107)
	at io.quarkus.narayana.jta.runtime.interceptor.TransactionalInterceptorRequired.doIntercept(TransactionalInterceptorRequired.java:38)
	at io.quarkus.narayana.jta.runtime.interceptor.TransactionalInterceptorBase.intercept(TransactionalInterceptorBase.java:61)
	at io.quarkus.narayana.jta.runtime.interceptor.TransactionalInterceptorRequired.intercept(TransactionalInterceptorRequired.java:32)
	at io.quarkus.narayana.jta.runtime.interceptor.TransactionalInterceptorRequired_Bean.intercept(Unknown Source)
	at io.quarkus.arc.impl.InterceptorInvocation.invoke(InterceptorInvocation.java:42)
	at io.quarkus.arc.impl.AroundInvokeInvocationContext.perform(AroundInvokeInvocationContext.java:30)
	at io.quarkus.arc.impl.InvocationContexts.performAroundInvoke(InvocationContexts.java:27)
	at villagecompute.calendar.data.repositories.CalendarTemplateRepositoryTest_Subclass.testTemplateOrdering(Unknown Source)
	at java.base/java.lang.reflect.Method.invoke(Method.java:580)
	at io.quarkus.test.junit.QuarkusTestExtension.runExtensionMethod(QuarkusTestExtension.java:1000)
	at io.quarkus.test.junit.QuarkusTestExtension.interceptTestMethod(QuarkusTestExtension.java:848)
	at java.base/java.util.ArrayList.forEach(ArrayList.java:1596)
	at java.base/java.util.ArrayList.forEach(ArrayList.java:1596)

[ERROR] villagecompute.calendar.data.repositories.CalendarTemplateRepositoryTest.testFindFeaturedTemplates -- Time elapsed: 0.003 s <<< FAILURE!
org.opentest4j.AssertionFailedError: expected: <2> but was: <4>
	at org.junit.jupiter.api.AssertionFailureBuilder.build(AssertionFailureBuilder.java:151)
	at org.junit.jupiter.api.AssertionFailureBuilder.buildAndThrow(AssertionFailureBuilder.java:132)
	at org.junit.jupiter.api.AssertEquals.failNotEqual(AssertEquals.java:197)
	at org.junit.jupiter.api.AssertEquals.assertEquals(AssertEquals.java:150)
	at org.junit.jupiter.api.AssertEquals.assertEquals(AssertEquals.java:145)
	at org.junit.jupiter.api.Assertions.assertEquals(Assertions.java:531)
	at villagecompute.calendar.data.repositories.CalendarTemplateRepositoryTest.testFindFeaturedTemplates(CalendarTemplateRepositoryTest.java:81)
	at villagecompute.calendar.data.repositories.CalendarTemplateRepositoryTest_Subclass.testFindFeaturedTemplates$$superforward(Unknown Source)
	at villagecompute.calendar.data.repositories.CalendarTemplateRepositoryTest_Subclass$$function$$5.apply(Unknown Source)
	at io.quarkus.arc.impl.AroundInvokeInvocationContext.proceed(AroundInvokeInvocationContext.java:73)
	at io.quarkus.arc.impl.AroundInvokeInvocationContext.proceed(AroundInvokeInvocationContext.java:62)
	at io.quarkus.narayana.jta.runtime.interceptor.TransactionalInterceptorBase.invokeInOurTx(TransactionalInterceptorBase.java:136)
	at io.quarkus.narayana.jta.runtime.interceptor.TransactionalInterceptorBase.invokeInOurTx(TransactionalInterceptorBase.java:107)
	at io.quarkus.narayana.jta.runtime.interceptor.TransactionalInterceptorRequired.doIntercept(TransactionalInterceptorRequired.java:38)
	at io.quarkus.narayana.jta.runtime.interceptor.TransactionalInterceptorBase.intercept(TransactionalInterceptorBase.java:61)
	at io.quarkus.narayana.jta.runtime.interceptor.TransactionalInterceptorRequired.intercept(TransactionalInterceptorRequired.java:32)
	at io.quarkus.narayana.jta.runtime.interceptor.TransactionalInterceptorRequired_Bean.intercept(Unknown Source)
	at io.quarkus.arc.impl.InterceptorInvocation.invoke(InterceptorInvocation.java:42)
	at io.quarkus.arc.impl.AroundInvokeInvocationContext.perform(AroundInvokeInvocationContext.java:30)
	at io.quarkus.arc.impl.InvocationContexts.performAroundInvoke(InvocationContexts.java:27)
	at villagecompute.calendar.data.repositories.CalendarTemplateRepositoryTest_Subclass.testFindFeaturedTemplates(Unknown Source)
	at java.base/java.lang.reflect.Method.invoke(Method.java:580)
	at io.quarkus.test.junit.QuarkusTestExtension.runExtensionMethod(QuarkusTestExtension.java:1000)
	at io.quarkus.test.junit.QuarkusTestExtension.interceptTestMethod(QuarkusTestExtension.java:848)
	at java.base/java.util.ArrayList.forEach(ArrayList.java:1596)
	at java.base/java.util.ArrayList.forEach(ArrayList.java:1596)

[ERROR] villagecompute.calendar.data.repositories.CalendarTemplateRepositoryTest.testFindActiveTemplates -- Time elapsed: 0.005 s <<< FAILURE!
org.opentest4j.AssertionFailedError: expected: <2> but was: <10>
	at org.junit.jupiter.api.AssertionFailureBuilder.build(AssertionFailureBuilder.java:151)
	at org.junit.jupiter.api.AssertionFailureBuilder.buildAndThrow(AssertionFailureBuilder.java:132)
	at org.junit.jupiter.api.AssertEquals.failNotEqual(AssertEquals.java:197)
	at org.junit.jupiter.api.AssertEquals.assertEquals(AssertEquals.java:150)
	at org.junit.jupiter.api.AssertEquals.assertEquals(AssertEquals.java:145)
	at org.junit.jupiter.api.Assertions.assertEquals(Assertions.java:531)
	at villagecompute.calendar.data.repositories.CalendarTemplateRepositoryTest.testFindActiveTemplates(CalendarTemplateRepositoryTest.java:48)
	at villagecompute.calendar.data.repositories.CalendarTemplateRepositoryTest_Subclass.testFindActiveTemplates$$superforward(Unknown Source)
	at villagecompute.calendar.data.repositories.CalendarTemplateRepositoryTest_Subclass$$function$$2.apply(Unknown Source)
	at io.quarkus.arc.impl.AroundInvokeInvocationContext.proceed(AroundInvokeInvocationContext.java:73)
	at io.quarkus.arc.impl.AroundInvokeInvocationContext.proceed(AroundInvokeInvocationContext.java:62)
	at io.quarkus.narayana.jta.runtime.interceptor.TransactionalInterceptorBase.invokeInOurTx(TransactionalInterceptorBase.java:136)
	at io.quarkus.narayana.jta.runtime.interceptor.TransactionalInterceptorBase.invokeInOurTx(TransactionalInterceptorBase.java:107)
	at io.quarkus.narayana.jta.runtime.interceptor.TransactionalInterceptorRequired.doIntercept(TransactionalInterceptorRequired.java:38)
	at io.quarkus.narayana.jta.runtime.interceptor.TransactionalInterceptorBase.intercept(TransactionalInterceptorBase.java:61)
	at io.quarkus.narayana.jta.runtime.interceptor.TransactionalInterceptorRequired.intercept(TransactionalInterceptorRequired.java:32)
	at io.quarkus.narayana.jta.runtime.interceptor.TransactionalInterceptorRequired_Bean.intercept(Unknown Source)
	at io.quarkus.arc.impl.InterceptorInvocation.invoke(InterceptorInvocation.java:42)
	at io.quarkus.arc.impl.AroundInvokeInvocationContext.perform(AroundInvokeInvocationContext.java:30)
	at io.quarkus.arc.impl.InvocationContexts.performAroundInvoke(InvocationContexts.java:27)
	at villagecompute.calendar.data.repositories.CalendarTemplateRepositoryTest_Subclass.testFindActiveTemplates(Unknown Source)
	at java.base/java.lang.reflect.Method.invoke(Method.java:580)
	at io.quarkus.test.junit.QuarkusTestExtension.runExtensionMethod(QuarkusTestExtension.java:1000)
	at io.quarkus.test.junit.QuarkusTestExtension.interceptTestMethod(QuarkusTestExtension.java:848)
	at java.base/java.util.ArrayList.forEach(ArrayList.java:1596)
	at java.base/java.util.ArrayList.forEach(ArrayList.java:1596)

[ERROR] villagecompute.calendar.data.repositories.CalendarTemplateRepositoryTest.testFindByActiveStatus -- Time elapsed: 0.005 s <<< FAILURE!
org.opentest4j.AssertionFailedError: expected: <2> but was: <10>
	at org.junit.jupiter.api.AssertionFailureBuilder.build(AssertionFailureBuilder.java:151)
	at org.junit.jupiter.api.AssertionFailureBuilder.buildAndThrow(AssertionFailureBuilder.java:132)
	at org.junit.jupiter.api.AssertEquals.failNotEqual(AssertEquals.java:197)
	at org.junit.jupiter.api.AssertEquals.assertEquals(AssertEquals.java:150)
	at org.junit.jupiter.api.AssertEquals.assertEquals(AssertEquals.java:145)
	at org.junit.jupiter.api.Assertions.assertEquals(Assertions.java:531)
	at villagecompute.calendar.data.repositories.CalendarTemplateRepositoryTest.testFindByActiveStatus(CalendarTemplateRepositoryTest.java:98)
	at villagecompute.calendar.data.repositories.CalendarTemplateRepositoryTest_Subclass.testFindByActiveStatus$$superforward(Unknown Source)
	at villagecompute.calendar.data.repositories.CalendarTemplateRepositoryTest_Subclass$$function$$3.apply(Unknown Source)
	at io.quarkus.arc.impl.AroundInvokeInvocationContext.proceed(AroundInvokeInvocationContext.java:73)
	at io.quarkus.arc.impl.AroundInvokeInvocationContext.proceed(AroundInvokeInvocationContext.java:62)
	at io.quarkus.narayana.jta.runtime.interceptor.TransactionalInterceptorBase.invokeInOurTx(TransactionalInterceptorBase.java:136)
	at io.quarkus.narayana.jta.runtime.interceptor.TransactionalInterceptorBase.invokeInOurTx(TransactionalInterceptorBase.java:107)
	at io.quarkus.narayana.jta.runtime.interceptor.TransactionalInterceptorRequired.doIntercept(TransactionalInterceptorRequired.java:38)
	at io.quarkus.narayana.jta.runtime.interceptor.TransactionalInterceptorBase.intercept(TransactionalInterceptorBase.java:61)
	at io.quarkus.narayana.jta.runtime.interceptor.TransactionalInterceptorRequired.intercept(TransactionalInterceptorRequired.java:32)
	at io.quarkus.narayana.jta.runtime.interceptor.TransactionalInterceptorRequired_Bean.intercept(Unknown Source)
	at io.quarkus.arc.impl.InterceptorInvocation.invoke(InterceptorInvocation.java:42)
	at io.quarkus.arc.impl.AroundInvokeInvocationContext.perform(AroundInvokeInvocationContext.java:30)
	at io.quarkus.arc.impl.InvocationContexts.performAroundInvoke(InvocationContexts.java:27)
	at villagecompute.calendar.data.repositories.CalendarTemplateRepositoryTest_Subclass.testFindByActiveStatus(Unknown Source)
	at java.base/java.lang.reflect.Method.invoke(Method.java:580)
	at io.quarkus.test.junit.QuarkusTestExtension.runExtensionMethod(QuarkusTestExtension.java:1000)
	at io.quarkus.test.junit.QuarkusTestExtension.interceptTestMethod(QuarkusTestExtension.java:848)
	at java.base/java.util.ArrayList.forEach(ArrayList.java:1596)
	at java.base/java.util.ArrayList.forEach(ArrayList.java:1596)

[INFO] Running villagecompute.calendar.data.repositories.CalendarUserRepositoryTest
[Hibernate] 
    delete 
    from
        calendar_orders co1_0
[Hibernate] 
    delete 
    from
        user_calendars uc1_0
[Hibernate] 
    delete 
    from
        page_views pv1_0
[Hibernate] 
    delete 
    from
        analytics_rollups ar1_0
2025-10-17 04:13:22,422 WARN  [org.hib.orm.jdb.error] (main) HHH000247: ErrorCode: 42102, SQLState: 42S02
2025-10-17 04:13:22,422 WARN  [org.hib.orm.jdb.error] (main) Table "analytics_rollups" not found; SQL statement:
delete from analytics_rollups ar1_0 [42102-230]
[Hibernate] 
    delete 
    from
        delayed_jobs dj1_0
[Hibernate] 
    delete 
    from
        calendar_users cu1_0
[Hibernate] 
    delete 
    from
        calendar_templates ct1_0
[Hibernate] 
    insert 
    into
        calendar_users
        (created, display_name, email, is_admin, last_login_at, oauth_provider, oauth_subject, profile_image_url, updated, version, id) 
    values
        (?, ?, ?, ?, ?, ?, ?, ?, ?, ?, ?)
[Hibernate] 
    insert 
    into
        calendar_users
        (created, display_name, email, is_admin, last_login_at, oauth_provider, oauth_subject, profile_image_url, updated, version, id) 
    values
        (?, ?, ?, ?, ?, ?, ?, ?, ?, ?, ?)
[Hibernate] 
    select
        cu1_0.id,
        cu1_0.created,
        cu1_0.display_name,
        cu1_0.email,
        cu1_0.is_admin,
        cu1_0.last_login_at,
        cu1_0.oauth_provider,
        cu1_0.oauth_subject,
        cu1_0.profile_image_url,
        cu1_0.updated,
        cu1_0.version 
    from
        calendar_users cu1_0 
    where
        cu1_0.last_login_at>=? 
    order by
        cu1_0.last_login_at desc
[Hibernate] 
    delete 
    from
        calendar_orders co1_0
[Hibernate] 
    delete 
    from
        user_calendars uc1_0
[Hibernate] 
    delete 
    from
        page_views pv1_0
[Hibernate] 
    delete 
    from
        analytics_rollups ar1_0
2025-10-17 04:13:22,426 WARN  [org.hib.orm.jdb.error] (main) HHH000247: ErrorCode: 42102, SQLState: 42S02
2025-10-17 04:13:22,426 WARN  [org.hib.orm.jdb.error] (main) Table "analytics_rollups" not found; SQL statement:
delete from analytics_rollups ar1_0 [42102-230]
[Hibernate] 
    delete 
    from
        delayed_jobs dj1_0
[Hibernate] 
    delete 
    from
        calendar_users cu1_0
[Hibernate] 
    delete 
    from
        calendar_templates ct1_0
[Hibernate] 
    insert 
    into
        calendar_users
        (created, display_name, email, is_admin, last_login_at, oauth_provider, oauth_subject, profile_image_url, updated, version, id) 
    values
        (?, ?, ?, ?, ?, ?, ?, ?, ?, ?, ?)
[Hibernate] 
    insert 
    into
        calendar_users
        (created, display_name, email, is_admin, last_login_at, oauth_provider, oauth_subject, profile_image_url, updated, version, id) 
    values
        (?, ?, ?, ?, ?, ?, ?, ?, ?, ?, ?)
[Hibernate] 
    insert 
    into
        calendar_users
        (created, display_name, email, is_admin, last_login_at, oauth_provider, oauth_subject, profile_image_url, updated, version, id) 
    values
        (?, ?, ?, ?, ?, ?, ?, ?, ?, ?, ?)
[Hibernate] 
    select
        cu1_0.id,
        cu1_0.created,
        cu1_0.display_name,
        cu1_0.email,
        cu1_0.is_admin,
        cu1_0.last_login_at,
        cu1_0.oauth_provider,
        cu1_0.oauth_subject,
        cu1_0.profile_image_url,
        cu1_0.updated,
        cu1_0.version 
    from
        calendar_users cu1_0 
    where
        cu1_0.oauth_provider=? 
    order by
        cu1_0.created desc
[Hibernate] 
    delete 
    from
        calendar_orders co1_0
[Hibernate] 
    delete 
    from
        user_calendars uc1_0
[Hibernate] 
    delete 
    from
        page_views pv1_0
[Hibernate] 
    delete 
    from
        analytics_rollups ar1_0
2025-10-17 04:13:22,431 WARN  [org.hib.orm.jdb.error] (main) HHH000247: ErrorCode: 42102, SQLState: 42S02
2025-10-17 04:13:22,431 WARN  [org.hib.orm.jdb.error] (main) Table "analytics_rollups" not found; SQL statement:
delete from analytics_rollups ar1_0 [42102-230]
[Hibernate] 
    delete 
    from
        delayed_jobs dj1_0
[Hibernate] 
    delete 
    from
        calendar_users cu1_0
[Hibernate] 
    delete 
    from
        calendar_templates ct1_0
[Hibernate] 
    insert 
    into
        calendar_users
        (created, display_name, email, is_admin, last_login_at, oauth_provider, oauth_subject, profile_image_url, updated, version, id) 
    values
        (?, ?, ?, ?, ?, ?, ?, ?, ?, ?, ?)
[Hibernate] 
    insert 
    into
        calendar_users
        (created, display_name, email, is_admin, last_login_at, oauth_provider, oauth_subject, profile_image_url, updated, version, id) 
    values
        (?, ?, ?, ?, ?, ?, ?, ?, ?, ?, ?)
2025-10-17 04:13:22,433 WARN  [org.hib.orm.jdb.error] (main) HHH000247: ErrorCode: 23505, SQLState: 23505
2025-10-17 04:13:22,433 WARN  [org.hib.orm.jdb.error] (main) Unique index or primary key violation: "public.uk_calendar_users_oauth_INDEX_2 ON public.calendar_users(oauth_provider NULLS LAST, oauth_subject NULLS LAST) VALUES ( /* key:79 */ 'GOOGLE', 'duplicate')"; SQL statement:
insert into calendar_users (created,display_name,email,is_admin,last_login_at,oauth_provider,oauth_subject,profile_image_url,updated,version,id) values (?,?,?,?,?,?,?,?,?,?,?) [23505-230]
[Hibernate] 
    delete 
    from
        calendar_orders co1_0
[Hibernate] 
    delete 
    from
        user_calendars uc1_0
[Hibernate] 
    delete 
    from
        page_views pv1_0
[Hibernate] 
    delete 
    from
        analytics_rollups ar1_0
2025-10-17 04:13:22,434 WARN  [org.hib.orm.jdb.error] (main) HHH000247: ErrorCode: 42102, SQLState: 42S02
2025-10-17 04:13:22,434 WARN  [org.hib.orm.jdb.error] (main) Table "analytics_rollups" not found; SQL statement:
delete from analytics_rollups ar1_0 [42102-230]
[Hibernate] 
    delete 
    from
        delayed_jobs dj1_0
[Hibernate] 
    delete 
    from
        calendar_users cu1_0
[Hibernate] 
    delete 
    from
        calendar_templates ct1_0
[Hibernate] 
    insert 
    into
        calendar_users
        (created, display_name, email, is_admin, last_login_at, oauth_provider, oauth_subject, profile_image_url, updated, version, id) 
    values
        (?, ?, ?, ?, ?, ?, ?, ?, ?, ?, ?)
[Hibernate] 
    select
        cu1_0.id,
        cu1_0.created,
        cu1_0.display_name,
        cu1_0.email,
        cu1_0.is_admin,
        cu1_0.last_login_at,
        cu1_0.oauth_provider,
        cu1_0.oauth_subject,
        cu1_0.profile_image_url,
        cu1_0.updated,
        cu1_0.version 
    from
        calendar_users cu1_0 
    where
        cu1_0.email=? 
    fetch
        first ? rows only
[Hibernate] 
    delete 
    from
        calendar_orders co1_0
[Hibernate] 
    delete 
    from
        user_calendars uc1_0
[Hibernate] 
    delete 
    from
        page_views pv1_0
[Hibernate] 
    delete 
    from
        analytics_rollups ar1_0
2025-10-17 04:13:22,438 WARN  [org.hib.orm.jdb.error] (main) HHH000247: ErrorCode: 42102, SQLState: 42S02
2025-10-17 04:13:22,438 WARN  [org.hib.orm.jdb.error] (main) Table "analytics_rollups" not found; SQL statement:
delete from analytics_rollups ar1_0 [42102-230]
[Hibernate] 
    delete 
    from
        delayed_jobs dj1_0
[Hibernate] 
    delete 
    from
        calendar_users cu1_0
[Hibernate] 
    delete 
    from
        calendar_templates ct1_0
[Hibernate] 
    insert 
    into
        calendar_users
        (created, display_name, email, is_admin, last_login_at, oauth_provider, oauth_subject, profile_image_url, updated, version, id) 
    values
        (?, ?, ?, ?, ?, ?, ?, ?, ?, ?, ?)
[Hibernate] 
    select
        cu1_0.id,
        cu1_0.created,
        cu1_0.display_name,
        cu1_0.email,
        cu1_0.is_admin,
        cu1_0.last_login_at,
        cu1_0.oauth_provider,
        cu1_0.oauth_subject,
        cu1_0.profile_image_url,
        cu1_0.updated,
        cu1_0.version 
    from
        calendar_users cu1_0 
    where
        cu1_0.oauth_provider=? 
        and cu1_0.oauth_subject=? 
    fetch
        first ? rows only
[Hibernate] 
    delete 
    from
        calendar_orders co1_0
[Hibernate] 
    delete 
    from
        user_calendars uc1_0
[Hibernate] 
    delete 
    from
        page_views pv1_0
[Hibernate] 
    delete 
    from
        analytics_rollups ar1_0
2025-10-17 04:13:22,441 WARN  [org.hib.orm.jdb.error] (main) HHH000247: ErrorCode: 42102, SQLState: 42S02
2025-10-17 04:13:22,441 WARN  [org.hib.orm.jdb.error] (main) Table "analytics_rollups" not found; SQL statement:
delete from analytics_rollups ar1_0 [42102-230]
[Hibernate] 
    delete 
    from
        delayed_jobs dj1_0
[Hibernate] 
    delete 
    from
        calendar_users cu1_0
[Hibernate] 
    delete 
    from
        calendar_templates ct1_0
[Hibernate] 
    select
        cu1_0.id,
        cu1_0.created,
        cu1_0.display_name,
        cu1_0.email,
        cu1_0.is_admin,
        cu1_0.last_login_at,
        cu1_0.oauth_provider,
        cu1_0.oauth_subject,
        cu1_0.profile_image_url,
        cu1_0.updated,
        cu1_0.version 
    from
        calendar_users cu1_0 
    where
        cu1_0.oauth_provider=? 
        and cu1_0.oauth_subject=? 
    fetch
        first ? rows only
[ERROR] Tests run: 6, Failures: 3, Errors: 0, Skipped: 0, Time elapsed: 0.023 s <<< FAILURE! -- in villagecompute.calendar.data.repositories.CalendarUserRepositoryTest
[ERROR] villagecompute.calendar.data.repositories.CalendarUserRepositoryTest.testFindActiveUsersSince -- Time elapsed: 0.004 s <<< FAILURE!
org.opentest4j.AssertionFailedError: expected: <1> but was: <2>
	at org.junit.jupiter.api.AssertionFailureBuilder.build(AssertionFailureBuilder.java:151)
	at org.junit.jupiter.api.AssertionFailureBuilder.buildAndThrow(AssertionFailureBuilder.java:132)
	at org.junit.jupiter.api.AssertEquals.failNotEqual(AssertEquals.java:197)
	at org.junit.jupiter.api.AssertEquals.assertEquals(AssertEquals.java:150)
	at org.junit.jupiter.api.AssertEquals.assertEquals(AssertEquals.java:145)
	at org.junit.jupiter.api.Assertions.assertEquals(Assertions.java:531)
	at villagecompute.calendar.data.repositories.CalendarUserRepositoryTest.testFindActiveUsersSince(CalendarUserRepositoryTest.java:93)
	at villagecompute.calendar.data.repositories.CalendarUserRepositoryTest_Subclass.testFindActiveUsersSince$$superforward(Unknown Source)
	at villagecompute.calendar.data.repositories.CalendarUserRepositoryTest_Subclass$$function$$2.apply(Unknown Source)
	at io.quarkus.arc.impl.AroundInvokeInvocationContext.proceed(AroundInvokeInvocationContext.java:73)
	at io.quarkus.arc.impl.AroundInvokeInvocationContext.proceed(AroundInvokeInvocationContext.java:62)
	at io.quarkus.narayana.jta.runtime.interceptor.TransactionalInterceptorBase.invokeInOurTx(TransactionalInterceptorBase.java:136)
	at io.quarkus.narayana.jta.runtime.interceptor.TransactionalInterceptorBase.invokeInOurTx(TransactionalInterceptorBase.java:107)
	at io.quarkus.narayana.jta.runtime.interceptor.TransactionalInterceptorRequired.doIntercept(TransactionalInterceptorRequired.java:38)
	at io.quarkus.narayana.jta.runtime.interceptor.TransactionalInterceptorBase.intercept(TransactionalInterceptorBase.java:61)
	at io.quarkus.narayana.jta.runtime.interceptor.TransactionalInterceptorRequired.intercept(TransactionalInterceptorRequired.java:32)
	at io.quarkus.narayana.jta.runtime.interceptor.TransactionalInterceptorRequired_Bean.intercept(Unknown Source)
	at io.quarkus.arc.impl.InterceptorInvocation.invoke(InterceptorInvocation.java:42)
	at io.quarkus.arc.impl.AroundInvokeInvocationContext.perform(AroundInvokeInvocationContext.java:30)
	at io.quarkus.arc.impl.InvocationContexts.performAroundInvoke(InvocationContexts.java:27)
	at villagecompute.calendar.data.repositories.CalendarUserRepositoryTest_Subclass.testFindActiveUsersSince(Unknown Source)
	at java.base/java.lang.reflect.Method.invoke(Method.java:580)
	at io.quarkus.test.junit.QuarkusTestExtension.runExtensionMethod(QuarkusTestExtension.java:1000)
	at io.quarkus.test.junit.QuarkusTestExtension.interceptTestMethod(QuarkusTestExtension.java:848)
	at java.base/java.util.ArrayList.forEach(ArrayList.java:1596)
	at java.base/java.util.ArrayList.forEach(ArrayList.java:1596)

[ERROR] villagecompute.calendar.data.repositories.CalendarUserRepositoryTest.testFindByProvider -- Time elapsed: 0.005 s <<< FAILURE!
org.opentest4j.AssertionFailedError: expected: <2> but was: <3>
	at org.junit.jupiter.api.AssertionFailureBuilder.build(AssertionFailureBuilder.java:151)
	at org.junit.jupiter.api.AssertionFailureBuilder.buildAndThrow(AssertionFailureBuilder.java:132)
	at org.junit.jupiter.api.AssertEquals.failNotEqual(AssertEquals.java:197)
	at org.junit.jupiter.api.AssertEquals.assertEquals(AssertEquals.java:150)
	at org.junit.jupiter.api.AssertEquals.assertEquals(AssertEquals.java:145)
	at org.junit.jupiter.api.Assertions.assertEquals(Assertions.java:531)
	at villagecompute.calendar.data.repositories.CalendarUserRepositoryTest.testFindByProvider(CalendarUserRepositoryTest.java:109)
	at villagecompute.calendar.data.repositories.CalendarUserRepositoryTest_Subclass.testFindByProvider$$superforward(Unknown Source)
	at villagecompute.calendar.data.repositories.CalendarUserRepositoryTest_Subclass$$function$$6.apply(Unknown Source)
	at io.quarkus.arc.impl.AroundInvokeInvocationContext.proceed(AroundInvokeInvocationContext.java:73)
	at io.quarkus.arc.impl.AroundInvokeInvocationContext.proceed(AroundInvokeInvocationContext.java:62)
	at io.quarkus.narayana.jta.runtime.interceptor.TransactionalInterceptorBase.invokeInOurTx(TransactionalInterceptorBase.java:136)
	at io.quarkus.narayana.jta.runtime.interceptor.TransactionalInterceptorBase.invokeInOurTx(TransactionalInterceptorBase.java:107)
	at io.quarkus.narayana.jta.runtime.interceptor.TransactionalInterceptorRequired.doIntercept(TransactionalInterceptorRequired.java:38)
	at io.quarkus.narayana.jta.runtime.interceptor.TransactionalInterceptorBase.intercept(TransactionalInterceptorBase.java:61)
	at io.quarkus.narayana.jta.runtime.interceptor.TransactionalInterceptorRequired.intercept(TransactionalInterceptorRequired.java:32)
	at io.quarkus.narayana.jta.runtime.interceptor.TransactionalInterceptorRequired_Bean.intercept(Unknown Source)
	at io.quarkus.arc.impl.InterceptorInvocation.invoke(InterceptorInvocation.java:42)
	at io.quarkus.arc.impl.AroundInvokeInvocationContext.perform(AroundInvokeInvocationContext.java:30)
	at io.quarkus.arc.impl.InvocationContexts.performAroundInvoke(InvocationContexts.java:27)
	at villagecompute.calendar.data.repositories.CalendarUserRepositoryTest_Subclass.testFindByProvider(Unknown Source)
	at java.base/java.lang.reflect.Method.invoke(Method.java:580)
	at io.quarkus.test.junit.QuarkusTestExtension.runExtensionMethod(QuarkusTestExtension.java:1000)
	at io.quarkus.test.junit.QuarkusTestExtension.interceptTestMethod(QuarkusTestExtension.java:848)
	at java.base/java.util.ArrayList.forEach(ArrayList.java:1596)
	at java.base/java.util.ArrayList.forEach(ArrayList.java:1596)

[ERROR] villagecompute.calendar.data.repositories.CalendarUserRepositoryTest.testFindByEmail -- Time elapsed: 0.002 s <<< FAILURE!
org.opentest4j.AssertionFailedError: expected: <FACEBOOK> but was: <GOOGLE>
	at org.junit.jupiter.api.AssertionFailureBuilder.build(AssertionFailureBuilder.java:151)
	at org.junit.jupiter.api.AssertionFailureBuilder.buildAndThrow(AssertionFailureBuilder.java:132)
	at org.junit.jupiter.api.AssertEquals.failNotEqual(AssertEquals.java:197)
	at org.junit.jupiter.api.AssertEquals.assertEquals(AssertEquals.java:182)
	at org.junit.jupiter.api.AssertEquals.assertEquals(AssertEquals.java:177)
	at org.junit.jupiter.api.Assertions.assertEquals(Assertions.java:1145)
	at villagecompute.calendar.data.repositories.CalendarUserRepositoryTest.testFindByEmail(CalendarUserRepositoryTest.java:70)
	at villagecompute.calendar.data.repositories.CalendarUserRepositoryTest_Subclass.testFindByEmail$$superforward(Unknown Source)
	at villagecompute.calendar.data.repositories.CalendarUserRepositoryTest_Subclass$$function$$3.apply(Unknown Source)
	at io.quarkus.arc.impl.AroundInvokeInvocationContext.proceed(AroundInvokeInvocationContext.java:73)
	at io.quarkus.arc.impl.AroundInvokeInvocationContext.proceed(AroundInvokeInvocationContext.java:62)
	at io.quarkus.narayana.jta.runtime.interceptor.TransactionalInterceptorBase.invokeInOurTx(TransactionalInterceptorBase.java:136)
	at io.quarkus.narayana.jta.runtime.interceptor.TransactionalInterceptorBase.invokeInOurTx(TransactionalInterceptorBase.java:107)
	at io.quarkus.narayana.jta.runtime.interceptor.TransactionalInterceptorRequired.doIntercept(TransactionalInterceptorRequired.java:38)
	at io.quarkus.narayana.jta.runtime.interceptor.TransactionalInterceptorBase.intercept(TransactionalInterceptorBase.java:61)
	at io.quarkus.narayana.jta.runtime.interceptor.TransactionalInterceptorRequired.intercept(TransactionalInterceptorRequired.java:32)
	at io.quarkus.narayana.jta.runtime.interceptor.TransactionalInterceptorRequired_Bean.intercept(Unknown Source)
	at io.quarkus.arc.impl.InterceptorInvocation.invoke(InterceptorInvocation.java:42)
	at io.quarkus.arc.impl.AroundInvokeInvocationContext.perform(AroundInvokeInvocationContext.java:30)
	at io.quarkus.arc.impl.InvocationContexts.performAroundInvoke(InvocationContexts.java:27)
	at villagecompute.calendar.data.repositories.CalendarUserRepositoryTest_Subclass.testFindByEmail(Unknown Source)
	at java.base/java.lang.reflect.Method.invoke(Method.java:580)
	at io.quarkus.test.junit.QuarkusTestExtension.runExtensionMethod(QuarkusTestExtension.java:1000)
	at io.quarkus.test.junit.QuarkusTestExtension.interceptTestMethod(QuarkusTestExtension.java:848)
	at java.base/java.util.ArrayList.forEach(ArrayList.java:1596)
	at java.base/java.util.ArrayList.forEach(ArrayList.java:1596)

[INFO] Running villagecompute.calendar.data.repositories.UserCalendarRepositoryTest
[Hibernate] 
    delete 
    from
        calendar_orders co1_0
[Hibernate] 
    delete 
    from
        user_calendars uc1_0
[Hibernate] 
    delete 
    from
        page_views pv1_0
[Hibernate] 
    delete 
    from
        analytics_rollups ar1_0
2025-10-17 04:13:22,445 WARN  [org.hib.orm.jdb.error] (main) HHH000247: ErrorCode: 42102, SQLState: 42S02
2025-10-17 04:13:22,445 WARN  [org.hib.orm.jdb.error] (main) Table "analytics_rollups" not found; SQL statement:
delete from analytics_rollups ar1_0 [42102-230]
[Hibernate] 
    delete 
    from
        delayed_jobs dj1_0
[Hibernate] 
    delete 
    from
        calendar_users cu1_0
[Hibernate] 
    delete 
    from
        calendar_templates ct1_0
[Hibernate] 
    insert 
    into
        user_calendars
        (configuration, created, generated_pdf_url, generated_svg, is_public, name, session_id, template_id, updated, user_id, version, "year", id) 
    values
        (?, ?, ?, ?, ?, ?, ?, ?, ?, ?, ?, ?, ?)
2025-10-17 04:13:22,447 WARN  [org.hib.orm.jdb.error] (main) HHH000247: ErrorCode: 23506, SQLState: 23506
2025-10-17 04:13:22,447 WARN  [org.hib.orm.jdb.error] (main) Referential integrity constraint violation: "fk_user_calendars_template: public.user_calendars FOREIGN KEY(template_id) REFERENCES public.calendar_templates(id) (UUID 'fb6aa143-0e81-4ffc-ab7e-8ee9fa63ca88')"; SQL statement:
insert into user_calendars (configuration,created,generated_pdf_url,generated_svg,is_public,name,session_id,template_id,updated,user_id,version,"year",id) values (?,?,?,?,?,?,?,?,?,?,?,?,?) [23506-230]
[Hibernate] 
    delete 
    from
        calendar_orders co1_0
[Hibernate] 
    delete 
    from
        user_calendars uc1_0
[Hibernate] 
    delete 
    from
        page_views pv1_0
[Hibernate] 
    delete 
    from
        analytics_rollups ar1_0
2025-10-17 04:13:22,449 WARN  [org.hib.orm.jdb.error] (main) HHH000247: ErrorCode: 42102, SQLState: 42S02
2025-10-17 04:13:22,449 WARN  [org.hib.orm.jdb.error] (main) Table "analytics_rollups" not found; SQL statement:
delete from analytics_rollups ar1_0 [42102-230]
[Hibernate] 
    delete 
    from
        delayed_jobs dj1_0
[Hibernate] 
    delete 
    from
        calendar_users cu1_0
[Hibernate] 
    delete 
    from
        calendar_templates ct1_0
[Hibernate] 
    insert 
    into
        user_calendars
        (configuration, created, generated_pdf_url, generated_svg, is_public, name, session_id, template_id, updated, user_id, version, "year", id) 
    values
        (?, ?, ?, ?, ?, ?, ?, ?, ?, ?, ?, ?, ?)
2025-10-17 04:13:22,451 WARN  [org.hib.orm.jdb.error] (main) HHH000247: ErrorCode: 23506, SQLState: 23506
2025-10-17 04:13:22,451 WARN  [org.hib.orm.jdb.error] (main) Referential integrity constraint violation: "fk_user_calendars_template: public.user_calendars FOREIGN KEY(template_id) REFERENCES public.calendar_templates(id) (UUID 'ef69f396-5709-4c8a-bb6c-ef0e074458f0')"; SQL statement:
insert into user_calendars (configuration,created,generated_pdf_url,generated_svg,is_public,name,session_id,template_id,updated,user_id,version,"year",id) values (?,?,?,?,?,?,?,?,?,?,?,?,?) [23506-230]
[Hibernate] 
    delete 
    from
        calendar_orders co1_0
[Hibernate] 
    delete 
    from
        user_calendars uc1_0
[Hibernate] 
    delete 
    from
        page_views pv1_0
[Hibernate] 
    delete 
    from
        analytics_rollups ar1_0
2025-10-17 04:13:22,453 WARN  [org.hib.orm.jdb.error] (main) HHH000247: ErrorCode: 42102, SQLState: 42S02
2025-10-17 04:13:22,453 WARN  [org.hib.orm.jdb.error] (main) Table "analytics_rollups" not found; SQL statement:
delete from analytics_rollups ar1_0 [42102-230]
[Hibernate] 
    delete 
    from
        delayed_jobs dj1_0
[Hibernate] 
    delete 
    from
        calendar_users cu1_0
[Hibernate] 
    delete 
    from
        calendar_templates ct1_0
[Hibernate] 
    insert 
    into
        user_calendars
        (configuration, created, generated_pdf_url, generated_svg, is_public, name, session_id, template_id, updated, user_id, version, "year", id) 
    values
        (?, ?, ?, ?, ?, ?, ?, ?, ?, ?, ?, ?, ?)
2025-10-17 04:13:22,456 WARN  [org.hib.orm.jdb.error] (main) HHH000247: ErrorCode: 23506, SQLState: 23506
2025-10-17 04:13:22,456 WARN  [org.hib.orm.jdb.error] (main) Referential integrity constraint violation: "fk_user_calendars_template: public.user_calendars FOREIGN KEY(template_id) REFERENCES public.calendar_templates(id) (UUID '55d8d082-c547-4d27-8e05-457152fd3eee')"; SQL statement:
insert into user_calendars (configuration,created,generated_pdf_url,generated_svg,is_public,name,session_id,template_id,updated,user_id,version,"year",id) values (?,?,?,?,?,?,?,?,?,?,?,?,?) [23506-230]
[Hibernate] 
    delete 
    from
        calendar_orders co1_0
[Hibernate] 
    delete 
    from
        user_calendars uc1_0
[Hibernate] 
    delete 
    from
        page_views pv1_0
[Hibernate] 
    delete 
    from
        analytics_rollups ar1_0
2025-10-17 04:13:22,458 WARN  [org.hib.orm.jdb.error] (main) HHH000247: ErrorCode: 42102, SQLState: 42S02
2025-10-17 04:13:22,458 WARN  [org.hib.orm.jdb.error] (main) Table "analytics_rollups" not found; SQL statement:
delete from analytics_rollups ar1_0 [42102-230]
[Hibernate] 
    delete 
    from
        delayed_jobs dj1_0
[Hibernate] 
    delete 
    from
        calendar_users cu1_0
[Hibernate] 
    delete 
    from
        calendar_templates ct1_0
[Hibernate] 
    insert 
    into
        user_calendars
        (configuration, created, generated_pdf_url, generated_svg, is_public, name, session_id, template_id, updated, user_id, version, "year", id) 
    values
        (?, ?, ?, ?, ?, ?, ?, ?, ?, ?, ?, ?, ?)
2025-10-17 04:13:22,461 WARN  [org.hib.orm.jdb.error] (main) HHH000247: ErrorCode: 23506, SQLState: 23506
2025-10-17 04:13:22,461 WARN  [org.hib.orm.jdb.error] (main) Referential integrity constraint violation: "fk_user_calendars_template: public.user_calendars FOREIGN KEY(template_id) REFERENCES public.calendar_templates(id) (UUID '6fc7f582-7be1-4748-8164-940e6dad5691')"; SQL statement:
insert into user_calendars (configuration,created,generated_pdf_url,generated_svg,is_public,name,session_id,template_id,updated,user_id,version,"year",id) values (?,?,?,?,?,?,?,?,?,?,?,?,?) [23506-230]
[Hibernate] 
    delete 
    from
        calendar_orders co1_0
[Hibernate] 
    delete 
    from
        user_calendars uc1_0
[Hibernate] 
    delete 
    from
        page_views pv1_0
[Hibernate] 
    delete 
    from
        analytics_rollups ar1_0
2025-10-17 04:13:22,463 WARN  [org.hib.orm.jdb.error] (main) HHH000247: ErrorCode: 42102, SQLState: 42S02
2025-10-17 04:13:22,463 WARN  [org.hib.orm.jdb.error] (main) Table "analytics_rollups" not found; SQL statement:
delete from analytics_rollups ar1_0 [42102-230]
[Hibernate] 
    delete 
    from
        delayed_jobs dj1_0
[Hibernate] 
    delete 
    from
        calendar_users cu1_0
[Hibernate] 
    delete 
    from
        calendar_templates ct1_0
[Hibernate] 
    insert 
    into
        user_calendars
        (configuration, created, generated_pdf_url, generated_svg, is_public, name, session_id, template_id, updated, user_id, version, "year", id) 
    values
        (?, ?, ?, ?, ?, ?, ?, ?, ?, ?, ?, ?, ?)
2025-10-17 04:13:22,464 WARN  [org.hib.orm.jdb.error] (main) HHH000247: ErrorCode: 23506, SQLState: 23506
2025-10-17 04:13:22,464 WARN  [org.hib.orm.jdb.error] (main) Referential integrity constraint violation: "fk_user_calendars_template: public.user_calendars FOREIGN KEY(template_id) REFERENCES public.calendar_templates(id) (UUID 'b5aab825-44af-452f-b9fe-bbcb6727be7d')"; SQL statement:
insert into user_calendars (configuration,created,generated_pdf_url,generated_svg,is_public,name,session_id,template_id,updated,user_id,version,"year",id) values (?,?,?,?,?,?,?,?,?,?,?,?,?) [23506-230]
[Hibernate] 
    delete 
    from
        calendar_orders co1_0
[Hibernate] 
    delete 
    from
        user_calendars uc1_0
[Hibernate] 
    delete 
    from
        page_views pv1_0
[Hibernate] 
    delete 
    from
        analytics_rollups ar1_0
2025-10-17 04:13:22,466 WARN  [org.hib.orm.jdb.error] (main) HHH000247: ErrorCode: 42102, SQLState: 42S02
2025-10-17 04:13:22,466 WARN  [org.hib.orm.jdb.error] (main) Table "analytics_rollups" not found; SQL statement:
delete from analytics_rollups ar1_0 [42102-230]
[Hibernate] 
    delete 
    from
        delayed_jobs dj1_0
[Hibernate] 
    delete 
    from
        calendar_users cu1_0
[Hibernate] 
    delete 
    from
        calendar_templates ct1_0
[Hibernate] 
    insert 
    into
        user_calendars
        (configuration, created, generated_pdf_url, generated_svg, is_public, name, session_id, template_id, updated, user_id, version, "year", id) 
    values
        (?, ?, ?, ?, ?, ?, ?, ?, ?, ?, ?, ?, ?)
2025-10-17 04:13:22,467 WARN  [org.hib.orm.jdb.error] (main) HHH000247: ErrorCode: 23506, SQLState: 23506
2025-10-17 04:13:22,467 WARN  [org.hib.orm.jdb.error] (main) Referential integrity constraint violation: "fk_user_calendars_template: public.user_calendars FOREIGN KEY(template_id) REFERENCES public.calendar_templates(id) (UUID '8ef3ced8-427b-40b5-9398-453895807ec8')"; SQL statement:
insert into user_calendars (configuration,created,generated_pdf_url,generated_svg,is_public,name,session_id,template_id,updated,user_id,version,"year",id) values (?,?,?,?,?,?,?,?,?,?,?,?,?) [23506-230]
[Hibernate] 
    delete 
    from
        calendar_orders co1_0
[Hibernate] 
    delete 
    from
        user_calendars uc1_0
[Hibernate] 
    delete 
    from
        page_views pv1_0
[Hibernate] 
    delete 
    from
        analytics_rollups ar1_0
2025-10-17 04:13:22,469 WARN  [org.hib.orm.jdb.error] (main) HHH000247: ErrorCode: 42102, SQLState: 42S02
2025-10-17 04:13:22,469 WARN  [org.hib.orm.jdb.error] (main) Table "analytics_rollups" not found; SQL statement:
delete from analytics_rollups ar1_0 [42102-230]
[Hibernate] 
    delete 
    from
        delayed_jobs dj1_0
[Hibernate] 
    delete 
    from
        calendar_users cu1_0
[Hibernate] 
    delete 
    from
        calendar_templates ct1_0
[Hibernate] 
    insert 
    into
        user_calendars
        (configuration, created, generated_pdf_url, generated_svg, is_public, name, session_id, template_id, updated, user_id, version, "year", id) 
    values
        (?, ?, ?, ?, ?, ?, ?, ?, ?, ?, ?, ?, ?)
2025-10-17 04:13:22,470 WARN  [org.hib.orm.jdb.error] (main) HHH000247: ErrorCode: 23506, SQLState: 23506
2025-10-17 04:13:22,470 WARN  [org.hib.orm.jdb.error] (main) Referential integrity constraint violation: "fk_user_calendars_template: public.user_calendars FOREIGN KEY(template_id) REFERENCES public.calendar_templates(id) (UUID '317fc0e4-add7-4991-bc90-46c724f9bd22')"; SQL statement:
insert into user_calendars (configuration,created,generated_pdf_url,generated_svg,is_public,name,session_id,template_id,updated,user_id,version,"year",id) values (?,?,?,?,?,?,?,?,?,?,?,?,?) [23506-230]
[ERROR] Tests run: 7, Failures: 0, Errors: 7, Skipped: 0, Time elapsed: 0.028 s <<< FAILURE! -- in villagecompute.calendar.data.repositories.UserCalendarRepositoryTest
[ERROR] villagecompute.calendar.data.repositories.UserCalendarRepositoryTest.testFindPublicCalendars -- Time elapsed: 0.004 s <<< ERROR!
org.hibernate.exception.ConstraintViolationException: 
could not execute statement [Referential integrity constraint violation: "fk_user_calendars_template: public.user_calendars FOREIGN KEY(template_id) REFERENCES public.calendar_templates(id) (UUID 'fb6aa143-0e81-4ffc-ab7e-8ee9fa63ca88')"; SQL statement:
insert into user_calendars (configuration,created,generated_pdf_url,generated_svg,is_public,name,session_id,template_id,updated,user_id,version,"year",id) values (?,?,?,?,?,?,?,?,?,?,?,?,?) [23506-230]] [insert into user_calendars (configuration,created,generated_pdf_url,generated_svg,is_public,name,session_id,template_id,updated,user_id,version,"year",id) values (?,?,?,?,?,?,?,?,?,?,?,?,?)]
	at org.hibernate.dialect.H2Dialect.lambda$buildSQLExceptionConversionDelegate$1(H2Dialect.java:853)
	at org.hibernate.exception.internal.StandardSQLExceptionConverter.convert(StandardSQLExceptionConverter.java:34)
	at org.hibernate.engine.jdbc.spi.SqlExceptionHelper.convert(SqlExceptionHelper.java:115)
	at org.hibernate.engine.jdbc.internal.ResultSetReturnImpl.executeUpdate(ResultSetReturnImpl.java:193)
	at org.hibernate.engine.jdbc.mutation.internal.AbstractMutationExecutor.performNonBatchedMutation(AbstractMutationExecutor.java:148)
	at org.hibernate.engine.jdbc.mutation.internal.MutationExecutorSingleNonBatched.performNonBatchedOperations(MutationExecutorSingleNonBatched.java:53)
	at org.hibernate.engine.jdbc.mutation.internal.AbstractMutationExecutor.execute(AbstractMutationExecutor.java:66)
	at org.hibernate.engine.jdbc.mutation.internal.AbstractMutationExecutor.execute(AbstractMutationExecutor.java:55)
	at org.hibernate.persister.entity.mutation.InsertCoordinatorStandard.doStaticInserts(InsertCoordinatorStandard.java:191)
	at org.hibernate.persister.entity.mutation.InsertCoordinatorStandard.coordinateInsert(InsertCoordinatorStandard.java:129)
	at org.hibernate.persister.entity.mutation.InsertCoordinatorStandard.insert(InsertCoordinatorStandard.java:101)
	at org.hibernate.action.internal.EntityInsertAction.execute(EntityInsertAction.java:113)
	at org.hibernate.engine.spi.ActionQueue.executeActions(ActionQueue.java:646)
	at org.hibernate.engine.spi.ActionQueue.executeActions(ActionQueue.java:513)
	at org.hibernate.event.internal.AbstractFlushingEventListener.performExecutions(AbstractFlushingEventListener.java:378)
	at org.hibernate.event.internal.DefaultAutoFlushEventListener.onAutoFlush(DefaultAutoFlushEventListener.java:67)
	at org.hibernate.event.service.internal.EventListenerGroupImpl.fireEventOnEachListener(EventListenerGroupImpl.java:140)
	at org.hibernate.internal.SessionImpl.autoFlushIfRequired(SessionImpl.java:1400)
	at org.hibernate.query.sqm.internal.ConcreteSqmSelectQueryPlan.lambda$new$1(ConcreteSqmSelectQueryPlan.java:138)
	at org.hibernate.query.sqm.internal.ConcreteSqmSelectQueryPlan.withCacheableSqmInterpretation(ConcreteSqmSelectQueryPlan.java:455)
	at org.hibernate.query.sqm.internal.ConcreteSqmSelectQueryPlan.performList(ConcreteSqmSelectQueryPlan.java:388)
	at org.hibernate.query.sqm.internal.SqmSelectionQueryImpl.doList(SqmSelectionQueryImpl.java:423)
	at org.hibernate.query.spi.AbstractSelectionQuery.list(AbstractSelectionQuery.java:154)
	at org.hibernate.query.SelectionQuery.getResultList(SelectionQuery.java:145)
	at io.quarkus.hibernate.orm.panache.common.runtime.CommonPanacheQueryImpl.list(CommonPanacheQueryImpl.java:301)
	at io.quarkus.hibernate.orm.panache.runtime.PanacheQueryImpl.list(PanacheQueryImpl.java:150)
	at villagecompute.calendar.data.repositories.UserCalendarRepository.findPublicCalendars(UserCalendarRepository.java:67)
	at villagecompute.calendar.data.repositories.UserCalendarRepository_ClientProxy.findPublicCalendars(Unknown Source)
	at villagecompute.calendar.data.repositories.UserCalendarRepositoryTest.testFindPublicCalendars(UserCalendarRepositoryTest.java:157)
	at villagecompute.calendar.data.repositories.UserCalendarRepositoryTest_Subclass.testFindPublicCalendars$$superforward(Unknown Source)
	at villagecompute.calendar.data.repositories.UserCalendarRepositoryTest_Subclass$$function$$8.apply(Unknown Source)
	at io.quarkus.arc.impl.AroundInvokeInvocationContext.proceed(AroundInvokeInvocationContext.java:73)
	at io.quarkus.arc.impl.AroundInvokeInvocationContext.proceed(AroundInvokeInvocationContext.java:62)
	at io.quarkus.narayana.jta.runtime.interceptor.TransactionalInterceptorBase.invokeInOurTx(TransactionalInterceptorBase.java:136)
	at io.quarkus.narayana.jta.runtime.interceptor.TransactionalInterceptorBase.invokeInOurTx(TransactionalInterceptorBase.java:107)
	at io.quarkus.narayana.jta.runtime.interceptor.TransactionalInterceptorRequired.doIntercept(TransactionalInterceptorRequired.java:38)
	at io.quarkus.narayana.jta.runtime.interceptor.TransactionalInterceptorBase.intercept(TransactionalInterceptorBase.java:61)
	at io.quarkus.narayana.jta.runtime.interceptor.TransactionalInterceptorRequired.intercept(TransactionalInterceptorRequired.java:32)
	at io.quarkus.narayana.jta.runtime.interceptor.TransactionalInterceptorRequired_Bean.intercept(Unknown Source)
	at io.quarkus.arc.impl.InterceptorInvocation.invoke(InterceptorInvocation.java:42)
	at io.quarkus.arc.impl.AroundInvokeInvocationContext.perform(AroundInvokeInvocationContext.java:30)
	at io.quarkus.arc.impl.InvocationContexts.performAroundInvoke(InvocationContexts.java:27)
	at villagecompute.calendar.data.repositories.UserCalendarRepositoryTest_Subclass.testFindPublicCalendars(Unknown Source)
	at java.base/java.lang.reflect.Method.invoke(Method.java:580)
	at io.quarkus.test.junit.QuarkusTestExtension.runExtensionMethod(QuarkusTestExtension.java:1000)
	at io.quarkus.test.junit.QuarkusTestExtension.interceptTestMethod(QuarkusTestExtension.java:848)
	at java.base/java.util.ArrayList.forEach(ArrayList.java:1596)
	at java.base/java.util.ArrayList.forEach(ArrayList.java:1596)
Caused by: org.h2.jdbc.JdbcSQLIntegrityConstraintViolationException: Referential integrity constraint violation: "fk_user_calendars_template: public.user_calendars FOREIGN KEY(template_id) REFERENCES public.calendar_templates(id) (UUID 'fb6aa143-0e81-4ffc-ab7e-8ee9fa63ca88')"; SQL statement:
insert into user_calendars (configuration,created,generated_pdf_url,generated_svg,is_public,name,session_id,template_id,updated,user_id,version,"year",id) values (?,?,?,?,?,?,?,?,?,?,?,?,?) [23506-230]
	at org.h2.message.DbException.getJdbcSQLException(DbException.java:520)
	at org.h2.message.DbException.getJdbcSQLException(DbException.java:489)
	at org.h2.message.DbException.get(DbException.java:223)
	at org.h2.message.DbException.get(DbException.java:199)
	at org.h2.constraint.ConstraintReferential.checkRowOwnTable(ConstraintReferential.java:308)
	at org.h2.constraint.ConstraintReferential.checkRow(ConstraintReferential.java:249)
	at org.h2.table.Table.fireConstraints(Table.java:1227)
	at org.h2.table.Table.fireAfterRow(Table.java:1245)
	at org.h2.command.dml.Insert.insertRows(Insert.java:188)
	at org.h2.command.dml.Insert.update(Insert.java:135)
	at org.h2.command.dml.DataChangeStatement.update(DataChangeStatement.java:74)
	at org.h2.command.CommandContainer.update(CommandContainer.java:139)
	at org.h2.command.Command.executeUpdate(Command.java:304)
	at org.h2.command.Command.executeUpdate(Command.java:248)
	at org.h2.jdbc.JdbcPreparedStatement.executeUpdateInternal(JdbcPreparedStatement.java:213)
	at org.h2.jdbc.JdbcPreparedStatement.executeUpdate(JdbcPreparedStatement.java:172)
	at io.agroal.pool.wrapper.PreparedStatementWrapper.executeUpdate(PreparedStatementWrapper.java:90)
	at org.hibernate.engine.jdbc.internal.ResultSetReturnImpl.executeUpdate(ResultSetReturnImpl.java:190)
	... 44 more

[ERROR] villagecompute.calendar.data.repositories.UserCalendarRepositoryTest.testFindByUser -- Time elapsed: 0.004 s <<< ERROR!
org.hibernate.exception.ConstraintViolationException: 
could not execute statement [Referential integrity constraint violation: "fk_user_calendars_template: public.user_calendars FOREIGN KEY(template_id) REFERENCES public.calendar_templates(id) (UUID 'ef69f396-5709-4c8a-bb6c-ef0e074458f0')"; SQL statement:
insert into user_calendars (configuration,created,generated_pdf_url,generated_svg,is_public,name,session_id,template_id,updated,user_id,version,"year",id) values (?,?,?,?,?,?,?,?,?,?,?,?,?) [23506-230]] [insert into user_calendars (configuration,created,generated_pdf_url,generated_svg,is_public,name,session_id,template_id,updated,user_id,version,"year",id) values (?,?,?,?,?,?,?,?,?,?,?,?,?)]
	at org.hibernate.dialect.H2Dialect.lambda$buildSQLExceptionConversionDelegate$1(H2Dialect.java:853)
	at org.hibernate.exception.internal.StandardSQLExceptionConverter.convert(StandardSQLExceptionConverter.java:34)
	at org.hibernate.engine.jdbc.spi.SqlExceptionHelper.convert(SqlExceptionHelper.java:115)
	at org.hibernate.engine.jdbc.internal.ResultSetReturnImpl.executeUpdate(ResultSetReturnImpl.java:193)
	at org.hibernate.engine.jdbc.mutation.internal.AbstractMutationExecutor.performNonBatchedMutation(AbstractMutationExecutor.java:148)
	at org.hibernate.engine.jdbc.mutation.internal.MutationExecutorSingleNonBatched.performNonBatchedOperations(MutationExecutorSingleNonBatched.java:53)
	at org.hibernate.engine.jdbc.mutation.internal.AbstractMutationExecutor.execute(AbstractMutationExecutor.java:66)
	at org.hibernate.engine.jdbc.mutation.internal.AbstractMutationExecutor.execute(AbstractMutationExecutor.java:55)
	at org.hibernate.persister.entity.mutation.InsertCoordinatorStandard.doStaticInserts(InsertCoordinatorStandard.java:191)
	at org.hibernate.persister.entity.mutation.InsertCoordinatorStandard.coordinateInsert(InsertCoordinatorStandard.java:129)
	at org.hibernate.persister.entity.mutation.InsertCoordinatorStandard.insert(InsertCoordinatorStandard.java:101)
	at org.hibernate.action.internal.EntityInsertAction.execute(EntityInsertAction.java:113)
	at org.hibernate.engine.spi.ActionQueue.executeActions(ActionQueue.java:646)
	at org.hibernate.engine.spi.ActionQueue.executeActions(ActionQueue.java:513)
	at org.hibernate.event.internal.AbstractFlushingEventListener.performExecutions(AbstractFlushingEventListener.java:378)
	at org.hibernate.event.internal.DefaultAutoFlushEventListener.onAutoFlush(DefaultAutoFlushEventListener.java:67)
	at org.hibernate.event.service.internal.EventListenerGroupImpl.fireEventOnEachListener(EventListenerGroupImpl.java:140)
	at org.hibernate.internal.SessionImpl.autoFlushIfRequired(SessionImpl.java:1400)
	at org.hibernate.query.sqm.internal.ConcreteSqmSelectQueryPlan.lambda$new$1(ConcreteSqmSelectQueryPlan.java:138)
	at org.hibernate.query.sqm.internal.ConcreteSqmSelectQueryPlan.withCacheableSqmInterpretation(ConcreteSqmSelectQueryPlan.java:455)
	at org.hibernate.query.sqm.internal.ConcreteSqmSelectQueryPlan.performList(ConcreteSqmSelectQueryPlan.java:388)
	at org.hibernate.query.sqm.internal.SqmSelectionQueryImpl.doList(SqmSelectionQueryImpl.java:423)
	at org.hibernate.query.spi.AbstractSelectionQuery.list(AbstractSelectionQuery.java:154)
	at org.hibernate.query.SelectionQuery.getResultList(SelectionQuery.java:145)
	at io.quarkus.hibernate.orm.panache.common.runtime.CommonPanacheQueryImpl.list(CommonPanacheQueryImpl.java:301)
	at io.quarkus.hibernate.orm.panache.runtime.PanacheQueryImpl.list(PanacheQueryImpl.java:150)
	at villagecompute.calendar.data.repositories.UserCalendarRepository.findByUser(UserCalendarRepository.java:37)
	at villagecompute.calendar.data.repositories.UserCalendarRepository_ClientProxy.findByUser(Unknown Source)
	at villagecompute.calendar.data.repositories.UserCalendarRepositoryTest.testFindByUser(UserCalendarRepositoryTest.java:89)
	at villagecompute.calendar.data.repositories.UserCalendarRepositoryTest_Subclass.testFindByUser$$superforward(Unknown Source)
	at villagecompute.calendar.data.repositories.UserCalendarRepositoryTest_Subclass$$function$$4.apply(Unknown Source)
	at io.quarkus.arc.impl.AroundInvokeInvocationContext.proceed(AroundInvokeInvocationContext.java:73)
	at io.quarkus.arc.impl.AroundInvokeInvocationContext.proceed(AroundInvokeInvocationContext.java:62)
	at io.quarkus.narayana.jta.runtime.interceptor.TransactionalInterceptorBase.invokeInOurTx(TransactionalInterceptorBase.java:136)
	at io.quarkus.narayana.jta.runtime.interceptor.TransactionalInterceptorBase.invokeInOurTx(TransactionalInterceptorBase.java:107)
	at io.quarkus.narayana.jta.runtime.interceptor.TransactionalInterceptorRequired.doIntercept(TransactionalInterceptorRequired.java:38)
	at io.quarkus.narayana.jta.runtime.interceptor.TransactionalInterceptorBase.intercept(TransactionalInterceptorBase.java:61)
	at io.quarkus.narayana.jta.runtime.interceptor.TransactionalInterceptorRequired.intercept(TransactionalInterceptorRequired.java:32)
	at io.quarkus.narayana.jta.runtime.interceptor.TransactionalInterceptorRequired_Bean.intercept(Unknown Source)
	at io.quarkus.arc.impl.InterceptorInvocation.invoke(InterceptorInvocation.java:42)
	at io.quarkus.arc.impl.AroundInvokeInvocationContext.perform(AroundInvokeInvocationContext.java:30)
	at io.quarkus.arc.impl.InvocationContexts.performAroundInvoke(InvocationContexts.java:27)
	at villagecompute.calendar.data.repositories.UserCalendarRepositoryTest_Subclass.testFindByUser(Unknown Source)
	at java.base/java.lang.reflect.Method.invoke(Method.java:580)
	at io.quarkus.test.junit.QuarkusTestExtension.runExtensionMethod(QuarkusTestExtension.java:1000)
	at io.quarkus.test.junit.QuarkusTestExtension.interceptTestMethod(QuarkusTestExtension.java:848)
	at java.base/java.util.ArrayList.forEach(ArrayList.java:1596)
	at java.base/java.util.ArrayList.forEach(ArrayList.java:1596)
Caused by: org.h2.jdbc.JdbcSQLIntegrityConstraintViolationException: Referential integrity constraint violation: "fk_user_calendars_template: public.user_calendars FOREIGN KEY(template_id) REFERENCES public.calendar_templates(id) (UUID 'ef69f396-5709-4c8a-bb6c-ef0e074458f0')"; SQL statement:
insert into user_calendars (configuration,created,generated_pdf_url,generated_svg,is_public,name,session_id,template_id,updated,user_id,version,"year",id) values (?,?,?,?,?,?,?,?,?,?,?,?,?) [23506-230]
	at org.h2.message.DbException.getJdbcSQLException(DbException.java:520)
	at org.h2.message.DbException.getJdbcSQLException(DbException.java:489)
	at org.h2.message.DbException.get(DbException.java:223)
	at org.h2.message.DbException.get(DbException.java:199)
	at org.h2.constraint.ConstraintReferential.checkRowOwnTable(ConstraintReferential.java:308)
	at org.h2.constraint.ConstraintReferential.checkRow(ConstraintReferential.java:249)
	at org.h2.table.Table.fireConstraints(Table.java:1227)
	at org.h2.table.Table.fireAfterRow(Table.java:1245)
	at org.h2.command.dml.Insert.insertRows(Insert.java:188)
	at org.h2.command.dml.Insert.update(Insert.java:135)
	at org.h2.command.dml.DataChangeStatement.update(DataChangeStatement.java:74)
	at org.h2.command.CommandContainer.update(CommandContainer.java:139)
	at org.h2.command.Command.executeUpdate(Command.java:304)
	at org.h2.command.Command.executeUpdate(Command.java:248)
	at org.h2.jdbc.JdbcPreparedStatement.executeUpdateInternal(JdbcPreparedStatement.java:213)
	at org.h2.jdbc.JdbcPreparedStatement.executeUpdate(JdbcPreparedStatement.java:172)
	at io.agroal.pool.wrapper.PreparedStatementWrapper.executeUpdate(PreparedStatementWrapper.java:90)
	at org.hibernate.engine.jdbc.internal.ResultSetReturnImpl.executeUpdate(ResultSetReturnImpl.java:190)
	... 44 more

[ERROR] villagecompute.calendar.data.repositories.UserCalendarRepositoryTest.testFindByYear -- Time elapsed: 0.005 s <<< ERROR!
org.hibernate.exception.ConstraintViolationException: 
could not execute statement [Referential integrity constraint violation: "fk_user_calendars_template: public.user_calendars FOREIGN KEY(template_id) REFERENCES public.calendar_templates(id) (UUID '55d8d082-c547-4d27-8e05-457152fd3eee')"; SQL statement:
insert into user_calendars (configuration,created,generated_pdf_url,generated_svg,is_public,name,session_id,template_id,updated,user_id,version,"year",id) values (?,?,?,?,?,?,?,?,?,?,?,?,?) [23506-230]] [insert into user_calendars (configuration,created,generated_pdf_url,generated_svg,is_public,name,session_id,template_id,updated,user_id,version,"year",id) values (?,?,?,?,?,?,?,?,?,?,?,?,?)]
	at org.hibernate.dialect.H2Dialect.lambda$buildSQLExceptionConversionDelegate$1(H2Dialect.java:853)
	at org.hibernate.exception.internal.StandardSQLExceptionConverter.convert(StandardSQLExceptionConverter.java:34)
	at org.hibernate.engine.jdbc.spi.SqlExceptionHelper.convert(SqlExceptionHelper.java:115)
	at org.hibernate.engine.jdbc.internal.ResultSetReturnImpl.executeUpdate(ResultSetReturnImpl.java:193)
	at org.hibernate.engine.jdbc.mutation.internal.AbstractMutationExecutor.performNonBatchedMutation(AbstractMutationExecutor.java:148)
	at org.hibernate.engine.jdbc.mutation.internal.MutationExecutorSingleNonBatched.performNonBatchedOperations(MutationExecutorSingleNonBatched.java:53)
	at org.hibernate.engine.jdbc.mutation.internal.AbstractMutationExecutor.execute(AbstractMutationExecutor.java:66)
	at org.hibernate.engine.jdbc.mutation.internal.AbstractMutationExecutor.execute(AbstractMutationExecutor.java:55)
	at org.hibernate.persister.entity.mutation.InsertCoordinatorStandard.doStaticInserts(InsertCoordinatorStandard.java:191)
	at org.hibernate.persister.entity.mutation.InsertCoordinatorStandard.coordinateInsert(InsertCoordinatorStandard.java:129)
	at org.hibernate.persister.entity.mutation.InsertCoordinatorStandard.insert(InsertCoordinatorStandard.java:101)
	at org.hibernate.action.internal.EntityInsertAction.execute(EntityInsertAction.java:113)
	at org.hibernate.engine.spi.ActionQueue.executeActions(ActionQueue.java:646)
	at org.hibernate.engine.spi.ActionQueue.executeActions(ActionQueue.java:513)
	at org.hibernate.event.internal.AbstractFlushingEventListener.performExecutions(AbstractFlushingEventListener.java:378)
	at org.hibernate.event.internal.DefaultAutoFlushEventListener.onAutoFlush(DefaultAutoFlushEventListener.java:67)
	at org.hibernate.event.service.internal.EventListenerGroupImpl.fireEventOnEachListener(EventListenerGroupImpl.java:140)
	at org.hibernate.internal.SessionImpl.autoFlushIfRequired(SessionImpl.java:1400)
	at org.hibernate.query.sqm.internal.ConcreteSqmSelectQueryPlan.lambda$new$1(ConcreteSqmSelectQueryPlan.java:138)
	at org.hibernate.query.sqm.internal.ConcreteSqmSelectQueryPlan.withCacheableSqmInterpretation(ConcreteSqmSelectQueryPlan.java:455)
	at org.hibernate.query.sqm.internal.ConcreteSqmSelectQueryPlan.performList(ConcreteSqmSelectQueryPlan.java:388)
	at org.hibernate.query.sqm.internal.SqmSelectionQueryImpl.doList(SqmSelectionQueryImpl.java:423)
	at org.hibernate.query.spi.AbstractSelectionQuery.list(AbstractSelectionQuery.java:154)
	at org.hibernate.query.SelectionQuery.getResultList(SelectionQuery.java:145)
	at io.quarkus.hibernate.orm.panache.common.runtime.CommonPanacheQueryImpl.list(CommonPanacheQueryImpl.java:301)
	at io.quarkus.hibernate.orm.panache.runtime.PanacheQueryImpl.list(PanacheQueryImpl.java:150)
	at villagecompute.calendar.data.repositories.UserCalendarRepository.findByYear(UserCalendarRepository.java:87)
	at villagecompute.calendar.data.repositories.UserCalendarRepository_ClientProxy.findByYear(Unknown Source)
	at villagecompute.calendar.data.repositories.UserCalendarRepositoryTest.testFindByYear(UserCalendarRepositoryTest.java:188)
	at villagecompute.calendar.data.repositories.UserCalendarRepositoryTest_Subclass.testFindByYear$$superforward(Unknown Source)
	at villagecompute.calendar.data.repositories.UserCalendarRepositoryTest_Subclass$$function$$6.apply(Unknown Source)
	at io.quarkus.arc.impl.AroundInvokeInvocationContext.proceed(AroundInvokeInvocationContext.java:73)
	at io.quarkus.arc.impl.AroundInvokeInvocationContext.proceed(AroundInvokeInvocationContext.java:62)
	at io.quarkus.narayana.jta.runtime.interceptor.TransactionalInterceptorBase.invokeInOurTx(TransactionalInterceptorBase.java:136)
	at io.quarkus.narayana.jta.runtime.interceptor.TransactionalInterceptorBase.invokeInOurTx(TransactionalInterceptorBase.java:107)
	at io.quarkus.narayana.jta.runtime.interceptor.TransactionalInterceptorRequired.doIntercept(TransactionalInterceptorRequired.java:38)
	at io.quarkus.narayana.jta.runtime.interceptor.TransactionalInterceptorBase.intercept(TransactionalInterceptorBase.java:61)
	at io.quarkus.narayana.jta.runtime.interceptor.TransactionalInterceptorRequired.intercept(TransactionalInterceptorRequired.java:32)
	at io.quarkus.narayana.jta.runtime.interceptor.TransactionalInterceptorRequired_Bean.intercept(Unknown Source)
	at io.quarkus.arc.impl.InterceptorInvocation.invoke(InterceptorInvocation.java:42)
	at io.quarkus.arc.impl.AroundInvokeInvocationContext.perform(AroundInvokeInvocationContext.java:30)
	at io.quarkus.arc.impl.InvocationContexts.performAroundInvoke(InvocationContexts.java:27)
	at villagecompute.calendar.data.repositories.UserCalendarRepositoryTest_Subclass.testFindByYear(Unknown Source)
	at java.base/java.lang.reflect.Method.invoke(Method.java:580)
	at io.quarkus.test.junit.QuarkusTestExtension.runExtensionMethod(QuarkusTestExtension.java:1000)
	at io.quarkus.test.junit.QuarkusTestExtension.interceptTestMethod(QuarkusTestExtension.java:848)
	at java.base/java.util.ArrayList.forEach(ArrayList.java:1596)
	at java.base/java.util.ArrayList.forEach(ArrayList.java:1596)
Caused by: org.h2.jdbc.JdbcSQLIntegrityConstraintViolationException: Referential integrity constraint violation: "fk_user_calendars_template: public.user_calendars FOREIGN KEY(template_id) REFERENCES public.calendar_templates(id) (UUID '55d8d082-c547-4d27-8e05-457152fd3eee')"; SQL statement:
insert into user_calendars (configuration,created,generated_pdf_url,generated_svg,is_public,name,session_id,template_id,updated,user_id,version,"year",id) values (?,?,?,?,?,?,?,?,?,?,?,?,?) [23506-230]
	at org.h2.message.DbException.getJdbcSQLException(DbException.java:520)
	at org.h2.message.DbException.getJdbcSQLException(DbException.java:489)
	at org.h2.message.DbException.get(DbException.java:223)
	at org.h2.message.DbException.get(DbException.java:199)
	at org.h2.constraint.ConstraintReferential.checkRowOwnTable(ConstraintReferential.java:308)
	at org.h2.constraint.ConstraintReferential.checkRow(ConstraintReferential.java:249)
	at org.h2.table.Table.fireConstraints(Table.java:1227)
	at org.h2.table.Table.fireAfterRow(Table.java:1245)
	at org.h2.command.dml.Insert.insertRows(Insert.java:188)
	at org.h2.command.dml.Insert.update(Insert.java:135)
	at org.h2.command.dml.DataChangeStatement.update(DataChangeStatement.java:74)
	at org.h2.command.CommandContainer.update(CommandContainer.java:139)
	at org.h2.command.Command.executeUpdate(Command.java:304)
	at org.h2.command.Command.executeUpdate(Command.java:248)
	at org.h2.jdbc.JdbcPreparedStatement.executeUpdateInternal(JdbcPreparedStatement.java:213)
	at org.h2.jdbc.JdbcPreparedStatement.executeUpdate(JdbcPreparedStatement.java:172)
	at io.agroal.pool.wrapper.PreparedStatementWrapper.executeUpdate(PreparedStatementWrapper.java:90)
	at org.hibernate.engine.jdbc.internal.ResultSetReturnImpl.executeUpdate(ResultSetReturnImpl.java:190)
	... 44 more

[ERROR] villagecompute.calendar.data.repositories.UserCalendarRepositoryTest.testFindByTemplate -- Time elapsed: 0.004 s <<< ERROR!
org.hibernate.exception.ConstraintViolationException: 
could not execute statement [Referential integrity constraint violation: "fk_user_calendars_template: public.user_calendars FOREIGN KEY(template_id) REFERENCES public.calendar_templates(id) (UUID '6fc7f582-7be1-4748-8164-940e6dad5691')"; SQL statement:
insert into user_calendars (configuration,created,generated_pdf_url,generated_svg,is_public,name,session_id,template_id,updated,user_id,version,"year",id) values (?,?,?,?,?,?,?,?,?,?,?,?,?) [23506-230]] [insert into user_calendars (configuration,created,generated_pdf_url,generated_svg,is_public,name,session_id,template_id,updated,user_id,version,"year",id) values (?,?,?,?,?,?,?,?,?,?,?,?,?)]
	at org.hibernate.dialect.H2Dialect.lambda$buildSQLExceptionConversionDelegate$1(H2Dialect.java:853)
	at org.hibernate.exception.internal.StandardSQLExceptionConverter.convert(StandardSQLExceptionConverter.java:34)
	at org.hibernate.engine.jdbc.spi.SqlExceptionHelper.convert(SqlExceptionHelper.java:115)
	at org.hibernate.engine.jdbc.internal.ResultSetReturnImpl.executeUpdate(ResultSetReturnImpl.java:193)
	at org.hibernate.engine.jdbc.mutation.internal.AbstractMutationExecutor.performNonBatchedMutation(AbstractMutationExecutor.java:148)
	at org.hibernate.engine.jdbc.mutation.internal.MutationExecutorSingleNonBatched.performNonBatchedOperations(MutationExecutorSingleNonBatched.java:53)
	at org.hibernate.engine.jdbc.mutation.internal.AbstractMutationExecutor.execute(AbstractMutationExecutor.java:66)
	at org.hibernate.engine.jdbc.mutation.internal.AbstractMutationExecutor.execute(AbstractMutationExecutor.java:55)
	at org.hibernate.persister.entity.mutation.InsertCoordinatorStandard.doStaticInserts(InsertCoordinatorStandard.java:191)
	at org.hibernate.persister.entity.mutation.InsertCoordinatorStandard.coordinateInsert(InsertCoordinatorStandard.java:129)
	at org.hibernate.persister.entity.mutation.InsertCoordinatorStandard.insert(InsertCoordinatorStandard.java:101)
	at org.hibernate.action.internal.EntityInsertAction.execute(EntityInsertAction.java:113)
	at org.hibernate.engine.spi.ActionQueue.executeActions(ActionQueue.java:646)
	at org.hibernate.engine.spi.ActionQueue.executeActions(ActionQueue.java:513)
	at org.hibernate.event.internal.AbstractFlushingEventListener.performExecutions(AbstractFlushingEventListener.java:378)
	at org.hibernate.event.internal.DefaultAutoFlushEventListener.onAutoFlush(DefaultAutoFlushEventListener.java:67)
	at org.hibernate.event.service.internal.EventListenerGroupImpl.fireEventOnEachListener(EventListenerGroupImpl.java:140)
	at org.hibernate.internal.SessionImpl.autoFlushIfRequired(SessionImpl.java:1400)
	at org.hibernate.query.sqm.internal.ConcreteSqmSelectQueryPlan.lambda$new$1(ConcreteSqmSelectQueryPlan.java:138)
	at org.hibernate.query.sqm.internal.ConcreteSqmSelectQueryPlan.withCacheableSqmInterpretation(ConcreteSqmSelectQueryPlan.java:455)
	at org.hibernate.query.sqm.internal.ConcreteSqmSelectQueryPlan.performList(ConcreteSqmSelectQueryPlan.java:388)
	at org.hibernate.query.sqm.internal.SqmSelectionQueryImpl.doList(SqmSelectionQueryImpl.java:423)
	at org.hibernate.query.spi.AbstractSelectionQuery.list(AbstractSelectionQuery.java:154)
	at org.hibernate.query.SelectionQuery.getResultList(SelectionQuery.java:145)
	at io.quarkus.hibernate.orm.panache.common.runtime.CommonPanacheQueryImpl.list(CommonPanacheQueryImpl.java:301)
	at io.quarkus.hibernate.orm.panache.runtime.PanacheQueryImpl.list(PanacheQueryImpl.java:150)
	at villagecompute.calendar.data.repositories.UserCalendarRepository.findByTemplate(UserCalendarRepository.java:77)
	at villagecompute.calendar.data.repositories.UserCalendarRepository_ClientProxy.findByTemplate(Unknown Source)
	at villagecompute.calendar.data.repositories.UserCalendarRepositoryTest.testFindByTemplate(UserCalendarRepositoryTest.java:172)
	at villagecompute.calendar.data.repositories.UserCalendarRepositoryTest_Subclass.testFindByTemplate$$superforward(Unknown Source)
	at villagecompute.calendar.data.repositories.UserCalendarRepositoryTest_Subclass$$function$$3.apply(Unknown Source)
	at io.quarkus.arc.impl.AroundInvokeInvocationContext.proceed(AroundInvokeInvocationContext.java:73)
	at io.quarkus.arc.impl.AroundInvokeInvocationContext.proceed(AroundInvokeInvocationContext.java:62)
	at io.quarkus.narayana.jta.runtime.interceptor.TransactionalInterceptorBase.invokeInOurTx(TransactionalInterceptorBase.java:136)
	at io.quarkus.narayana.jta.runtime.interceptor.TransactionalInterceptorBase.invokeInOurTx(TransactionalInterceptorBase.java:107)
	at io.quarkus.narayana.jta.runtime.interceptor.TransactionalInterceptorRequired.doIntercept(TransactionalInterceptorRequired.java:38)
	at io.quarkus.narayana.jta.runtime.interceptor.TransactionalInterceptorBase.intercept(TransactionalInterceptorBase.java:61)
	at io.quarkus.narayana.jta.runtime.interceptor.TransactionalInterceptorRequired.intercept(TransactionalInterceptorRequired.java:32)
	at io.quarkus.narayana.jta.runtime.interceptor.TransactionalInterceptorRequired_Bean.intercept(Unknown Source)
	at io.quarkus.arc.impl.InterceptorInvocation.invoke(InterceptorInvocation.java:42)
	at io.quarkus.arc.impl.AroundInvokeInvocationContext.perform(AroundInvokeInvocationContext.java:30)
	at io.quarkus.arc.impl.InvocationContexts.performAroundInvoke(InvocationContexts.java:27)
	at villagecompute.calendar.data.repositories.UserCalendarRepositoryTest_Subclass.testFindByTemplate(Unknown Source)
	at java.base/java.lang.reflect.Method.invoke(Method.java:580)
	at io.quarkus.test.junit.QuarkusTestExtension.runExtensionMethod(QuarkusTestExtension.java:1000)
	at io.quarkus.test.junit.QuarkusTestExtension.interceptTestMethod(QuarkusTestExtension.java:848)
	at java.base/java.util.ArrayList.forEach(ArrayList.java:1596)
	at java.base/java.util.ArrayList.forEach(ArrayList.java:1596)
Caused by: org.h2.jdbc.JdbcSQLIntegrityConstraintViolationException: Referential integrity constraint violation: "fk_user_calendars_template: public.user_calendars FOREIGN KEY(template_id) REFERENCES public.calendar_templates(id) (UUID '6fc7f582-7be1-4748-8164-940e6dad5691')"; SQL statement:
insert into user_calendars (configuration,created,generated_pdf_url,generated_svg,is_public,name,session_id,template_id,updated,user_id,version,"year",id) values (?,?,?,?,?,?,?,?,?,?,?,?,?) [23506-230]
	at org.h2.message.DbException.getJdbcSQLException(DbException.java:520)
	at org.h2.message.DbException.getJdbcSQLException(DbException.java:489)
	at org.h2.message.DbException.get(DbException.java:223)
	at org.h2.message.DbException.get(DbException.java:199)
	at org.h2.constraint.ConstraintReferential.checkRowOwnTable(ConstraintReferential.java:308)
	at org.h2.constraint.ConstraintReferential.checkRow(ConstraintReferential.java:249)
	at org.h2.table.Table.fireConstraints(Table.java:1227)
	at org.h2.table.Table.fireAfterRow(Table.java:1245)
	at org.h2.command.dml.Insert.insertRows(Insert.java:188)
	at org.h2.command.dml.Insert.update(Insert.java:135)
	at org.h2.command.dml.DataChangeStatement.update(DataChangeStatement.java:74)
	at org.h2.command.CommandContainer.update(CommandContainer.java:139)
	at org.h2.command.Command.executeUpdate(Command.java:304)
	at org.h2.command.Command.executeUpdate(Command.java:248)
	at org.h2.jdbc.JdbcPreparedStatement.executeUpdateInternal(JdbcPreparedStatement.java:213)
	at org.h2.jdbc.JdbcPreparedStatement.executeUpdate(JdbcPreparedStatement.java:172)
	at io.agroal.pool.wrapper.PreparedStatementWrapper.executeUpdate(PreparedStatementWrapper.java:90)
	at org.hibernate.engine.jdbc.internal.ResultSetReturnImpl.executeUpdate(ResultSetReturnImpl.java:190)
	... 44 more

[ERROR] villagecompute.calendar.data.repositories.UserCalendarRepositoryTest.testFindPublicById -- Time elapsed: 0.003 s <<< ERROR!
org.hibernate.exception.ConstraintViolationException: 
could not execute statement [Referential integrity constraint violation: "fk_user_calendars_template: public.user_calendars FOREIGN KEY(template_id) REFERENCES public.calendar_templates(id) (UUID 'b5aab825-44af-452f-b9fe-bbcb6727be7d')"; SQL statement:
insert into user_calendars (configuration,created,generated_pdf_url,generated_svg,is_public,name,session_id,template_id,updated,user_id,version,"year",id) values (?,?,?,?,?,?,?,?,?,?,?,?,?) [23506-230]] [insert into user_calendars (configuration,created,generated_pdf_url,generated_svg,is_public,name,session_id,template_id,updated,user_id,version,"year",id) values (?,?,?,?,?,?,?,?,?,?,?,?,?)]
	at org.hibernate.dialect.H2Dialect.lambda$buildSQLExceptionConversionDelegate$1(H2Dialect.java:853)
	at org.hibernate.exception.internal.StandardSQLExceptionConverter.convert(StandardSQLExceptionConverter.java:34)
	at org.hibernate.engine.jdbc.spi.SqlExceptionHelper.convert(SqlExceptionHelper.java:115)
	at org.hibernate.engine.jdbc.internal.ResultSetReturnImpl.executeUpdate(ResultSetReturnImpl.java:193)
	at org.hibernate.engine.jdbc.mutation.internal.AbstractMutationExecutor.performNonBatchedMutation(AbstractMutationExecutor.java:148)
	at org.hibernate.engine.jdbc.mutation.internal.MutationExecutorSingleNonBatched.performNonBatchedOperations(MutationExecutorSingleNonBatched.java:53)
	at org.hibernate.engine.jdbc.mutation.internal.AbstractMutationExecutor.execute(AbstractMutationExecutor.java:66)
	at org.hibernate.engine.jdbc.mutation.internal.AbstractMutationExecutor.execute(AbstractMutationExecutor.java:55)
	at org.hibernate.persister.entity.mutation.InsertCoordinatorStandard.doStaticInserts(InsertCoordinatorStandard.java:191)
	at org.hibernate.persister.entity.mutation.InsertCoordinatorStandard.coordinateInsert(InsertCoordinatorStandard.java:129)
	at org.hibernate.persister.entity.mutation.InsertCoordinatorStandard.insert(InsertCoordinatorStandard.java:101)
	at org.hibernate.action.internal.EntityInsertAction.execute(EntityInsertAction.java:113)
	at org.hibernate.engine.spi.ActionQueue.executeActions(ActionQueue.java:646)
	at org.hibernate.engine.spi.ActionQueue.executeActions(ActionQueue.java:513)
	at org.hibernate.event.internal.AbstractFlushingEventListener.performExecutions(AbstractFlushingEventListener.java:378)
	at org.hibernate.event.internal.DefaultAutoFlushEventListener.onAutoFlush(DefaultAutoFlushEventListener.java:67)
	at org.hibernate.event.service.internal.EventListenerGroupImpl.fireEventOnEachListener(EventListenerGroupImpl.java:140)
	at org.hibernate.internal.SessionImpl.autoFlushIfRequired(SessionImpl.java:1400)
	at org.hibernate.query.sqm.internal.ConcreteSqmSelectQueryPlan.lambda$new$1(ConcreteSqmSelectQueryPlan.java:138)
	at org.hibernate.query.sqm.internal.ConcreteSqmSelectQueryPlan.withCacheableSqmInterpretation(ConcreteSqmSelectQueryPlan.java:455)
	at org.hibernate.query.sqm.internal.ConcreteSqmSelectQueryPlan.performList(ConcreteSqmSelectQueryPlan.java:388)
	at org.hibernate.query.sqm.internal.SqmSelectionQueryImpl.doList(SqmSelectionQueryImpl.java:423)
	at org.hibernate.query.spi.AbstractSelectionQuery.list(AbstractSelectionQuery.java:154)
	at org.hibernate.query.SelectionQuery.getResultList(SelectionQuery.java:145)
	at io.quarkus.hibernate.orm.panache.common.runtime.CommonPanacheQueryImpl.firstResult(CommonPanacheQueryImpl.java:317)
	at io.quarkus.hibernate.orm.panache.common.runtime.CommonPanacheQueryImpl.firstResultOptional(CommonPanacheQueryImpl.java:323)
	at io.quarkus.hibernate.orm.panache.runtime.PanacheQueryImpl.firstResultOptional(PanacheQueryImpl.java:165)
	at villagecompute.calendar.data.repositories.UserCalendarRepository.findPublicById(UserCalendarRepository.java:57)
	at villagecompute.calendar.data.repositories.UserCalendarRepository_ClientProxy.findPublicById(Unknown Source)
	at villagecompute.calendar.data.repositories.UserCalendarRepositoryTest.testFindPublicById(UserCalendarRepositoryTest.java:132)
	at villagecompute.calendar.data.repositories.UserCalendarRepositoryTest_Subclass.testFindPublicById$$superforward(Unknown Source)
	at villagecompute.calendar.data.repositories.UserCalendarRepositoryTest_Subclass$$function$$7.apply(Unknown Source)
	at io.quarkus.arc.impl.AroundInvokeInvocationContext.proceed(AroundInvokeInvocationContext.java:73)
	at io.quarkus.arc.impl.AroundInvokeInvocationContext.proceed(AroundInvokeInvocationContext.java:62)
	at io.quarkus.narayana.jta.runtime.interceptor.TransactionalInterceptorBase.invokeInOurTx(TransactionalInterceptorBase.java:136)
	at io.quarkus.narayana.jta.runtime.interceptor.TransactionalInterceptorBase.invokeInOurTx(TransactionalInterceptorBase.java:107)
	at io.quarkus.narayana.jta.runtime.interceptor.TransactionalInterceptorRequired.doIntercept(TransactionalInterceptorRequired.java:38)
	at io.quarkus.narayana.jta.runtime.interceptor.TransactionalInterceptorBase.intercept(TransactionalInterceptorBase.java:61)
	at io.quarkus.narayana.jta.runtime.interceptor.TransactionalInterceptorRequired.intercept(TransactionalInterceptorRequired.java:32)
	at io.quarkus.narayana.jta.runtime.interceptor.TransactionalInterceptorRequired_Bean.intercept(Unknown Source)
	at io.quarkus.arc.impl.InterceptorInvocation.invoke(InterceptorInvocation.java:42)
	at io.quarkus.arc.impl.AroundInvokeInvocationContext.perform(AroundInvokeInvocationContext.java:30)
	at io.quarkus.arc.impl.InvocationContexts.performAroundInvoke(InvocationContexts.java:27)
	at villagecompute.calendar.data.repositories.UserCalendarRepositoryTest_Subclass.testFindPublicById(Unknown Source)
	at java.base/java.lang.reflect.Method.invoke(Method.java:580)
	at io.quarkus.test.junit.QuarkusTestExtension.runExtensionMethod(QuarkusTestExtension.java:1000)
	at io.quarkus.test.junit.QuarkusTestExtension.interceptTestMethod(QuarkusTestExtension.java:848)
	at java.base/java.util.ArrayList.forEach(ArrayList.java:1596)
	at java.base/java.util.ArrayList.forEach(ArrayList.java:1596)
Caused by: org.h2.jdbc.JdbcSQLIntegrityConstraintViolationException: Referential integrity constraint violation: "fk_user_calendars_template: public.user_calendars FOREIGN KEY(template_id) REFERENCES public.calendar_templates(id) (UUID 'b5aab825-44af-452f-b9fe-bbcb6727be7d')"; SQL statement:
insert into user_calendars (configuration,created,generated_pdf_url,generated_svg,is_public,name,session_id,template_id,updated,user_id,version,"year",id) values (?,?,?,?,?,?,?,?,?,?,?,?,?) [23506-230]
	at org.h2.message.DbException.getJdbcSQLException(DbException.java:520)
	at org.h2.message.DbException.getJdbcSQLException(DbException.java:489)
	at org.h2.message.DbException.get(DbException.java:223)
	at org.h2.message.DbException.get(DbException.java:199)
	at org.h2.constraint.ConstraintReferential.checkRowOwnTable(ConstraintReferential.java:308)
	at org.h2.constraint.ConstraintReferential.checkRow(ConstraintReferential.java:249)
	at org.h2.table.Table.fireConstraints(Table.java:1227)
	at org.h2.table.Table.fireAfterRow(Table.java:1245)
	at org.h2.command.dml.Insert.insertRows(Insert.java:188)
	at org.h2.command.dml.Insert.update(Insert.java:135)
	at org.h2.command.dml.DataChangeStatement.update(DataChangeStatement.java:74)
	at org.h2.command.CommandContainer.update(CommandContainer.java:139)
	at org.h2.command.Command.executeUpdate(Command.java:304)
	at org.h2.command.Command.executeUpdate(Command.java:248)
	at org.h2.jdbc.JdbcPreparedStatement.executeUpdateInternal(JdbcPreparedStatement.java:213)
	at org.h2.jdbc.JdbcPreparedStatement.executeUpdate(JdbcPreparedStatement.java:172)
	at io.agroal.pool.wrapper.PreparedStatementWrapper.executeUpdate(PreparedStatementWrapper.java:90)
	at org.hibernate.engine.jdbc.internal.ResultSetReturnImpl.executeUpdate(ResultSetReturnImpl.java:190)
	... 45 more

[ERROR] villagecompute.calendar.data.repositories.UserCalendarRepositoryTest.testFindBySession -- Time elapsed: 0.003 s <<< ERROR!
org.hibernate.exception.ConstraintViolationException: 
could not execute statement [Referential integrity constraint violation: "fk_user_calendars_template: public.user_calendars FOREIGN KEY(template_id) REFERENCES public.calendar_templates(id) (UUID '8ef3ced8-427b-40b5-9398-453895807ec8')"; SQL statement:
insert into user_calendars (configuration,created,generated_pdf_url,generated_svg,is_public,name,session_id,template_id,updated,user_id,version,"year",id) values (?,?,?,?,?,?,?,?,?,?,?,?,?) [23506-230]] [insert into user_calendars (configuration,created,generated_pdf_url,generated_svg,is_public,name,session_id,template_id,updated,user_id,version,"year",id) values (?,?,?,?,?,?,?,?,?,?,?,?,?)]
	at org.hibernate.dialect.H2Dialect.lambda$buildSQLExceptionConversionDelegate$1(H2Dialect.java:853)
	at org.hibernate.exception.internal.StandardSQLExceptionConverter.convert(StandardSQLExceptionConverter.java:34)
	at org.hibernate.engine.jdbc.spi.SqlExceptionHelper.convert(SqlExceptionHelper.java:115)
	at org.hibernate.engine.jdbc.internal.ResultSetReturnImpl.executeUpdate(ResultSetReturnImpl.java:193)
	at org.hibernate.engine.jdbc.mutation.internal.AbstractMutationExecutor.performNonBatchedMutation(AbstractMutationExecutor.java:148)
	at org.hibernate.engine.jdbc.mutation.internal.MutationExecutorSingleNonBatched.performNonBatchedOperations(MutationExecutorSingleNonBatched.java:53)
	at org.hibernate.engine.jdbc.mutation.internal.AbstractMutationExecutor.execute(AbstractMutationExecutor.java:66)
	at org.hibernate.engine.jdbc.mutation.internal.AbstractMutationExecutor.execute(AbstractMutationExecutor.java:55)
	at org.hibernate.persister.entity.mutation.InsertCoordinatorStandard.doStaticInserts(InsertCoordinatorStandard.java:191)
	at org.hibernate.persister.entity.mutation.InsertCoordinatorStandard.coordinateInsert(InsertCoordinatorStandard.java:129)
	at org.hibernate.persister.entity.mutation.InsertCoordinatorStandard.insert(InsertCoordinatorStandard.java:101)
	at org.hibernate.action.internal.EntityInsertAction.execute(EntityInsertAction.java:113)
	at org.hibernate.engine.spi.ActionQueue.executeActions(ActionQueue.java:646)
	at org.hibernate.engine.spi.ActionQueue.executeActions(ActionQueue.java:513)
	at org.hibernate.event.internal.AbstractFlushingEventListener.performExecutions(AbstractFlushingEventListener.java:378)
	at org.hibernate.event.internal.DefaultAutoFlushEventListener.onAutoFlush(DefaultAutoFlushEventListener.java:67)
	at org.hibernate.event.service.internal.EventListenerGroupImpl.fireEventOnEachListener(EventListenerGroupImpl.java:140)
	at org.hibernate.internal.SessionImpl.autoFlushIfRequired(SessionImpl.java:1400)
	at org.hibernate.query.sqm.internal.ConcreteSqmSelectQueryPlan.lambda$new$1(ConcreteSqmSelectQueryPlan.java:138)
	at org.hibernate.query.sqm.internal.ConcreteSqmSelectQueryPlan.withCacheableSqmInterpretation(ConcreteSqmSelectQueryPlan.java:455)
	at org.hibernate.query.sqm.internal.ConcreteSqmSelectQueryPlan.performList(ConcreteSqmSelectQueryPlan.java:388)
	at org.hibernate.query.sqm.internal.SqmSelectionQueryImpl.doList(SqmSelectionQueryImpl.java:423)
	at org.hibernate.query.spi.AbstractSelectionQuery.list(AbstractSelectionQuery.java:154)
	at org.hibernate.query.SelectionQuery.getResultList(SelectionQuery.java:145)
	at io.quarkus.hibernate.orm.panache.common.runtime.CommonPanacheQueryImpl.list(CommonPanacheQueryImpl.java:301)
	at io.quarkus.hibernate.orm.panache.runtime.PanacheQueryImpl.list(PanacheQueryImpl.java:150)
	at villagecompute.calendar.data.repositories.UserCalendarRepository.findBySession(UserCalendarRepository.java:47)
	at villagecompute.calendar.data.repositories.UserCalendarRepository_ClientProxy.findBySession(Unknown Source)
	at villagecompute.calendar.data.repositories.UserCalendarRepositoryTest.testFindBySession(UserCalendarRepositoryTest.java:112)
	at villagecompute.calendar.data.repositories.UserCalendarRepositoryTest_Subclass.testFindBySession$$superforward(Unknown Source)
	at villagecompute.calendar.data.repositories.UserCalendarRepositoryTest_Subclass$$function$$2.apply(Unknown Source)
	at io.quarkus.arc.impl.AroundInvokeInvocationContext.proceed(AroundInvokeInvocationContext.java:73)
	at io.quarkus.arc.impl.AroundInvokeInvocationContext.proceed(AroundInvokeInvocationContext.java:62)
	at io.quarkus.narayana.jta.runtime.interceptor.TransactionalInterceptorBase.invokeInOurTx(TransactionalInterceptorBase.java:136)
	at io.quarkus.narayana.jta.runtime.interceptor.TransactionalInterceptorBase.invokeInOurTx(TransactionalInterceptorBase.java:107)
	at io.quarkus.narayana.jta.runtime.interceptor.TransactionalInterceptorRequired.doIntercept(TransactionalInterceptorRequired.java:38)
	at io.quarkus.narayana.jta.runtime.interceptor.TransactionalInterceptorBase.intercept(TransactionalInterceptorBase.java:61)
	at io.quarkus.narayana.jta.runtime.interceptor.TransactionalInterceptorRequired.intercept(TransactionalInterceptorRequired.java:32)
	at io.quarkus.narayana.jta.runtime.interceptor.TransactionalInterceptorRequired_Bean.intercept(Unknown Source)
	at io.quarkus.arc.impl.InterceptorInvocation.invoke(InterceptorInvocation.java:42)
	at io.quarkus.arc.impl.AroundInvokeInvocationContext.perform(AroundInvokeInvocationContext.java:30)
	at io.quarkus.arc.impl.InvocationContexts.performAroundInvoke(InvocationContexts.java:27)
	at villagecompute.calendar.data.repositories.UserCalendarRepositoryTest_Subclass.testFindBySession(Unknown Source)
	at java.base/java.lang.reflect.Method.invoke(Method.java:580)
	at io.quarkus.test.junit.QuarkusTestExtension.runExtensionMethod(QuarkusTestExtension.java:1000)
	at io.quarkus.test.junit.QuarkusTestExtension.interceptTestMethod(QuarkusTestExtension.java:848)
	at java.base/java.util.ArrayList.forEach(ArrayList.java:1596)
	at java.base/java.util.ArrayList.forEach(ArrayList.java:1596)
Caused by: org.h2.jdbc.JdbcSQLIntegrityConstraintViolationException: Referential integrity constraint violation: "fk_user_calendars_template: public.user_calendars FOREIGN KEY(template_id) REFERENCES public.calendar_templates(id) (UUID '8ef3ced8-427b-40b5-9398-453895807ec8')"; SQL statement:
insert into user_calendars (configuration,created,generated_pdf_url,generated_svg,is_public,name,session_id,template_id,updated,user_id,version,"year",id) values (?,?,?,?,?,?,?,?,?,?,?,?,?) [23506-230]
	at org.h2.message.DbException.getJdbcSQLException(DbException.java:520)
	at org.h2.message.DbException.getJdbcSQLException(DbException.java:489)
	at org.h2.message.DbException.get(DbException.java:223)
	at org.h2.message.DbException.get(DbException.java:199)
	at org.h2.constraint.ConstraintReferential.checkRowOwnTable(ConstraintReferential.java:308)
	at org.h2.constraint.ConstraintReferential.checkRow(ConstraintReferential.java:249)
	at org.h2.table.Table.fireConstraints(Table.java:1227)
	at org.h2.table.Table.fireAfterRow(Table.java:1245)
	at org.h2.command.dml.Insert.insertRows(Insert.java:188)
	at org.h2.command.dml.Insert.update(Insert.java:135)
	at org.h2.command.dml.DataChangeStatement.update(DataChangeStatement.java:74)
	at org.h2.command.CommandContainer.update(CommandContainer.java:139)
	at org.h2.command.Command.executeUpdate(Command.java:304)
	at org.h2.command.Command.executeUpdate(Command.java:248)
	at org.h2.jdbc.JdbcPreparedStatement.executeUpdateInternal(JdbcPreparedStatement.java:213)
	at org.h2.jdbc.JdbcPreparedStatement.executeUpdate(JdbcPreparedStatement.java:172)
	at io.agroal.pool.wrapper.PreparedStatementWrapper.executeUpdate(PreparedStatementWrapper.java:90)
	at org.hibernate.engine.jdbc.internal.ResultSetReturnImpl.executeUpdate(ResultSetReturnImpl.java:190)
	... 44 more

[ERROR] villagecompute.calendar.data.repositories.UserCalendarRepositoryTest.testFindByUserAndYear -- Time elapsed: 0.003 s <<< ERROR!
org.hibernate.exception.ConstraintViolationException: 
could not execute statement [Referential integrity constraint violation: "fk_user_calendars_template: public.user_calendars FOREIGN KEY(template_id) REFERENCES public.calendar_templates(id) (UUID '317fc0e4-add7-4991-bc90-46c724f9bd22')"; SQL statement:
insert into user_calendars (configuration,created,generated_pdf_url,generated_svg,is_public,name,session_id,template_id,updated,user_id,version,"year",id) values (?,?,?,?,?,?,?,?,?,?,?,?,?) [23506-230]] [insert into user_calendars (configuration,created,generated_pdf_url,generated_svg,is_public,name,session_id,template_id,updated,user_id,version,"year",id) values (?,?,?,?,?,?,?,?,?,?,?,?,?)]
	at org.hibernate.dialect.H2Dialect.lambda$buildSQLExceptionConversionDelegate$1(H2Dialect.java:853)
	at org.hibernate.exception.internal.StandardSQLExceptionConverter.convert(StandardSQLExceptionConverter.java:34)
	at org.hibernate.engine.jdbc.spi.SqlExceptionHelper.convert(SqlExceptionHelper.java:115)
	at org.hibernate.engine.jdbc.internal.ResultSetReturnImpl.executeUpdate(ResultSetReturnImpl.java:193)
	at org.hibernate.engine.jdbc.mutation.internal.AbstractMutationExecutor.performNonBatchedMutation(AbstractMutationExecutor.java:148)
	at org.hibernate.engine.jdbc.mutation.internal.MutationExecutorSingleNonBatched.performNonBatchedOperations(MutationExecutorSingleNonBatched.java:53)
	at org.hibernate.engine.jdbc.mutation.internal.AbstractMutationExecutor.execute(AbstractMutationExecutor.java:66)
	at org.hibernate.engine.jdbc.mutation.internal.AbstractMutationExecutor.execute(AbstractMutationExecutor.java:55)
	at org.hibernate.persister.entity.mutation.InsertCoordinatorStandard.doStaticInserts(InsertCoordinatorStandard.java:191)
	at org.hibernate.persister.entity.mutation.InsertCoordinatorStandard.coordinateInsert(InsertCoordinatorStandard.java:129)
	at org.hibernate.persister.entity.mutation.InsertCoordinatorStandard.insert(InsertCoordinatorStandard.java:101)
	at org.hibernate.action.internal.EntityInsertAction.execute(EntityInsertAction.java:113)
	at org.hibernate.engine.spi.ActionQueue.executeActions(ActionQueue.java:646)
	at org.hibernate.engine.spi.ActionQueue.executeActions(ActionQueue.java:513)
	at org.hibernate.event.internal.AbstractFlushingEventListener.performExecutions(AbstractFlushingEventListener.java:378)
	at org.hibernate.event.internal.DefaultAutoFlushEventListener.onAutoFlush(DefaultAutoFlushEventListener.java:67)
	at org.hibernate.event.service.internal.EventListenerGroupImpl.fireEventOnEachListener(EventListenerGroupImpl.java:140)
	at org.hibernate.internal.SessionImpl.autoFlushIfRequired(SessionImpl.java:1400)
	at org.hibernate.query.sqm.internal.ConcreteSqmSelectQueryPlan.lambda$new$1(ConcreteSqmSelectQueryPlan.java:138)
	at org.hibernate.query.sqm.internal.ConcreteSqmSelectQueryPlan.withCacheableSqmInterpretation(ConcreteSqmSelectQueryPlan.java:455)
	at org.hibernate.query.sqm.internal.ConcreteSqmSelectQueryPlan.performList(ConcreteSqmSelectQueryPlan.java:388)
	at org.hibernate.query.sqm.internal.SqmSelectionQueryImpl.doList(SqmSelectionQueryImpl.java:423)
	at org.hibernate.query.spi.AbstractSelectionQuery.list(AbstractSelectionQuery.java:154)
	at org.hibernate.query.SelectionQuery.getResultList(SelectionQuery.java:145)
	at io.quarkus.hibernate.orm.panache.common.runtime.CommonPanacheQueryImpl.list(CommonPanacheQueryImpl.java:301)
	at io.quarkus.hibernate.orm.panache.runtime.PanacheQueryImpl.list(PanacheQueryImpl.java:150)
	at villagecompute.calendar.data.repositories.UserCalendarRepository.findByUserAndYear(UserCalendarRepository.java:27)
	at villagecompute.calendar.data.repositories.UserCalendarRepository_ClientProxy.findByUserAndYear(Unknown Source)
	at villagecompute.calendar.data.repositories.UserCalendarRepositoryTest.testFindByUserAndYear(UserCalendarRepositoryTest.java:73)
	at villagecompute.calendar.data.repositories.UserCalendarRepositoryTest_Subclass.testFindByUserAndYear$$superforward(Unknown Source)
	at villagecompute.calendar.data.repositories.UserCalendarRepositoryTest_Subclass$$function$$5.apply(Unknown Source)
	at io.quarkus.arc.impl.AroundInvokeInvocationContext.proceed(AroundInvokeInvocationContext.java:73)
	at io.quarkus.arc.impl.AroundInvokeInvocationContext.proceed(AroundInvokeInvocationContext.java:62)
	at io.quarkus.narayana.jta.runtime.interceptor.TransactionalInterceptorBase.invokeInOurTx(TransactionalInterceptorBase.java:136)
	at io.quarkus.narayana.jta.runtime.interceptor.TransactionalInterceptorBase.invokeInOurTx(TransactionalInterceptorBase.java:107)
	at io.quarkus.narayana.jta.runtime.interceptor.TransactionalInterceptorRequired.doIntercept(TransactionalInterceptorRequired.java:38)
	at io.quarkus.narayana.jta.runtime.interceptor.TransactionalInterceptorBase.intercept(TransactionalInterceptorBase.java:61)
	at io.quarkus.narayana.jta.runtime.interceptor.TransactionalInterceptorRequired.intercept(TransactionalInterceptorRequired.java:32)
	at io.quarkus.narayana.jta.runtime.interceptor.TransactionalInterceptorRequired_Bean.intercept(Unknown Source)
	at io.quarkus.arc.impl.InterceptorInvocation.invoke(InterceptorInvocation.java:42)
	at io.quarkus.arc.impl.AroundInvokeInvocationContext.perform(AroundInvokeInvocationContext.java:30)
	at io.quarkus.arc.impl.InvocationContexts.performAroundInvoke(InvocationContexts.java:27)
	at villagecompute.calendar.data.repositories.UserCalendarRepositoryTest_Subclass.testFindByUserAndYear(Unknown Source)
	at java.base/java.lang.reflect.Method.invoke(Method.java:580)
	at io.quarkus.test.junit.QuarkusTestExtension.runExtensionMethod(QuarkusTestExtension.java:1000)
	at io.quarkus.test.junit.QuarkusTestExtension.interceptTestMethod(QuarkusTestExtension.java:848)
	at java.base/java.util.ArrayList.forEach(ArrayList.java:1596)
	at java.base/java.util.ArrayList.forEach(ArrayList.java:1596)
Caused by: org.h2.jdbc.JdbcSQLIntegrityConstraintViolationException: Referential integrity constraint violation: "fk_user_calendars_template: public.user_calendars FOREIGN KEY(template_id) REFERENCES public.calendar_templates(id) (UUID '317fc0e4-add7-4991-bc90-46c724f9bd22')"; SQL statement:
insert into user_calendars (configuration,created,generated_pdf_url,generated_svg,is_public,name,session_id,template_id,updated,user_id,version,"year",id) values (?,?,?,?,?,?,?,?,?,?,?,?,?) [23506-230]
	at org.h2.message.DbException.getJdbcSQLException(DbException.java:520)
	at org.h2.message.DbException.getJdbcSQLException(DbException.java:489)
	at org.h2.message.DbException.get(DbException.java:223)
	at org.h2.message.DbException.get(DbException.java:199)
	at org.h2.constraint.ConstraintReferential.checkRowOwnTable(ConstraintReferential.java:308)
	at org.h2.constraint.ConstraintReferential.checkRow(ConstraintReferential.java:249)
	at org.h2.table.Table.fireConstraints(Table.java:1227)
	at org.h2.table.Table.fireAfterRow(Table.java:1245)
	at org.h2.command.dml.Insert.insertRows(Insert.java:188)
	at org.h2.command.dml.Insert.update(Insert.java:135)
	at org.h2.command.dml.DataChangeStatement.update(DataChangeStatement.java:74)
	at org.h2.command.CommandContainer.update(CommandContainer.java:139)
	at org.h2.command.Command.executeUpdate(Command.java:304)
	at org.h2.command.Command.executeUpdate(Command.java:248)
	at org.h2.jdbc.JdbcPreparedStatement.executeUpdateInternal(JdbcPreparedStatement.java:213)
	at org.h2.jdbc.JdbcPreparedStatement.executeUpdate(JdbcPreparedStatement.java:172)
	at io.agroal.pool.wrapper.PreparedStatementWrapper.executeUpdate(PreparedStatementWrapper.java:90)
	at org.hibernate.engine.jdbc.internal.ResultSetReturnImpl.executeUpdate(ResultSetReturnImpl.java:190)
	... 44 more

[INFO] Running villagecompute.calendar.integration.AuthenticationIntegrationTest
[Hibernate] 
    select
        cu1_0.id,
        cu1_0.created,
        cu1_0.display_name,
        cu1_0.email,
        cu1_0.is_admin,
        cu1_0.last_login_at,
        cu1_0.oauth_provider,
        cu1_0.oauth_subject,
        cu1_0.profile_image_url,
        cu1_0.updated,
        cu1_0.version 
    from
        calendar_users cu1_0 
    where
        cu1_0.oauth_provider=? 
        and cu1_0.oauth_subject=? 
    fetch
        first ? rows only
2025-10-17 04:13:22,474 INFO  [vil.cal.ser.AuthenticationService] (main) Handling OAuth callback for provider: google
2025-10-17 04:13:22,474 WARN  [vil.cal.ser.AuthenticationService] (main) UserInfo not available, using SecurityIdentity attributes
2025-10-17 04:13:22,474 INFO  [vil.cal.ser.AuthenticationService] (main) OAuth user info - subject: auth-int-test-subject-1760688802472, email: auth-integration@example.com, name: Auth Integration Test User
[Hibernate] 
    select
        cu1_0.id,
        cu1_0.created,
        cu1_0.display_name,
        cu1_0.email,
        cu1_0.is_admin,
        cu1_0.last_login_at,
        cu1_0.oauth_provider,
        cu1_0.oauth_subject,
        cu1_0.profile_image_url,
        cu1_0.updated,
        cu1_0.version 
    from
        calendar_users cu1_0 
    where
        cu1_0.oauth_provider=? 
        and cu1_0.oauth_subject=? 
    fetch
        first ? rows only
2025-10-17 04:13:22,475 INFO  [vil.cal.ser.AuthenticationService] (main) Created new user: auth-integration@example.com (ID: 4d7911d3-5f9d-4cb4-8776-b02a02b9e8ab)
[Hibernate] 
    insert 
    into
        calendar_users
        (created, display_name, email, is_admin, last_login_at, oauth_provider, oauth_subject, profile_image_url, updated, version, id) 
    values
        (?, ?, ?, ?, ?, ?, ?, ?, ?, ?, ?)
[Hibernate] 
    select
        cu1_0.id,
        cu1_0.created,
        cu1_0.display_name,
        cu1_0.email,
        cu1_0.is_admin,
        cu1_0.last_login_at,
        cu1_0.oauth_provider,
        cu1_0.oauth_subject,
        cu1_0.profile_image_url,
        cu1_0.updated,
        cu1_0.version 
    from
        calendar_users cu1_0 
    where
        cu1_0.oauth_provider=? 
        and cu1_0.oauth_subject=? 
    fetch
        first ? rows only
[Hibernate] 
    select
        cu1_0.id,
        cu1_0.created,
        cu1_0.display_name,
        cu1_0.email,
        cu1_0.is_admin,
        cu1_0.last_login_at,
        cu1_0.oauth_provider,
        cu1_0.oauth_subject,
        cu1_0.profile_image_url,
        cu1_0.updated,
        cu1_0.version 
    from
        calendar_users cu1_0 
    where
        cu1_0.id=?
[Hibernate] 
    select
        c1_0.user_id,
        c1_0.id,
        c1_0.configuration,
        c1_0.created,
        c1_0.generated_pdf_url,
        c1_0.generated_svg,
        c1_0.is_public,
        c1_0.name,
        c1_0.session_id,
        t1_0.id,
        t1_0.configuration,
        t1_0.created,
        t1_0.description,
        t1_0.display_order,
        t1_0.is_active,
        t1_0.is_featured,
        t1_0.name,
        t1_0.preview_svg,
        t1_0.thumbnail_url,
        t1_0.updated,
        t1_0.version,
        c1_0.updated,
        c1_0.version,
        c1_0."year" 
    from
        user_calendars c1_0 
    left join
        calendar_templates t1_0 
            on t1_0.id=c1_0.template_id 
    where
        c1_0.user_id=?
[Hibernate] 
    select
        o1_0.user_id,
        o1_0.id,
        o1_0.calendar_id,
        c1_0.id,
        c1_0.configuration,
        c1_0.created,
        c1_0.generated_pdf_url,
        c1_0.generated_svg,
        c1_0.is_public,
        c1_0.name,
        c1_0.session_id,
        t1_0.id,
        t1_0.configuration,
        t1_0.created,
        t1_0.description,
        t1_0.display_order,
        t1_0.is_active,
        t1_0.is_featured,
        t1_0.name,
        t1_0.preview_svg,
        t1_0.thumbnail_url,
        t1_0.updated,
        t1_0.version,
        c1_0.updated,
        u1_0.id,
        u1_0.created,
        u1_0.display_name,
        u1_0.email,
        u1_0.is_admin,
        u1_0.last_login_at,
        u1_0.oauth_provider,
        u1_0.oauth_subject,
        u1_0.profile_image_url,
        u1_0.updated,
        u1_0.version,
        c1_0.version,
        c1_0."year",
        o1_0.created,
        o1_0.notes,
        o1_0.paid_at,
        o1_0.quantity,
        o1_0.shipped_at,
        o1_0.shipping_address,
        o1_0.status,
        o1_0.stripe_charge_id,
        o1_0.stripe_payment_intent_id,
        o1_0.total_price,
        o1_0.unit_price,
        o1_0.updated,
        o1_0.version 
    from
        calendar_orders o1_0 
    left join
        user_calendars c1_0 
            on c1_0.id=o1_0.calendar_id 
    left join
        calendar_templates t1_0 
            on t1_0.id=c1_0.template_id 
    left join
        calendar_users u1_0 
            on u1_0.id=c1_0.user_id 
    where
        o1_0.user_id=?
[Hibernate] 
    delete 
    from
        calendar_users 
    where
        id=? 
        and version=?
[Hibernate] 
    delete 
    from
        calendar_users cu1_0 
    where
        cu1_0.email=?
2025-10-17 04:13:22,482 INFO  [vil.cal.ser.AuthenticationService] (main) Handling OAuth callback for provider: google
2025-10-17 04:13:22,482 WARN  [vil.cal.ser.AuthenticationService] (main) UserInfo not available, using SecurityIdentity attributes
2025-10-17 04:13:22,482 INFO  [vil.cal.ser.AuthenticationService] (main) OAuth user info - subject: update-test-subject-1760688802482, email: new-email@example.com, name: New Name
[Hibernate] 
    insert 
    into
        calendar_users
        (created, display_name, email, is_admin, last_login_at, oauth_provider, oauth_subject, profile_image_url, updated, version, id) 
    values
        (?, ?, ?, ?, ?, ?, ?, ?, ?, ?, ?)
[Hibernate] 
    select
        cu1_0.id,
        cu1_0.created,
        cu1_0.display_name,
        cu1_0.email,
        cu1_0.is_admin,
        cu1_0.last_login_at,
        cu1_0.oauth_provider,
        cu1_0.oauth_subject,
        cu1_0.profile_image_url,
        cu1_0.updated,
        cu1_0.version 
    from
        calendar_users cu1_0 
    where
        cu1_0.oauth_provider=? 
        and cu1_0.oauth_subject=? 
    fetch
        first ? rows only
2025-10-17 04:13:22,483 INFO  [vil.cal.ser.AuthenticationService] (main) Found existing user: old-email@example.com (ID: e35f902a-4c3d-4b98-91c3-041f10e59c6a)
2025-10-17 04:13:22,483 INFO  [vil.cal.ser.AuthenticationService] (main) Updated existing user's last login: new-email@example.com
[Hibernate] 
    update
        calendar_users 
    set
        display_name=?,
        email=?,
        is_admin=?,
        last_login_at=?,
        oauth_provider=?,
        oauth_subject=?,
        profile_image_url=?,
        updated=?,
        version=? 
    where
        id=? 
        and version=?
[Hibernate] 
    select
        count(*) 
    from
        calendar_users cu1_0 
    where
        cu1_0.oauth_provider=? 
        and cu1_0.oauth_subject=?
[Hibernate] 
    select
        cu1_0.id,
        cu1_0.created,
        cu1_0.display_name,
        cu1_0.email,
        cu1_0.is_admin,
        cu1_0.last_login_at,
        cu1_0.oauth_provider,
        cu1_0.oauth_subject,
        cu1_0.profile_image_url,
        cu1_0.updated,
        cu1_0.version 
    from
        calendar_users cu1_0 
    where
        cu1_0.id=?
[Hibernate] 
    select
        c1_0.user_id,
        c1_0.id,
        c1_0.configuration,
        c1_0.created,
        c1_0.generated_pdf_url,
        c1_0.generated_svg,
        c1_0.is_public,
        c1_0.name,
        c1_0.session_id,
        t1_0.id,
        t1_0.configuration,
        t1_0.created,
        t1_0.description,
        t1_0.display_order,
        t1_0.is_active,
        t1_0.is_featured,
        t1_0.name,
        t1_0.preview_svg,
        t1_0.thumbnail_url,
        t1_0.updated,
        t1_0.version,
        c1_0.updated,
        c1_0.version,
        c1_0."year" 
    from
        user_calendars c1_0 
    left join
        calendar_templates t1_0 
            on t1_0.id=c1_0.template_id 
    where
        c1_0.user_id=?
[Hibernate] 
    select
        o1_0.user_id,
        o1_0.id,
        o1_0.calendar_id,
        c1_0.id,
        c1_0.configuration,
        c1_0.created,
        c1_0.generated_pdf_url,
        c1_0.generated_svg,
        c1_0.is_public,
        c1_0.name,
        c1_0.session_id,
        t1_0.id,
        t1_0.configuration,
        t1_0.created,
        t1_0.description,
        t1_0.display_order,
        t1_0.is_active,
        t1_0.is_featured,
        t1_0.name,
        t1_0.preview_svg,
        t1_0.thumbnail_url,
        t1_0.updated,
        t1_0.version,
        c1_0.updated,
        u1_0.id,
        u1_0.created,
        u1_0.display_name,
        u1_0.email,
        u1_0.is_admin,
        u1_0.last_login_at,
        u1_0.oauth_provider,
        u1_0.oauth_subject,
        u1_0.profile_image_url,
        u1_0.updated,
        u1_0.version,
        c1_0.version,
        c1_0."year",
        o1_0.created,
        o1_0.notes,
        o1_0.paid_at,
        o1_0.quantity,
        o1_0.shipped_at,
        o1_0.shipping_address,
        o1_0.status,
        o1_0.stripe_charge_id,
        o1_0.stripe_payment_intent_id,
        o1_0.total_price,
        o1_0.unit_price,
        o1_0.updated,
        o1_0.version 
    from
        calendar_orders o1_0 
    left join
        user_calendars c1_0 
            on c1_0.id=o1_0.calendar_id 
    left join
        calendar_templates t1_0 
            on t1_0.id=c1_0.template_id 
    left join
        calendar_users u1_0 
            on u1_0.id=c1_0.user_id 
    where
        o1_0.user_id=?
[Hibernate] 
    delete 
    from
        calendar_users 
    where
        id=? 
        and version=?
[Hibernate] 
    delete 
    from
        calendar_users cu1_0 
    where
        cu1_0.email=?
2025-10-17 04:13:22,486 INFO  [vil.cal.ser.AuthenticationService] (main) Handling OAuth callback for provider: google
2025-10-17 04:13:22,486 WARN  [vil.cal.ser.AuthenticationService] (main) UserInfo not available, using SecurityIdentity attributes
2025-10-17 04:13:22,486 ERROR [vil.cal.ser.AuthenticationService] (main) Email not found in UserInfo or SecurityIdentity. UserInfo available: false
[Hibernate] 
    delete 
    from
        calendar_users cu1_0 
    where
        cu1_0.email=?
2025-10-17 04:13:22,488 INFO  [vil.cal.ser.AuthenticationService] (main) Issuing JWT for user: jwt-test@example.com (ID: 11de3b7a-2477-4baf-b49c-8db3a1a023fc)
2025-10-17 04:13:22,509 INFO  [vil.cal.ser.AuthenticationService] (main) Successfully issued JWT for user: jwt-test@example.com
[Hibernate] 
    insert 
    into
        calendar_users
        (created, display_name, email, is_admin, last_login_at, oauth_provider, oauth_subject, profile_image_url, updated, version, id) 
    values
        (?, ?, ?, ?, ?, ?, ?, ?, ?, ?, ?)
[Hibernate] 
    select
        cu1_0.id,
        cu1_0.created,
        cu1_0.display_name,
        cu1_0.email,
        cu1_0.is_admin,
        cu1_0.last_login_at,
        cu1_0.oauth_provider,
        cu1_0.oauth_subject,
        cu1_0.profile_image_url,
        cu1_0.updated,
        cu1_0.version 
    from
        calendar_users cu1_0 
    where
        cu1_0.id=?
[Hibernate] 
    select
        c1_0.user_id,
        c1_0.id,
        c1_0.configuration,
        c1_0.created,
        c1_0.generated_pdf_url,
        c1_0.generated_svg,
        c1_0.is_public,
        c1_0.name,
        c1_0.session_id,
        t1_0.id,
        t1_0.configuration,
        t1_0.created,
        t1_0.description,
        t1_0.display_order,
        t1_0.is_active,
        t1_0.is_featured,
        t1_0.name,
        t1_0.preview_svg,
        t1_0.thumbnail_url,
        t1_0.updated,
        t1_0.version,
        c1_0.updated,
        c1_0.version,
        c1_0."year" 
    from
        user_calendars c1_0 
    left join
        calendar_templates t1_0 
            on t1_0.id=c1_0.template_id 
    where
        c1_0.user_id=?
[Hibernate] 
    select
        o1_0.user_id,
        o1_0.id,
        o1_0.calendar_id,
        c1_0.id,
        c1_0.configuration,
        c1_0.created,
        c1_0.generated_pdf_url,
        c1_0.generated_svg,
        c1_0.is_public,
        c1_0.name,
        c1_0.session_id,
        t1_0.id,
        t1_0.configuration,
        t1_0.created,
        t1_0.description,
        t1_0.display_order,
        t1_0.is_active,
        t1_0.is_featured,
        t1_0.name,
        t1_0.preview_svg,
        t1_0.thumbnail_url,
        t1_0.updated,
        t1_0.version,
        c1_0.updated,
        u1_0.id,
        u1_0.created,
        u1_0.display_name,
        u1_0.email,
        u1_0.is_admin,
        u1_0.last_login_at,
        u1_0.oauth_provider,
        u1_0.oauth_subject,
        u1_0.profile_image_url,
        u1_0.updated,
        u1_0.version,
        c1_0.version,
        c1_0."year",
        o1_0.created,
        o1_0.notes,
        o1_0.paid_at,
        o1_0.quantity,
        o1_0.shipped_at,
        o1_0.shipping_address,
        o1_0.status,
        o1_0.stripe_charge_id,
        o1_0.stripe_payment_intent_id,
        o1_0.total_price,
        o1_0.unit_price,
        o1_0.updated,
        o1_0.version 
    from
        calendar_orders o1_0 
    left join
        user_calendars c1_0 
            on c1_0.id=o1_0.calendar_id 
    left join
        calendar_templates t1_0 
            on t1_0.id=c1_0.template_id 
    left join
        calendar_users u1_0 
            on u1_0.id=c1_0.user_id 
    where
        o1_0.user_id=?
[Hibernate] 
    delete 
    from
        calendar_users 
    where
        id=? 
        and version=?
[Hibernate] 
    delete 
    from
        calendar_users cu1_0 
    where
        cu1_0.email=?
2025-10-17 04:13:22,514 INFO  [vil.cal.ser.AuthenticationService] (main) Issuing JWT for user: user1@example.com (ID: 51ab8ee4-a81e-4e16-9017-789796beb26b)
2025-10-17 04:13:22,522 INFO  [vil.cal.ser.AuthenticationService] (main) Successfully issued JWT for user: user1@example.com
2025-10-17 04:13:22,522 INFO  [vil.cal.ser.AuthenticationService] (main) Issuing JWT for user: user2@example.com (ID: 95a2928d-1739-4956-949a-e605049306a6)
2025-10-17 04:13:22,530 INFO  [vil.cal.ser.AuthenticationService] (main) Successfully issued JWT for user: user2@example.com
[Hibernate] 
    insert 
    into
        calendar_users
        (created, display_name, email, is_admin, last_login_at, oauth_provider, oauth_subject, profile_image_url, updated, version, id) 
    values
        (?, ?, ?, ?, ?, ?, ?, ?, ?, ?, ?)
[Hibernate] 
    insert 
    into
        calendar_users
        (created, display_name, email, is_admin, last_login_at, oauth_provider, oauth_subject, profile_image_url, updated, version, id) 
    values
        (?, ?, ?, ?, ?, ?, ?, ?, ?, ?, ?)
[Hibernate] 
    delete 
    from
        calendar_users 
    where
        id=? 
        and version=?
[Hibernate] 
    select
        cu1_0.id,
        cu1_0.created,
        cu1_0.display_name,
        cu1_0.email,
        cu1_0.is_admin,
        cu1_0.last_login_at,
        cu1_0.oauth_provider,
        cu1_0.oauth_subject,
        cu1_0.profile_image_url,
        cu1_0.updated,
        cu1_0.version 
    from
        calendar_users cu1_0 
    where
        cu1_0.id=?
[Hibernate] 
    select
        c1_0.user_id,
        c1_0.id,
        c1_0.configuration,
        c1_0.created,
        c1_0.generated_pdf_url,
        c1_0.generated_svg,
        c1_0.is_public,
        c1_0.name,
        c1_0.session_id,
        t1_0.id,
        t1_0.configuration,
        t1_0.created,
        t1_0.description,
        t1_0.display_order,
        t1_0.is_active,
        t1_0.is_featured,
        t1_0.name,
        t1_0.preview_svg,
        t1_0.thumbnail_url,
        t1_0.updated,
        t1_0.version,
        c1_0.updated,
        c1_0.version,
        c1_0."year" 
    from
        user_calendars c1_0 
    left join
        calendar_templates t1_0 
            on t1_0.id=c1_0.template_id 
    where
        c1_0.user_id=?
[Hibernate] 
    select
        o1_0.user_id,
        o1_0.id,
        o1_0.calendar_id,
        c1_0.id,
        c1_0.configuration,
        c1_0.created,
        c1_0.generated_pdf_url,
        c1_0.generated_svg,
        c1_0.is_public,
        c1_0.name,
        c1_0.session_id,
        t1_0.id,
        t1_0.configuration,
        t1_0.created,
        t1_0.description,
        t1_0.display_order,
        t1_0.is_active,
        t1_0.is_featured,
        t1_0.name,
        t1_0.preview_svg,
        t1_0.thumbnail_url,
        t1_0.updated,
        t1_0.version,
        c1_0.updated,
        u1_0.id,
        u1_0.created,
        u1_0.display_name,
        u1_0.email,
        u1_0.is_admin,
        u1_0.last_login_at,
        u1_0.oauth_provider,
        u1_0.oauth_subject,
        u1_0.profile_image_url,
        u1_0.updated,
        u1_0.version,
        c1_0.version,
        c1_0."year",
        o1_0.created,
        o1_0.notes,
        o1_0.paid_at,
        o1_0.quantity,
        o1_0.shipped_at,
        o1_0.shipping_address,
        o1_0.status,
        o1_0.stripe_charge_id,
        o1_0.stripe_payment_intent_id,
        o1_0.total_price,
        o1_0.unit_price,
        o1_0.updated,
        o1_0.version 
    from
        calendar_orders o1_0 
    left join
        user_calendars c1_0 
            on c1_0.id=o1_0.calendar_id 
    left join
        calendar_templates t1_0 
            on t1_0.id=c1_0.template_id 
    left join
        calendar_users u1_0 
            on u1_0.id=c1_0.user_id 
    where
        o1_0.user_id=?
[Hibernate] 
    delete 
    from
        calendar_users 
    where
        id=? 
        and version=?
[Hibernate] 
    delete 
    from
        calendar_users cu1_0 
    where
        cu1_0.email=?
[Hibernate] 
    delete 
    from
        calendar_users cu1_0 
    where
        cu1_0.email=?
2025-10-17 04:13:22,569 ERROR [io.sma.graphql] (vert.x-eventloop-thread-5) SRGQL012000: Data Fetching Error: io.quarkus.security.UnauthorizedException
	at io.quarkus.security.runtime.interceptor.check.RolesAllowedCheck.doApply(RolesAllowedCheck.java:70)
	at io.quarkus.security.runtime.interceptor.check.RolesAllowedCheck.apply(RolesAllowedCheck.java:55)
	at io.quarkus.security.runtime.interceptor.SecurityConstrainer.check(SecurityConstrainer.java:83)
	at io.quarkus.security.runtime.interceptor.SecurityHandler.handle(SecurityHandler.java:46)
	at io.quarkus.security.runtime.interceptor.RolesAllowedInterceptor.intercept(RolesAllowedInterceptor.java:29)
	at io.quarkus.security.runtime.interceptor.RolesAllowedInterceptor_Bean.intercept(Unknown Source)
	at io.quarkus.arc.impl.InterceptorInvocation.invoke(InterceptorInvocation.java:42)
	at io.quarkus.arc.impl.AroundInvokeInvocationContext.proceed(AroundInvokeInvocationContext.java:70)
	at io.quarkus.arc.impl.AroundInvokeInvocationContext.proceed(AroundInvokeInvocationContext.java:62)
	at io.quarkus.resteasy.reactive.server.runtime.StandardSecurityCheckInterceptor.intercept(StandardSecurityCheckInterceptor.java:44)
	at io.quarkus.resteasy.reactive.server.runtime.StandardSecurityCheckInterceptor_RolesAllowedInterceptor_Bean.intercept(Unknown Source)
	at io.quarkus.arc.impl.InterceptorInvocation.invoke(InterceptorInvocation.java:42)
	at io.quarkus.arc.impl.AroundInvokeInvocationContext.perform(AroundInvokeInvocationContext.java:30)
	at io.quarkus.arc.impl.InvocationContexts.performAroundInvoke(InvocationContexts.java:27)
	at villagecompute.calendar.api.graphql.CalendarGraphQL_Subclass.myCalendars(Unknown Source)
	at villagecompute.calendar.api.graphql.CalendarGraphQL_ClientProxy.myCalendars(Unknown Source)
	at java.base/jdk.internal.reflect.DirectMethodHandleAccessor.invoke(DirectMethodHandleAccessor.java:103)
	at java.base/java.lang.reflect.Method.invoke(Method.java:580)
	at io.smallrye.graphql.execution.datafetcher.helper.ReflectionInvoker.invoke(ReflectionInvoker.java:97)
	at io.quarkus.smallrye.graphql.runtime.spi.datafetcher.QuarkusDefaultDataFetcher.lambda$invokeAndTransformBlocking$0(QuarkusDefaultDataFetcher.java:84)
	at io.smallrye.context.impl.wrappers.SlowContextualCallable.call(SlowContextualCallable.java:21)
	at io.vertx.core.impl.ContextImpl.lambda$executeBlocking$4(ContextImpl.java:192)
	at io.vertx.core.impl.ContextInternal.dispatch(ContextInternal.java:270)
	at io.vertx.core.impl.ContextImpl$1.execute(ContextImpl.java:221)
	at io.vertx.core.impl.WorkerTask.run(WorkerTask.java:56)
	at io.vertx.core.impl.TaskQueue.run(TaskQueue.java:81)
	at io.quarkus.vertx.core.runtime.VertxCoreRecorder$15.runWith(VertxCoreRecorder.java:645)
	at org.jboss.threads.EnhancedQueueExecutor$Task.doRunWith(EnhancedQueueExecutor.java:2651)
	at org.jboss.threads.EnhancedQueueExecutor$Task.run(EnhancedQueueExecutor.java:2630)
	at org.jboss.threads.EnhancedQueueExecutor.runThreadBody(EnhancedQueueExecutor.java:1622)
	at org.jboss.threads.EnhancedQueueExecutor$ThreadBody.run(EnhancedQueueExecutor.java:1589)
	at org.jboss.threads.DelegatingRunnable.run(DelegatingRunnable.java:11)
	at org.jboss.threads.ThreadLocalResettingRunnable.run(ThreadLocalResettingRunnable.java:11)
	at io.netty.util.concurrent.FastThreadLocalRunnable.run(FastThreadLocalRunnable.java:30)
	at java.base/java.lang.Thread.run(Thread.java:1583)

[Hibernate] 
    delete 
    from
        calendar_users cu1_0 
    where
        cu1_0.email=?
2025-10-17 04:13:22,591 ERROR [io.sma.graphql] (vert.x-eventloop-thread-6) SRGQL012000: Data Fetching Error: io.quarkus.security.UnauthorizedException
	at io.quarkus.security.runtime.interceptor.check.RolesAllowedCheck.doApply(RolesAllowedCheck.java:70)
	at io.quarkus.security.runtime.interceptor.check.RolesAllowedCheck.apply(RolesAllowedCheck.java:55)
	at io.quarkus.security.runtime.interceptor.SecurityConstrainer.check(SecurityConstrainer.java:83)
	at io.quarkus.security.runtime.interceptor.SecurityHandler.handle(SecurityHandler.java:46)
	at io.quarkus.security.runtime.interceptor.RolesAllowedInterceptor.intercept(RolesAllowedInterceptor.java:29)
	at io.quarkus.security.runtime.interceptor.RolesAllowedInterceptor_Bean.intercept(Unknown Source)
	at io.quarkus.arc.impl.InterceptorInvocation.invoke(InterceptorInvocation.java:42)
	at io.quarkus.arc.impl.AroundInvokeInvocationContext.proceed(AroundInvokeInvocationContext.java:70)
	at io.quarkus.arc.impl.AroundInvokeInvocationContext$NextAroundInvokeInvocationContext.proceed(AroundInvokeInvocationContext.java:97)
	at io.quarkus.resteasy.reactive.server.runtime.StandardSecurityCheckInterceptor.intercept(StandardSecurityCheckInterceptor.java:44)
	at io.quarkus.resteasy.reactive.server.runtime.StandardSecurityCheckInterceptor_RolesAllowedInterceptor_Bean.intercept(Unknown Source)
	at io.quarkus.arc.impl.InterceptorInvocation.invoke(InterceptorInvocation.java:42)
	at io.quarkus.arc.impl.AroundInvokeInvocationContext.proceed(AroundInvokeInvocationContext.java:70)
	at io.quarkus.arc.impl.AroundInvokeInvocationContext.proceed(AroundInvokeInvocationContext.java:62)
	at io.quarkus.narayana.jta.runtime.interceptor.TransactionalInterceptorBase.invokeInOurTx(TransactionalInterceptorBase.java:136)
	at io.quarkus.narayana.jta.runtime.interceptor.TransactionalInterceptorBase.invokeInOurTx(TransactionalInterceptorBase.java:107)
	at io.quarkus.narayana.jta.runtime.interceptor.TransactionalInterceptorRequired.doIntercept(TransactionalInterceptorRequired.java:38)
	at io.quarkus.narayana.jta.runtime.interceptor.TransactionalInterceptorBase.intercept(TransactionalInterceptorBase.java:61)
	at io.quarkus.narayana.jta.runtime.interceptor.TransactionalInterceptorRequired.intercept(TransactionalInterceptorRequired.java:32)
	at io.quarkus.narayana.jta.runtime.interceptor.TransactionalInterceptorRequired_Bean.intercept(Unknown Source)
	at io.quarkus.arc.impl.InterceptorInvocation.invoke(InterceptorInvocation.java:42)
	at io.quarkus.arc.impl.AroundInvokeInvocationContext.perform(AroundInvokeInvocationContext.java:30)
	at io.quarkus.arc.impl.InvocationContexts.performAroundInvoke(InvocationContexts.java:27)
	at villagecompute.calendar.api.graphql.CalendarGraphQL_Subclass.createCalendar(Unknown Source)
	at villagecompute.calendar.api.graphql.CalendarGraphQL_ClientProxy.createCalendar(Unknown Source)
	at java.base/jdk.internal.reflect.DirectMethodHandleAccessor.invoke(DirectMethodHandleAccessor.java:103)
	at java.base/java.lang.reflect.Method.invoke(Method.java:580)
	at io.smallrye.graphql.execution.datafetcher.helper.ReflectionInvoker.invoke(ReflectionInvoker.java:97)
	at io.quarkus.smallrye.graphql.runtime.spi.datafetcher.QuarkusDefaultDataFetcher.lambda$invokeAndTransformBlocking$0(QuarkusDefaultDataFetcher.java:84)
	at io.smallrye.context.impl.wrappers.SlowContextualCallable.call(SlowContextualCallable.java:21)
	at io.vertx.core.impl.ContextImpl.lambda$executeBlocking$4(ContextImpl.java:192)
	at io.vertx.core.impl.ContextInternal.dispatch(ContextInternal.java:270)
	at io.vertx.core.impl.ContextImpl$1.execute(ContextImpl.java:221)
	at io.vertx.core.impl.WorkerTask.run(WorkerTask.java:56)
	at io.vertx.core.impl.TaskQueue.run(TaskQueue.java:81)
	at io.quarkus.vertx.core.runtime.VertxCoreRecorder$15.runWith(VertxCoreRecorder.java:645)
	at org.jboss.threads.EnhancedQueueExecutor$Task.doRunWith(EnhancedQueueExecutor.java:2651)
	at org.jboss.threads.EnhancedQueueExecutor$Task.run(EnhancedQueueExecutor.java:2630)
	at org.jboss.threads.EnhancedQueueExecutor.runThreadBody(EnhancedQueueExecutor.java:1622)
	at org.jboss.threads.EnhancedQueueExecutor$ThreadBody.run(EnhancedQueueExecutor.java:1589)
	at org.jboss.threads.DelegatingRunnable.run(DelegatingRunnable.java:11)
	at org.jboss.threads.ThreadLocalResettingRunnable.run(ThreadLocalResettingRunnable.java:11)
	at io.netty.util.concurrent.FastThreadLocalRunnable.run(FastThreadLocalRunnable.java:30)
	at java.base/java.lang.Thread.run(Thread.java:1583)

[Hibernate] 
    delete 
    from
        calendar_users cu1_0 
    where
        cu1_0.email=?
2025-10-17 04:13:22,603 INFO  [vil.cal.ser.AuthenticationService] (main) Handling OAuth callback for provider: google
2025-10-17 04:13:22,603 WARN  [vil.cal.ser.AuthenticationService] (main) UserInfo not available, using SecurityIdentity attributes
2025-10-17 04:13:22,603 INFO  [vil.cal.ser.AuthenticationService] (main) OAuth user info - subject: complete-flow-subject-1760688802602, email: complete-flow@example.com, name: Complete Flow Test
[Hibernate] 
    select
        cu1_0.id,
        cu1_0.created,
        cu1_0.display_name,
        cu1_0.email,
        cu1_0.is_admin,
        cu1_0.last_login_at,
        cu1_0.oauth_provider,
        cu1_0.oauth_subject,
        cu1_0.profile_image_url,
        cu1_0.updated,
        cu1_0.version 
    from
        calendar_users cu1_0 
    where
        cu1_0.oauth_provider=? 
        and cu1_0.oauth_subject=? 
    fetch
        first ? rows only
2025-10-17 04:13:22,603 INFO  [vil.cal.ser.AuthenticationService] (main) Created new user: complete-flow@example.com (ID: 7e71fed9-1913-4a4b-a531-ddc7179e4590)
2025-10-17 04:13:22,603 INFO  [vil.cal.ser.AuthenticationService] (main) Issuing JWT for user: complete-flow@example.com (ID: 7e71fed9-1913-4a4b-a531-ddc7179e4590)
2025-10-17 04:13:22,615 INFO  [vil.cal.ser.AuthenticationService] (main) Successfully issued JWT for user: complete-flow@example.com
[Hibernate] 
    insert 
    into
        calendar_users
        (created, display_name, email, is_admin, last_login_at, oauth_provider, oauth_subject, profile_image_url, updated, version, id) 
    values
        (?, ?, ?, ?, ?, ?, ?, ?, ?, ?, ?)
[Hibernate] 
    select
        cu1_0.id,
        cu1_0.created,
        cu1_0.display_name,
        cu1_0.email,
        cu1_0.is_admin,
        cu1_0.last_login_at,
        cu1_0.oauth_provider,
        cu1_0.oauth_subject,
        cu1_0.profile_image_url,
        cu1_0.updated,
        cu1_0.version 
    from
        calendar_users cu1_0 
    where
        cu1_0.oauth_provider=? 
        and cu1_0.oauth_subject=? 
    fetch
        first ? rows only
[Hibernate] 
    select
        cu1_0.id,
        cu1_0.created,
        cu1_0.display_name,
        cu1_0.email,
        cu1_0.is_admin,
        cu1_0.last_login_at,
        cu1_0.oauth_provider,
        cu1_0.oauth_subject,
        cu1_0.profile_image_url,
        cu1_0.updated,
        cu1_0.version 
    from
        calendar_users cu1_0 
    where
        cu1_0.id=?
[Hibernate] 
    select
        c1_0.user_id,
        c1_0.id,
        c1_0.configuration,
        c1_0.created,
        c1_0.generated_pdf_url,
        c1_0.generated_svg,
        c1_0.is_public,
        c1_0.name,
        c1_0.session_id,
        t1_0.id,
        t1_0.configuration,
        t1_0.created,
        t1_0.description,
        t1_0.display_order,
        t1_0.is_active,
        t1_0.is_featured,
        t1_0.name,
        t1_0.preview_svg,
        t1_0.thumbnail_url,
        t1_0.updated,
        t1_0.version,
        c1_0.updated,
        c1_0.version,
        c1_0."year" 
    from
        user_calendars c1_0 
    left join
        calendar_templates t1_0 
            on t1_0.id=c1_0.template_id 
    where
        c1_0.user_id=?
[Hibernate] 
    select
        o1_0.user_id,
        o1_0.id,
        o1_0.calendar_id,
        c1_0.id,
        c1_0.configuration,
        c1_0.created,
        c1_0.generated_pdf_url,
        c1_0.generated_svg,
        c1_0.is_public,
        c1_0.name,
        c1_0.session_id,
        t1_0.id,
        t1_0.configuration,
        t1_0.created,
        t1_0.description,
        t1_0.display_order,
        t1_0.is_active,
        t1_0.is_featured,
        t1_0.name,
        t1_0.preview_svg,
        t1_0.thumbnail_url,
        t1_0.updated,
        t1_0.version,
        c1_0.updated,
        u1_0.id,
        u1_0.created,
        u1_0.display_name,
        u1_0.email,
        u1_0.is_admin,
        u1_0.last_login_at,
        u1_0.oauth_provider,
        u1_0.oauth_subject,
        u1_0.profile_image_url,
        u1_0.updated,
        u1_0.version,
        c1_0.version,
        c1_0."year",
        o1_0.created,
        o1_0.notes,
        o1_0.paid_at,
        o1_0.quantity,
        o1_0.shipped_at,
        o1_0.shipping_address,
        o1_0.status,
        o1_0.stripe_charge_id,
        o1_0.stripe_payment_intent_id,
        o1_0.total_price,
        o1_0.unit_price,
        o1_0.updated,
        o1_0.version 
    from
        calendar_orders o1_0 
    left join
        user_calendars c1_0 
            on c1_0.id=o1_0.calendar_id 
    left join
        calendar_templates t1_0 
            on t1_0.id=c1_0.template_id 
    left join
        calendar_users u1_0 
            on u1_0.id=c1_0.user_id 
    where
        o1_0.user_id=?
[Hibernate] 
    delete 
    from
        calendar_users 
    where
        id=? 
        and version=?
[Hibernate] 
    delete 
    from
        calendar_users cu1_0 
    where
        cu1_0.email=?
[INFO] Tests run: 9, Failures: 0, Errors: 0, Skipped: 0, Time elapsed: 0.146 s -- in villagecompute.calendar.integration.AuthenticationIntegrationTest
[INFO] Running villagecompute.calendar.integration.CalendarServiceIntegrationTest
Mockito is currently self-attaching to enable the inline-mock-maker. This will no longer work in future releases of the JDK. Please add Mockito as an agent to your build as described in Mockito's documentation: https://javadoc.io/doc/org.mockito/mockito-core/latest/org.mockito/org/mockito/Mockito.html#0.3
OpenJDK 64-Bit Server VM warning: Sharing is only supported for boot loader classes because bootstrap classpath has been appended
WARNING: A Java agent has been loaded dynamically (/Users/tea/.m2/repository/net/bytebuddy/byte-buddy-agent/1.17.5/byte-buddy-agent-1.17.5.jar)
WARNING: If a serviceability tool is in use, please run with -XX:+EnableDynamicAgentLoading to hide this warning
WARNING: If a serviceability tool is not in use, please run with -Djdk.instrument.traceUsage for more information
WARNING: Dynamic loading of agents will be disallowed by default in a future release
[Hibernate] 
    insert 
    into
        calendar_users
        (created, display_name, email, is_admin, last_login_at, oauth_provider, oauth_subject, profile_image_url, updated, version, id) 
    values
        (?, ?, ?, ?, ?, ?, ?, ?, ?, ?, ?)
[Hibernate] 
    insert 
    into
        calendar_templates
        (configuration, created, description, display_order, is_active, is_featured, name, preview_svg, thumbnail_url, updated, version, id) 
    values
        (?, ?, ?, ?, ?, ?, ?, ?, ?, ?, ?, ?)
2025-10-17 04:13:23,236 INFO  [vil.cal.api.gra.TemplateGraphQL] (executor-thread-1) Querying templates: isActive=true, isFeatured=null
[Hibernate] 
    select
        ct1_0.id,
        ct1_0.configuration,
        ct1_0.created,
        ct1_0.description,
        ct1_0.display_order,
        ct1_0.is_active,
        ct1_0.is_featured,
        ct1_0.name,
        ct1_0.preview_svg,
        ct1_0.thumbnail_url,
        ct1_0.updated,
        ct1_0.version 
    from
        calendar_templates ct1_0 
    where
        ct1_0.is_active=? 
    order by
        ct1_0.display_order,
        ct1_0.name
2025-10-17 04:13:23,241 INFO  [vil.cal.api.gra.TemplateGraphQL] (executor-thread-1) Returning 9 active templates
[Hibernate] 
    delete 
    from
        user_calendars uc1_0 
    where
        uc1_0.user_id=?
[Hibernate] 
    select
        cu1_0.id,
        cu1_0.created,
        cu1_0.display_name,
        cu1_0.email,
        cu1_0.is_admin,
        cu1_0.last_login_at,
        cu1_0.oauth_provider,
        cu1_0.oauth_subject,
        cu1_0.profile_image_url,
        cu1_0.updated,
        cu1_0.version 
    from
        calendar_users cu1_0 
    where
        cu1_0.id=?
[Hibernate] 
    select
        c1_0.user_id,
        c1_0.id,
        c1_0.configuration,
        c1_0.created,
        c1_0.generated_pdf_url,
        c1_0.generated_svg,
        c1_0.is_public,
        c1_0.name,
        c1_0.session_id,
        t1_0.id,
        t1_0.configuration,
        t1_0.created,
        t1_0.description,
        t1_0.display_order,
        t1_0.is_active,
        t1_0.is_featured,
        t1_0.name,
        t1_0.preview_svg,
        t1_0.thumbnail_url,
        t1_0.updated,
        t1_0.version,
        c1_0.updated,
        c1_0.version,
        c1_0."year" 
    from
        user_calendars c1_0 
    left join
        calendar_templates t1_0 
            on t1_0.id=c1_0.template_id 
    where
        c1_0.user_id=?
[Hibernate] 
    select
        o1_0.user_id,
        o1_0.id,
        o1_0.calendar_id,
        c1_0.id,
        c1_0.configuration,
        c1_0.created,
        c1_0.generated_pdf_url,
        c1_0.generated_svg,
        c1_0.is_public,
        c1_0.name,
        c1_0.session_id,
        t1_0.id,
        t1_0.configuration,
        t1_0.created,
        t1_0.description,
        t1_0.display_order,
        t1_0.is_active,
        t1_0.is_featured,
        t1_0.name,
        t1_0.preview_svg,
        t1_0.thumbnail_url,
        t1_0.updated,
        t1_0.version,
        c1_0.updated,
        u1_0.id,
        u1_0.created,
        u1_0.display_name,
        u1_0.email,
        u1_0.is_admin,
        u1_0.last_login_at,
        u1_0.oauth_provider,
        u1_0.oauth_subject,
        u1_0.profile_image_url,
        u1_0.updated,
        u1_0.version,
        c1_0.version,
        c1_0."year",
        o1_0.created,
        o1_0.notes,
        o1_0.paid_at,
        o1_0.quantity,
        o1_0.shipped_at,
        o1_0.shipping_address,
        o1_0.status,
        o1_0.stripe_charge_id,
        o1_0.stripe_payment_intent_id,
        o1_0.total_price,
        o1_0.unit_price,
        o1_0.updated,
        o1_0.version 
    from
        calendar_orders o1_0 
    left join
        user_calendars c1_0 
            on c1_0.id=o1_0.calendar_id 
    left join
        calendar_templates t1_0 
            on t1_0.id=c1_0.template_id 
    left join
        calendar_users u1_0 
            on u1_0.id=c1_0.user_id 
    where
        o1_0.user_id=?
[Hibernate] 
    select
        ct1_0.id,
        ct1_0.configuration,
        ct1_0.created,
        ct1_0.description,
        ct1_0.display_order,
        ct1_0.is_active,
        ct1_0.is_featured,
        ct1_0.name,
        ct1_0.preview_svg,
        ct1_0.thumbnail_url,
        ct1_0.updated,
        ct1_0.version 
    from
        calendar_templates ct1_0 
    where
        ct1_0.id=?
[Hibernate] 
    delete 
    from
        calendar_users 
    where
        id=? 
        and version=?
[Hibernate] 
    delete 
    from
        calendar_templates 
    where
        id=? 
        and version=?
[Hibernate] 
    insert 
    into
        calendar_users
        (created, display_name, email, is_admin, last_login_at, oauth_provider, oauth_subject, profile_image_url, updated, version, id) 
    values
        (?, ?, ?, ?, ?, ?, ?, ?, ?, ?, ?)
[Hibernate] 
    insert 
    into
        calendar_templates
        (configuration, created, description, display_order, is_active, is_featured, name, preview_svg, thumbnail_url, updated, version, id) 
    values
        (?, ?, ?, ?, ?, ?, ?, ?, ?, ?, ?, ?)
2025-10-17 04:13:23,349 INFO  [vil.cal.api.gra.TemplateGraphQL] (executor-thread-1) Querying template by ID: 21f0bcd3-eb90-426f-a9b2-850c1767a302
[Hibernate] 
    select
        ct1_0.id,
        ct1_0.configuration,
        ct1_0.created,
        ct1_0.description,
        ct1_0.display_order,
        ct1_0.is_active,
        ct1_0.is_featured,
        ct1_0.name,
        ct1_0.preview_svg,
        ct1_0.thumbnail_url,
        ct1_0.updated,
        ct1_0.version 
    from
        calendar_templates ct1_0 
    where
        ct1_0.id=?
2025-10-17 04:13:23,351 INFO  [vil.cal.api.gra.TemplateGraphQL] (executor-thread-1) Found template: 21f0bcd3-eb90-426f-a9b2-850c1767a302 (name=Integration Test Template 1760688803321)
[Hibernate] 
    delete 
    from
        user_calendars uc1_0 
    where
        uc1_0.user_id=?
[Hibernate] 
    select
        cu1_0.id,
        cu1_0.created,
        cu1_0.display_name,
        cu1_0.email,
        cu1_0.is_admin,
        cu1_0.last_login_at,
        cu1_0.oauth_provider,
        cu1_0.oauth_subject,
        cu1_0.profile_image_url,
        cu1_0.updated,
        cu1_0.version 
    from
        calendar_users cu1_0 
    where
        cu1_0.id=?
[Hibernate] 
    select
        c1_0.user_id,
        c1_0.id,
        c1_0.configuration,
        c1_0.created,
        c1_0.generated_pdf_url,
        c1_0.generated_svg,
        c1_0.is_public,
        c1_0.name,
        c1_0.session_id,
        t1_0.id,
        t1_0.configuration,
        t1_0.created,
        t1_0.description,
        t1_0.display_order,
        t1_0.is_active,
        t1_0.is_featured,
        t1_0.name,
        t1_0.preview_svg,
        t1_0.thumbnail_url,
        t1_0.updated,
        t1_0.version,
        c1_0.updated,
        c1_0.version,
        c1_0."year" 
    from
        user_calendars c1_0 
    left join
        calendar_templates t1_0 
            on t1_0.id=c1_0.template_id 
    where
        c1_0.user_id=?
[Hibernate] 
    select
        o1_0.user_id,
        o1_0.id,
        o1_0.calendar_id,
        c1_0.id,
        c1_0.configuration,
        c1_0.created,
        c1_0.generated_pdf_url,
        c1_0.generated_svg,
        c1_0.is_public,
        c1_0.name,
        c1_0.session_id,
        t1_0.id,
        t1_0.configuration,
        t1_0.created,
        t1_0.description,
        t1_0.display_order,
        t1_0.is_active,
        t1_0.is_featured,
        t1_0.name,
        t1_0.preview_svg,
        t1_0.thumbnail_url,
        t1_0.updated,
        t1_0.version,
        c1_0.updated,
        u1_0.id,
        u1_0.created,
        u1_0.display_name,
        u1_0.email,
        u1_0.is_admin,
        u1_0.last_login_at,
        u1_0.oauth_provider,
        u1_0.oauth_subject,
        u1_0.profile_image_url,
        u1_0.updated,
        u1_0.version,
        c1_0.version,
        c1_0."year",
        o1_0.created,
        o1_0.notes,
        o1_0.paid_at,
        o1_0.quantity,
        o1_0.shipped_at,
        o1_0.shipping_address,
        o1_0.status,
        o1_0.stripe_charge_id,
        o1_0.stripe_payment_intent_id,
        o1_0.total_price,
        o1_0.unit_price,
        o1_0.updated,
        o1_0.version 
    from
        calendar_orders o1_0 
    left join
        user_calendars c1_0 
            on c1_0.id=o1_0.calendar_id 
    left join
        calendar_templates t1_0 
            on t1_0.id=c1_0.template_id 
    left join
        calendar_users u1_0 
            on u1_0.id=c1_0.user_id 
    where
        o1_0.user_id=?
[Hibernate] 
    select
        ct1_0.id,
        ct1_0.configuration,
        ct1_0.created,
        ct1_0.description,
        ct1_0.display_order,
        ct1_0.is_active,
        ct1_0.is_featured,
        ct1_0.name,
        ct1_0.preview_svg,
        ct1_0.thumbnail_url,
        ct1_0.updated,
        ct1_0.version 
    from
        calendar_templates ct1_0 
    where
        ct1_0.id=?
[Hibernate] 
    delete 
    from
        calendar_users 
    where
        id=? 
        and version=?
[Hibernate] 
    delete 
    from
        calendar_templates 
    where
        id=? 
        and version=?
[Hibernate] 
    insert 
    into
        calendar_users
        (created, display_name, email, is_admin, last_login_at, oauth_provider, oauth_subject, profile_image_url, updated, version, id) 
    values
        (?, ?, ?, ?, ?, ?, ?, ?, ?, ?, ?)
[Hibernate] 
    insert 
    into
        calendar_templates
        (configuration, created, description, display_order, is_active, is_featured, name, preview_svg, thumbnail_url, updated, version, id) 
    values
        (?, ?, ?, ?, ?, ?, ?, ?, ?, ?, ?, ?)
2025-10-17 04:13:23,435 INFO  [vil.cal.api.gra.TemplateGraphQL] (executor-thread-1) Querying template by ID: invalid-uuid
2025-10-17 04:13:23,435 ERROR [vil.cal.api.gra.TemplateGraphQL] (executor-thread-1) Invalid UUID format for template ID: invalid-uuid
2025-10-17 04:13:23,436 ERROR [io.sma.graphql] (vert.x-eventloop-thread-5) SRGQL012000: Data Fetching Error: java.lang.IllegalArgumentException: Invalid template ID format
	at villagecompute.calendar.api.graphql.TemplateGraphQL.template(TemplateGraphQL.java:119)
	at villagecompute.calendar.api.graphql.TemplateGraphQL_ClientProxy.template(Unknown Source)
	at java.base/jdk.internal.reflect.DirectMethodHandleAccessor.invoke(DirectMethodHandleAccessor.java:103)
	at java.base/java.lang.reflect.Method.invoke(Method.java:580)
	at io.smallrye.graphql.execution.datafetcher.helper.ReflectionInvoker.invoke(ReflectionInvoker.java:97)
	at io.quarkus.smallrye.graphql.runtime.spi.datafetcher.QuarkusDefaultDataFetcher.lambda$invokeAndTransformBlocking$0(QuarkusDefaultDataFetcher.java:84)
	at io.smallrye.context.impl.wrappers.SlowContextualCallable.call(SlowContextualCallable.java:21)
	at io.vertx.core.impl.ContextImpl.lambda$executeBlocking$4(ContextImpl.java:192)
	at io.vertx.core.impl.ContextInternal.dispatch(ContextInternal.java:270)
	at io.vertx.core.impl.ContextImpl$1.execute(ContextImpl.java:221)
	at io.vertx.core.impl.WorkerTask.run(WorkerTask.java:56)
	at io.vertx.core.impl.TaskQueue.run(TaskQueue.java:81)
	at io.quarkus.vertx.core.runtime.VertxCoreRecorder$15.runWith(VertxCoreRecorder.java:645)
	at org.jboss.threads.EnhancedQueueExecutor$Task.doRunWith(EnhancedQueueExecutor.java:2651)
	at org.jboss.threads.EnhancedQueueExecutor$Task.run(EnhancedQueueExecutor.java:2630)
	at org.jboss.threads.EnhancedQueueExecutor.runThreadBody(EnhancedQueueExecutor.java:1622)
	at org.jboss.threads.EnhancedQueueExecutor$ThreadBody.run(EnhancedQueueExecutor.java:1589)
	at org.jboss.threads.DelegatingRunnable.run(DelegatingRunnable.java:11)
	at org.jboss.threads.ThreadLocalResettingRunnable.run(ThreadLocalResettingRunnable.java:11)
	at io.netty.util.concurrent.FastThreadLocalRunnable.run(FastThreadLocalRunnable.java:30)
	at java.base/java.lang.Thread.run(Thread.java:1583)
Caused by: java.lang.IllegalArgumentException: Invalid UUID string: invalid-uuid
	at java.base/java.util.UUID.fromString1(UUID.java:282)
	at java.base/java.util.UUID.fromString(UUID.java:260)
	at villagecompute.calendar.api.graphql.TemplateGraphQL.template(TemplateGraphQL.java:99)
	... 20 more

[Hibernate] 
    delete 
    from
        user_calendars uc1_0 
    where
        uc1_0.user_id=?
[Hibernate] 
    select
        cu1_0.id,
        cu1_0.created,
        cu1_0.display_name,
        cu1_0.email,
        cu1_0.is_admin,
        cu1_0.last_login_at,
        cu1_0.oauth_provider,
        cu1_0.oauth_subject,
        cu1_0.profile_image_url,
        cu1_0.updated,
        cu1_0.version 
    from
        calendar_users cu1_0 
    where
        cu1_0.id=?
[Hibernate] 
    select
        c1_0.user_id,
        c1_0.id,
        c1_0.configuration,
        c1_0.created,
        c1_0.generated_pdf_url,
        c1_0.generated_svg,
        c1_0.is_public,
        c1_0.name,
        c1_0.session_id,
        t1_0.id,
        t1_0.configuration,
        t1_0.created,
        t1_0.description,
        t1_0.display_order,
        t1_0.is_active,
        t1_0.is_featured,
        t1_0.name,
        t1_0.preview_svg,
        t1_0.thumbnail_url,
        t1_0.updated,
        t1_0.version,
        c1_0.updated,
        c1_0.version,
        c1_0."year" 
    from
        user_calendars c1_0 
    left join
        calendar_templates t1_0 
            on t1_0.id=c1_0.template_id 
    where
        c1_0.user_id=?
[Hibernate] 
    select
        o1_0.user_id,
        o1_0.id,
        o1_0.calendar_id,
        c1_0.id,
        c1_0.configuration,
        c1_0.created,
        c1_0.generated_pdf_url,
        c1_0.generated_svg,
        c1_0.is_public,
        c1_0.name,
        c1_0.session_id,
        t1_0.id,
        t1_0.configuration,
        t1_0.created,
        t1_0.description,
        t1_0.display_order,
        t1_0.is_active,
        t1_0.is_featured,
        t1_0.name,
        t1_0.preview_svg,
        t1_0.thumbnail_url,
        t1_0.updated,
        t1_0.version,
        c1_0.updated,
        u1_0.id,
        u1_0.created,
        u1_0.display_name,
        u1_0.email,
        u1_0.is_admin,
        u1_0.last_login_at,
        u1_0.oauth_provider,
        u1_0.oauth_subject,
        u1_0.profile_image_url,
        u1_0.updated,
        u1_0.version,
        c1_0.version,
        c1_0."year",
        o1_0.created,
        o1_0.notes,
        o1_0.paid_at,
        o1_0.quantity,
        o1_0.shipped_at,
        o1_0.shipping_address,
        o1_0.status,
        o1_0.stripe_charge_id,
        o1_0.stripe_payment_intent_id,
        o1_0.total_price,
        o1_0.unit_price,
        o1_0.updated,
        o1_0.version 
    from
        calendar_orders o1_0 
    left join
        user_calendars c1_0 
            on c1_0.id=o1_0.calendar_id 
    left join
        calendar_templates t1_0 
            on t1_0.id=c1_0.template_id 
    left join
        calendar_users u1_0 
            on u1_0.id=c1_0.user_id 
    where
        o1_0.user_id=?
[Hibernate] 
    select
        ct1_0.id,
        ct1_0.configuration,
        ct1_0.created,
        ct1_0.description,
        ct1_0.display_order,
        ct1_0.is_active,
        ct1_0.is_featured,
        ct1_0.name,
        ct1_0.preview_svg,
        ct1_0.thumbnail_url,
        ct1_0.updated,
        ct1_0.version 
    from
        calendar_templates ct1_0 
    where
        ct1_0.id=?
[Hibernate] 
    delete 
    from
        calendar_users 
    where
        id=? 
        and version=?
[Hibernate] 
    delete 
    from
        calendar_templates 
    where
        id=? 
        and version=?
[Hibernate] 
    insert 
    into
        calendar_users
        (created, display_name, email, is_admin, last_login_at, oauth_provider, oauth_subject, profile_image_url, updated, version, id) 
    values
        (?, ?, ?, ?, ?, ?, ?, ?, ?, ?, ?)
[Hibernate] 
    insert 
    into
        calendar_templates
        (configuration, created, description, display_order, is_active, is_featured, name, preview_svg, thumbnail_url, updated, version, id) 
    values
        (?, ?, ?, ?, ?, ?, ?, ?, ?, ?, ?, ?)
2025-10-17 04:13:23,466 INFO  [vil.cal.ser.CalendarGenerationService] (main) Generating calendar for UserCalendar ID: 855dea8e-fcc6-4b34-8f4d-761806cd99da, Year: 2025
2025-10-17 04:13:24,547 INFO  [vil.cal.ser.PDFRenderingService] (main) PDF generated successfully, size: 14694 bytes
2025-10-17 04:13:24,629 INFO  [vil.cal.ser.CalendarGenerationService] (main) PDF generated successfully, size: 14388 bytes
2025-10-17 04:13:24,633 INFO  [vil.cal.ser.CalendarGenerationService] (main) PDF uploaded successfully to: https://r2.example.com/calendars/test-calendar.pdf
2025-10-17 04:13:24,633 INFO  [vil.cal.ser.CalendarGenerationService] (main) Calendar generation complete for UserCalendar ID: 855dea8e-fcc6-4b34-8f4d-761806cd99da
[Hibernate] 
    insert 
    into
        user_calendars
        (configuration, created, generated_pdf_url, generated_svg, is_public, name, session_id, template_id, updated, user_id, version, "year", id) 
    values
        (?, ?, ?, ?, ?, ?, ?, ?, ?, ?, ?, ?, ?)
[Hibernate] 
    update
        user_calendars 
    set
        configuration=?,
        generated_pdf_url=?,
        generated_svg=?,
        is_public=?,
        name=?,
        session_id=?,
        template_id=?,
        updated=?,
        user_id=?,
        version=?,
        "year"=? 
    where
        id=? 
        and version=?
[Hibernate] 
    delete 
    from
        user_calendars uc1_0 
    where
        uc1_0.user_id=?
[Hibernate] 
    select
        cu1_0.id,
        cu1_0.created,
        cu1_0.display_name,
        cu1_0.email,
        cu1_0.is_admin,
        cu1_0.last_login_at,
        cu1_0.oauth_provider,
        cu1_0.oauth_subject,
        cu1_0.profile_image_url,
        cu1_0.updated,
        cu1_0.version 
    from
        calendar_users cu1_0 
    where
        cu1_0.id=?
[Hibernate] 
    select
        c1_0.user_id,
        c1_0.id,
        c1_0.configuration,
        c1_0.created,
        c1_0.generated_pdf_url,
        c1_0.generated_svg,
        c1_0.is_public,
        c1_0.name,
        c1_0.session_id,
        t1_0.id,
        t1_0.configuration,
        t1_0.created,
        t1_0.description,
        t1_0.display_order,
        t1_0.is_active,
        t1_0.is_featured,
        t1_0.name,
        t1_0.preview_svg,
        t1_0.thumbnail_url,
        t1_0.updated,
        t1_0.version,
        c1_0.updated,
        c1_0.version,
        c1_0."year" 
    from
        user_calendars c1_0 
    left join
        calendar_templates t1_0 
            on t1_0.id=c1_0.template_id 
    where
        c1_0.user_id=?
[Hibernate] 
    select
        o1_0.user_id,
        o1_0.id,
        o1_0.calendar_id,
        c1_0.id,
        c1_0.configuration,
        c1_0.created,
        c1_0.generated_pdf_url,
        c1_0.generated_svg,
        c1_0.is_public,
        c1_0.name,
        c1_0.session_id,
        t1_0.id,
        t1_0.configuration,
        t1_0.created,
        t1_0.description,
        t1_0.display_order,
        t1_0.is_active,
        t1_0.is_featured,
        t1_0.name,
        t1_0.preview_svg,
        t1_0.thumbnail_url,
        t1_0.updated,
        t1_0.version,
        c1_0.updated,
        u1_0.id,
        u1_0.created,
        u1_0.display_name,
        u1_0.email,
        u1_0.is_admin,
        u1_0.last_login_at,
        u1_0.oauth_provider,
        u1_0.oauth_subject,
        u1_0.profile_image_url,
        u1_0.updated,
        u1_0.version,
        c1_0.version,
        c1_0."year",
        o1_0.created,
        o1_0.notes,
        o1_0.paid_at,
        o1_0.quantity,
        o1_0.shipped_at,
        o1_0.shipping_address,
        o1_0.status,
        o1_0.stripe_charge_id,
        o1_0.stripe_payment_intent_id,
        o1_0.total_price,
        o1_0.unit_price,
        o1_0.updated,
        o1_0.version 
    from
        calendar_orders o1_0 
    left join
        user_calendars c1_0 
            on c1_0.id=o1_0.calendar_id 
    left join
        calendar_templates t1_0 
            on t1_0.id=c1_0.template_id 
    left join
        calendar_users u1_0 
            on u1_0.id=c1_0.user_id 
    where
        o1_0.user_id=?
[Hibernate] 
    select
        ct1_0.id,
        ct1_0.configuration,
        ct1_0.created,
        ct1_0.description,
        ct1_0.display_order,
        ct1_0.is_active,
        ct1_0.is_featured,
        ct1_0.name,
        ct1_0.preview_svg,
        ct1_0.thumbnail_url,
        ct1_0.updated,
        ct1_0.version 
    from
        calendar_templates ct1_0 
    where
        ct1_0.id=?
[Hibernate] 
    delete 
    from
        calendar_users 
    where
        id=? 
        and version=?
[Hibernate] 
    delete 
    from
        calendar_templates 
    where
        id=? 
        and version=?
[Hibernate] 
    insert 
    into
        calendar_users
        (created, display_name, email, is_admin, last_login_at, oauth_provider, oauth_subject, profile_image_url, updated, version, id) 
    values
        (?, ?, ?, ?, ?, ?, ?, ?, ?, ?, ?)
[Hibernate] 
    insert 
    into
        calendar_templates
        (configuration, created, description, display_order, is_active, is_featured, name, preview_svg, thumbnail_url, updated, version, id) 
    values
        (?, ?, ?, ?, ?, ?, ?, ?, ?, ?, ?, ?)
2025-10-17 04:13:24,655 INFO  [vil.cal.ser.CalendarGenerationService] (main) Generating calendar for UserCalendar ID: 9ff3bd69-5b1e-4588-8cc6-3b735a60b68b, Year: 2025
2025-10-17 04:13:24,896 INFO  [vil.cal.ser.PDFRenderingService] (main) PDF generated successfully, size: 14694 bytes
2025-10-17 04:13:24,898 INFO  [vil.cal.ser.CalendarGenerationService] (main) PDF generated successfully, size: 14388 bytes
2025-10-17 04:13:24,898 INFO  [vil.cal.ser.CalendarGenerationService] (main) PDF uploaded successfully to: https://r2.example.com/calendars/test-calendar.pdf
2025-10-17 04:13:24,898 INFO  [vil.cal.ser.CalendarGenerationService] (main) Calendar generation complete for UserCalendar ID: 9ff3bd69-5b1e-4588-8cc6-3b735a60b68b
[Hibernate] 
    insert 
    into
        user_calendars
        (configuration, created, generated_pdf_url, generated_svg, is_public, name, session_id, template_id, updated, user_id, version, "year", id) 
    values
        (?, ?, ?, ?, ?, ?, ?, ?, ?, ?, ?, ?, ?)
[Hibernate] 
    update
        user_calendars 
    set
        configuration=?,
        generated_pdf_url=?,
        generated_svg=?,
        is_public=?,
        name=?,
        session_id=?,
        template_id=?,
        updated=?,
        user_id=?,
        version=?,
        "year"=? 
    where
        id=? 
        and version=?
[Hibernate] 
    delete 
    from
        user_calendars uc1_0 
    where
        uc1_0.user_id=?
[Hibernate] 
    select
        cu1_0.id,
        cu1_0.created,
        cu1_0.display_name,
        cu1_0.email,
        cu1_0.is_admin,
        cu1_0.last_login_at,
        cu1_0.oauth_provider,
        cu1_0.oauth_subject,
        cu1_0.profile_image_url,
        cu1_0.updated,
        cu1_0.version 
    from
        calendar_users cu1_0 
    where
        cu1_0.id=?
[Hibernate] 
    select
        c1_0.user_id,
        c1_0.id,
        c1_0.configuration,
        c1_0.created,
        c1_0.generated_pdf_url,
        c1_0.generated_svg,
        c1_0.is_public,
        c1_0.name,
        c1_0.session_id,
        t1_0.id,
        t1_0.configuration,
        t1_0.created,
        t1_0.description,
        t1_0.display_order,
        t1_0.is_active,
        t1_0.is_featured,
        t1_0.name,
        t1_0.preview_svg,
        t1_0.thumbnail_url,
        t1_0.updated,
        t1_0.version,
        c1_0.updated,
        c1_0.version,
        c1_0."year" 
    from
        user_calendars c1_0 
    left join
        calendar_templates t1_0 
            on t1_0.id=c1_0.template_id 
    where
        c1_0.user_id=?
[Hibernate] 
    select
        o1_0.user_id,
        o1_0.id,
        o1_0.calendar_id,
        c1_0.id,
        c1_0.configuration,
        c1_0.created,
        c1_0.generated_pdf_url,
        c1_0.generated_svg,
        c1_0.is_public,
        c1_0.name,
        c1_0.session_id,
        t1_0.id,
        t1_0.configuration,
        t1_0.created,
        t1_0.description,
        t1_0.display_order,
        t1_0.is_active,
        t1_0.is_featured,
        t1_0.name,
        t1_0.preview_svg,
        t1_0.thumbnail_url,
        t1_0.updated,
        t1_0.version,
        c1_0.updated,
        u1_0.id,
        u1_0.created,
        u1_0.display_name,
        u1_0.email,
        u1_0.is_admin,
        u1_0.last_login_at,
        u1_0.oauth_provider,
        u1_0.oauth_subject,
        u1_0.profile_image_url,
        u1_0.updated,
        u1_0.version,
        c1_0.version,
        c1_0."year",
        o1_0.created,
        o1_0.notes,
        o1_0.paid_at,
        o1_0.quantity,
        o1_0.shipped_at,
        o1_0.shipping_address,
        o1_0.status,
        o1_0.stripe_charge_id,
        o1_0.stripe_payment_intent_id,
        o1_0.total_price,
        o1_0.unit_price,
        o1_0.updated,
        o1_0.version 
    from
        calendar_orders o1_0 
    left join
        user_calendars c1_0 
            on c1_0.id=o1_0.calendar_id 
    left join
        calendar_templates t1_0 
            on t1_0.id=c1_0.template_id 
    left join
        calendar_users u1_0 
            on u1_0.id=c1_0.user_id 
    where
        o1_0.user_id=?
[Hibernate] 
    select
        ct1_0.id,
        ct1_0.configuration,
        ct1_0.created,
        ct1_0.description,
        ct1_0.display_order,
        ct1_0.is_active,
        ct1_0.is_featured,
        ct1_0.name,
        ct1_0.preview_svg,
        ct1_0.thumbnail_url,
        ct1_0.updated,
        ct1_0.version 
    from
        calendar_templates ct1_0 
    where
        ct1_0.id=?
[Hibernate] 
    delete 
    from
        calendar_users 
    where
        id=? 
        and version=?
[Hibernate] 
    delete 
    from
        calendar_templates 
    where
        id=? 
        and version=?
[Hibernate] 
    insert 
    into
        calendar_users
        (created, display_name, email, is_admin, last_login_at, oauth_provider, oauth_subject, profile_image_url, updated, version, id) 
    values
        (?, ?, ?, ?, ?, ?, ?, ?, ?, ?, ?)
[Hibernate] 
    insert 
    into
        calendar_templates
        (configuration, created, description, display_order, is_active, is_featured, name, preview_svg, thumbnail_url, updated, version, id) 
    values
        (?, ?, ?, ?, ?, ?, ?, ?, ?, ?, ?, ?)
2025-10-17 04:13:24,917 INFO  [vil.cal.ser.CalendarGenerationService] (main) Generating calendar for UserCalendar ID: 0ba84adf-af10-461c-8779-c6b4ad0998d0, Year: 2025
2025-10-17 04:13:25,118 INFO  [vil.cal.ser.PDFRenderingService] (main) PDF generated successfully, size: 14483 bytes
2025-10-17 04:13:25,120 INFO  [vil.cal.ser.CalendarGenerationService] (main) PDF generated successfully, size: 14175 bytes
2025-10-17 04:13:25,121 INFO  [vil.cal.ser.CalendarGenerationService] (main) PDF uploaded successfully to: https://r2.example.com/calendars/test-calendar.pdf
2025-10-17 04:13:25,121 INFO  [vil.cal.ser.CalendarGenerationService] (main) Calendar generation complete for UserCalendar ID: 0ba84adf-af10-461c-8779-c6b4ad0998d0
[Hibernate] 
    insert 
    into
        user_calendars
        (configuration, created, generated_pdf_url, generated_svg, is_public, name, session_id, template_id, updated, user_id, version, "year", id) 
    values
        (?, ?, ?, ?, ?, ?, ?, ?, ?, ?, ?, ?, ?)
[Hibernate] 
    update
        user_calendars 
    set
        configuration=?,
        generated_pdf_url=?,
        generated_svg=?,
        is_public=?,
        name=?,
        session_id=?,
        template_id=?,
        updated=?,
        user_id=?,
        version=?,
        "year"=? 
    where
        id=? 
        and version=?
[Hibernate] 
    delete 
    from
        user_calendars uc1_0 
    where
        uc1_0.user_id=?
[Hibernate] 
    select
        cu1_0.id,
        cu1_0.created,
        cu1_0.display_name,
        cu1_0.email,
        cu1_0.is_admin,
        cu1_0.last_login_at,
        cu1_0.oauth_provider,
        cu1_0.oauth_subject,
        cu1_0.profile_image_url,
        cu1_0.updated,
        cu1_0.version 
    from
        calendar_users cu1_0 
    where
        cu1_0.id=?
[Hibernate] 
    select
        c1_0.user_id,
        c1_0.id,
        c1_0.configuration,
        c1_0.created,
        c1_0.generated_pdf_url,
        c1_0.generated_svg,
        c1_0.is_public,
        c1_0.name,
        c1_0.session_id,
        t1_0.id,
        t1_0.configuration,
        t1_0.created,
        t1_0.description,
        t1_0.display_order,
        t1_0.is_active,
        t1_0.is_featured,
        t1_0.name,
        t1_0.preview_svg,
        t1_0.thumbnail_url,
        t1_0.updated,
        t1_0.version,
        c1_0.updated,
        c1_0.version,
        c1_0."year" 
    from
        user_calendars c1_0 
    left join
        calendar_templates t1_0 
            on t1_0.id=c1_0.template_id 
    where
        c1_0.user_id=?
[Hibernate] 
    select
        o1_0.user_id,
        o1_0.id,
        o1_0.calendar_id,
        c1_0.id,
        c1_0.configuration,
        c1_0.created,
        c1_0.generated_pdf_url,
        c1_0.generated_svg,
        c1_0.is_public,
        c1_0.name,
        c1_0.session_id,
        t1_0.id,
        t1_0.configuration,
        t1_0.created,
        t1_0.description,
        t1_0.display_order,
        t1_0.is_active,
        t1_0.is_featured,
        t1_0.name,
        t1_0.preview_svg,
        t1_0.thumbnail_url,
        t1_0.updated,
        t1_0.version,
        c1_0.updated,
        u1_0.id,
        u1_0.created,
        u1_0.display_name,
        u1_0.email,
        u1_0.is_admin,
        u1_0.last_login_at,
        u1_0.oauth_provider,
        u1_0.oauth_subject,
        u1_0.profile_image_url,
        u1_0.updated,
        u1_0.version,
        c1_0.version,
        c1_0."year",
        o1_0.created,
        o1_0.notes,
        o1_0.paid_at,
        o1_0.quantity,
        o1_0.shipped_at,
        o1_0.shipping_address,
        o1_0.status,
        o1_0.stripe_charge_id,
        o1_0.stripe_payment_intent_id,
        o1_0.total_price,
        o1_0.unit_price,
        o1_0.updated,
        o1_0.version 
    from
        calendar_orders o1_0 
    left join
        user_calendars c1_0 
            on c1_0.id=o1_0.calendar_id 
    left join
        calendar_templates t1_0 
            on t1_0.id=c1_0.template_id 
    left join
        calendar_users u1_0 
            on u1_0.id=c1_0.user_id 
    where
        o1_0.user_id=?
[Hibernate] 
    select
        ct1_0.id,
        ct1_0.configuration,
        ct1_0.created,
        ct1_0.description,
        ct1_0.display_order,
        ct1_0.is_active,
        ct1_0.is_featured,
        ct1_0.name,
        ct1_0.preview_svg,
        ct1_0.thumbnail_url,
        ct1_0.updated,
        ct1_0.version 
    from
        calendar_templates ct1_0 
    where
        ct1_0.id=?
[Hibernate] 
    delete 
    from
        calendar_users 
    where
        id=? 
        and version=?
[Hibernate] 
    delete 
    from
        calendar_templates 
    where
        id=? 
        and version=?
[Hibernate] 
    insert 
    into
        calendar_users
        (created, display_name, email, is_admin, last_login_at, oauth_provider, oauth_subject, profile_image_url, updated, version, id) 
    values
        (?, ?, ?, ?, ?, ?, ?, ?, ?, ?, ?)
[Hibernate] 
    insert 
    into
        calendar_templates
        (configuration, created, description, display_order, is_active, is_featured, name, preview_svg, thumbnail_url, updated, version, id) 
    values
        (?, ?, ?, ?, ?, ?, ?, ?, ?, ?, ?, ?)
2025-10-17 04:13:25,137 INFO  [vil.cal.ser.CalendarGenerationService] (main) Generating calendar for UserCalendar ID: 6162361c-d38e-438d-b7ca-6b17d04d1a06, Year: 2025
2025-10-17 04:13:25,317 INFO  [vil.cal.ser.PDFRenderingService] (main) PDF generated successfully, size: 10983 bytes
2025-10-17 04:13:25,319 INFO  [vil.cal.ser.CalendarGenerationService] (main) PDF generated successfully, size: 10678 bytes
2025-10-17 04:13:25,319 INFO  [vil.cal.ser.CalendarGenerationService] (main) PDF uploaded successfully to: https://r2.example.com/calendars/test-calendar.pdf
2025-10-17 04:13:25,319 INFO  [vil.cal.ser.CalendarGenerationService] (main) Calendar generation complete for UserCalendar ID: 6162361c-d38e-438d-b7ca-6b17d04d1a06
[Hibernate] 
    insert 
    into
        user_calendars
        (configuration, created, generated_pdf_url, generated_svg, is_public, name, session_id, template_id, updated, user_id, version, "year", id) 
    values
        (?, ?, ?, ?, ?, ?, ?, ?, ?, ?, ?, ?, ?)
[Hibernate] 
    update
        user_calendars 
    set
        configuration=?,
        generated_pdf_url=?,
        generated_svg=?,
        is_public=?,
        name=?,
        session_id=?,
        template_id=?,
        updated=?,
        user_id=?,
        version=?,
        "year"=? 
    where
        id=? 
        and version=?
[Hibernate] 
    delete 
    from
        user_calendars uc1_0 
    where
        uc1_0.user_id=?
[Hibernate] 
    select
        cu1_0.id,
        cu1_0.created,
        cu1_0.display_name,
        cu1_0.email,
        cu1_0.is_admin,
        cu1_0.last_login_at,
        cu1_0.oauth_provider,
        cu1_0.oauth_subject,
        cu1_0.profile_image_url,
        cu1_0.updated,
        cu1_0.version 
    from
        calendar_users cu1_0 
    where
        cu1_0.id=?
[Hibernate] 
    select
        c1_0.user_id,
        c1_0.id,
        c1_0.configuration,
        c1_0.created,
        c1_0.generated_pdf_url,
        c1_0.generated_svg,
        c1_0.is_public,
        c1_0.name,
        c1_0.session_id,
        t1_0.id,
        t1_0.configuration,
        t1_0.created,
        t1_0.description,
        t1_0.display_order,
        t1_0.is_active,
        t1_0.is_featured,
        t1_0.name,
        t1_0.preview_svg,
        t1_0.thumbnail_url,
        t1_0.updated,
        t1_0.version,
        c1_0.updated,
        c1_0.version,
        c1_0."year" 
    from
        user_calendars c1_0 
    left join
        calendar_templates t1_0 
            on t1_0.id=c1_0.template_id 
    where
        c1_0.user_id=?
[Hibernate] 
    select
        o1_0.user_id,
        o1_0.id,
        o1_0.calendar_id,
        c1_0.id,
        c1_0.configuration,
        c1_0.created,
        c1_0.generated_pdf_url,
        c1_0.generated_svg,
        c1_0.is_public,
        c1_0.name,
        c1_0.session_id,
        t1_0.id,
        t1_0.configuration,
        t1_0.created,
        t1_0.description,
        t1_0.display_order,
        t1_0.is_active,
        t1_0.is_featured,
        t1_0.name,
        t1_0.preview_svg,
        t1_0.thumbnail_url,
        t1_0.updated,
        t1_0.version,
        c1_0.updated,
        u1_0.id,
        u1_0.created,
        u1_0.display_name,
        u1_0.email,
        u1_0.is_admin,
        u1_0.last_login_at,
        u1_0.oauth_provider,
        u1_0.oauth_subject,
        u1_0.profile_image_url,
        u1_0.updated,
        u1_0.version,
        c1_0.version,
        c1_0."year",
        o1_0.created,
        o1_0.notes,
        o1_0.paid_at,
        o1_0.quantity,
        o1_0.shipped_at,
        o1_0.shipping_address,
        o1_0.status,
        o1_0.stripe_charge_id,
        o1_0.stripe_payment_intent_id,
        o1_0.total_price,
        o1_0.unit_price,
        o1_0.updated,
        o1_0.version 
    from
        calendar_orders o1_0 
    left join
        user_calendars c1_0 
            on c1_0.id=o1_0.calendar_id 
    left join
        calendar_templates t1_0 
            on t1_0.id=c1_0.template_id 
    left join
        calendar_users u1_0 
            on u1_0.id=c1_0.user_id 
    where
        o1_0.user_id=?
[Hibernate] 
    select
        ct1_0.id,
        ct1_0.configuration,
        ct1_0.created,
        ct1_0.description,
        ct1_0.display_order,
        ct1_0.is_active,
        ct1_0.is_featured,
        ct1_0.name,
        ct1_0.preview_svg,
        ct1_0.thumbnail_url,
        ct1_0.updated,
        ct1_0.version 
    from
        calendar_templates ct1_0 
    where
        ct1_0.id=?
[Hibernate] 
    delete 
    from
        calendar_users 
    where
        id=? 
        and version=?
[Hibernate] 
    delete 
    from
        calendar_templates 
    where
        id=? 
        and version=?
[Hibernate] 
    insert 
    into
        calendar_users
        (created, display_name, email, is_admin, last_login_at, oauth_provider, oauth_subject, profile_image_url, updated, version, id) 
    values
        (?, ?, ?, ?, ?, ?, ?, ?, ?, ?, ?)
[Hibernate] 
    insert 
    into
        calendar_templates
        (configuration, created, description, display_order, is_active, is_featured, name, preview_svg, thumbnail_url, updated, version, id) 
    values
        (?, ?, ?, ?, ?, ?, ?, ?, ?, ?, ?, ?)
2025-10-17 04:13:25,334 INFO  [vil.cal.ser.CalendarGenerationService] (main) Generating calendar for UserCalendar ID: 041600ee-c29b-4b6c-b2cc-745085a0f1ae, Year: 2025
2025-10-17 04:13:25,517 INFO  [vil.cal.ser.PDFRenderingService] (main) PDF generated successfully, size: 14694 bytes
2025-10-17 04:13:25,519 INFO  [vil.cal.ser.CalendarGenerationService] (main) PDF generated successfully, size: 14388 bytes
2025-10-17 04:13:25,520 INFO  [vil.cal.ser.CalendarGenerationService] (main) PDF uploaded successfully to: https://r2.example.com/calendars/test-calendar.pdf
2025-10-17 04:13:25,520 INFO  [vil.cal.ser.CalendarGenerationService] (main) Calendar generation complete for UserCalendar ID: 041600ee-c29b-4b6c-b2cc-745085a0f1ae
2025-10-17 04:13:25,520 INFO  [vil.cal.ser.CalendarGenerationService] (main) Generating calendar for UserCalendar ID: 4c393d89-4ecc-43d7-9cf3-e772ed6d11ea, Year: 2026
2025-10-17 04:13:25,707 INFO  [vil.cal.ser.PDFRenderingService] (main) PDF generated successfully, size: 14663 bytes
2025-10-17 04:13:25,708 INFO  [vil.cal.ser.CalendarGenerationService] (main) PDF generated successfully, size: 14357 bytes
2025-10-17 04:13:25,709 INFO  [vil.cal.ser.CalendarGenerationService] (main) PDF uploaded successfully to: https://r2.example.com/calendars/test-calendar.pdf
2025-10-17 04:13:25,709 INFO  [vil.cal.ser.CalendarGenerationService] (main) Calendar generation complete for UserCalendar ID: 4c393d89-4ecc-43d7-9cf3-e772ed6d11ea
[Hibernate] 
    insert 
    into
        user_calendars
        (configuration, created, generated_pdf_url, generated_svg, is_public, name, session_id, template_id, updated, user_id, version, "year", id) 
    values
        (?, ?, ?, ?, ?, ?, ?, ?, ?, ?, ?, ?, ?)
[Hibernate] 
    insert 
    into
        user_calendars
        (configuration, created, generated_pdf_url, generated_svg, is_public, name, session_id, template_id, updated, user_id, version, "year", id) 
    values
        (?, ?, ?, ?, ?, ?, ?, ?, ?, ?, ?, ?, ?)
[Hibernate] 
    update
        user_calendars 
    set
        configuration=?,
        generated_pdf_url=?,
        generated_svg=?,
        is_public=?,
        name=?,
        session_id=?,
        template_id=?,
        updated=?,
        user_id=?,
        version=?,
        "year"=? 
    where
        id=? 
        and version=?
[Hibernate] 
    update
        user_calendars 
    set
        configuration=?,
        generated_pdf_url=?,
        generated_svg=?,
        is_public=?,
        name=?,
        session_id=?,
        template_id=?,
        updated=?,
        user_id=?,
        version=?,
        "year"=? 
    where
        id=? 
        and version=?
[Hibernate] 
    delete 
    from
        user_calendars uc1_0 
    where
        uc1_0.user_id=?
[Hibernate] 
    select
        cu1_0.id,
        cu1_0.created,
        cu1_0.display_name,
        cu1_0.email,
        cu1_0.is_admin,
        cu1_0.last_login_at,
        cu1_0.oauth_provider,
        cu1_0.oauth_subject,
        cu1_0.profile_image_url,
        cu1_0.updated,
        cu1_0.version 
    from
        calendar_users cu1_0 
    where
        cu1_0.id=?
[Hibernate] 
    select
        c1_0.user_id,
        c1_0.id,
        c1_0.configuration,
        c1_0.created,
        c1_0.generated_pdf_url,
        c1_0.generated_svg,
        c1_0.is_public,
        c1_0.name,
        c1_0.session_id,
        t1_0.id,
        t1_0.configuration,
        t1_0.created,
        t1_0.description,
        t1_0.display_order,
        t1_0.is_active,
        t1_0.is_featured,
        t1_0.name,
        t1_0.preview_svg,
        t1_0.thumbnail_url,
        t1_0.updated,
        t1_0.version,
        c1_0.updated,
        c1_0.version,
        c1_0."year" 
    from
        user_calendars c1_0 
    left join
        calendar_templates t1_0 
            on t1_0.id=c1_0.template_id 
    where
        c1_0.user_id=?
[Hibernate] 
    select
        o1_0.user_id,
        o1_0.id,
        o1_0.calendar_id,
        c1_0.id,
        c1_0.configuration,
        c1_0.created,
        c1_0.generated_pdf_url,
        c1_0.generated_svg,
        c1_0.is_public,
        c1_0.name,
        c1_0.session_id,
        t1_0.id,
        t1_0.configuration,
        t1_0.created,
        t1_0.description,
        t1_0.display_order,
        t1_0.is_active,
        t1_0.is_featured,
        t1_0.name,
        t1_0.preview_svg,
        t1_0.thumbnail_url,
        t1_0.updated,
        t1_0.version,
        c1_0.updated,
        u1_0.id,
        u1_0.created,
        u1_0.display_name,
        u1_0.email,
        u1_0.is_admin,
        u1_0.last_login_at,
        u1_0.oauth_provider,
        u1_0.oauth_subject,
        u1_0.profile_image_url,
        u1_0.updated,
        u1_0.version,
        c1_0.version,
        c1_0."year",
        o1_0.created,
        o1_0.notes,
        o1_0.paid_at,
        o1_0.quantity,
        o1_0.shipped_at,
        o1_0.shipping_address,
        o1_0.status,
        o1_0.stripe_charge_id,
        o1_0.stripe_payment_intent_id,
        o1_0.total_price,
        o1_0.unit_price,
        o1_0.updated,
        o1_0.version 
    from
        calendar_orders o1_0 
    left join
        user_calendars c1_0 
            on c1_0.id=o1_0.calendar_id 
    left join
        calendar_templates t1_0 
            on t1_0.id=c1_0.template_id 
    left join
        calendar_users u1_0 
            on u1_0.id=c1_0.user_id 
    where
        o1_0.user_id=?
[Hibernate] 
    select
        ct1_0.id,
        ct1_0.configuration,
        ct1_0.created,
        ct1_0.description,
        ct1_0.display_order,
        ct1_0.is_active,
        ct1_0.is_featured,
        ct1_0.name,
        ct1_0.preview_svg,
        ct1_0.thumbnail_url,
        ct1_0.updated,
        ct1_0.version 
    from
        calendar_templates ct1_0 
    where
        ct1_0.id=?
[Hibernate] 
    delete 
    from
        calendar_users 
    where
        id=? 
        and version=?
[Hibernate] 
    delete 
    from
        calendar_templates 
    where
        id=? 
        and version=?
[Hibernate] 
    insert 
    into
        calendar_users
        (created, display_name, email, is_admin, last_login_at, oauth_provider, oauth_subject, profile_image_url, updated, version, id) 
    values
        (?, ?, ?, ?, ?, ?, ?, ?, ?, ?, ?)
[Hibernate] 
    insert 
    into
        calendar_templates
        (configuration, created, description, display_order, is_active, is_featured, name, preview_svg, thumbnail_url, updated, version, id) 
    values
        (?, ?, ?, ?, ?, ?, ?, ?, ?, ?, ?, ?)
[Hibernate] 
    insert 
    into
        user_calendars
        (configuration, created, generated_pdf_url, generated_svg, is_public, name, session_id, template_id, updated, user_id, version, "year", id) 
    values
        (?, ?, ?, ?, ?, ?, ?, ?, ?, ?, ?, ?, ?)
[Hibernate] 
    delete 
    from
        user_calendars uc1_0 
    where
        uc1_0.user_id=?
[Hibernate] 
    select
        cu1_0.id,
        cu1_0.created,
        cu1_0.display_name,
        cu1_0.email,
        cu1_0.is_admin,
        cu1_0.last_login_at,
        cu1_0.oauth_provider,
        cu1_0.oauth_subject,
        cu1_0.profile_image_url,
        cu1_0.updated,
        cu1_0.version 
    from
        calendar_users cu1_0 
    where
        cu1_0.id=?
[Hibernate] 
    select
        c1_0.user_id,
        c1_0.id,
        c1_0.configuration,
        c1_0.created,
        c1_0.generated_pdf_url,
        c1_0.generated_svg,
        c1_0.is_public,
        c1_0.name,
        c1_0.session_id,
        t1_0.id,
        t1_0.configuration,
        t1_0.created,
        t1_0.description,
        t1_0.display_order,
        t1_0.is_active,
        t1_0.is_featured,
        t1_0.name,
        t1_0.preview_svg,
        t1_0.thumbnail_url,
        t1_0.updated,
        t1_0.version,
        c1_0.updated,
        c1_0.version,
        c1_0."year" 
    from
        user_calendars c1_0 
    left join
        calendar_templates t1_0 
            on t1_0.id=c1_0.template_id 
    where
        c1_0.user_id=?
[Hibernate] 
    select
        o1_0.user_id,
        o1_0.id,
        o1_0.calendar_id,
        c1_0.id,
        c1_0.configuration,
        c1_0.created,
        c1_0.generated_pdf_url,
        c1_0.generated_svg,
        c1_0.is_public,
        c1_0.name,
        c1_0.session_id,
        t1_0.id,
        t1_0.configuration,
        t1_0.created,
        t1_0.description,
        t1_0.display_order,
        t1_0.is_active,
        t1_0.is_featured,
        t1_0.name,
        t1_0.preview_svg,
        t1_0.thumbnail_url,
        t1_0.updated,
        t1_0.version,
        c1_0.updated,
        u1_0.id,
        u1_0.created,
        u1_0.display_name,
        u1_0.email,
        u1_0.is_admin,
        u1_0.last_login_at,
        u1_0.oauth_provider,
        u1_0.oauth_subject,
        u1_0.profile_image_url,
        u1_0.updated,
        u1_0.version,
        c1_0.version,
        c1_0."year",
        o1_0.created,
        o1_0.notes,
        o1_0.paid_at,
        o1_0.quantity,
        o1_0.shipped_at,
        o1_0.shipping_address,
        o1_0.status,
        o1_0.stripe_charge_id,
        o1_0.stripe_payment_intent_id,
        o1_0.total_price,
        o1_0.unit_price,
        o1_0.updated,
        o1_0.version 
    from
        calendar_orders o1_0 
    left join
        user_calendars c1_0 
            on c1_0.id=o1_0.calendar_id 
    left join
        calendar_templates t1_0 
            on t1_0.id=c1_0.template_id 
    left join
        calendar_users u1_0 
            on u1_0.id=c1_0.user_id 
    where
        o1_0.user_id=?
[Hibernate] 
    select
        ct1_0.id,
        ct1_0.configuration,
        ct1_0.created,
        ct1_0.description,
        ct1_0.display_order,
        ct1_0.is_active,
        ct1_0.is_featured,
        ct1_0.name,
        ct1_0.preview_svg,
        ct1_0.thumbnail_url,
        ct1_0.updated,
        ct1_0.version 
    from
        calendar_templates ct1_0 
    where
        ct1_0.id=?
[Hibernate] 
    delete 
    from
        calendar_users 
    where
        id=? 
        and version=?
[Hibernate] 
    delete 
    from
        calendar_templates 
    where
        id=? 
        and version=?
[Hibernate] 
    insert 
    into
        calendar_users
        (created, display_name, email, is_admin, last_login_at, oauth_provider, oauth_subject, profile_image_url, updated, version, id) 
    values
        (?, ?, ?, ?, ?, ?, ?, ?, ?, ?, ?)
[Hibernate] 
    insert 
    into
        calendar_templates
        (configuration, created, description, display_order, is_active, is_featured, name, preview_svg, thumbnail_url, updated, version, id) 
    values
        (?, ?, ?, ?, ?, ?, ?, ?, ?, ?, ?, ?)
[Hibernate] 
    insert 
    into
        user_calendars
        (configuration, created, generated_pdf_url, generated_svg, is_public, name, session_id, template_id, updated, user_id, version, "year", id) 
    values
        (?, ?, ?, ?, ?, ?, ?, ?, ?, ?, ?, ?, ?)
[Hibernate] 
    insert 
    into
        user_calendars
        (configuration, created, generated_pdf_url, generated_svg, is_public, name, session_id, template_id, updated, user_id, version, "year", id) 
    values
        (?, ?, ?, ?, ?, ?, ?, ?, ?, ?, ?, ?, ?)
[Hibernate] 
    insert 
    into
        user_calendars
        (configuration, created, generated_pdf_url, generated_svg, is_public, name, session_id, template_id, updated, user_id, version, "year", id) 
    values
        (?, ?, ?, ?, ?, ?, ?, ?, ?, ?, ?, ?, ?)
[Hibernate] 
    select
        uc1_0.id,
        uc1_0.configuration,
        uc1_0.created,
        uc1_0.generated_pdf_url,
        uc1_0.generated_svg,
        uc1_0.is_public,
        uc1_0.name,
        uc1_0.session_id,
        uc1_0.template_id,
        uc1_0.updated,
        uc1_0.user_id,
        uc1_0.version,
        uc1_0."year" 
    from
        user_calendars uc1_0 
    where
        uc1_0.user_id=? 
        and uc1_0."year"=? 
    order by
        uc1_0.updated desc
[Hibernate] 
    select
        ct1_0.id,
        ct1_0.configuration,
        ct1_0.created,
        ct1_0.description,
        ct1_0.display_order,
        ct1_0.is_active,
        ct1_0.is_featured,
        ct1_0.name,
        ct1_0.preview_svg,
        ct1_0.thumbnail_url,
        ct1_0.updated,
        ct1_0.version 
    from
        calendar_templates ct1_0 
    where
        ct1_0.id=?
[Hibernate] 
    select
        cu1_0.id,
        cu1_0.created,
        cu1_0.display_name,
        cu1_0.email,
        cu1_0.is_admin,
        cu1_0.last_login_at,
        cu1_0.oauth_provider,
        cu1_0.oauth_subject,
        cu1_0.profile_image_url,
        cu1_0.updated,
        cu1_0.version 
    from
        calendar_users cu1_0 
    where
        cu1_0.id=?
[Hibernate] 
    select
        uc1_0.id,
        uc1_0.configuration,
        uc1_0.created,
        uc1_0.generated_pdf_url,
        uc1_0.generated_svg,
        uc1_0.is_public,
        uc1_0.name,
        uc1_0.session_id,
        uc1_0.template_id,
        uc1_0.updated,
        uc1_0.user_id,
        uc1_0.version,
        uc1_0."year" 
    from
        user_calendars uc1_0 
    where
        uc1_0.user_id=? 
        and uc1_0."year"=? 
    order by
        uc1_0.updated desc
[Hibernate] 
    delete 
    from
        user_calendars uc1_0 
    where
        uc1_0.user_id=?
[Hibernate] 
    select
        cu1_0.id,
        cu1_0.created,
        cu1_0.display_name,
        cu1_0.email,
        cu1_0.is_admin,
        cu1_0.last_login_at,
        cu1_0.oauth_provider,
        cu1_0.oauth_subject,
        cu1_0.profile_image_url,
        cu1_0.updated,
        cu1_0.version 
    from
        calendar_users cu1_0 
    where
        cu1_0.id=?
[Hibernate] 
    select
        c1_0.user_id,
        c1_0.id,
        c1_0.configuration,
        c1_0.created,
        c1_0.generated_pdf_url,
        c1_0.generated_svg,
        c1_0.is_public,
        c1_0.name,
        c1_0.session_id,
        t1_0.id,
        t1_0.configuration,
        t1_0.created,
        t1_0.description,
        t1_0.display_order,
        t1_0.is_active,
        t1_0.is_featured,
        t1_0.name,
        t1_0.preview_svg,
        t1_0.thumbnail_url,
        t1_0.updated,
        t1_0.version,
        c1_0.updated,
        c1_0.version,
        c1_0."year" 
    from
        user_calendars c1_0 
    left join
        calendar_templates t1_0 
            on t1_0.id=c1_0.template_id 
    where
        c1_0.user_id=?
[Hibernate] 
    select
        o1_0.user_id,
        o1_0.id,
        o1_0.calendar_id,
        c1_0.id,
        c1_0.configuration,
        c1_0.created,
        c1_0.generated_pdf_url,
        c1_0.generated_svg,
        c1_0.is_public,
        c1_0.name,
        c1_0.session_id,
        t1_0.id,
        t1_0.configuration,
        t1_0.created,
        t1_0.description,
        t1_0.display_order,
        t1_0.is_active,
        t1_0.is_featured,
        t1_0.name,
        t1_0.preview_svg,
        t1_0.thumbnail_url,
        t1_0.updated,
        t1_0.version,
        c1_0.updated,
        u1_0.id,
        u1_0.created,
        u1_0.display_name,
        u1_0.email,
        u1_0.is_admin,
        u1_0.last_login_at,
        u1_0.oauth_provider,
        u1_0.oauth_subject,
        u1_0.profile_image_url,
        u1_0.updated,
        u1_0.version,
        c1_0.version,
        c1_0."year",
        o1_0.created,
        o1_0.notes,
        o1_0.paid_at,
        o1_0.quantity,
        o1_0.shipped_at,
        o1_0.shipping_address,
        o1_0.status,
        o1_0.stripe_charge_id,
        o1_0.stripe_payment_intent_id,
        o1_0.total_price,
        o1_0.unit_price,
        o1_0.updated,
        o1_0.version 
    from
        calendar_orders o1_0 
    left join
        user_calendars c1_0 
            on c1_0.id=o1_0.calendar_id 
    left join
        calendar_templates t1_0 
            on t1_0.id=c1_0.template_id 
    left join
        calendar_users u1_0 
            on u1_0.id=c1_0.user_id 
    where
        o1_0.user_id=?
[Hibernate] 
    select
        ct1_0.id,
        ct1_0.configuration,
        ct1_0.created,
        ct1_0.description,
        ct1_0.display_order,
        ct1_0.is_active,
        ct1_0.is_featured,
        ct1_0.name,
        ct1_0.preview_svg,
        ct1_0.thumbnail_url,
        ct1_0.updated,
        ct1_0.version 
    from
        calendar_templates ct1_0 
    where
        ct1_0.id=?
[Hibernate] 
    delete 
    from
        calendar_users 
    where
        id=? 
        and version=?
[Hibernate] 
    delete 
    from
        calendar_templates 
    where
        id=? 
        and version=?
[Hibernate] 
    insert 
    into
        calendar_users
        (created, display_name, email, is_admin, last_login_at, oauth_provider, oauth_subject, profile_image_url, updated, version, id) 
    values
        (?, ?, ?, ?, ?, ?, ?, ?, ?, ?, ?)
[Hibernate] 
    insert 
    into
        calendar_templates
        (configuration, created, description, display_order, is_active, is_featured, name, preview_svg, thumbnail_url, updated, version, id) 
    values
        (?, ?, ?, ?, ?, ?, ?, ?, ?, ?, ?, ?)
[Hibernate] 
    insert 
    into
        user_calendars
        (configuration, created, generated_pdf_url, generated_svg, is_public, name, session_id, template_id, updated, user_id, version, "year", id) 
    values
        (?, ?, ?, ?, ?, ?, ?, ?, ?, ?, ?, ?, ?)
[Hibernate] 
    delete 
    from
        user_calendars uc1_0 
    where
        uc1_0.user_id=?
[Hibernate] 
    select
        cu1_0.id,
        cu1_0.created,
        cu1_0.display_name,
        cu1_0.email,
        cu1_0.is_admin,
        cu1_0.last_login_at,
        cu1_0.oauth_provider,
        cu1_0.oauth_subject,
        cu1_0.profile_image_url,
        cu1_0.updated,
        cu1_0.version 
    from
        calendar_users cu1_0 
    where
        cu1_0.id=?
[Hibernate] 
    select
        c1_0.user_id,
        c1_0.id,
        c1_0.configuration,
        c1_0.created,
        c1_0.generated_pdf_url,
        c1_0.generated_svg,
        c1_0.is_public,
        c1_0.name,
        c1_0.session_id,
        t1_0.id,
        t1_0.configuration,
        t1_0.created,
        t1_0.description,
        t1_0.display_order,
        t1_0.is_active,
        t1_0.is_featured,
        t1_0.name,
        t1_0.preview_svg,
        t1_0.thumbnail_url,
        t1_0.updated,
        t1_0.version,
        c1_0.updated,
        c1_0.version,
        c1_0."year" 
    from
        user_calendars c1_0 
    left join
        calendar_templates t1_0 
            on t1_0.id=c1_0.template_id 
    where
        c1_0.user_id=?
[Hibernate] 
    select
        o1_0.user_id,
        o1_0.id,
        o1_0.calendar_id,
        c1_0.id,
        c1_0.configuration,
        c1_0.created,
        c1_0.generated_pdf_url,
        c1_0.generated_svg,
        c1_0.is_public,
        c1_0.name,
        c1_0.session_id,
        t1_0.id,
        t1_0.configuration,
        t1_0.created,
        t1_0.description,
        t1_0.display_order,
        t1_0.is_active,
        t1_0.is_featured,
        t1_0.name,
        t1_0.preview_svg,
        t1_0.thumbnail_url,
        t1_0.updated,
        t1_0.version,
        c1_0.updated,
        u1_0.id,
        u1_0.created,
        u1_0.display_name,
        u1_0.email,
        u1_0.is_admin,
        u1_0.last_login_at,
        u1_0.oauth_provider,
        u1_0.oauth_subject,
        u1_0.profile_image_url,
        u1_0.updated,
        u1_0.version,
        c1_0.version,
        c1_0."year",
        o1_0.created,
        o1_0.notes,
        o1_0.paid_at,
        o1_0.quantity,
        o1_0.shipped_at,
        o1_0.shipping_address,
        o1_0.status,
        o1_0.stripe_charge_id,
        o1_0.stripe_payment_intent_id,
        o1_0.total_price,
        o1_0.unit_price,
        o1_0.updated,
        o1_0.version 
    from
        calendar_orders o1_0 
    left join
        user_calendars c1_0 
            on c1_0.id=o1_0.calendar_id 
    left join
        calendar_templates t1_0 
            on t1_0.id=c1_0.template_id 
    left join
        calendar_users u1_0 
            on u1_0.id=c1_0.user_id 
    where
        o1_0.user_id=?
[Hibernate] 
    select
        ct1_0.id,
        ct1_0.configuration,
        ct1_0.created,
        ct1_0.description,
        ct1_0.display_order,
        ct1_0.is_active,
        ct1_0.is_featured,
        ct1_0.name,
        ct1_0.preview_svg,
        ct1_0.thumbnail_url,
        ct1_0.updated,
        ct1_0.version 
    from
        calendar_templates ct1_0 
    where
        ct1_0.id=?
[Hibernate] 
    delete 
    from
        calendar_users 
    where
        id=? 
        and version=?
[Hibernate] 
    delete 
    from
        calendar_templates 
    where
        id=? 
        and version=?
[Hibernate] 
    insert 
    into
        calendar_users
        (created, display_name, email, is_admin, last_login_at, oauth_provider, oauth_subject, profile_image_url, updated, version, id) 
    values
        (?, ?, ?, ?, ?, ?, ?, ?, ?, ?, ?)
[Hibernate] 
    insert 
    into
        calendar_templates
        (configuration, created, description, display_order, is_active, is_featured, name, preview_svg, thumbnail_url, updated, version, id) 
    values
        (?, ?, ?, ?, ?, ?, ?, ?, ?, ?, ?, ?)
[Hibernate] 
    delete 
    from
        user_calendars uc1_0 
    where
        uc1_0.user_id=?
[Hibernate] 
    select
        cu1_0.id,
        cu1_0.created,
        cu1_0.display_name,
        cu1_0.email,
        cu1_0.is_admin,
        cu1_0.last_login_at,
        cu1_0.oauth_provider,
        cu1_0.oauth_subject,
        cu1_0.profile_image_url,
        cu1_0.updated,
        cu1_0.version 
    from
        calendar_users cu1_0 
    where
        cu1_0.id=?
[Hibernate] 
    select
        c1_0.user_id,
        c1_0.id,
        c1_0.configuration,
        c1_0.created,
        c1_0.generated_pdf_url,
        c1_0.generated_svg,
        c1_0.is_public,
        c1_0.name,
        c1_0.session_id,
        t1_0.id,
        t1_0.configuration,
        t1_0.created,
        t1_0.description,
        t1_0.display_order,
        t1_0.is_active,
        t1_0.is_featured,
        t1_0.name,
        t1_0.preview_svg,
        t1_0.thumbnail_url,
        t1_0.updated,
        t1_0.version,
        c1_0.updated,
        c1_0.version,
        c1_0."year" 
    from
        user_calendars c1_0 
    left join
        calendar_templates t1_0 
            on t1_0.id=c1_0.template_id 
    where
        c1_0.user_id=?
[Hibernate] 
    select
        o1_0.user_id,
        o1_0.id,
        o1_0.calendar_id,
        c1_0.id,
        c1_0.configuration,
        c1_0.created,
        c1_0.generated_pdf_url,
        c1_0.generated_svg,
        c1_0.is_public,
        c1_0.name,
        c1_0.session_id,
        t1_0.id,
        t1_0.configuration,
        t1_0.created,
        t1_0.description,
        t1_0.display_order,
        t1_0.is_active,
        t1_0.is_featured,
        t1_0.name,
        t1_0.preview_svg,
        t1_0.thumbnail_url,
        t1_0.updated,
        t1_0.version,
        c1_0.updated,
        u1_0.id,
        u1_0.created,
        u1_0.display_name,
        u1_0.email,
        u1_0.is_admin,
        u1_0.last_login_at,
        u1_0.oauth_provider,
        u1_0.oauth_subject,
        u1_0.profile_image_url,
        u1_0.updated,
        u1_0.version,
        c1_0.version,
        c1_0."year",
        o1_0.created,
        o1_0.notes,
        o1_0.paid_at,
        o1_0.quantity,
        o1_0.shipped_at,
        o1_0.shipping_address,
        o1_0.status,
        o1_0.stripe_charge_id,
        o1_0.stripe_payment_intent_id,
        o1_0.total_price,
        o1_0.unit_price,
        o1_0.updated,
        o1_0.version 
    from
        calendar_orders o1_0 
    left join
        user_calendars c1_0 
            on c1_0.id=o1_0.calendar_id 
    left join
        calendar_templates t1_0 
            on t1_0.id=c1_0.template_id 
    left join
        calendar_users u1_0 
            on u1_0.id=c1_0.user_id 
    where
        o1_0.user_id=?
[Hibernate] 
    select
        ct1_0.id,
        ct1_0.configuration,
        ct1_0.created,
        ct1_0.description,
        ct1_0.display_order,
        ct1_0.is_active,
        ct1_0.is_featured,
        ct1_0.name,
        ct1_0.preview_svg,
        ct1_0.thumbnail_url,
        ct1_0.updated,
        ct1_0.version 
    from
        calendar_templates ct1_0 
    where
        ct1_0.id=?
[Hibernate] 
    delete 
    from
        calendar_users 
    where
        id=? 
        and version=?
[Hibernate] 
    delete 
    from
        calendar_templates 
    where
        id=? 
        and version=?
[Hibernate] 
    insert 
    into
        calendar_users
        (created, display_name, email, is_admin, last_login_at, oauth_provider, oauth_subject, profile_image_url, updated, version, id) 
    values
        (?, ?, ?, ?, ?, ?, ?, ?, ?, ?, ?)
[Hibernate] 
    insert 
    into
        calendar_templates
        (configuration, created, description, display_order, is_active, is_featured, name, preview_svg, thumbnail_url, updated, version, id) 
    values
        (?, ?, ?, ?, ?, ?, ?, ?, ?, ?, ?, ?)
[Hibernate] 
    delete 
    from
        user_calendars uc1_0 
    where
        uc1_0.user_id=?
[Hibernate] 
    select
        cu1_0.id,
        cu1_0.created,
        cu1_0.display_name,
        cu1_0.email,
        cu1_0.is_admin,
        cu1_0.last_login_at,
        cu1_0.oauth_provider,
        cu1_0.oauth_subject,
        cu1_0.profile_image_url,
        cu1_0.updated,
        cu1_0.version 
    from
        calendar_users cu1_0 
    where
        cu1_0.id=?
[Hibernate] 
    select
        c1_0.user_id,
        c1_0.id,
        c1_0.configuration,
        c1_0.created,
        c1_0.generated_pdf_url,
        c1_0.generated_svg,
        c1_0.is_public,
        c1_0.name,
        c1_0.session_id,
        t1_0.id,
        t1_0.configuration,
        t1_0.created,
        t1_0.description,
        t1_0.display_order,
        t1_0.is_active,
        t1_0.is_featured,
        t1_0.name,
        t1_0.preview_svg,
        t1_0.thumbnail_url,
        t1_0.updated,
        t1_0.version,
        c1_0.updated,
        c1_0.version,
        c1_0."year" 
    from
        user_calendars c1_0 
    left join
        calendar_templates t1_0 
            on t1_0.id=c1_0.template_id 
    where
        c1_0.user_id=?
[Hibernate] 
    select
        o1_0.user_id,
        o1_0.id,
        o1_0.calendar_id,
        c1_0.id,
        c1_0.configuration,
        c1_0.created,
        c1_0.generated_pdf_url,
        c1_0.generated_svg,
        c1_0.is_public,
        c1_0.name,
        c1_0.session_id,
        t1_0.id,
        t1_0.configuration,
        t1_0.created,
        t1_0.description,
        t1_0.display_order,
        t1_0.is_active,
        t1_0.is_featured,
        t1_0.name,
        t1_0.preview_svg,
        t1_0.thumbnail_url,
        t1_0.updated,
        t1_0.version,
        c1_0.updated,
        u1_0.id,
        u1_0.created,
        u1_0.display_name,
        u1_0.email,
        u1_0.is_admin,
        u1_0.last_login_at,
        u1_0.oauth_provider,
        u1_0.oauth_subject,
        u1_0.profile_image_url,
        u1_0.updated,
        u1_0.version,
        c1_0.version,
        c1_0."year",
        o1_0.created,
        o1_0.notes,
        o1_0.paid_at,
        o1_0.quantity,
        o1_0.shipped_at,
        o1_0.shipping_address,
        o1_0.status,
        o1_0.stripe_charge_id,
        o1_0.stripe_payment_intent_id,
        o1_0.total_price,
        o1_0.unit_price,
        o1_0.updated,
        o1_0.version 
    from
        calendar_orders o1_0 
    left join
        user_calendars c1_0 
            on c1_0.id=o1_0.calendar_id 
    left join
        calendar_templates t1_0 
            on t1_0.id=c1_0.template_id 
    left join
        calendar_users u1_0 
            on u1_0.id=c1_0.user_id 
    where
        o1_0.user_id=?
[Hibernate] 
    select
        ct1_0.id,
        ct1_0.configuration,
        ct1_0.created,
        ct1_0.description,
        ct1_0.display_order,
        ct1_0.is_active,
        ct1_0.is_featured,
        ct1_0.name,
        ct1_0.preview_svg,
        ct1_0.thumbnail_url,
        ct1_0.updated,
        ct1_0.version 
    from
        calendar_templates ct1_0 
    where
        ct1_0.id=?
[Hibernate] 
    delete 
    from
        calendar_users 
    where
        id=? 
        and version=?
[Hibernate] 
    delete 
    from
        calendar_templates 
    where
        id=? 
        and version=?
[Hibernate] 
    insert 
    into
        calendar_users
        (created, display_name, email, is_admin, last_login_at, oauth_provider, oauth_subject, profile_image_url, updated, version, id) 
    values
        (?, ?, ?, ?, ?, ?, ?, ?, ?, ?, ?)
[Hibernate] 
    insert 
    into
        calendar_templates
        (configuration, created, description, display_order, is_active, is_featured, name, preview_svg, thumbnail_url, updated, version, id) 
    values
        (?, ?, ?, ?, ?, ?, ?, ?, ?, ?, ?, ?)
2025-10-17 04:13:25,792 ERROR [io.sma.graphql] (vert.x-eventloop-thread-6) SRGQL012000: Data Fetching Error: io.quarkus.security.UnauthorizedException
	at io.quarkus.security.runtime.interceptor.check.RolesAllowedCheck.doApply(RolesAllowedCheck.java:70)
	at io.quarkus.security.runtime.interceptor.check.RolesAllowedCheck.apply(RolesAllowedCheck.java:55)
	at io.quarkus.security.runtime.interceptor.SecurityConstrainer.check(SecurityConstrainer.java:83)
	at io.quarkus.security.runtime.interceptor.SecurityHandler.handle(SecurityHandler.java:46)
	at io.quarkus.security.runtime.interceptor.RolesAllowedInterceptor.intercept(RolesAllowedInterceptor.java:29)
	at io.quarkus.security.runtime.interceptor.RolesAllowedInterceptor_Bean.intercept(Unknown Source)
	at io.quarkus.arc.impl.InterceptorInvocation.invoke(InterceptorInvocation.java:42)
	at io.quarkus.arc.impl.AroundInvokeInvocationContext.proceed(AroundInvokeInvocationContext.java:70)
	at io.quarkus.arc.impl.AroundInvokeInvocationContext$NextAroundInvokeInvocationContext.proceed(AroundInvokeInvocationContext.java:97)
	at io.quarkus.resteasy.reactive.server.runtime.StandardSecurityCheckInterceptor.intercept(StandardSecurityCheckInterceptor.java:44)
	at io.quarkus.resteasy.reactive.server.runtime.StandardSecurityCheckInterceptor_RolesAllowedInterceptor_Bean.intercept(Unknown Source)
	at io.quarkus.arc.impl.InterceptorInvocation.invoke(InterceptorInvocation.java:42)
	at io.quarkus.arc.impl.AroundInvokeInvocationContext.proceed(AroundInvokeInvocationContext.java:70)
	at io.quarkus.arc.impl.AroundInvokeInvocationContext.proceed(AroundInvokeInvocationContext.java:62)
	at io.quarkus.narayana.jta.runtime.interceptor.TransactionalInterceptorBase.invokeInOurTx(TransactionalInterceptorBase.java:136)
	at io.quarkus.narayana.jta.runtime.interceptor.TransactionalInterceptorBase.invokeInOurTx(TransactionalInterceptorBase.java:107)
	at io.quarkus.narayana.jta.runtime.interceptor.TransactionalInterceptorRequired.doIntercept(TransactionalInterceptorRequired.java:38)
	at io.quarkus.narayana.jta.runtime.interceptor.TransactionalInterceptorBase.intercept(TransactionalInterceptorBase.java:61)
	at io.quarkus.narayana.jta.runtime.interceptor.TransactionalInterceptorRequired.intercept(TransactionalInterceptorRequired.java:32)
	at io.quarkus.narayana.jta.runtime.interceptor.TransactionalInterceptorRequired_Bean.intercept(Unknown Source)
	at io.quarkus.arc.impl.InterceptorInvocation.invoke(InterceptorInvocation.java:42)
	at io.quarkus.arc.impl.AroundInvokeInvocationContext.perform(AroundInvokeInvocationContext.java:30)
	at io.quarkus.arc.impl.InvocationContexts.performAroundInvoke(InvocationContexts.java:27)
	at villagecompute.calendar.api.graphql.CalendarGraphQL_Subclass.createCalendar(Unknown Source)
	at villagecompute.calendar.api.graphql.CalendarGraphQL_ClientProxy.createCalendar(Unknown Source)
	at java.base/jdk.internal.reflect.DirectMethodHandleAccessor.invoke(DirectMethodHandleAccessor.java:103)
	at java.base/java.lang.reflect.Method.invoke(Method.java:580)
	at io.smallrye.graphql.execution.datafetcher.helper.ReflectionInvoker.invoke(ReflectionInvoker.java:97)
	at io.quarkus.smallrye.graphql.runtime.spi.datafetcher.QuarkusDefaultDataFetcher.lambda$invokeAndTransformBlocking$0(QuarkusDefaultDataFetcher.java:84)
	at io.smallrye.context.impl.wrappers.SlowContextualCallable.call(SlowContextualCallable.java:21)
	at io.vertx.core.impl.ContextImpl.lambda$executeBlocking$4(ContextImpl.java:192)
	at io.vertx.core.impl.ContextInternal.dispatch(ContextInternal.java:270)
	at io.vertx.core.impl.ContextImpl$1.execute(ContextImpl.java:221)
	at io.vertx.core.impl.WorkerTask.run(WorkerTask.java:56)
	at io.vertx.core.impl.TaskQueue.run(TaskQueue.java:81)
	at io.quarkus.vertx.core.runtime.VertxCoreRecorder$15.runWith(VertxCoreRecorder.java:645)
	at org.jboss.threads.EnhancedQueueExecutor$Task.doRunWith(EnhancedQueueExecutor.java:2651)
	at org.jboss.threads.EnhancedQueueExecutor$Task.run(EnhancedQueueExecutor.java:2630)
	at org.jboss.threads.EnhancedQueueExecutor.runThreadBody(EnhancedQueueExecutor.java:1622)
	at org.jboss.threads.EnhancedQueueExecutor$ThreadBody.run(EnhancedQueueExecutor.java:1589)
	at org.jboss.threads.DelegatingRunnable.run(DelegatingRunnable.java:11)
	at org.jboss.threads.ThreadLocalResettingRunnable.run(ThreadLocalResettingRunnable.java:11)
	at io.netty.util.concurrent.FastThreadLocalRunnable.run(FastThreadLocalRunnable.java:30)
	at java.base/java.lang.Thread.run(Thread.java:1583)

[Hibernate] 
    delete 
    from
        user_calendars uc1_0 
    where
        uc1_0.user_id=?
[Hibernate] 
    select
        cu1_0.id,
        cu1_0.created,
        cu1_0.display_name,
        cu1_0.email,
        cu1_0.is_admin,
        cu1_0.last_login_at,
        cu1_0.oauth_provider,
        cu1_0.oauth_subject,
        cu1_0.profile_image_url,
        cu1_0.updated,
        cu1_0.version 
    from
        calendar_users cu1_0 
    where
        cu1_0.id=?
[Hibernate] 
    select
        c1_0.user_id,
        c1_0.id,
        c1_0.configuration,
        c1_0.created,
        c1_0.generated_pdf_url,
        c1_0.generated_svg,
        c1_0.is_public,
        c1_0.name,
        c1_0.session_id,
        t1_0.id,
        t1_0.configuration,
        t1_0.created,
        t1_0.description,
        t1_0.display_order,
        t1_0.is_active,
        t1_0.is_featured,
        t1_0.name,
        t1_0.preview_svg,
        t1_0.thumbnail_url,
        t1_0.updated,
        t1_0.version,
        c1_0.updated,
        c1_0.version,
        c1_0."year" 
    from
        user_calendars c1_0 
    left join
        calendar_templates t1_0 
            on t1_0.id=c1_0.template_id 
    where
        c1_0.user_id=?
[Hibernate] 
    select
        o1_0.user_id,
        o1_0.id,
        o1_0.calendar_id,
        c1_0.id,
        c1_0.configuration,
        c1_0.created,
        c1_0.generated_pdf_url,
        c1_0.generated_svg,
        c1_0.is_public,
        c1_0.name,
        c1_0.session_id,
        t1_0.id,
        t1_0.configuration,
        t1_0.created,
        t1_0.description,
        t1_0.display_order,
        t1_0.is_active,
        t1_0.is_featured,
        t1_0.name,
        t1_0.preview_svg,
        t1_0.thumbnail_url,
        t1_0.updated,
        t1_0.version,
        c1_0.updated,
        u1_0.id,
        u1_0.created,
        u1_0.display_name,
        u1_0.email,
        u1_0.is_admin,
        u1_0.last_login_at,
        u1_0.oauth_provider,
        u1_0.oauth_subject,
        u1_0.profile_image_url,
        u1_0.updated,
        u1_0.version,
        c1_0.version,
        c1_0."year",
        o1_0.created,
        o1_0.notes,
        o1_0.paid_at,
        o1_0.quantity,
        o1_0.shipped_at,
        o1_0.shipping_address,
        o1_0.status,
        o1_0.stripe_charge_id,
        o1_0.stripe_payment_intent_id,
        o1_0.total_price,
        o1_0.unit_price,
        o1_0.updated,
        o1_0.version 
    from
        calendar_orders o1_0 
    left join
        user_calendars c1_0 
            on c1_0.id=o1_0.calendar_id 
    left join
        calendar_templates t1_0 
            on t1_0.id=c1_0.template_id 
    left join
        calendar_users u1_0 
            on u1_0.id=c1_0.user_id 
    where
        o1_0.user_id=?
[Hibernate] 
    select
        ct1_0.id,
        ct1_0.configuration,
        ct1_0.created,
        ct1_0.description,
        ct1_0.display_order,
        ct1_0.is_active,
        ct1_0.is_featured,
        ct1_0.name,
        ct1_0.preview_svg,
        ct1_0.thumbnail_url,
        ct1_0.updated,
        ct1_0.version 
    from
        calendar_templates ct1_0 
    where
        ct1_0.id=?
[Hibernate] 
    delete 
    from
        calendar_users 
    where
        id=? 
        and version=?
[Hibernate] 
    delete 
    from
        calendar_templates 
    where
        id=? 
        and version=?
[Hibernate] 
    insert 
    into
        calendar_users
        (created, display_name, email, is_admin, last_login_at, oauth_provider, oauth_subject, profile_image_url, updated, version, id) 
    values
        (?, ?, ?, ?, ?, ?, ?, ?, ?, ?, ?)
[Hibernate] 
    insert 
    into
        calendar_templates
        (configuration, created, description, display_order, is_active, is_featured, name, preview_svg, thumbnail_url, updated, version, id) 
    values
        (?, ?, ?, ?, ?, ?, ?, ?, ?, ?, ?, ?)
[Hibernate] 
    delete 
    from
        user_calendars uc1_0 
    where
        uc1_0.user_id=?
[Hibernate] 
    select
        cu1_0.id,
        cu1_0.created,
        cu1_0.display_name,
        cu1_0.email,
        cu1_0.is_admin,
        cu1_0.last_login_at,
        cu1_0.oauth_provider,
        cu1_0.oauth_subject,
        cu1_0.profile_image_url,
        cu1_0.updated,
        cu1_0.version 
    from
        calendar_users cu1_0 
    where
        cu1_0.id=?
[Hibernate] 
    select
        c1_0.user_id,
        c1_0.id,
        c1_0.configuration,
        c1_0.created,
        c1_0.generated_pdf_url,
        c1_0.generated_svg,
        c1_0.is_public,
        c1_0.name,
        c1_0.session_id,
        t1_0.id,
        t1_0.configuration,
        t1_0.created,
        t1_0.description,
        t1_0.display_order,
        t1_0.is_active,
        t1_0.is_featured,
        t1_0.name,
        t1_0.preview_svg,
        t1_0.thumbnail_url,
        t1_0.updated,
        t1_0.version,
        c1_0.updated,
        c1_0.version,
        c1_0."year" 
    from
        user_calendars c1_0 
    left join
        calendar_templates t1_0 
            on t1_0.id=c1_0.template_id 
    where
        c1_0.user_id=?
[Hibernate] 
    select
        o1_0.user_id,
        o1_0.id,
        o1_0.calendar_id,
        c1_0.id,
        c1_0.configuration,
        c1_0.created,
        c1_0.generated_pdf_url,
        c1_0.generated_svg,
        c1_0.is_public,
        c1_0.name,
        c1_0.session_id,
        t1_0.id,
        t1_0.configuration,
        t1_0.created,
        t1_0.description,
        t1_0.display_order,
        t1_0.is_active,
        t1_0.is_featured,
        t1_0.name,
        t1_0.preview_svg,
        t1_0.thumbnail_url,
        t1_0.updated,
        t1_0.version,
        c1_0.updated,
        u1_0.id,
        u1_0.created,
        u1_0.display_name,
        u1_0.email,
        u1_0.is_admin,
        u1_0.last_login_at,
        u1_0.oauth_provider,
        u1_0.oauth_subject,
        u1_0.profile_image_url,
        u1_0.updated,
        u1_0.version,
        c1_0.version,
        c1_0."year",
        o1_0.created,
        o1_0.notes,
        o1_0.paid_at,
        o1_0.quantity,
        o1_0.shipped_at,
        o1_0.shipping_address,
        o1_0.status,
        o1_0.stripe_charge_id,
        o1_0.stripe_payment_intent_id,
        o1_0.total_price,
        o1_0.unit_price,
        o1_0.updated,
        o1_0.version 
    from
        calendar_orders o1_0 
    left join
        user_calendars c1_0 
            on c1_0.id=o1_0.calendar_id 
    left join
        calendar_templates t1_0 
            on t1_0.id=c1_0.template_id 
    left join
        calendar_users u1_0 
            on u1_0.id=c1_0.user_id 
    where
        o1_0.user_id=?
[Hibernate] 
    select
        ct1_0.id,
        ct1_0.configuration,
        ct1_0.created,
        ct1_0.description,
        ct1_0.display_order,
        ct1_0.is_active,
        ct1_0.is_featured,
        ct1_0.name,
        ct1_0.preview_svg,
        ct1_0.thumbnail_url,
        ct1_0.updated,
        ct1_0.version 
    from
        calendar_templates ct1_0 
    where
        ct1_0.id=?
[Hibernate] 
    delete 
    from
        calendar_users 
    where
        id=? 
        and version=?
[Hibernate] 
    delete 
    from
        calendar_templates 
    where
        id=? 
        and version=?
[INFO] Tests run: 15, Failures: 0, Errors: 0, Skipped: 0, Time elapsed: 3.251 s -- in villagecompute.calendar.integration.CalendarServiceIntegrationTest
[INFO] Running villagecompute.calendar.services.AuthenticationServiceTest
[Hibernate] 
    select
        cu1_0.id,
        cu1_0.created,
        cu1_0.display_name,
        cu1_0.email,
        cu1_0.is_admin,
        cu1_0.last_login_at,
        cu1_0.oauth_provider,
        cu1_0.oauth_subject,
        cu1_0.profile_image_url,
        cu1_0.updated,
        cu1_0.version 
    from
        calendar_users cu1_0 
    where
        cu1_0.email=? 
    fetch
        first ? rows only
[Hibernate] 
    delete 
    from
        calendar_orders co1_0 
    where
        co1_0.user_id=?
[Hibernate] 
    delete 
    from
        user_calendars uc1_0 
    where
        uc1_0.user_id=?
[Hibernate] 
    select
        c1_0.user_id,
        c1_0.id,
        c1_0.configuration,
        c1_0.created,
        c1_0.generated_pdf_url,
        c1_0.generated_svg,
        c1_0.is_public,
        c1_0.name,
        c1_0.session_id,
        t1_0.id,
        t1_0.configuration,
        t1_0.created,
        t1_0.description,
        t1_0.display_order,
        t1_0.is_active,
        t1_0.is_featured,
        t1_0.name,
        t1_0.preview_svg,
        t1_0.thumbnail_url,
        t1_0.updated,
        t1_0.version,
        c1_0.updated,
        c1_0.version,
        c1_0."year" 
    from
        user_calendars c1_0 
    left join
        calendar_templates t1_0 
            on t1_0.id=c1_0.template_id 
    where
        c1_0.user_id=?
[Hibernate] 
    select
        o1_0.user_id,
        o1_0.id,
        o1_0.calendar_id,
        c1_0.id,
        c1_0.configuration,
        c1_0.created,
        c1_0.generated_pdf_url,
        c1_0.generated_svg,
        c1_0.is_public,
        c1_0.name,
        c1_0.session_id,
        t1_0.id,
        t1_0.configuration,
        t1_0.created,
        t1_0.description,
        t1_0.display_order,
        t1_0.is_active,
        t1_0.is_featured,
        t1_0.name,
        t1_0.preview_svg,
        t1_0.thumbnail_url,
        t1_0.updated,
        t1_0.version,
        c1_0.updated,
        u1_0.id,
        u1_0.created,
        u1_0.display_name,
        u1_0.email,
        u1_0.is_admin,
        u1_0.last_login_at,
        u1_0.oauth_provider,
        u1_0.oauth_subject,
        u1_0.profile_image_url,
        u1_0.updated,
        u1_0.version,
        c1_0.version,
        c1_0."year",
        o1_0.created,
        o1_0.notes,
        o1_0.paid_at,
        o1_0.quantity,
        o1_0.shipped_at,
        o1_0.shipping_address,
        o1_0.status,
        o1_0.stripe_charge_id,
        o1_0.stripe_payment_intent_id,
        o1_0.total_price,
        o1_0.unit_price,
        o1_0.updated,
        o1_0.version 
    from
        calendar_orders o1_0 
    left join
        user_calendars c1_0 
            on c1_0.id=o1_0.calendar_id 
    left join
        calendar_templates t1_0 
            on t1_0.id=c1_0.template_id 
    left join
        calendar_users u1_0 
            on u1_0.id=c1_0.user_id 
    where
        o1_0.user_id=?
[Hibernate] 
    delete 
    from
        calendar_users 
    where
        id=? 
        and version=?
[Hibernate] 
    select
        cu1_0.id,
        cu1_0.created,
        cu1_0.display_name,
        cu1_0.email,
        cu1_0.is_admin,
        cu1_0.last_login_at,
        cu1_0.oauth_provider,
        cu1_0.oauth_subject,
        cu1_0.profile_image_url,
        cu1_0.updated,
        cu1_0.version 
    from
        calendar_users cu1_0 
    where
        cu1_0.oauth_provider=? 
        and cu1_0.oauth_subject=? 
    fetch
        first ? rows only
2025-10-17 04:13:25,879 INFO  [vil.cal.ser.AuthenticationService] (main) Handling OAuth callback for provider: google
2025-10-17 04:13:25,880 WARN  [vil.cal.ser.AuthenticationService] (main) UserInfo not available, using SecurityIdentity attributes
2025-10-17 04:13:25,880 INFO  [vil.cal.ser.AuthenticationService] (main) OAuth user info - subject: test-oauth-subject-123, email: test@example.com, name: Test User
[Hibernate] 
    select
        cu1_0.id,
        cu1_0.created,
        cu1_0.display_name,
        cu1_0.email,
        cu1_0.is_admin,
        cu1_0.last_login_at,
        cu1_0.oauth_provider,
        cu1_0.oauth_subject,
        cu1_0.profile_image_url,
        cu1_0.updated,
        cu1_0.version 
    from
        calendar_users cu1_0 
    where
        cu1_0.oauth_provider=? 
        and cu1_0.oauth_subject=? 
    fetch
        first ? rows only
2025-10-17 04:13:25,880 INFO  [vil.cal.ser.AuthenticationService] (main) Created new user: test@example.com (ID: 0df0ff87-32da-45c6-a31d-8042a2a7a5ea)
[Hibernate] 
    insert 
    into
        calendar_users
        (created, display_name, email, is_admin, last_login_at, oauth_provider, oauth_subject, profile_image_url, updated, version, id) 
    values
        (?, ?, ?, ?, ?, ?, ?, ?, ?, ?, ?)
[Hibernate] 
    select
        cu1_0.id,
        cu1_0.created,
        cu1_0.display_name,
        cu1_0.email,
        cu1_0.is_admin,
        cu1_0.last_login_at,
        cu1_0.oauth_provider,
        cu1_0.oauth_subject,
        cu1_0.profile_image_url,
        cu1_0.updated,
        cu1_0.version 
    from
        calendar_users cu1_0 
    where
        cu1_0.oauth_provider=? 
        and cu1_0.oauth_subject=? 
    fetch
        first ? rows only
[Hibernate] 
    select
        cu1_0.id,
        cu1_0.created,
        cu1_0.display_name,
        cu1_0.email,
        cu1_0.is_admin,
        cu1_0.last_login_at,
        cu1_0.oauth_provider,
        cu1_0.oauth_subject,
        cu1_0.profile_image_url,
        cu1_0.updated,
        cu1_0.version 
    from
        calendar_users cu1_0 
    where
        cu1_0.email=? 
    fetch
        first ? rows only
[Hibernate] 
    delete 
    from
        calendar_orders co1_0 
    where
        co1_0.user_id=?
[Hibernate] 
    delete 
    from
        user_calendars uc1_0 
    where
        uc1_0.user_id=?
[Hibernate] 
    select
        c1_0.user_id,
        c1_0.id,
        c1_0.configuration,
        c1_0.created,
        c1_0.generated_pdf_url,
        c1_0.generated_svg,
        c1_0.is_public,
        c1_0.name,
        c1_0.session_id,
        t1_0.id,
        t1_0.configuration,
        t1_0.created,
        t1_0.description,
        t1_0.display_order,
        t1_0.is_active,
        t1_0.is_featured,
        t1_0.name,
        t1_0.preview_svg,
        t1_0.thumbnail_url,
        t1_0.updated,
        t1_0.version,
        c1_0.updated,
        c1_0.version,
        c1_0."year" 
    from
        user_calendars c1_0 
    left join
        calendar_templates t1_0 
            on t1_0.id=c1_0.template_id 
    where
        c1_0.user_id=?
[Hibernate] 
    select
        o1_0.user_id,
        o1_0.id,
        o1_0.calendar_id,
        c1_0.id,
        c1_0.configuration,
        c1_0.created,
        c1_0.generated_pdf_url,
        c1_0.generated_svg,
        c1_0.is_public,
        c1_0.name,
        c1_0.session_id,
        t1_0.id,
        t1_0.configuration,
        t1_0.created,
        t1_0.description,
        t1_0.display_order,
        t1_0.is_active,
        t1_0.is_featured,
        t1_0.name,
        t1_0.preview_svg,
        t1_0.thumbnail_url,
        t1_0.updated,
        t1_0.version,
        c1_0.updated,
        u1_0.id,
        u1_0.created,
        u1_0.display_name,
        u1_0.email,
        u1_0.is_admin,
        u1_0.last_login_at,
        u1_0.oauth_provider,
        u1_0.oauth_subject,
        u1_0.profile_image_url,
        u1_0.updated,
        u1_0.version,
        c1_0.version,
        c1_0."year",
        o1_0.created,
        o1_0.notes,
        o1_0.paid_at,
        o1_0.quantity,
        o1_0.shipped_at,
        o1_0.shipping_address,
        o1_0.status,
        o1_0.stripe_charge_id,
        o1_0.stripe_payment_intent_id,
        o1_0.total_price,
        o1_0.unit_price,
        o1_0.updated,
        o1_0.version 
    from
        calendar_orders o1_0 
    left join
        user_calendars c1_0 
            on c1_0.id=o1_0.calendar_id 
    left join
        calendar_templates t1_0 
            on t1_0.id=c1_0.template_id 
    left join
        calendar_users u1_0 
            on u1_0.id=c1_0.user_id 
    where
        o1_0.user_id=?
[Hibernate] 
    delete 
    from
        calendar_users 
    where
        id=? 
        and version=?
[Hibernate] 
    select
        cu1_0.id,
        cu1_0.created,
        cu1_0.display_name,
        cu1_0.email,
        cu1_0.is_admin,
        cu1_0.last_login_at,
        cu1_0.oauth_provider,
        cu1_0.oauth_subject,
        cu1_0.profile_image_url,
        cu1_0.updated,
        cu1_0.version 
    from
        calendar_users cu1_0 
    where
        cu1_0.email=? 
    fetch
        first ? rows only
2025-10-17 04:13:25,886 INFO  [vil.cal.ser.AuthenticationService] (main) Handling OAuth callback for provider: google
2025-10-17 04:13:25,886 WARN  [vil.cal.ser.AuthenticationService] (main) UserInfo not available, using SecurityIdentity attributes
2025-10-17 04:13:25,886 ERROR [vil.cal.ser.AuthenticationService] (main) Email not found in UserInfo or SecurityIdentity. UserInfo available: false
[Hibernate] 
    select
        cu1_0.id,
        cu1_0.created,
        cu1_0.display_name,
        cu1_0.email,
        cu1_0.is_admin,
        cu1_0.last_login_at,
        cu1_0.oauth_provider,
        cu1_0.oauth_subject,
        cu1_0.profile_image_url,
        cu1_0.updated,
        cu1_0.version 
    from
        calendar_users cu1_0 
    where
        cu1_0.email=? 
    fetch
        first ? rows only
[Hibernate] 
    select
        cu1_0.id,
        cu1_0.created,
        cu1_0.display_name,
        cu1_0.email,
        cu1_0.is_admin,
        cu1_0.last_login_at,
        cu1_0.oauth_provider,
        cu1_0.oauth_subject,
        cu1_0.profile_image_url,
        cu1_0.updated,
        cu1_0.version 
    from
        calendar_users cu1_0 
    where
        cu1_0.email=? 
    fetch
        first ? rows only
2025-10-17 04:13:25,888 INFO  [vil.cal.ser.AuthenticationService] (main) Handling OAuth callback for provider: google
2025-10-17 04:13:25,888 WARN  [vil.cal.ser.AuthenticationService] (main) UserInfo not available, using SecurityIdentity attributes
2025-10-17 04:13:25,888 INFO  [vil.cal.ser.AuthenticationService] (main) OAuth user info - subject: test-oauth-subject-123, email: test@example.com, name: Test User
[Hibernate] 
    insert 
    into
        calendar_users
        (created, display_name, email, is_admin, last_login_at, oauth_provider, oauth_subject, profile_image_url, updated, version, id) 
    values
        (?, ?, ?, ?, ?, ?, ?, ?, ?, ?, ?)
[Hibernate] 
    select
        cu1_0.id,
        cu1_0.created,
        cu1_0.display_name,
        cu1_0.email,
        cu1_0.is_admin,
        cu1_0.last_login_at,
        cu1_0.oauth_provider,
        cu1_0.oauth_subject,
        cu1_0.profile_image_url,
        cu1_0.updated,
        cu1_0.version 
    from
        calendar_users cu1_0 
    where
        cu1_0.oauth_provider=? 
        and cu1_0.oauth_subject=? 
    fetch
        first ? rows only
2025-10-17 04:13:25,889 INFO  [vil.cal.ser.AuthenticationService] (main) Found existing user: old-email@example.com (ID: c460bc84-c7c4-4651-b8d2-9a3de79fc716)
2025-10-17 04:13:25,889 INFO  [vil.cal.ser.AuthenticationService] (main) Updated existing user's last login: test@example.com
[Hibernate] 
    update
        calendar_users 
    set
        display_name=?,
        email=?,
        is_admin=?,
        last_login_at=?,
        oauth_provider=?,
        oauth_subject=?,
        profile_image_url=?,
        updated=?,
        version=? 
    where
        id=? 
        and version=?
[Hibernate] 
    select
        count(*) 
    from
        calendar_users cu1_0 
    where
        cu1_0.oauth_provider=? 
        and cu1_0.oauth_subject=?
[Hibernate] 
    select
        cu1_0.id,
        cu1_0.created,
        cu1_0.display_name,
        cu1_0.email,
        cu1_0.is_admin,
        cu1_0.last_login_at,
        cu1_0.oauth_provider,
        cu1_0.oauth_subject,
        cu1_0.profile_image_url,
        cu1_0.updated,
        cu1_0.version 
    from
        calendar_users cu1_0 
    where
        cu1_0.email=? 
    fetch
        first ? rows only
[Hibernate] 
    delete 
    from
        calendar_orders co1_0 
    where
        co1_0.user_id=?
[Hibernate] 
    delete 
    from
        user_calendars uc1_0 
    where
        uc1_0.user_id=?
[Hibernate] 
    select
        c1_0.user_id,
        c1_0.id,
        c1_0.configuration,
        c1_0.created,
        c1_0.generated_pdf_url,
        c1_0.generated_svg,
        c1_0.is_public,
        c1_0.name,
        c1_0.session_id,
        t1_0.id,
        t1_0.configuration,
        t1_0.created,
        t1_0.description,
        t1_0.display_order,
        t1_0.is_active,
        t1_0.is_featured,
        t1_0.name,
        t1_0.preview_svg,
        t1_0.thumbnail_url,
        t1_0.updated,
        t1_0.version,
        c1_0.updated,
        c1_0.version,
        c1_0."year" 
    from
        user_calendars c1_0 
    left join
        calendar_templates t1_0 
            on t1_0.id=c1_0.template_id 
    where
        c1_0.user_id=?
[Hibernate] 
    select
        o1_0.user_id,
        o1_0.id,
        o1_0.calendar_id,
        c1_0.id,
        c1_0.configuration,
        c1_0.created,
        c1_0.generated_pdf_url,
        c1_0.generated_svg,
        c1_0.is_public,
        c1_0.name,
        c1_0.session_id,
        t1_0.id,
        t1_0.configuration,
        t1_0.created,
        t1_0.description,
        t1_0.display_order,
        t1_0.is_active,
        t1_0.is_featured,
        t1_0.name,
        t1_0.preview_svg,
        t1_0.thumbnail_url,
        t1_0.updated,
        t1_0.version,
        c1_0.updated,
        u1_0.id,
        u1_0.created,
        u1_0.display_name,
        u1_0.email,
        u1_0.is_admin,
        u1_0.last_login_at,
        u1_0.oauth_provider,
        u1_0.oauth_subject,
        u1_0.profile_image_url,
        u1_0.updated,
        u1_0.version,
        c1_0.version,
        c1_0."year",
        o1_0.created,
        o1_0.notes,
        o1_0.paid_at,
        o1_0.quantity,
        o1_0.shipped_at,
        o1_0.shipping_address,
        o1_0.status,
        o1_0.stripe_charge_id,
        o1_0.stripe_payment_intent_id,
        o1_0.total_price,
        o1_0.unit_price,
        o1_0.updated,
        o1_0.version 
    from
        calendar_orders o1_0 
    left join
        user_calendars c1_0 
            on c1_0.id=o1_0.calendar_id 
    left join
        calendar_templates t1_0 
            on t1_0.id=c1_0.template_id 
    left join
        calendar_users u1_0 
            on u1_0.id=c1_0.user_id 
    where
        o1_0.user_id=?
[Hibernate] 
    delete 
    from
        calendar_users 
    where
        id=? 
        and version=?
[Hibernate] 
    select
        cu1_0.id,
        cu1_0.created,
        cu1_0.display_name,
        cu1_0.email,
        cu1_0.is_admin,
        cu1_0.last_login_at,
        cu1_0.oauth_provider,
        cu1_0.oauth_subject,
        cu1_0.profile_image_url,
        cu1_0.updated,
        cu1_0.version 
    from
        calendar_users cu1_0 
    where
        cu1_0.email=? 
    fetch
        first ? rows only
2025-10-17 04:13:25,896 INFO  [vil.cal.ser.AuthenticationService] (main) Issuing JWT for user: test@example.com (ID: 21b57914-726d-407f-adff-29d993746c37)
2025-10-17 04:13:25,912 INFO  [vil.cal.ser.AuthenticationService] (main) Successfully issued JWT for user: test@example.com
[Hibernate] 
    insert 
    into
        calendar_users
        (created, display_name, email, is_admin, last_login_at, oauth_provider, oauth_subject, profile_image_url, updated, version, id) 
    values
        (?, ?, ?, ?, ?, ?, ?, ?, ?, ?, ?)
[Hibernate] 
    select
        cu1_0.id,
        cu1_0.created,
        cu1_0.display_name,
        cu1_0.email,
        cu1_0.is_admin,
        cu1_0.last_login_at,
        cu1_0.oauth_provider,
        cu1_0.oauth_subject,
        cu1_0.profile_image_url,
        cu1_0.updated,
        cu1_0.version 
    from
        calendar_users cu1_0 
    where
        cu1_0.email=? 
    fetch
        first ? rows only
[Hibernate] 
    delete 
    from
        calendar_orders co1_0 
    where
        co1_0.user_id=?
[Hibernate] 
    delete 
    from
        user_calendars uc1_0 
    where
        uc1_0.user_id=?
[Hibernate] 
    select
        c1_0.user_id,
        c1_0.id,
        c1_0.configuration,
        c1_0.created,
        c1_0.generated_pdf_url,
        c1_0.generated_svg,
        c1_0.is_public,
        c1_0.name,
        c1_0.session_id,
        t1_0.id,
        t1_0.configuration,
        t1_0.created,
        t1_0.description,
        t1_0.display_order,
        t1_0.is_active,
        t1_0.is_featured,
        t1_0.name,
        t1_0.preview_svg,
        t1_0.thumbnail_url,
        t1_0.updated,
        t1_0.version,
        c1_0.updated,
        c1_0.version,
        c1_0."year" 
    from
        user_calendars c1_0 
    left join
        calendar_templates t1_0 
            on t1_0.id=c1_0.template_id 
    where
        c1_0.user_id=?
[Hibernate] 
    select
        o1_0.user_id,
        o1_0.id,
        o1_0.calendar_id,
        c1_0.id,
        c1_0.configuration,
        c1_0.created,
        c1_0.generated_pdf_url,
        c1_0.generated_svg,
        c1_0.is_public,
        c1_0.name,
        c1_0.session_id,
        t1_0.id,
        t1_0.configuration,
        t1_0.created,
        t1_0.description,
        t1_0.display_order,
        t1_0.is_active,
        t1_0.is_featured,
        t1_0.name,
        t1_0.preview_svg,
        t1_0.thumbnail_url,
        t1_0.updated,
        t1_0.version,
        c1_0.updated,
        u1_0.id,
        u1_0.created,
        u1_0.display_name,
        u1_0.email,
        u1_0.is_admin,
        u1_0.last_login_at,
        u1_0.oauth_provider,
        u1_0.oauth_subject,
        u1_0.profile_image_url,
        u1_0.updated,
        u1_0.version,
        c1_0.version,
        c1_0."year",
        o1_0.created,
        o1_0.notes,
        o1_0.paid_at,
        o1_0.quantity,
        o1_0.shipped_at,
        o1_0.shipping_address,
        o1_0.status,
        o1_0.stripe_charge_id,
        o1_0.stripe_payment_intent_id,
        o1_0.total_price,
        o1_0.unit_price,
        o1_0.updated,
        o1_0.version 
    from
        calendar_orders o1_0 
    left join
        user_calendars c1_0 
            on c1_0.id=o1_0.calendar_id 
    left join
        calendar_templates t1_0 
            on t1_0.id=c1_0.template_id 
    left join
        calendar_users u1_0 
            on u1_0.id=c1_0.user_id 
    where
        o1_0.user_id=?
[Hibernate] 
    delete 
    from
        calendar_users 
    where
        id=? 
        and version=?
[INFO] Tests run: 4, Failures: 0, Errors: 0, Skipped: 0, Time elapsed: 0.045 s -- in villagecompute.calendar.services.AuthenticationServiceTest
[INFO] Running villagecompute.calendar.services.OrderServiceTest
[Hibernate] 
    delete 
    from
        calendar_orders co1_0
[Hibernate] 
    delete 
    from
        user_calendars uc1_0
[Hibernate] 
    delete 
    from
        calendar_users cu1_0
[Hibernate] 
    delete 
    from
        calendar_templates ct1_0
[Hibernate] 
    insert 
    into
        calendar_users
        (created, display_name, email, is_admin, last_login_at, oauth_provider, oauth_subject, profile_image_url, updated, version, id) 
    values
        (?, ?, ?, ?, ?, ?, ?, ?, ?, ?, ?)
[Hibernate] 
    insert 
    into
        calendar_templates
        (configuration, created, description, display_order, is_active, is_featured, name, preview_svg, thumbnail_url, updated, version, id) 
    values
        (?, ?, ?, ?, ?, ?, ?, ?, ?, ?, ?, ?)
[Hibernate] 
    insert 
    into
        user_calendars
        (configuration, created, generated_pdf_url, generated_svg, is_public, name, session_id, template_id, updated, user_id, version, "year", id) 
    values
        (?, ?, ?, ?, ?, ?, ?, ?, ?, ?, ?, ?, ?)
2025-10-17 04:13:25,926 INFO  [vil.cal.ser.OrderService] (main) Creating order for user test@example.com, calendar e3adc11a-eb63-4040-b6cf-f996ab4a7fa8, quantity 1
2025-10-17 04:13:25,926 INFO  [vil.cal.ser.OrderService] (main) Created order 7defbc1e-02c4-4769-83bc-922b25dd32b5 with total price $29.99
2025-10-17 04:13:25,927 INFO  [vil.cal.ser.OrderService] (main) Updating order 7defbc1e-02c4-4769-83bc-922b25dd32b5 to status PAID
2025-10-17 04:13:25,927 INFO  [vil.cal.ser.OrderService] (main) Updated order 7defbc1e-02c4-4769-83bc-922b25dd32b5 from PENDING to PAID
[Hibernate] 
    insert 
    into
        calendar_orders
        (calendar_id, created, notes, paid_at, quantity, shipped_at, shipping_address, status, stripe_charge_id, stripe_payment_intent_id, total_price, unit_price, updated, user_id, version, id) 
    values
        (?, ?, ?, ?, ?, ?, ?, ?, ?, ?, ?, ?, ?, ?, ?, ?)
[Hibernate] 
    update
        calendar_orders 
    set
        calendar_id=?,
        notes=?,
        paid_at=?,
        quantity=?,
        shipped_at=?,
        shipping_address=?,
        status=?,
        stripe_charge_id=?,
        stripe_payment_intent_id=?,
        total_price=?,
        unit_price=?,
        updated=?,
        user_id=?,
        version=? 
    where
        id=? 
        and version=?
[Hibernate] 
    delete 
    from
        calendar_orders co1_0
[Hibernate] 
    delete 
    from
        user_calendars uc1_0
[Hibernate] 
    delete 
    from
        calendar_users cu1_0
[Hibernate] 
    delete 
    from
        calendar_templates ct1_0
[Hibernate] 
    insert 
    into
        calendar_users
        (created, display_name, email, is_admin, last_login_at, oauth_provider, oauth_subject, profile_image_url, updated, version, id) 
    values
        (?, ?, ?, ?, ?, ?, ?, ?, ?, ?, ?)
[Hibernate] 
    insert 
    into
        calendar_templates
        (configuration, created, description, display_order, is_active, is_featured, name, preview_svg, thumbnail_url, updated, version, id) 
    values
        (?, ?, ?, ?, ?, ?, ?, ?, ?, ?, ?, ?)
[Hibernate] 
    insert 
    into
        user_calendars
        (configuration, created, generated_pdf_url, generated_svg, is_public, name, session_id, template_id, updated, user_id, version, "year", id) 
    values
        (?, ?, ?, ?, ?, ?, ?, ?, ?, ?, ?, ?, ?)
2025-10-17 04:13:25,933 INFO  [vil.cal.ser.OrderService] (main) Creating order for user test@example.com, calendar 44d476bd-69ea-4932-bdb3-3b5947fe00e3, quantity 0
[Hibernate] 
    delete 
    from
        calendar_orders co1_0
[Hibernate] 
    delete 
    from
        user_calendars uc1_0
[Hibernate] 
    delete 
    from
        calendar_users cu1_0
[Hibernate] 
    delete 
    from
        calendar_templates ct1_0
[Hibernate] 
    insert 
    into
        calendar_users
        (created, display_name, email, is_admin, last_login_at, oauth_provider, oauth_subject, profile_image_url, updated, version, id) 
    values
        (?, ?, ?, ?, ?, ?, ?, ?, ?, ?, ?)
[Hibernate] 
    insert 
    into
        calendar_templates
        (configuration, created, description, display_order, is_active, is_featured, name, preview_svg, thumbnail_url, updated, version, id) 
    values
        (?, ?, ?, ?, ?, ?, ?, ?, ?, ?, ?, ?)
[Hibernate] 
    insert 
    into
        user_calendars
        (configuration, created, generated_pdf_url, generated_svg, is_public, name, session_id, template_id, updated, user_id, version, "year", id) 
    values
        (?, ?, ?, ?, ?, ?, ?, ?, ?, ?, ?, ?, ?)
2025-10-17 04:13:25,938 INFO  [vil.cal.ser.OrderService] (main) Creating order for user test@example.com, calendar ea6b0d70-6b82-4b83-9ec9-5dd89f3a92ab, quantity 1
2025-10-17 04:13:25,939 INFO  [vil.cal.ser.OrderService] (main) Created order 749b8c99-4fbb-4996-8e28-24f15da5582d with total price $29.99
2025-10-17 04:13:25,939 INFO  [vil.cal.ser.OrderService] (main) Updating order 749b8c99-4fbb-4996-8e28-24f15da5582d to status SHIPPED
[Hibernate] 
    delete 
    from
        calendar_orders co1_0
[Hibernate] 
    delete 
    from
        user_calendars uc1_0
[Hibernate] 
    delete 
    from
        calendar_users cu1_0
[Hibernate] 
    delete 
    from
        calendar_templates ct1_0
[Hibernate] 
    insert 
    into
        calendar_users
        (created, display_name, email, is_admin, last_login_at, oauth_provider, oauth_subject, profile_image_url, updated, version, id) 
    values
        (?, ?, ?, ?, ?, ?, ?, ?, ?, ?, ?)
[Hibernate] 
    insert 
    into
        calendar_templates
        (configuration, created, description, display_order, is_active, is_featured, name, preview_svg, thumbnail_url, updated, version, id) 
    values
        (?, ?, ?, ?, ?, ?, ?, ?, ?, ?, ?, ?)
[Hibernate] 
    insert 
    into
        user_calendars
        (configuration, created, generated_pdf_url, generated_svg, is_public, name, session_id, template_id, updated, user_id, version, "year", id) 
    values
        (?, ?, ?, ?, ?, ?, ?, ?, ?, ?, ?, ?, ?)
2025-10-17 04:13:25,944 INFO  [vil.cal.ser.OrderService] (main) Creating order for user test@example.com, calendar 59a48495-e859-453e-8cdf-9a7b89f67379, quantity 1
2025-10-17 04:13:25,944 INFO  [vil.cal.ser.OrderService] (main) Created order 1ee44a0b-9cc9-4d5a-9085-916261e35cf1 with total price $29.99
2025-10-17 04:13:25,944 INFO  [vil.cal.ser.OrderService] (main) Updating order 1ee44a0b-9cc9-4d5a-9085-916261e35cf1 to status PAID
2025-10-17 04:13:25,944 INFO  [vil.cal.ser.OrderService] (main) Updated order 1ee44a0b-9cc9-4d5a-9085-916261e35cf1 from PENDING to PAID
2025-10-17 04:13:25,945 INFO  [vil.cal.ser.OrderService] (main) Updating order 1ee44a0b-9cc9-4d5a-9085-916261e35cf1 to status SHIPPED
2025-10-17 04:13:25,945 INFO  [vil.cal.ser.OrderService] (main) Updated order 1ee44a0b-9cc9-4d5a-9085-916261e35cf1 from PAID to SHIPPED
2025-10-17 04:13:25,945 INFO  [vil.cal.ser.OrderService] (main) Updating order 1ee44a0b-9cc9-4d5a-9085-916261e35cf1 to status DELIVERED
2025-10-17 04:13:25,945 INFO  [vil.cal.ser.OrderService] (main) Updated order 1ee44a0b-9cc9-4d5a-9085-916261e35cf1 from SHIPPED to DELIVERED
2025-10-17 04:13:25,945 INFO  [vil.cal.ser.OrderService] (main) Updating order 1ee44a0b-9cc9-4d5a-9085-916261e35cf1 to status PROCESSING
2025-10-17 04:13:25,945 ERROR [vil.cal.ser.OrderService] (main) Cannot update terminal order 1ee44a0b-9cc9-4d5a-9085-916261e35cf1 (status: DELIVERED)
[Hibernate] 
    delete 
    from
        calendar_orders co1_0
[Hibernate] 
    delete 
    from
        user_calendars uc1_0
[Hibernate] 
    delete 
    from
        calendar_users cu1_0
[Hibernate] 
    delete 
    from
        calendar_templates ct1_0
[Hibernate] 
    insert 
    into
        calendar_users
        (created, display_name, email, is_admin, last_login_at, oauth_provider, oauth_subject, profile_image_url, updated, version, id) 
    values
        (?, ?, ?, ?, ?, ?, ?, ?, ?, ?, ?)
[Hibernate] 
    insert 
    into
        calendar_templates
        (configuration, created, description, display_order, is_active, is_featured, name, preview_svg, thumbnail_url, updated, version, id) 
    values
        (?, ?, ?, ?, ?, ?, ?, ?, ?, ?, ?, ?)
[Hibernate] 
    insert 
    into
        user_calendars
        (configuration, created, generated_pdf_url, generated_svg, is_public, name, session_id, template_id, updated, user_id, version, "year", id) 
    values
        (?, ?, ?, ?, ?, ?, ?, ?, ?, ?, ?, ?, ?)
2025-10-17 04:13:25,949 INFO  [vil.cal.ser.OrderService] (main) Creating order for user test@example.com, calendar 7ab67e05-69fa-4341-9d1d-658f6f5fc4b2, quantity 1
2025-10-17 04:13:25,950 INFO  [vil.cal.ser.OrderService] (main) Created order 3284bc01-afe5-4a47-bdc7-654135314e41 with total price $29.99
2025-10-17 04:13:25,950 INFO  [vil.cal.ser.OrderService] (main) Creating order for user test@example.com, calendar 7ab67e05-69fa-4341-9d1d-658f6f5fc4b2, quantity 1
2025-10-17 04:13:25,950 INFO  [vil.cal.ser.OrderService] (main) Created order f7a4c061-8fdd-41f4-a7a0-08e094a2091a with total price $29.99
[Hibernate] 
    insert 
    into
        calendar_orders
        (calendar_id, created, notes, paid_at, quantity, shipped_at, shipping_address, status, stripe_charge_id, stripe_payment_intent_id, total_price, unit_price, updated, user_id, version, id) 
    values
        (?, ?, ?, ?, ?, ?, ?, ?, ?, ?, ?, ?, ?, ?, ?, ?)
[Hibernate] 
    insert 
    into
        calendar_orders
        (calendar_id, created, notes, paid_at, quantity, shipped_at, shipping_address, status, stripe_charge_id, stripe_payment_intent_id, total_price, unit_price, updated, user_id, version, id) 
    values
        (?, ?, ?, ?, ?, ?, ?, ?, ?, ?, ?, ?, ?, ?, ?, ?)
[Hibernate] 
    select
        co1_0.id,
        co1_0.calendar_id,
        co1_0.created,
        co1_0.notes,
        co1_0.paid_at,
        co1_0.quantity,
        co1_0.shipped_at,
        co1_0.shipping_address,
        co1_0.status,
        co1_0.stripe_charge_id,
        co1_0.stripe_payment_intent_id,
        co1_0.total_price,
        co1_0.unit_price,
        co1_0.updated,
        co1_0.user_id,
        co1_0.version 
    from
        calendar_orders co1_0 
    where
        co1_0.user_id=? 
    order by
        co1_0.created desc
[Hibernate] 
    select
        uc1_0.id,
        uc1_0.configuration,
        uc1_0.created,
        uc1_0.generated_pdf_url,
        uc1_0.generated_svg,
        uc1_0.is_public,
        uc1_0.name,
        uc1_0.session_id,
        t1_0.id,
        t1_0.configuration,
        t1_0.created,
        t1_0.description,
        t1_0.display_order,
        t1_0.is_active,
        t1_0.is_featured,
        t1_0.name,
        t1_0.preview_svg,
        t1_0.thumbnail_url,
        t1_0.updated,
        t1_0.version,
        uc1_0.updated,
        u1_0.id,
        u1_0.created,
        u1_0.display_name,
        u1_0.email,
        u1_0.is_admin,
        u1_0.last_login_at,
        u1_0.oauth_provider,
        u1_0.oauth_subject,
        u1_0.profile_image_url,
        u1_0.updated,
        u1_0.version,
        uc1_0.version,
        uc1_0."year" 
    from
        user_calendars uc1_0 
    left join
        calendar_templates t1_0 
            on t1_0.id=uc1_0.template_id 
    left join
        calendar_users u1_0 
            on u1_0.id=uc1_0.user_id 
    where
        uc1_0.id=?
[Hibernate] 
    delete 
    from
        calendar_orders co1_0
[Hibernate] 
    delete 
    from
        user_calendars uc1_0
[Hibernate] 
    delete 
    from
        calendar_users cu1_0
[Hibernate] 
    delete 
    from
        calendar_templates ct1_0
[Hibernate] 
    insert 
    into
        calendar_users
        (created, display_name, email, is_admin, last_login_at, oauth_provider, oauth_subject, profile_image_url, updated, version, id) 
    values
        (?, ?, ?, ?, ?, ?, ?, ?, ?, ?, ?)
[Hibernate] 
    insert 
    into
        calendar_templates
        (configuration, created, description, display_order, is_active, is_featured, name, preview_svg, thumbnail_url, updated, version, id) 
    values
        (?, ?, ?, ?, ?, ?, ?, ?, ?, ?, ?, ?)
[Hibernate] 
    insert 
    into
        user_calendars
        (configuration, created, generated_pdf_url, generated_svg, is_public, name, session_id, template_id, updated, user_id, version, "year", id) 
    values
        (?, ?, ?, ?, ?, ?, ?, ?, ?, ?, ?, ?, ?)
2025-10-17 04:13:25,959 INFO  [vil.cal.ser.OrderService] (main) Creating order for user test@example.com, calendar 3967adbe-9f82-40d8-98e4-41130c05896c, quantity 2
2025-10-17 04:13:25,959 INFO  [vil.cal.ser.OrderService] (main) Created order db04cff8-927e-4b8d-b8c7-4153de2a8d6b with total price $59.98
[Hibernate] 
    insert 
    into
        calendar_orders
        (calendar_id, created, notes, paid_at, quantity, shipped_at, shipping_address, status, stripe_charge_id, stripe_payment_intent_id, total_price, unit_price, updated, user_id, version, id) 
    values
        (?, ?, ?, ?, ?, ?, ?, ?, ?, ?, ?, ?, ?, ?, ?, ?)
[Hibernate] 
    delete 
    from
        calendar_orders co1_0
[Hibernate] 
    delete 
    from
        user_calendars uc1_0
[Hibernate] 
    delete 
    from
        calendar_users cu1_0
[Hibernate] 
    delete 
    from
        calendar_templates ct1_0
[Hibernate] 
    insert 
    into
        calendar_users
        (created, display_name, email, is_admin, last_login_at, oauth_provider, oauth_subject, profile_image_url, updated, version, id) 
    values
        (?, ?, ?, ?, ?, ?, ?, ?, ?, ?, ?)
[Hibernate] 
    insert 
    into
        calendar_templates
        (configuration, created, description, display_order, is_active, is_featured, name, preview_svg, thumbnail_url, updated, version, id) 
    values
        (?, ?, ?, ?, ?, ?, ?, ?, ?, ?, ?, ?)
[Hibernate] 
    insert 
    into
        user_calendars
        (configuration, created, generated_pdf_url, generated_svg, is_public, name, session_id, template_id, updated, user_id, version, "year", id) 
    values
        (?, ?, ?, ?, ?, ?, ?, ?, ?, ?, ?, ?, ?)
2025-10-17 04:13:25,964 INFO  [vil.cal.ser.OrderService] (main) Creating order for user test@example.com, calendar 9cd3cb97-30ee-413b-8cb6-0a99d8ba77b1, quantity 1
2025-10-17 04:13:25,964 INFO  [vil.cal.ser.OrderService] (main) Created order da90d438-aa3b-4a36-b023-d3b6b90b1fb0 with total price $29.99
[Hibernate] 
    insert 
    into
        calendar_orders
        (calendar_id, created, notes, paid_at, quantity, shipped_at, shipping_address, status, stripe_charge_id, stripe_payment_intent_id, total_price, unit_price, updated, user_id, version, id) 
    values
        (?, ?, ?, ?, ?, ?, ?, ?, ?, ?, ?, ?, ?, ?, ?, ?)
[Hibernate] 
    update
        calendar_orders 
    set
        calendar_id=?,
        notes=?,
        paid_at=?,
        quantity=?,
        shipped_at=?,
        shipping_address=?,
        status=?,
        stripe_charge_id=?,
        stripe_payment_intent_id=?,
        total_price=?,
        unit_price=?,
        updated=?,
        user_id=?,
        version=? 
    where
        id=? 
        and version=?
[Hibernate] 
    select
        co1_0.id,
        co1_0.calendar_id,
        co1_0.created,
        co1_0.notes,
        co1_0.paid_at,
        co1_0.quantity,
        co1_0.shipped_at,
        co1_0.shipping_address,
        co1_0.status,
        co1_0.stripe_charge_id,
        co1_0.stripe_payment_intent_id,
        co1_0.total_price,
        co1_0.unit_price,
        co1_0.updated,
        co1_0.user_id,
        co1_0.version 
    from
        calendar_orders co1_0 
    where
        co1_0.stripe_payment_intent_id=? 
    fetch
        first ? rows only
[Hibernate] 
    select
        uc1_0.id,
        uc1_0.configuration,
        uc1_0.created,
        uc1_0.generated_pdf_url,
        uc1_0.generated_svg,
        uc1_0.is_public,
        uc1_0.name,
        uc1_0.session_id,
        t1_0.id,
        t1_0.configuration,
        t1_0.created,
        t1_0.description,
        t1_0.display_order,
        t1_0.is_active,
        t1_0.is_featured,
        t1_0.name,
        t1_0.preview_svg,
        t1_0.thumbnail_url,
        t1_0.updated,
        t1_0.version,
        uc1_0.updated,
        u1_0.id,
        u1_0.created,
        u1_0.display_name,
        u1_0.email,
        u1_0.is_admin,
        u1_0.last_login_at,
        u1_0.oauth_provider,
        u1_0.oauth_subject,
        u1_0.profile_image_url,
        u1_0.updated,
        u1_0.version,
        uc1_0.version,
        uc1_0."year" 
    from
        user_calendars uc1_0 
    left join
        calendar_templates t1_0 
            on t1_0.id=uc1_0.template_id 
    left join
        calendar_users u1_0 
            on u1_0.id=uc1_0.user_id 
    where
        uc1_0.id=?
[Hibernate] 
    delete 
    from
        calendar_orders co1_0
[Hibernate] 
    delete 
    from
        user_calendars uc1_0
[Hibernate] 
    delete 
    from
        calendar_users cu1_0
[Hibernate] 
    delete 
    from
        calendar_templates ct1_0
[Hibernate] 
    insert 
    into
        calendar_users
        (created, display_name, email, is_admin, last_login_at, oauth_provider, oauth_subject, profile_image_url, updated, version, id) 
    values
        (?, ?, ?, ?, ?, ?, ?, ?, ?, ?, ?)
[Hibernate] 
    insert 
    into
        calendar_templates
        (configuration, created, description, display_order, is_active, is_featured, name, preview_svg, thumbnail_url, updated, version, id) 
    values
        (?, ?, ?, ?, ?, ?, ?, ?, ?, ?, ?, ?)
[Hibernate] 
    insert 
    into
        user_calendars
        (configuration, created, generated_pdf_url, generated_svg, is_public, name, session_id, template_id, updated, user_id, version, "year", id) 
    values
        (?, ?, ?, ?, ?, ?, ?, ?, ?, ?, ?, ?, ?)
2025-10-17 04:13:25,993 INFO  [vil.cal.ser.OrderService] (main) Creating order for user test@example.com, calendar ab098a30-9f08-4471-86b5-c62c5f15cda1, quantity 1
2025-10-17 04:13:25,994 INFO  [vil.cal.ser.OrderService] (main) Created order c198ed60-6b8f-429d-b331-f77a096dd947 with total price $29.99
2025-10-17 04:13:25,994 INFO  [vil.cal.ser.OrderService] (main) Creating order for user test@example.com, calendar ab098a30-9f08-4471-86b5-c62c5f15cda1, quantity 1
2025-10-17 04:13:25,995 INFO  [vil.cal.ser.OrderService] (main) Created order f909e1d7-99e4-42e1-bc6a-ea955d845a86 with total price $29.99
2025-10-17 04:13:25,995 INFO  [vil.cal.ser.OrderService] (main) Updating order f909e1d7-99e4-42e1-bc6a-ea955d845a86 to status PAID
2025-10-17 04:13:25,995 INFO  [vil.cal.ser.OrderService] (main) Updated order f909e1d7-99e4-42e1-bc6a-ea955d845a86 from PENDING to PAID
[Hibernate] 
    insert 
    into
        calendar_orders
        (calendar_id, created, notes, paid_at, quantity, shipped_at, shipping_address, status, stripe_charge_id, stripe_payment_intent_id, total_price, unit_price, updated, user_id, version, id) 
    values
        (?, ?, ?, ?, ?, ?, ?, ?, ?, ?, ?, ?, ?, ?, ?, ?)
[Hibernate] 
    insert 
    into
        calendar_orders
        (calendar_id, created, notes, paid_at, quantity, shipped_at, shipping_address, status, stripe_charge_id, stripe_payment_intent_id, total_price, unit_price, updated, user_id, version, id) 
    values
        (?, ?, ?, ?, ?, ?, ?, ?, ?, ?, ?, ?, ?, ?, ?, ?)
[Hibernate] 
    update
        calendar_orders 
    set
        calendar_id=?,
        notes=?,
        paid_at=?,
        quantity=?,
        shipped_at=?,
        shipping_address=?,
        status=?,
        stripe_charge_id=?,
        stripe_payment_intent_id=?,
        total_price=?,
        unit_price=?,
        updated=?,
        user_id=?,
        version=? 
    where
        id=? 
        and version=?
[Hibernate] 
    select
        co1_0.id,
        co1_0.calendar_id,
        co1_0.created,
        co1_0.notes,
        co1_0.paid_at,
        co1_0.quantity,
        co1_0.shipped_at,
        co1_0.shipping_address,
        co1_0.status,
        co1_0.stripe_charge_id,
        co1_0.stripe_payment_intent_id,
        co1_0.total_price,
        co1_0.unit_price,
        co1_0.updated,
        co1_0.user_id,
        co1_0.version 
    from
        calendar_orders co1_0 
    where
        co1_0.status=? 
    order by
        co1_0.created desc
[Hibernate] 
    select
        uc1_0.id,
        uc1_0.configuration,
        uc1_0.created,
        uc1_0.generated_pdf_url,
        uc1_0.generated_svg,
        uc1_0.is_public,
        uc1_0.name,
        uc1_0.session_id,
        t1_0.id,
        t1_0.configuration,
        t1_0.created,
        t1_0.description,
        t1_0.display_order,
        t1_0.is_active,
        t1_0.is_featured,
        t1_0.name,
        t1_0.preview_svg,
        t1_0.thumbnail_url,
        t1_0.updated,
        t1_0.version,
        uc1_0.updated,
        u1_0.id,
        u1_0.created,
        u1_0.display_name,
        u1_0.email,
        u1_0.is_admin,
        u1_0.last_login_at,
        u1_0.oauth_provider,
        u1_0.oauth_subject,
        u1_0.profile_image_url,
        u1_0.updated,
        u1_0.version,
        uc1_0.version,
        uc1_0."year" 
    from
        user_calendars uc1_0 
    left join
        calendar_templates t1_0 
            on t1_0.id=uc1_0.template_id 
    left join
        calendar_users u1_0 
            on u1_0.id=uc1_0.user_id 
    where
        uc1_0.id=?
[Hibernate] 
    select
        co1_0.id,
        co1_0.calendar_id,
        co1_0.created,
        co1_0.notes,
        co1_0.paid_at,
        co1_0.quantity,
        co1_0.shipped_at,
        co1_0.shipping_address,
        co1_0.status,
        co1_0.stripe_charge_id,
        co1_0.stripe_payment_intent_id,
        co1_0.total_price,
        co1_0.unit_price,
        co1_0.updated,
        co1_0.user_id,
        co1_0.version 
    from
        calendar_orders co1_0 
    where
        co1_0.status=? 
    order by
        co1_0.created desc
[Hibernate] 
    delete 
    from
        calendar_orders co1_0
[Hibernate] 
    delete 
    from
        user_calendars uc1_0
[Hibernate] 
    delete 
    from
        calendar_users cu1_0
[Hibernate] 
    delete 
    from
        calendar_templates ct1_0
[Hibernate] 
    insert 
    into
        calendar_users
        (created, display_name, email, is_admin, last_login_at, oauth_provider, oauth_subject, profile_image_url, updated, version, id) 
    values
        (?, ?, ?, ?, ?, ?, ?, ?, ?, ?, ?)
[Hibernate] 
    insert 
    into
        calendar_templates
        (configuration, created, description, display_order, is_active, is_featured, name, preview_svg, thumbnail_url, updated, version, id) 
    values
        (?, ?, ?, ?, ?, ?, ?, ?, ?, ?, ?, ?)
[Hibernate] 
    insert 
    into
        user_calendars
        (configuration, created, generated_pdf_url, generated_svg, is_public, name, session_id, template_id, updated, user_id, version, "year", id) 
    values
        (?, ?, ?, ?, ?, ?, ?, ?, ?, ?, ?, ?, ?)
[Hibernate] 
    select
        co1_0.id,
        co1_0.calendar_id,
        c1_0.id,
        c1_0.configuration,
        c1_0.created,
        c1_0.generated_pdf_url,
        c1_0.generated_svg,
        c1_0.is_public,
        c1_0.name,
        c1_0.session_id,
        t1_0.id,
        t1_0.configuration,
        t1_0.created,
        t1_0.description,
        t1_0.display_order,
        t1_0.is_active,
        t1_0.is_featured,
        t1_0.name,
        t1_0.preview_svg,
        t1_0.thumbnail_url,
        t1_0.updated,
        t1_0.version,
        c1_0.updated,
        u1_0.id,
        u1_0.created,
        u1_0.display_name,
        u1_0.email,
        u1_0.is_admin,
        u1_0.last_login_at,
        u1_0.oauth_provider,
        u1_0.oauth_subject,
        u1_0.profile_image_url,
        u1_0.updated,
        u1_0.version,
        c1_0.version,
        c1_0."year",
        co1_0.created,
        co1_0.notes,
        co1_0.paid_at,
        co1_0.quantity,
        co1_0.shipped_at,
        co1_0.shipping_address,
        co1_0.status,
        co1_0.stripe_charge_id,
        co1_0.stripe_payment_intent_id,
        co1_0.total_price,
        co1_0.unit_price,
        co1_0.updated,
        co1_0.user_id,
        u2_0.id,
        u2_0.created,
        u2_0.display_name,
        u2_0.email,
        u2_0.is_admin,
        u2_0.last_login_at,
        u2_0.oauth_provider,
        u2_0.oauth_subject,
        u2_0.profile_image_url,
        u2_0.updated,
        u2_0.version,
        co1_0.version 
    from
        calendar_orders co1_0 
    join
        user_calendars c1_0 
            on c1_0.id=co1_0.calendar_id 
    left join
        calendar_templates t1_0 
            on t1_0.id=c1_0.template_id 
    left join
        calendar_users u1_0 
            on u1_0.id=c1_0.user_id 
    join
        calendar_users u2_0 
            on u2_0.id=co1_0.user_id 
    where
        co1_0.id=?
[Hibernate] 
    delete 
    from
        calendar_orders co1_0
[Hibernate] 
    delete 
    from
        user_calendars uc1_0
[Hibernate] 
    delete 
    from
        calendar_users cu1_0
[Hibernate] 
    delete 
    from
        calendar_templates ct1_0
[Hibernate] 
    insert 
    into
        calendar_users
        (created, display_name, email, is_admin, last_login_at, oauth_provider, oauth_subject, profile_image_url, updated, version, id) 
    values
        (?, ?, ?, ?, ?, ?, ?, ?, ?, ?, ?)
[Hibernate] 
    insert 
    into
        calendar_templates
        (configuration, created, description, display_order, is_active, is_featured, name, preview_svg, thumbnail_url, updated, version, id) 
    values
        (?, ?, ?, ?, ?, ?, ?, ?, ?, ?, ?, ?)
[Hibernate] 
    insert 
    into
        user_calendars
        (configuration, created, generated_pdf_url, generated_svg, is_public, name, session_id, template_id, updated, user_id, version, "year", id) 
    values
        (?, ?, ?, ?, ?, ?, ?, ?, ?, ?, ?, ?, ?)
2025-10-17 04:13:26,012 INFO  [vil.cal.ser.OrderService] (main) Creating order for user test@example.com, calendar cdc0d7ae-93ec-43cf-9b30-8c7419473ac9, quantity 1
2025-10-17 04:13:26,012 INFO  [vil.cal.ser.OrderService] (main) Created order cbbf4ceb-23d5-4f12-b565-e58e0c20a26e with total price $29.99
[Hibernate] 
    insert 
    into
        calendar_orders
        (calendar_id, created, notes, paid_at, quantity, shipped_at, shipping_address, status, stripe_charge_id, stripe_payment_intent_id, total_price, unit_price, updated, user_id, version, id) 
    values
        (?, ?, ?, ?, ?, ?, ?, ?, ?, ?, ?, ?, ?, ?, ?, ?)
[Hibernate] 
    delete 
    from
        calendar_orders co1_0
[Hibernate] 
    delete 
    from
        user_calendars uc1_0
[Hibernate] 
    delete 
    from
        calendar_users cu1_0
[Hibernate] 
    delete 
    from
        calendar_templates ct1_0
[Hibernate] 
    insert 
    into
        calendar_users
        (created, display_name, email, is_admin, last_login_at, oauth_provider, oauth_subject, profile_image_url, updated, version, id) 
    values
        (?, ?, ?, ?, ?, ?, ?, ?, ?, ?, ?)
[Hibernate] 
    insert 
    into
        calendar_templates
        (configuration, created, description, display_order, is_active, is_featured, name, preview_svg, thumbnail_url, updated, version, id) 
    values
        (?, ?, ?, ?, ?, ?, ?, ?, ?, ?, ?, ?)
[Hibernate] 
    insert 
    into
        user_calendars
        (configuration, created, generated_pdf_url, generated_svg, is_public, name, session_id, template_id, updated, user_id, version, "year", id) 
    values
        (?, ?, ?, ?, ?, ?, ?, ?, ?, ?, ?, ?, ?)
2025-10-17 04:13:26,017 INFO  [vil.cal.ser.OrderService] (main) Creating order for user test@example.com, calendar edda85f7-753c-4820-8896-49130138d972, quantity 1
2025-10-17 04:13:26,017 INFO  [vil.cal.ser.OrderService] (main) Created order a9155650-5ccb-4872-bed6-8dfce36a25dd with total price $29.99
2025-10-17 04:13:26,017 INFO  [vil.cal.ser.OrderService] (main) Updating order a9155650-5ccb-4872-bed6-8dfce36a25dd to status PAID
2025-10-17 04:13:26,017 INFO  [vil.cal.ser.OrderService] (main) Updated order a9155650-5ccb-4872-bed6-8dfce36a25dd from PENDING to PAID
2025-10-17 04:13:26,017 INFO  [vil.cal.ser.OrderService] (main) Updating order a9155650-5ccb-4872-bed6-8dfce36a25dd to status PROCESSING
2025-10-17 04:13:26,017 INFO  [vil.cal.ser.OrderService] (main) Updated order a9155650-5ccb-4872-bed6-8dfce36a25dd from PAID to PROCESSING
2025-10-17 04:13:26,017 INFO  [vil.cal.ser.OrderService] (main) Updating order a9155650-5ccb-4872-bed6-8dfce36a25dd to status SHIPPED
2025-10-17 04:13:26,017 INFO  [vil.cal.ser.OrderService] (main) Updated order a9155650-5ccb-4872-bed6-8dfce36a25dd from PROCESSING to SHIPPED
2025-10-17 04:13:26,018 INFO  [vil.cal.ser.OrderService] (main) Updating order a9155650-5ccb-4872-bed6-8dfce36a25dd to status DELIVERED
2025-10-17 04:13:26,018 INFO  [vil.cal.ser.OrderService] (main) Updated order a9155650-5ccb-4872-bed6-8dfce36a25dd from SHIPPED to DELIVERED
[Hibernate] 
    insert 
    into
        calendar_orders
        (calendar_id, created, notes, paid_at, quantity, shipped_at, shipping_address, status, stripe_charge_id, stripe_payment_intent_id, total_price, unit_price, updated, user_id, version, id) 
    values
        (?, ?, ?, ?, ?, ?, ?, ?, ?, ?, ?, ?, ?, ?, ?, ?)
[Hibernate] 
    update
        calendar_orders 
    set
        calendar_id=?,
        notes=?,
        paid_at=?,
        quantity=?,
        shipped_at=?,
        shipping_address=?,
        status=?,
        stripe_charge_id=?,
        stripe_payment_intent_id=?,
        total_price=?,
        unit_price=?,
        updated=?,
        user_id=?,
        version=? 
    where
        id=? 
        and version=?
[Hibernate] 
    delete 
    from
        calendar_orders co1_0
[Hibernate] 
    delete 
    from
        user_calendars uc1_0
[Hibernate] 
    delete 
    from
        calendar_users cu1_0
[Hibernate] 
    delete 
    from
        calendar_templates ct1_0
[Hibernate] 
    insert 
    into
        calendar_users
        (created, display_name, email, is_admin, last_login_at, oauth_provider, oauth_subject, profile_image_url, updated, version, id) 
    values
        (?, ?, ?, ?, ?, ?, ?, ?, ?, ?, ?)
[Hibernate] 
    insert 
    into
        calendar_templates
        (configuration, created, description, display_order, is_active, is_featured, name, preview_svg, thumbnail_url, updated, version, id) 
    values
        (?, ?, ?, ?, ?, ?, ?, ?, ?, ?, ?, ?)
[Hibernate] 
    insert 
    into
        user_calendars
        (configuration, created, generated_pdf_url, generated_svg, is_public, name, session_id, template_id, updated, user_id, version, "year", id) 
    values
        (?, ?, ?, ?, ?, ?, ?, ?, ?, ?, ?, ?, ?)
2025-10-17 04:13:26,075 INFO  [vil.cal.ser.OrderService] (main) Creating order for user test@example.com, calendar b6d4befc-aaf8-4f48-83bf-6ab65b0d0699, quantity 1
[Hibernate] 
    delete 
    from
        calendar_orders co1_0
[Hibernate] 
    delete 
    from
        user_calendars uc1_0
[Hibernate] 
    delete 
    from
        calendar_users cu1_0
[Hibernate] 
    delete 
    from
        calendar_templates ct1_0
[Hibernate] 
    insert 
    into
        calendar_users
        (created, display_name, email, is_admin, last_login_at, oauth_provider, oauth_subject, profile_image_url, updated, version, id) 
    values
        (?, ?, ?, ?, ?, ?, ?, ?, ?, ?, ?)
[Hibernate] 
    insert 
    into
        calendar_templates
        (configuration, created, description, display_order, is_active, is_featured, name, preview_svg, thumbnail_url, updated, version, id) 
    values
        (?, ?, ?, ?, ?, ?, ?, ?, ?, ?, ?, ?)
[Hibernate] 
    insert 
    into
        user_calendars
        (configuration, created, generated_pdf_url, generated_svg, is_public, name, session_id, template_id, updated, user_id, version, "year", id) 
    values
        (?, ?, ?, ?, ?, ?, ?, ?, ?, ?, ?, ?, ?)
2025-10-17 04:13:26,079 INFO  [vil.cal.ser.OrderService] (main) Creating order for user test@example.com, calendar b48bdaaf-7d14-4255-b9e1-40136a1823ec, quantity 1
2025-10-17 04:13:26,080 INFO  [vil.cal.ser.OrderService] (main) Created order 11026a4f-c228-4ee0-9993-4b93b0725969 with total price $29.99
2025-10-17 04:13:26,080 INFO  [vil.cal.ser.OrderService] (main) Updating order 11026a4f-c228-4ee0-9993-4b93b0725969 to status CANCELLED
2025-10-17 04:13:26,080 INFO  [vil.cal.ser.OrderService] (main) Updated order 11026a4f-c228-4ee0-9993-4b93b0725969 from PENDING to CANCELLED
[Hibernate] 
    insert 
    into
        calendar_orders
        (calendar_id, created, notes, paid_at, quantity, shipped_at, shipping_address, status, stripe_charge_id, stripe_payment_intent_id, total_price, unit_price, updated, user_id, version, id) 
    values
        (?, ?, ?, ?, ?, ?, ?, ?, ?, ?, ?, ?, ?, ?, ?, ?)
[Hibernate] 
    update
        calendar_orders 
    set
        calendar_id=?,
        notes=?,
        paid_at=?,
        quantity=?,
        shipped_at=?,
        shipping_address=?,
        status=?,
        stripe_charge_id=?,
        stripe_payment_intent_id=?,
        total_price=?,
        unit_price=?,
        updated=?,
        user_id=?,
        version=? 
    where
        id=? 
        and version=?
[Hibernate] 
    delete 
    from
        calendar_orders co1_0
[Hibernate] 
    delete 
    from
        user_calendars uc1_0
[Hibernate] 
    delete 
    from
        calendar_users cu1_0
[Hibernate] 
    delete 
    from
        calendar_templates ct1_0
[Hibernate] 
    insert 
    into
        calendar_users
        (created, display_name, email, is_admin, last_login_at, oauth_provider, oauth_subject, profile_image_url, updated, version, id) 
    values
        (?, ?, ?, ?, ?, ?, ?, ?, ?, ?, ?)
[Hibernate] 
    insert 
    into
        calendar_templates
        (configuration, created, description, display_order, is_active, is_featured, name, preview_svg, thumbnail_url, updated, version, id) 
    values
        (?, ?, ?, ?, ?, ?, ?, ?, ?, ?, ?, ?)
[Hibernate] 
    insert 
    into
        user_calendars
        (configuration, created, generated_pdf_url, generated_svg, is_public, name, session_id, template_id, updated, user_id, version, "year", id) 
    values
        (?, ?, ?, ?, ?, ?, ?, ?, ?, ?, ?, ?, ?)
2025-10-17 04:13:26,086 INFO  [vil.cal.ser.OrderService] (main) Creating order for user test@example.com, calendar 10ff50bf-c567-4fe9-a042-c917adfbd353, quantity 1
2025-10-17 04:13:26,086 INFO  [vil.cal.ser.OrderService] (main) Created order 9fe45b6d-82f7-4e88-84a5-40ab0aa8e468 with total price $29.99
2025-10-17 04:13:26,086 INFO  [vil.cal.ser.OrderService] (main) Updating order 9fe45b6d-82f7-4e88-84a5-40ab0aa8e468 to status PAID
2025-10-17 04:13:26,086 INFO  [vil.cal.ser.OrderService] (main) Updated order 9fe45b6d-82f7-4e88-84a5-40ab0aa8e468 from PENDING to PAID
2025-10-17 04:13:26,086 INFO  [vil.cal.ser.OrderService] (main) Updating order 9fe45b6d-82f7-4e88-84a5-40ab0aa8e468 to status SHIPPED
2025-10-17 04:13:26,086 INFO  [vil.cal.ser.OrderService] (main) Updated order 9fe45b6d-82f7-4e88-84a5-40ab0aa8e468 from PAID to SHIPPED
[Hibernate] 
    insert 
    into
        calendar_orders
        (calendar_id, created, notes, paid_at, quantity, shipped_at, shipping_address, status, stripe_charge_id, stripe_payment_intent_id, total_price, unit_price, updated, user_id, version, id) 
    values
        (?, ?, ?, ?, ?, ?, ?, ?, ?, ?, ?, ?, ?, ?, ?, ?)
[Hibernate] 
    update
        calendar_orders 
    set
        calendar_id=?,
        notes=?,
        paid_at=?,
        quantity=?,
        shipped_at=?,
        shipping_address=?,
        status=?,
        stripe_charge_id=?,
        stripe_payment_intent_id=?,
        total_price=?,
        unit_price=?,
        updated=?,
        user_id=?,
        version=? 
    where
        id=? 
        and version=?
[INFO] Tests run: 14, Failures: 0, Errors: 0, Skipped: 0, Time elapsed: 0.170 s -- in villagecompute.calendar.services.OrderServiceTest
[INFO] Running villagecompute.calendar.services.TemplateServiceTest
2025-10-17 04:13:26,091 INFO  [vil.cal.ser.TemplateService] (main) Updating template: ID=9889d39b-26c5-4abb-a56d-6d7ef6bea490
2025-10-17 04:13:26,092 INFO  [vil.cal.ser.TemplateService] (main) Updated template: ID=9889d39b-26c5-4abb-a56d-6d7ef6bea490, name=Original Name
[Hibernate] 
    insert 
    into
        calendar_templates
        (configuration, created, description, display_order, is_active, is_featured, name, preview_svg, thumbnail_url, updated, version, id) 
    values
        (?, ?, ?, ?, ?, ?, ?, ?, ?, ?, ?, ?)
[Hibernate] 
    update
        calendar_templates 
    set
        configuration=?,
        description=?,
        display_order=?,
        is_active=?,
        is_featured=?,
        name=?,
        preview_svg=?,
        thumbnail_url=?,
        updated=?,
        version=? 
    where
        id=? 
        and version=?
[Hibernate] 
    delete 
    from
        calendar_orders co1_0
[Hibernate] 
    delete 
    from
        user_calendars uc1_0
[Hibernate] 
    delete 
    from
        calendar_templates ct1_0
2025-10-17 04:13:26,096 INFO  [vil.cal.ser.TemplateService] (main) Updating template: ID=1f604437-93ce-4cfd-83ca-260e503d14db
[Hibernate] 
    select
        ct1_0.id,
        ct1_0.configuration,
        ct1_0.created,
        ct1_0.description,
        ct1_0.display_order,
        ct1_0.is_active,
        ct1_0.is_featured,
        ct1_0.name,
        ct1_0.preview_svg,
        ct1_0.thumbnail_url,
        ct1_0.updated,
        ct1_0.version 
    from
        calendar_templates ct1_0 
    where
        ct1_0.id=?
2025-10-17 04:13:26,096 ERROR [vil.cal.ser.TemplateService] (main) Template not found: 1f604437-93ce-4cfd-83ca-260e503d14db
[Hibernate] 
    delete 
    from
        calendar_orders co1_0
[Hibernate] 
    delete 
    from
        user_calendars uc1_0
[Hibernate] 
    delete 
    from
        calendar_templates ct1_0
2025-10-17 04:13:26,102 INFO  [vil.cal.ser.TemplateService] (main) Deleting template: ID=8d885b49-1e35-4614-9865-575133107602
[Hibernate] 
    select
        count(uc1_0.id) 
    from
        user_calendars uc1_0 
    where
        uc1_0.template_id=?
2025-10-17 04:13:26,136 INFO  [vil.cal.ser.TemplateService] (main) Deleted template: ID=8d885b49-1e35-4614-9865-575133107602, name=Test Template
[Hibernate] 
    insert 
    into
        calendar_templates
        (configuration, created, description, display_order, is_active, is_featured, name, preview_svg, thumbnail_url, updated, version, id) 
    values
        (?, ?, ?, ?, ?, ?, ?, ?, ?, ?, ?, ?)
[Hibernate] 
    delete 
    from
        calendar_templates 
    where
        id=? 
        and version=?
[Hibernate] 
    delete 
    from
        calendar_orders co1_0
[Hibernate] 
    delete 
    from
        user_calendars uc1_0
[Hibernate] 
    delete 
    from
        calendar_templates ct1_0
2025-10-17 04:13:26,141 INFO  [vil.cal.ser.TemplateService] (main) Updating template: ID=b68cd26a-e300-4210-84d2-47569f7a69bf
[Hibernate] 
    insert 
    into
        calendar_templates
        (configuration, created, description, display_order, is_active, is_featured, name, preview_svg, thumbnail_url, updated, version, id) 
    values
        (?, ?, ?, ?, ?, ?, ?, ?, ?, ?, ?, ?)
[Hibernate] 
    select
        ct1_0.id,
        ct1_0.configuration,
        ct1_0.created,
        ct1_0.description,
        ct1_0.display_order,
        ct1_0.is_active,
        ct1_0.is_featured,
        ct1_0.name,
        ct1_0.preview_svg,
        ct1_0.thumbnail_url,
        ct1_0.updated,
        ct1_0.version 
    from
        calendar_templates ct1_0 
    where
        ct1_0.name=? 
    fetch
        first ? rows only
2025-10-17 04:13:26,142 INFO  [vil.cal.ser.TemplateService] (main) Updated template: ID=b68cd26a-e300-4210-84d2-47569f7a69bf, name=Updated Name
[Hibernate] 
    update
        calendar_templates 
    set
        configuration=?,
        description=?,
        display_order=?,
        is_active=?,
        is_featured=?,
        name=?,
        preview_svg=?,
        thumbnail_url=?,
        updated=?,
        version=? 
    where
        id=? 
        and version=?
[Hibernate] 
    delete 
    from
        calendar_orders co1_0
[Hibernate] 
    delete 
    from
        user_calendars uc1_0
[Hibernate] 
    delete 
    from
        calendar_templates ct1_0
2025-10-17 04:13:26,145 INFO  [vil.cal.ser.TemplateService] (main) Deleting template: ID=df801862-3473-429f-90d6-7eaf18d0ff99
[Hibernate] 
    select
        ct1_0.id,
        ct1_0.configuration,
        ct1_0.created,
        ct1_0.description,
        ct1_0.display_order,
        ct1_0.is_active,
        ct1_0.is_featured,
        ct1_0.name,
        ct1_0.preview_svg,
        ct1_0.thumbnail_url,
        ct1_0.updated,
        ct1_0.version 
    from
        calendar_templates ct1_0 
    where
        ct1_0.id=?
2025-10-17 04:13:26,146 ERROR [vil.cal.ser.TemplateService] (main) Template not found: df801862-3473-429f-90d6-7eaf18d0ff99
[Hibernate] 
    delete 
    from
        calendar_orders co1_0
[Hibernate] 
    delete 
    from
        user_calendars uc1_0
[Hibernate] 
    delete 
    from
        calendar_templates ct1_0
2025-10-17 04:13:26,149 INFO  [vil.cal.ser.TemplateService] (main) Creating template: name=Test Template
[Hibernate] 
    delete 
    from
        calendar_orders co1_0
[Hibernate] 
    delete 
    from
        user_calendars uc1_0
[Hibernate] 
    delete 
    from
        calendar_templates ct1_0
2025-10-17 04:13:26,152 INFO  [vil.cal.ser.TemplateService] (main) Uploading preview image for template: ID=dcba9aff-0d4c-4492-a42a-59fb67250bac
[Hibernate] 
    select
        ct1_0.id,
        ct1_0.configuration,
        ct1_0.created,
        ct1_0.description,
        ct1_0.display_order,
        ct1_0.is_active,
        ct1_0.is_featured,
        ct1_0.name,
        ct1_0.preview_svg,
        ct1_0.thumbnail_url,
        ct1_0.updated,
        ct1_0.version 
    from
        calendar_templates ct1_0 
    where
        ct1_0.id=?
2025-10-17 04:13:26,152 ERROR [vil.cal.ser.TemplateService] (main) Template not found: dcba9aff-0d4c-4492-a42a-59fb67250bac
[Hibernate] 
    delete 
    from
        calendar_orders co1_0
[Hibernate] 
    delete 
    from
        user_calendars uc1_0
[Hibernate] 
    delete 
    from
        calendar_templates ct1_0
2025-10-17 04:13:26,155 INFO  [vil.cal.ser.TemplateService] (main) Creating template: name=Test Template
2025-10-17 04:13:26,155 ERROR [vil.cal.ser.TemplateService] (main) Template configuration missing required field: colors
[Hibernate] 
    delete 
    from
        calendar_orders co1_0
[Hibernate] 
    delete 
    from
        user_calendars uc1_0
[Hibernate] 
    delete 
    from
        calendar_templates ct1_0
2025-10-17 04:13:26,157 INFO  [vil.cal.ser.TemplateService] (main) Creating template: name=Minimal Template
[Hibernate] 
    select
        ct1_0.id,
        ct1_0.configuration,
        ct1_0.created,
        ct1_0.description,
        ct1_0.display_order,
        ct1_0.is_active,
        ct1_0.is_featured,
        ct1_0.name,
        ct1_0.preview_svg,
        ct1_0.thumbnail_url,
        ct1_0.updated,
        ct1_0.version 
    from
        calendar_templates ct1_0 
    where
        ct1_0.name=? 
    fetch
        first ? rows only
2025-10-17 04:13:26,158 INFO  [vil.cal.ser.TemplateService] (main) Created template: ID=1af1f6ff-a768-423a-825e-8c745b4ffae4, name=Minimal Template
[Hibernate] 
    insert 
    into
        calendar_templates
        (configuration, created, description, display_order, is_active, is_featured, name, preview_svg, thumbnail_url, updated, version, id) 
    values
        (?, ?, ?, ?, ?, ?, ?, ?, ?, ?, ?, ?)
[Hibernate] 
    delete 
    from
        calendar_orders co1_0
[Hibernate] 
    delete 
    from
        user_calendars uc1_0
[Hibernate] 
    delete 
    from
        calendar_templates ct1_0
2025-10-17 04:13:26,160 INFO  [vil.cal.ser.TemplateService] (main) Creating template: name=Test Template
2025-10-17 04:13:26,160 ERROR [vil.cal.ser.TemplateService] (main) Template configuration missing required field: layout
[Hibernate] 
    delete 
    from
        calendar_orders co1_0
[Hibernate] 
    delete 
    from
        user_calendars uc1_0
[Hibernate] 
    delete 
    from
        calendar_templates ct1_0
2025-10-17 04:13:26,163 INFO  [vil.cal.ser.TemplateService] (main) Updating template: ID=4194bb62-a97c-42e4-9caa-30b48ad6fbfc
[Hibernate] 
    insert 
    into
        calendar_templates
        (configuration, created, description, display_order, is_active, is_featured, name, preview_svg, thumbnail_url, updated, version, id) 
    values
        (?, ?, ?, ?, ?, ?, ?, ?, ?, ?, ?, ?)
[Hibernate] 
    insert 
    into
        calendar_templates
        (configuration, created, description, display_order, is_active, is_featured, name, preview_svg, thumbnail_url, updated, version, id) 
    values
        (?, ?, ?, ?, ?, ?, ?, ?, ?, ?, ?, ?)
[Hibernate] 
    select
        ct1_0.id,
        ct1_0.configuration,
        ct1_0.created,
        ct1_0.description,
        ct1_0.display_order,
        ct1_0.is_active,
        ct1_0.is_featured,
        ct1_0.name,
        ct1_0.preview_svg,
        ct1_0.thumbnail_url,
        ct1_0.updated,
        ct1_0.version 
    from
        calendar_templates ct1_0 
    where
        ct1_0.name=? 
    fetch
        first ? rows only
2025-10-17 04:13:26,165 ERROR [vil.cal.ser.TemplateService] (main) Template with name 'Conflicting Name' already exists
[Hibernate] 
    delete 
    from
        calendar_orders co1_0
[Hibernate] 
    delete 
    from
        user_calendars uc1_0
[Hibernate] 
    delete 
    from
        calendar_templates ct1_0
2025-10-17 04:13:26,167 INFO  [vil.cal.ser.TemplateService] (main) Creating template: name=Modern Calendar
[Hibernate] 
    select
        ct1_0.id,
        ct1_0.configuration,
        ct1_0.created,
        ct1_0.description,
        ct1_0.display_order,
        ct1_0.is_active,
        ct1_0.is_featured,
        ct1_0.name,
        ct1_0.preview_svg,
        ct1_0.thumbnail_url,
        ct1_0.updated,
        ct1_0.version 
    from
        calendar_templates ct1_0 
    where
        ct1_0.name=? 
    fetch
        first ? rows only
2025-10-17 04:13:26,168 INFO  [vil.cal.ser.TemplateService] (main) Created template: ID=82f6ba55-2da9-4833-be37-1f03d1a5ec67, name=Modern Calendar
[Hibernate] 
    insert 
    into
        calendar_templates
        (configuration, created, description, display_order, is_active, is_featured, name, preview_svg, thumbnail_url, updated, version, id) 
    values
        (?, ?, ?, ?, ?, ?, ?, ?, ?, ?, ?, ?)
[Hibernate] 
    delete 
    from
        calendar_orders co1_0
[Hibernate] 
    delete 
    from
        user_calendars uc1_0
[Hibernate] 
    delete 
    from
        calendar_templates ct1_0
2025-10-17 04:13:26,171 INFO  [vil.cal.ser.TemplateService] (main) Creating template: name=Test Template
2025-10-17 04:13:26,171 ERROR [vil.cal.ser.TemplateService] (main) Template configuration missing required field: fonts
[Hibernate] 
    delete 
    from
        calendar_orders co1_0
[Hibernate] 
    delete 
    from
        user_calendars uc1_0
[Hibernate] 
    delete 
    from
        calendar_templates ct1_0
2025-10-17 04:13:26,173 INFO  [vil.cal.ser.TemplateService] (main) Updating template: ID=2c7b853f-62a6-4bae-8308-5f07e5842e33
2025-10-17 04:13:26,174 INFO  [vil.cal.ser.TemplateService] (main) Updated template: ID=2c7b853f-62a6-4bae-8308-5f07e5842e33, name=Same Name
[Hibernate] 
    insert 
    into
        calendar_templates
        (configuration, created, description, display_order, is_active, is_featured, name, preview_svg, thumbnail_url, updated, version, id) 
    values
        (?, ?, ?, ?, ?, ?, ?, ?, ?, ?, ?, ?)
[Hibernate] 
    update
        calendar_templates 
    set
        configuration=?,
        description=?,
        display_order=?,
        is_active=?,
        is_featured=?,
        name=?,
        preview_svg=?,
        thumbnail_url=?,
        updated=?,
        version=? 
    where
        id=? 
        and version=?
[Hibernate] 
    delete 
    from
        calendar_orders co1_0
[Hibernate] 
    delete 
    from
        user_calendars uc1_0
[Hibernate] 
    delete 
    from
        calendar_templates ct1_0
2025-10-17 04:13:26,178 INFO  [vil.cal.ser.TemplateService] (main) Uploading preview image for template: ID=d1284666-5fe7-442a-aa74-243106723fe3
2025-10-17 04:13:26,181 INFO  [vil.cal.ser.TemplateService] (main) Uploaded preview image for template d1284666-5fe7-442a-aa74-243106723fe3: https://r2.example.com/template.png
[Hibernate] 
    insert 
    into
        calendar_templates
        (configuration, created, description, display_order, is_active, is_featured, name, preview_svg, thumbnail_url, updated, version, id) 
    values
        (?, ?, ?, ?, ?, ?, ?, ?, ?, ?, ?, ?)
[Hibernate] 
    update
        calendar_templates 
    set
        configuration=?,
        description=?,
        display_order=?,
        is_active=?,
        is_featured=?,
        name=?,
        preview_svg=?,
        thumbnail_url=?,
        updated=?,
        version=? 
    where
        id=? 
        and version=?
[Hibernate] 
    delete 
    from
        calendar_orders co1_0
[Hibernate] 
    delete 
    from
        user_calendars uc1_0
[Hibernate] 
    delete 
    from
        calendar_templates ct1_0
2025-10-17 04:13:26,185 INFO  [vil.cal.ser.TemplateService] (main) Creating template: name=Existing Template
[Hibernate] 
    insert 
    into
        calendar_templates
        (configuration, created, description, display_order, is_active, is_featured, name, preview_svg, thumbnail_url, updated, version, id) 
    values
        (?, ?, ?, ?, ?, ?, ?, ?, ?, ?, ?, ?)
[Hibernate] 
    select
        ct1_0.id,
        ct1_0.configuration,
        ct1_0.created,
        ct1_0.description,
        ct1_0.display_order,
        ct1_0.is_active,
        ct1_0.is_featured,
        ct1_0.name,
        ct1_0.preview_svg,
        ct1_0.thumbnail_url,
        ct1_0.updated,
        ct1_0.version 
    from
        calendar_templates ct1_0 
    where
        ct1_0.name=? 
    fetch
        first ? rows only
2025-10-17 04:13:26,186 ERROR [vil.cal.ser.TemplateService] (main) Template with name 'Existing Template' already exists
[Hibernate] 
    delete 
    from
        calendar_orders co1_0
[Hibernate] 
    delete 
    from
        user_calendars uc1_0
[Hibernate] 
    delete 
    from
        calendar_templates ct1_0
2025-10-17 04:13:26,188 INFO  [vil.cal.ser.TemplateService] (main) Uploading preview image for template: ID=9ad25e8a-fe4c-4e82-a311-92877cfb1445
2025-10-17 04:13:26,189 INFO  [vil.cal.ser.TemplateService] (main) Uploaded preview image for template 9ad25e8a-fe4c-4e82-a311-92877cfb1445: https://r2.example.com/file.jpg
[Hibernate] 
    insert 
    into
        calendar_templates
        (configuration, created, description, display_order, is_active, is_featured, name, preview_svg, thumbnail_url, updated, version, id) 
    values
        (?, ?, ?, ?, ?, ?, ?, ?, ?, ?, ?, ?)
[Hibernate] 
    update
        calendar_templates 
    set
        configuration=?,
        description=?,
        display_order=?,
        is_active=?,
        is_featured=?,
        name=?,
        preview_svg=?,
        thumbnail_url=?,
        updated=?,
        version=? 
    where
        id=? 
        and version=?
[Hibernate] 
    delete 
    from
        calendar_orders co1_0
[Hibernate] 
    delete 
    from
        user_calendars uc1_0
[Hibernate] 
    delete 
    from
        calendar_templates ct1_0
2025-10-17 04:13:26,193 INFO  [vil.cal.ser.TemplateService] (main) Deleting template: ID=4c8bd480-0084-4069-8a8f-4d6e805a9d08
[Hibernate] 
    insert 
    into
        calendar_templates
        (configuration, created, description, display_order, is_active, is_featured, name, preview_svg, thumbnail_url, updated, version, id) 
    values
        (?, ?, ?, ?, ?, ?, ?, ?, ?, ?, ?, ?)
[Hibernate] 
    insert 
    into
        user_calendars
        (configuration, created, generated_pdf_url, generated_svg, is_public, name, session_id, template_id, updated, user_id, version, "year", id) 
    values
        (?, ?, ?, ?, ?, ?, ?, ?, ?, ?, ?, ?, ?)
[Hibernate] 
    select
        count(uc1_0.id) 
    from
        user_calendars uc1_0 
    where
        uc1_0.template_id=?
2025-10-17 04:13:26,194 ERROR [vil.cal.ser.TemplateService] (main) Cannot delete template 4c8bd480-0084-4069-8a8f-4d6e805a9d08: has 1 existing calendars
[Hibernate] 
    delete 
    from
        calendar_orders co1_0
[Hibernate] 
    delete 
    from
        user_calendars uc1_0
[Hibernate] 
    delete 
    from
        calendar_templates ct1_0
[INFO] Tests run: 18, Failures: 0, Errors: 0, Skipped: 0, Time elapsed: 0.107 s -- in villagecompute.calendar.services.TemplateServiceTest
[INFO] Running villagecompute.calendar.services.CalendarGenerationServiceTest
2025-10-17 04:13:26,575 INFO  [vil.cal.ser.CalendarGenerationService] (main) Generating calendar for UserCalendar ID: 8bb732c0-3b1d-4bd8-947f-43e2ec5a43c4, Year: 2025
2025-10-17 04:13:26,576 ERROR [vil.cal.ser.CalendarGenerationService] (main) Failed to generate calendar for UserCalendar ID: 8bb732c0-3b1d-4bd8-947f-43e2ec5a43c4: java.lang.RuntimeException: SVG generation failed
	at villagecompute.calendar.services.CalendarService.generateCalendarSVG(CalendarService.java:165)
	at villagecompute.calendar.services.CalendarGenerationService.generateCalendar(CalendarGenerationService.java:77)
	at villagecompute.calendar.services.CalendarGenerationServiceTest.lambda$testGenerateCalendar_SVGGenerationFails$2(CalendarGenerationServiceTest.java:164)
	at org.junit.jupiter.api.AssertThrows.assertThrows(AssertThrows.java:53)
	at org.junit.jupiter.api.AssertThrows.assertThrows(AssertThrows.java:35)
	at org.junit.jupiter.api.Assertions.assertThrows(Assertions.java:3128)
	at villagecompute.calendar.services.CalendarGenerationServiceTest.testGenerateCalendar_SVGGenerationFails(CalendarGenerationServiceTest.java:163)
	at java.base/jdk.internal.reflect.DirectMethodHandleAccessor.invoke(DirectMethodHandleAccessor.java:103)
	at java.base/java.lang.reflect.Method.invoke(Method.java:580)
	at org.junit.platform.commons.util.ReflectionUtils.invokeMethod(ReflectionUtils.java:787)
	at org.junit.platform.commons.support.ReflectionSupport.invokeMethod(ReflectionSupport.java:478)
	at org.junit.jupiter.engine.execution.MethodInvocation.proceed(MethodInvocation.java:60)
	at org.junit.jupiter.engine.execution.InvocationInterceptorChain$ValidatingInvocation.proceed(InvocationInterceptorChain.java:131)
	at org.junit.jupiter.engine.extension.TimeoutExtension.intercept(TimeoutExtension.java:161)
	at org.junit.jupiter.engine.extension.TimeoutExtension.interceptTestableMethod(TimeoutExtension.java:152)
	at org.junit.jupiter.engine.extension.TimeoutExtension.interceptTestMethod(TimeoutExtension.java:91)
	at org.junit.jupiter.engine.execution.InterceptingExecutableInvoker$ReflectiveInterceptorCall.lambda$ofVoidMethod$0(InterceptingExecutableInvoker.java:112)
	at org.junit.jupiter.engine.execution.InterceptingExecutableInvoker.lambda$invoke$0(InterceptingExecutableInvoker.java:94)
	at org.junit.jupiter.engine.execution.InvocationInterceptorChain$InterceptedInvocation.proceed(InvocationInterceptorChain.java:106)
	at org.junit.jupiter.engine.execution.InvocationInterceptorChain.proceed(InvocationInterceptorChain.java:64)
	at org.junit.jupiter.engine.execution.InvocationInterceptorChain.chainAndInvoke(InvocationInterceptorChain.java:45)
	at org.junit.jupiter.engine.execution.InvocationInterceptorChain.invoke(InvocationInterceptorChain.java:37)
	at org.junit.jupiter.engine.execution.InterceptingExecutableInvoker.invoke(InterceptingExecutableInvoker.java:93)
	at org.junit.jupiter.engine.execution.InterceptingExecutableInvoker.invoke(InterceptingExecutableInvoker.java:87)
	at org.junit.jupiter.engine.descriptor.TestMethodTestDescriptor.lambda$invokeTestMethod$4(TestMethodTestDescriptor.java:221)
	at org.junit.platform.engine.support.hierarchical.ThrowableCollector.execute(ThrowableCollector.java:73)
	at org.junit.jupiter.engine.descriptor.TestMethodTestDescriptor.invokeTestMethod(TestMethodTestDescriptor.java:217)
	at org.junit.jupiter.engine.descriptor.TestMethodTestDescriptor.execute(TestMethodTestDescriptor.java:159)
	at org.junit.jupiter.engine.descriptor.TestMethodTestDescriptor.execute(TestMethodTestDescriptor.java:70)
	at org.junit.platform.engine.support.hierarchical.NodeTestTask.lambda$executeRecursively$6(NodeTestTask.java:157)
	at org.junit.platform.engine.support.hierarchical.ThrowableCollector.execute(ThrowableCollector.java:73)
	at org.junit.platform.engine.support.hierarchical.NodeTestTask.lambda$executeRecursively$8(NodeTestTask.java:147)
	at org.junit.platform.engine.support.hierarchical.Node.around(Node.java:137)
	at org.junit.platform.engine.support.hierarchical.NodeTestTask.lambda$executeRecursively$9(NodeTestTask.java:145)
	at org.junit.platform.engine.support.hierarchical.ThrowableCollector.execute(ThrowableCollector.java:73)
	at org.junit.platform.engine.support.hierarchical.NodeTestTask.executeRecursively(NodeTestTask.java:144)
	at org.junit.platform.engine.support.hierarchical.NodeTestTask.execute(NodeTestTask.java:101)
	at java.base/java.util.ArrayList.forEach(ArrayList.java:1596)
	at org.junit.platform.engine.support.hierarchical.SameThreadHierarchicalTestExecutorService.invokeAll(SameThreadHierarchicalTestExecutorService.java:41)
	at org.junit.platform.engine.support.hierarchical.NodeTestTask.lambda$executeRecursively$6(NodeTestTask.java:161)
	at org.junit.platform.engine.support.hierarchical.ThrowableCollector.execute(ThrowableCollector.java:73)
	at org.junit.platform.engine.support.hierarchical.NodeTestTask.lambda$executeRecursively$8(NodeTestTask.java:147)
	at org.junit.platform.engine.support.hierarchical.Node.around(Node.java:137)
	at org.junit.platform.engine.support.hierarchical.NodeTestTask.lambda$executeRecursively$9(NodeTestTask.java:145)
	at org.junit.platform.engine.support.hierarchical.ThrowableCollector.execute(ThrowableCollector.java:73)
	at org.junit.platform.engine.support.hierarchical.NodeTestTask.executeRecursively(NodeTestTask.java:144)
	at org.junit.platform.engine.support.hierarchical.NodeTestTask.execute(NodeTestTask.java:101)
	at java.base/java.util.ArrayList.forEach(ArrayList.java:1596)
	at org.junit.platform.engine.support.hierarchical.SameThreadHierarchicalTestExecutorService.invokeAll(SameThreadHierarchicalTestExecutorService.java:41)
	at org.junit.platform.engine.support.hierarchical.NodeTestTask.lambda$executeRecursively$6(NodeTestTask.java:161)
	at org.junit.platform.engine.support.hierarchical.ThrowableCollector.execute(ThrowableCollector.java:73)
	at org.junit.platform.engine.support.hierarchical.NodeTestTask.lambda$executeRecursively$8(NodeTestTask.java:147)
	at org.junit.platform.engine.support.hierarchical.Node.around(Node.java:137)
	at org.junit.platform.engine.support.hierarchical.NodeTestTask.lambda$executeRecursively$9(NodeTestTask.java:145)
	at org.junit.platform.engine.support.hierarchical.ThrowableCollector.execute(ThrowableCollector.java:73)
	at org.junit.platform.engine.support.hierarchical.NodeTestTask.executeRecursively(NodeTestTask.java:144)
	at org.junit.platform.engine.support.hierarchical.NodeTestTask.execute(NodeTestTask.java:101)
	at org.junit.platform.engine.support.hierarchical.SameThreadHierarchicalTestExecutorService.submit(SameThreadHierarchicalTestExecutorService.java:35)
	at org.junit.platform.engine.support.hierarchical.HierarchicalTestExecutor.execute(HierarchicalTestExecutor.java:57)
	at org.junit.platform.engine.support.hierarchical.HierarchicalTestEngine.execute(HierarchicalTestEngine.java:54)
	at org.junit.platform.launcher.core.EngineExecutionOrchestrator.executeEngine(EngineExecutionOrchestrator.java:230)
	at org.junit.platform.launcher.core.EngineExecutionOrchestrator.failOrExecuteEngine(EngineExecutionOrchestrator.java:204)
	at org.junit.platform.launcher.core.EngineExecutionOrchestrator.execute(EngineExecutionOrchestrator.java:172)
	at org.junit.platform.launcher.core.EngineExecutionOrchestrator.execute(EngineExecutionOrchestrator.java:101)
	at org.junit.platform.launcher.core.EngineExecutionOrchestrator.lambda$execute$0(EngineExecutionOrchestrator.java:64)
	at org.junit.platform.launcher.core.EngineExecutionOrchestrator.withInterceptedStreams(EngineExecutionOrchestrator.java:150)
	at org.junit.platform.launcher.core.EngineExecutionOrchestrator.execute(EngineExecutionOrchestrator.java:63)
	at org.junit.platform.launcher.core.DefaultLauncher.execute(DefaultLauncher.java:109)
	at org.junit.platform.launcher.core.DefaultLauncher.execute(DefaultLauncher.java:91)
	at org.junit.platform.launcher.core.DelegatingLauncher.execute(DelegatingLauncher.java:47)
	at org.junit.platform.launcher.core.InterceptingLauncher.lambda$execute$1(InterceptingLauncher.java:39)
	at org.junit.platform.launcher.core.ClasspathAlignmentCheckingLauncherInterceptor.intercept(ClasspathAlignmentCheckingLauncherInterceptor.java:25)
	at org.junit.platform.launcher.core.InterceptingLauncher.execute(InterceptingLauncher.java:38)
	at org.junit.platform.launcher.core.DelegatingLauncher.execute(DelegatingLauncher.java:47)
	at org.apache.maven.surefire.junitplatform.LazyLauncher.execute(LazyLauncher.java:56)
	at org.apache.maven.surefire.junitplatform.JUnitPlatformProvider.execute(JUnitPlatformProvider.java:184)
	at org.apache.maven.surefire.junitplatform.JUnitPlatformProvider.invokeAllTests(JUnitPlatformProvider.java:148)
	at org.apache.maven.surefire.junitplatform.JUnitPlatformProvider.invoke(JUnitPlatformProvider.java:122)
	at org.apache.maven.surefire.booter.ForkedBooter.runSuitesInProcess(ForkedBooter.java:385)
	at org.apache.maven.surefire.booter.ForkedBooter.execute(ForkedBooter.java:162)
	at org.apache.maven.surefire.booter.ForkedBooter.run(ForkedBooter.java:507)
	at org.apache.maven.surefire.booter.ForkedBooter.main(ForkedBooter.java:495)

2025-10-17 04:13:26,582 INFO  [vil.cal.ser.CalendarGenerationService] (main) Generating calendar for UserCalendar ID: c04d69c8-e8cb-4abf-a973-1e2ccc8bf403, Year: 2025
2025-10-17 04:13:26,582 INFO  [vil.cal.ser.CalendarGenerationService] (main) PDF generated successfully, size: 5 bytes
2025-10-17 04:13:26,582 INFO  [vil.cal.ser.CalendarGenerationService] (main) PDF uploaded successfully to: https://r2.villagecompute.com/calendar-pdfs/test.pdf
2025-10-17 04:13:26,582 INFO  [vil.cal.ser.CalendarGenerationService] (main) Calendar generation complete for UserCalendar ID: c04d69c8-e8cb-4abf-a973-1e2ccc8bf403
2025-10-17 04:13:26,585 INFO  [vil.cal.ser.CalendarGenerationService] (main) Generating calendar for UserCalendar ID: 2548e8b9-6c7f-4ec1-8e51-061f185fabda, Year: 2025
2025-10-17 04:13:26,585 INFO  [vil.cal.ser.CalendarGenerationService] (main) PDF generated successfully, size: 5 bytes
2025-10-17 04:13:26,585 INFO  [vil.cal.ser.CalendarGenerationService] (main) PDF uploaded successfully to: https://r2.villagecompute.com/calendar-pdfs/test.pdf
2025-10-17 04:13:26,585 INFO  [vil.cal.ser.CalendarGenerationService] (main) Calendar generation complete for UserCalendar ID: 2548e8b9-6c7f-4ec1-8e51-061f185fabda
2025-10-17 04:13:26,588 INFO  [vil.cal.ser.CalendarGenerationService] (main) Generating calendar for UserCalendar ID: 8942af88-be36-439f-9307-804d52545d92, Year: 2025
2025-10-17 04:13:26,588 INFO  [vil.cal.ser.CalendarGenerationService] (main) PDF generated successfully, size: 5 bytes
2025-10-17 04:13:26,588 ERROR [vil.cal.ser.CalendarGenerationService] (main) Failed to upload PDF to R2 for UserCalendar ID: 8942af88-be36-439f-9307-804d52545d92: villagecompute.calendar.services.exceptions.StorageException: Upload failed
	at villagecompute.calendar.services.StorageService.uploadFile(StorageService.java:80)
	at villagecompute.calendar.services.CalendarGenerationService.generateCalendar(CalendarGenerationService.java:95)
	at villagecompute.calendar.services.CalendarGenerationServiceTest.lambda$testGenerateCalendar_StorageUploadFails$5(CalendarGenerationServiceTest.java:217)
	at org.junit.jupiter.api.AssertThrows.assertThrows(AssertThrows.java:53)
	at org.junit.jupiter.api.AssertThrows.assertThrows(AssertThrows.java:35)
	at org.junit.jupiter.api.Assertions.assertThrows(Assertions.java:3128)
	at villagecompute.calendar.services.CalendarGenerationServiceTest.testGenerateCalendar_StorageUploadFails(CalendarGenerationServiceTest.java:216)
	at java.base/jdk.internal.reflect.DirectMethodHandleAccessor.invoke(DirectMethodHandleAccessor.java:103)
	at java.base/java.lang.reflect.Method.invoke(Method.java:580)
	at org.junit.platform.commons.util.ReflectionUtils.invokeMethod(ReflectionUtils.java:787)
	at org.junit.platform.commons.support.ReflectionSupport.invokeMethod(ReflectionSupport.java:478)
	at org.junit.jupiter.engine.execution.MethodInvocation.proceed(MethodInvocation.java:60)
	at org.junit.jupiter.engine.execution.InvocationInterceptorChain$ValidatingInvocation.proceed(InvocationInterceptorChain.java:131)
	at org.junit.jupiter.engine.extension.TimeoutExtension.intercept(TimeoutExtension.java:161)
	at org.junit.jupiter.engine.extension.TimeoutExtension.interceptTestableMethod(TimeoutExtension.java:152)
	at org.junit.jupiter.engine.extension.TimeoutExtension.interceptTestMethod(TimeoutExtension.java:91)
	at org.junit.jupiter.engine.execution.InterceptingExecutableInvoker$ReflectiveInterceptorCall.lambda$ofVoidMethod$0(InterceptingExecutableInvoker.java:112)
	at org.junit.jupiter.engine.execution.InterceptingExecutableInvoker.lambda$invoke$0(InterceptingExecutableInvoker.java:94)
	at org.junit.jupiter.engine.execution.InvocationInterceptorChain$InterceptedInvocation.proceed(InvocationInterceptorChain.java:106)
	at org.junit.jupiter.engine.execution.InvocationInterceptorChain.proceed(InvocationInterceptorChain.java:64)
	at org.junit.jupiter.engine.execution.InvocationInterceptorChain.chainAndInvoke(InvocationInterceptorChain.java:45)
	at org.junit.jupiter.engine.execution.InvocationInterceptorChain.invoke(InvocationInterceptorChain.java:37)
	at org.junit.jupiter.engine.execution.InterceptingExecutableInvoker.invoke(InterceptingExecutableInvoker.java:93)
	at org.junit.jupiter.engine.execution.InterceptingExecutableInvoker.invoke(InterceptingExecutableInvoker.java:87)
	at org.junit.jupiter.engine.descriptor.TestMethodTestDescriptor.lambda$invokeTestMethod$4(TestMethodTestDescriptor.java:221)
	at org.junit.platform.engine.support.hierarchical.ThrowableCollector.execute(ThrowableCollector.java:73)
	at org.junit.jupiter.engine.descriptor.TestMethodTestDescriptor.invokeTestMethod(TestMethodTestDescriptor.java:217)
	at org.junit.jupiter.engine.descriptor.TestMethodTestDescriptor.execute(TestMethodTestDescriptor.java:159)
	at org.junit.jupiter.engine.descriptor.TestMethodTestDescriptor.execute(TestMethodTestDescriptor.java:70)
	at org.junit.platform.engine.support.hierarchical.NodeTestTask.lambda$executeRecursively$6(NodeTestTask.java:157)
	at org.junit.platform.engine.support.hierarchical.ThrowableCollector.execute(ThrowableCollector.java:73)
	at org.junit.platform.engine.support.hierarchical.NodeTestTask.lambda$executeRecursively$8(NodeTestTask.java:147)
	at org.junit.platform.engine.support.hierarchical.Node.around(Node.java:137)
	at org.junit.platform.engine.support.hierarchical.NodeTestTask.lambda$executeRecursively$9(NodeTestTask.java:145)
	at org.junit.platform.engine.support.hierarchical.ThrowableCollector.execute(ThrowableCollector.java:73)
	at org.junit.platform.engine.support.hierarchical.NodeTestTask.executeRecursively(NodeTestTask.java:144)
	at org.junit.platform.engine.support.hierarchical.NodeTestTask.execute(NodeTestTask.java:101)
	at java.base/java.util.ArrayList.forEach(ArrayList.java:1596)
	at org.junit.platform.engine.support.hierarchical.SameThreadHierarchicalTestExecutorService.invokeAll(SameThreadHierarchicalTestExecutorService.java:41)
	at org.junit.platform.engine.support.hierarchical.NodeTestTask.lambda$executeRecursively$6(NodeTestTask.java:161)
	at org.junit.platform.engine.support.hierarchical.ThrowableCollector.execute(ThrowableCollector.java:73)
	at org.junit.platform.engine.support.hierarchical.NodeTestTask.lambda$executeRecursively$8(NodeTestTask.java:147)
	at org.junit.platform.engine.support.hierarchical.Node.around(Node.java:137)
	at org.junit.platform.engine.support.hierarchical.NodeTestTask.lambda$executeRecursively$9(NodeTestTask.java:145)
	at org.junit.platform.engine.support.hierarchical.ThrowableCollector.execute(ThrowableCollector.java:73)
	at org.junit.platform.engine.support.hierarchical.NodeTestTask.executeRecursively(NodeTestTask.java:144)
	at org.junit.platform.engine.support.hierarchical.NodeTestTask.execute(NodeTestTask.java:101)
	at java.base/java.util.ArrayList.forEach(ArrayList.java:1596)
	at org.junit.platform.engine.support.hierarchical.SameThreadHierarchicalTestExecutorService.invokeAll(SameThreadHierarchicalTestExecutorService.java:41)
	at org.junit.platform.engine.support.hierarchical.NodeTestTask.lambda$executeRecursively$6(NodeTestTask.java:161)
	at org.junit.platform.engine.support.hierarchical.ThrowableCollector.execute(ThrowableCollector.java:73)
	at org.junit.platform.engine.support.hierarchical.NodeTestTask.lambda$executeRecursively$8(NodeTestTask.java:147)
	at org.junit.platform.engine.support.hierarchical.Node.around(Node.java:137)
	at org.junit.platform.engine.support.hierarchical.NodeTestTask.lambda$executeRecursively$9(NodeTestTask.java:145)
	at org.junit.platform.engine.support.hierarchical.ThrowableCollector.execute(ThrowableCollector.java:73)
	at org.junit.platform.engine.support.hierarchical.NodeTestTask.executeRecursively(NodeTestTask.java:144)
	at org.junit.platform.engine.support.hierarchical.NodeTestTask.execute(NodeTestTask.java:101)
	at org.junit.platform.engine.support.hierarchical.SameThreadHierarchicalTestExecutorService.submit(SameThreadHierarchicalTestExecutorService.java:35)
	at org.junit.platform.engine.support.hierarchical.HierarchicalTestExecutor.execute(HierarchicalTestExecutor.java:57)
	at org.junit.platform.engine.support.hierarchical.HierarchicalTestEngine.execute(HierarchicalTestEngine.java:54)
	at org.junit.platform.launcher.core.EngineExecutionOrchestrator.executeEngine(EngineExecutionOrchestrator.java:230)
	at org.junit.platform.launcher.core.EngineExecutionOrchestrator.failOrExecuteEngine(EngineExecutionOrchestrator.java:204)
	at org.junit.platform.launcher.core.EngineExecutionOrchestrator.execute(EngineExecutionOrchestrator.java:172)
	at org.junit.platform.launcher.core.EngineExecutionOrchestrator.execute(EngineExecutionOrchestrator.java:101)
	at org.junit.platform.launcher.core.EngineExecutionOrchestrator.lambda$execute$0(EngineExecutionOrchestrator.java:64)
	at org.junit.platform.launcher.core.EngineExecutionOrchestrator.withInterceptedStreams(EngineExecutionOrchestrator.java:150)
	at org.junit.platform.launcher.core.EngineExecutionOrchestrator.execute(EngineExecutionOrchestrator.java:63)
	at org.junit.platform.launcher.core.DefaultLauncher.execute(DefaultLauncher.java:109)
	at org.junit.platform.launcher.core.DefaultLauncher.execute(DefaultLauncher.java:91)
	at org.junit.platform.launcher.core.DelegatingLauncher.execute(DelegatingLauncher.java:47)
	at org.junit.platform.launcher.core.InterceptingLauncher.lambda$execute$1(InterceptingLauncher.java:39)
	at org.junit.platform.launcher.core.ClasspathAlignmentCheckingLauncherInterceptor.intercept(ClasspathAlignmentCheckingLauncherInterceptor.java:25)
	at org.junit.platform.launcher.core.InterceptingLauncher.execute(InterceptingLauncher.java:38)
	at org.junit.platform.launcher.core.DelegatingLauncher.execute(DelegatingLauncher.java:47)
	at org.apache.maven.surefire.junitplatform.LazyLauncher.execute(LazyLauncher.java:56)
	at org.apache.maven.surefire.junitplatform.JUnitPlatformProvider.execute(JUnitPlatformProvider.java:184)
	at org.apache.maven.surefire.junitplatform.JUnitPlatformProvider.invokeAllTests(JUnitPlatformProvider.java:148)
	at org.apache.maven.surefire.junitplatform.JUnitPlatformProvider.invoke(JUnitPlatformProvider.java:122)
	at org.apache.maven.surefire.booter.ForkedBooter.runSuitesInProcess(ForkedBooter.java:385)
	at org.apache.maven.surefire.booter.ForkedBooter.execute(ForkedBooter.java:162)
	at org.apache.maven.surefire.booter.ForkedBooter.run(ForkedBooter.java:507)
	at org.apache.maven.surefire.booter.ForkedBooter.main(ForkedBooter.java:495)

2025-10-17 04:13:26,591 INFO  [vil.cal.ser.CalendarGenerationService] (main) Generating calendar for UserCalendar ID: 940fe23e-00d4-4c38-b44e-715a1b888b31, Year: 2025
2025-10-17 04:13:26,591 ERROR [vil.cal.ser.CalendarGenerationService] (main) Failed to generate calendar for UserCalendar ID: 940fe23e-00d4-4c38-b44e-715a1b888b31: villagecompute.calendar.services.exceptions.CalendarGenerationException: PDF rendering produced empty output
	at villagecompute.calendar.services.CalendarGenerationService.generateCalendar(CalendarGenerationService.java:87)
	at villagecompute.calendar.services.CalendarGenerationServiceTest.lambda$testGenerateCalendar_EmptyPDFOutput$4(CalendarGenerationServiceTest.java:200)
	at org.junit.jupiter.api.AssertThrows.assertThrows(AssertThrows.java:53)
	at org.junit.jupiter.api.AssertThrows.assertThrows(AssertThrows.java:35)
	at org.junit.jupiter.api.Assertions.assertThrows(Assertions.java:3128)
	at villagecompute.calendar.services.CalendarGenerationServiceTest.testGenerateCalendar_EmptyPDFOutput(CalendarGenerationServiceTest.java:199)
	at java.base/jdk.internal.reflect.DirectMethodHandleAccessor.invoke(DirectMethodHandleAccessor.java:103)
	at java.base/java.lang.reflect.Method.invoke(Method.java:580)
	at org.junit.platform.commons.util.ReflectionUtils.invokeMethod(ReflectionUtils.java:787)
	at org.junit.platform.commons.support.ReflectionSupport.invokeMethod(ReflectionSupport.java:478)
	at org.junit.jupiter.engine.execution.MethodInvocation.proceed(MethodInvocation.java:60)
	at org.junit.jupiter.engine.execution.InvocationInterceptorChain$ValidatingInvocation.proceed(InvocationInterceptorChain.java:131)
	at org.junit.jupiter.engine.extension.TimeoutExtension.intercept(TimeoutExtension.java:161)
	at org.junit.jupiter.engine.extension.TimeoutExtension.interceptTestableMethod(TimeoutExtension.java:152)
	at org.junit.jupiter.engine.extension.TimeoutExtension.interceptTestMethod(TimeoutExtension.java:91)
	at org.junit.jupiter.engine.execution.InterceptingExecutableInvoker$ReflectiveInterceptorCall.lambda$ofVoidMethod$0(InterceptingExecutableInvoker.java:112)
	at org.junit.jupiter.engine.execution.InterceptingExecutableInvoker.lambda$invoke$0(InterceptingExecutableInvoker.java:94)
	at org.junit.jupiter.engine.execution.InvocationInterceptorChain$InterceptedInvocation.proceed(InvocationInterceptorChain.java:106)
	at org.junit.jupiter.engine.execution.InvocationInterceptorChain.proceed(InvocationInterceptorChain.java:64)
	at org.junit.jupiter.engine.execution.InvocationInterceptorChain.chainAndInvoke(InvocationInterceptorChain.java:45)
	at org.junit.jupiter.engine.execution.InvocationInterceptorChain.invoke(InvocationInterceptorChain.java:37)
	at org.junit.jupiter.engine.execution.InterceptingExecutableInvoker.invoke(InterceptingExecutableInvoker.java:93)
	at org.junit.jupiter.engine.execution.InterceptingExecutableInvoker.invoke(InterceptingExecutableInvoker.java:87)
	at org.junit.jupiter.engine.descriptor.TestMethodTestDescriptor.lambda$invokeTestMethod$4(TestMethodTestDescriptor.java:221)
	at org.junit.platform.engine.support.hierarchical.ThrowableCollector.execute(ThrowableCollector.java:73)
	at org.junit.jupiter.engine.descriptor.TestMethodTestDescriptor.invokeTestMethod(TestMethodTestDescriptor.java:217)
	at org.junit.jupiter.engine.descriptor.TestMethodTestDescriptor.execute(TestMethodTestDescriptor.java:159)
	at org.junit.jupiter.engine.descriptor.TestMethodTestDescriptor.execute(TestMethodTestDescriptor.java:70)
	at org.junit.platform.engine.support.hierarchical.NodeTestTask.lambda$executeRecursively$6(NodeTestTask.java:157)
	at org.junit.platform.engine.support.hierarchical.ThrowableCollector.execute(ThrowableCollector.java:73)
	at org.junit.platform.engine.support.hierarchical.NodeTestTask.lambda$executeRecursively$8(NodeTestTask.java:147)
	at org.junit.platform.engine.support.hierarchical.Node.around(Node.java:137)
	at org.junit.platform.engine.support.hierarchical.NodeTestTask.lambda$executeRecursively$9(NodeTestTask.java:145)
	at org.junit.platform.engine.support.hierarchical.ThrowableCollector.execute(ThrowableCollector.java:73)
	at org.junit.platform.engine.support.hierarchical.NodeTestTask.executeRecursively(NodeTestTask.java:144)
	at org.junit.platform.engine.support.hierarchical.NodeTestTask.execute(NodeTestTask.java:101)
	at java.base/java.util.ArrayList.forEach(ArrayList.java:1596)
	at org.junit.platform.engine.support.hierarchical.SameThreadHierarchicalTestExecutorService.invokeAll(SameThreadHierarchicalTestExecutorService.java:41)
	at org.junit.platform.engine.support.hierarchical.NodeTestTask.lambda$executeRecursively$6(NodeTestTask.java:161)
	at org.junit.platform.engine.support.hierarchical.ThrowableCollector.execute(ThrowableCollector.java:73)
	at org.junit.platform.engine.support.hierarchical.NodeTestTask.lambda$executeRecursively$8(NodeTestTask.java:147)
	at org.junit.platform.engine.support.hierarchical.Node.around(Node.java:137)
	at org.junit.platform.engine.support.hierarchical.NodeTestTask.lambda$executeRecursively$9(NodeTestTask.java:145)
	at org.junit.platform.engine.support.hierarchical.ThrowableCollector.execute(ThrowableCollector.java:73)
	at org.junit.platform.engine.support.hierarchical.NodeTestTask.executeRecursively(NodeTestTask.java:144)
	at org.junit.platform.engine.support.hierarchical.NodeTestTask.execute(NodeTestTask.java:101)
	at java.base/java.util.ArrayList.forEach(ArrayList.java:1596)
	at org.junit.platform.engine.support.hierarchical.SameThreadHierarchicalTestExecutorService.invokeAll(SameThreadHierarchicalTestExecutorService.java:41)
	at org.junit.platform.engine.support.hierarchical.NodeTestTask.lambda$executeRecursively$6(NodeTestTask.java:161)
	at org.junit.platform.engine.support.hierarchical.ThrowableCollector.execute(ThrowableCollector.java:73)
	at org.junit.platform.engine.support.hierarchical.NodeTestTask.lambda$executeRecursively$8(NodeTestTask.java:147)
	at org.junit.platform.engine.support.hierarchical.Node.around(Node.java:137)
	at org.junit.platform.engine.support.hierarchical.NodeTestTask.lambda$executeRecursively$9(NodeTestTask.java:145)
	at org.junit.platform.engine.support.hierarchical.ThrowableCollector.execute(ThrowableCollector.java:73)
	at org.junit.platform.engine.support.hierarchical.NodeTestTask.executeRecursively(NodeTestTask.java:144)
	at org.junit.platform.engine.support.hierarchical.NodeTestTask.execute(NodeTestTask.java:101)
	at org.junit.platform.engine.support.hierarchical.SameThreadHierarchicalTestExecutorService.submit(SameThreadHierarchicalTestExecutorService.java:35)
	at org.junit.platform.engine.support.hierarchical.HierarchicalTestExecutor.execute(HierarchicalTestExecutor.java:57)
	at org.junit.platform.engine.support.hierarchical.HierarchicalTestEngine.execute(HierarchicalTestEngine.java:54)
	at org.junit.platform.launcher.core.EngineExecutionOrchestrator.executeEngine(EngineExecutionOrchestrator.java:230)
	at org.junit.platform.launcher.core.EngineExecutionOrchestrator.failOrExecuteEngine(EngineExecutionOrchestrator.java:204)
	at org.junit.platform.launcher.core.EngineExecutionOrchestrator.execute(EngineExecutionOrchestrator.java:172)
	at org.junit.platform.launcher.core.EngineExecutionOrchestrator.execute(EngineExecutionOrchestrator.java:101)
	at org.junit.platform.launcher.core.EngineExecutionOrchestrator.lambda$execute$0(EngineExecutionOrchestrator.java:64)
	at org.junit.platform.launcher.core.EngineExecutionOrchestrator.withInterceptedStreams(EngineExecutionOrchestrator.java:150)
	at org.junit.platform.launcher.core.EngineExecutionOrchestrator.execute(EngineExecutionOrchestrator.java:63)
	at org.junit.platform.launcher.core.DefaultLauncher.execute(DefaultLauncher.java:109)
	at org.junit.platform.launcher.core.DefaultLauncher.execute(DefaultLauncher.java:91)
	at org.junit.platform.launcher.core.DelegatingLauncher.execute(DelegatingLauncher.java:47)
	at org.junit.platform.launcher.core.InterceptingLauncher.lambda$execute$1(InterceptingLauncher.java:39)
	at org.junit.platform.launcher.core.ClasspathAlignmentCheckingLauncherInterceptor.intercept(ClasspathAlignmentCheckingLauncherInterceptor.java:25)
	at org.junit.platform.launcher.core.InterceptingLauncher.execute(InterceptingLauncher.java:38)
	at org.junit.platform.launcher.core.DelegatingLauncher.execute(DelegatingLauncher.java:47)
	at org.apache.maven.surefire.junitplatform.LazyLauncher.execute(LazyLauncher.java:56)
	at org.apache.maven.surefire.junitplatform.JUnitPlatformProvider.execute(JUnitPlatformProvider.java:184)
	at org.apache.maven.surefire.junitplatform.JUnitPlatformProvider.invokeAllTests(JUnitPlatformProvider.java:148)
	at org.apache.maven.surefire.junitplatform.JUnitPlatformProvider.invoke(JUnitPlatformProvider.java:122)
	at org.apache.maven.surefire.booter.ForkedBooter.runSuitesInProcess(ForkedBooter.java:385)
	at org.apache.maven.surefire.booter.ForkedBooter.execute(ForkedBooter.java:162)
	at org.apache.maven.surefire.booter.ForkedBooter.run(ForkedBooter.java:507)
	at org.apache.maven.surefire.booter.ForkedBooter.main(ForkedBooter.java:495)

2025-10-17 04:13:26,593 INFO  [vil.cal.ser.CalendarGenerationService] (main) Generating calendar for UserCalendar ID: c7489afc-eca0-425c-a22e-272c911a6c5d, Year: 2025
2025-10-17 04:13:26,593 ERROR [vil.cal.ser.CalendarGenerationService] (main) Failed to generate calendar for UserCalendar ID: c7489afc-eca0-425c-a22e-272c911a6c5d: java.lang.RuntimeException: PDF rendering failed
	at villagecompute.calendar.services.PDFRenderingService.renderSVGToPDF(PDFRenderingService.java:39)
	at villagecompute.calendar.services.CalendarGenerationService.generateCalendar(CalendarGenerationService.java:84)
	at villagecompute.calendar.services.CalendarGenerationServiceTest.lambda$testGenerateCalendar_PDFRenderingFails$3(CalendarGenerationServiceTest.java:182)
	at org.junit.jupiter.api.AssertThrows.assertThrows(AssertThrows.java:53)
	at org.junit.jupiter.api.AssertThrows.assertThrows(AssertThrows.java:35)
	at org.junit.jupiter.api.Assertions.assertThrows(Assertions.java:3128)
	at villagecompute.calendar.services.CalendarGenerationServiceTest.testGenerateCalendar_PDFRenderingFails(CalendarGenerationServiceTest.java:181)
	at java.base/jdk.internal.reflect.DirectMethodHandleAccessor.invoke(DirectMethodHandleAccessor.java:103)
	at java.base/java.lang.reflect.Method.invoke(Method.java:580)
	at org.junit.platform.commons.util.ReflectionUtils.invokeMethod(ReflectionUtils.java:787)
	at org.junit.platform.commons.support.ReflectionSupport.invokeMethod(ReflectionSupport.java:478)
	at org.junit.jupiter.engine.execution.MethodInvocation.proceed(MethodInvocation.java:60)
	at org.junit.jupiter.engine.execution.InvocationInterceptorChain$ValidatingInvocation.proceed(InvocationInterceptorChain.java:131)
	at org.junit.jupiter.engine.extension.TimeoutExtension.intercept(TimeoutExtension.java:161)
	at org.junit.jupiter.engine.extension.TimeoutExtension.interceptTestableMethod(TimeoutExtension.java:152)
	at org.junit.jupiter.engine.extension.TimeoutExtension.interceptTestMethod(TimeoutExtension.java:91)
	at org.junit.jupiter.engine.execution.InterceptingExecutableInvoker$ReflectiveInterceptorCall.lambda$ofVoidMethod$0(InterceptingExecutableInvoker.java:112)
	at org.junit.jupiter.engine.execution.InterceptingExecutableInvoker.lambda$invoke$0(InterceptingExecutableInvoker.java:94)
	at org.junit.jupiter.engine.execution.InvocationInterceptorChain$InterceptedInvocation.proceed(InvocationInterceptorChain.java:106)
	at org.junit.jupiter.engine.execution.InvocationInterceptorChain.proceed(InvocationInterceptorChain.java:64)
	at org.junit.jupiter.engine.execution.InvocationInterceptorChain.chainAndInvoke(InvocationInterceptorChain.java:45)
	at org.junit.jupiter.engine.execution.InvocationInterceptorChain.invoke(InvocationInterceptorChain.java:37)
	at org.junit.jupiter.engine.execution.InterceptingExecutableInvoker.invoke(InterceptingExecutableInvoker.java:93)
	at org.junit.jupiter.engine.execution.InterceptingExecutableInvoker.invoke(InterceptingExecutableInvoker.java:87)
	at org.junit.jupiter.engine.descriptor.TestMethodTestDescriptor.lambda$invokeTestMethod$4(TestMethodTestDescriptor.java:221)
	at org.junit.platform.engine.support.hierarchical.ThrowableCollector.execute(ThrowableCollector.java:73)
	at org.junit.jupiter.engine.descriptor.TestMethodTestDescriptor.invokeTestMethod(TestMethodTestDescriptor.java:217)
	at org.junit.jupiter.engine.descriptor.TestMethodTestDescriptor.execute(TestMethodTestDescriptor.java:159)
	at org.junit.jupiter.engine.descriptor.TestMethodTestDescriptor.execute(TestMethodTestDescriptor.java:70)
	at org.junit.platform.engine.support.hierarchical.NodeTestTask.lambda$executeRecursively$6(NodeTestTask.java:157)
	at org.junit.platform.engine.support.hierarchical.ThrowableCollector.execute(ThrowableCollector.java:73)
	at org.junit.platform.engine.support.hierarchical.NodeTestTask.lambda$executeRecursively$8(NodeTestTask.java:147)
	at org.junit.platform.engine.support.hierarchical.Node.around(Node.java:137)
	at org.junit.platform.engine.support.hierarchical.NodeTestTask.lambda$executeRecursively$9(NodeTestTask.java:145)
	at org.junit.platform.engine.support.hierarchical.ThrowableCollector.execute(ThrowableCollector.java:73)
	at org.junit.platform.engine.support.hierarchical.NodeTestTask.executeRecursively(NodeTestTask.java:144)
	at org.junit.platform.engine.support.hierarchical.NodeTestTask.execute(NodeTestTask.java:101)
	at java.base/java.util.ArrayList.forEach(ArrayList.java:1596)
	at org.junit.platform.engine.support.hierarchical.SameThreadHierarchicalTestExecutorService.invokeAll(SameThreadHierarchicalTestExecutorService.java:41)
	at org.junit.platform.engine.support.hierarchical.NodeTestTask.lambda$executeRecursively$6(NodeTestTask.java:161)
	at org.junit.platform.engine.support.hierarchical.ThrowableCollector.execute(ThrowableCollector.java:73)
	at org.junit.platform.engine.support.hierarchical.NodeTestTask.lambda$executeRecursively$8(NodeTestTask.java:147)
	at org.junit.platform.engine.support.hierarchical.Node.around(Node.java:137)
	at org.junit.platform.engine.support.hierarchical.NodeTestTask.lambda$executeRecursively$9(NodeTestTask.java:145)
	at org.junit.platform.engine.support.hierarchical.ThrowableCollector.execute(ThrowableCollector.java:73)
	at org.junit.platform.engine.support.hierarchical.NodeTestTask.executeRecursively(NodeTestTask.java:144)
	at org.junit.platform.engine.support.hierarchical.NodeTestTask.execute(NodeTestTask.java:101)
	at java.base/java.util.ArrayList.forEach(ArrayList.java:1596)
	at org.junit.platform.engine.support.hierarchical.SameThreadHierarchicalTestExecutorService.invokeAll(SameThreadHierarchicalTestExecutorService.java:41)
	at org.junit.platform.engine.support.hierarchical.NodeTestTask.lambda$executeRecursively$6(NodeTestTask.java:161)
	at org.junit.platform.engine.support.hierarchical.ThrowableCollector.execute(ThrowableCollector.java:73)
	at org.junit.platform.engine.support.hierarchical.NodeTestTask.lambda$executeRecursively$8(NodeTestTask.java:147)
	at org.junit.platform.engine.support.hierarchical.Node.around(Node.java:137)
	at org.junit.platform.engine.support.hierarchical.NodeTestTask.lambda$executeRecursively$9(NodeTestTask.java:145)
	at org.junit.platform.engine.support.hierarchical.ThrowableCollector.execute(ThrowableCollector.java:73)
	at org.junit.platform.engine.support.hierarchical.NodeTestTask.executeRecursively(NodeTestTask.java:144)
	at org.junit.platform.engine.support.hierarchical.NodeTestTask.execute(NodeTestTask.java:101)
	at org.junit.platform.engine.support.hierarchical.SameThreadHierarchicalTestExecutorService.submit(SameThreadHierarchicalTestExecutorService.java:35)
	at org.junit.platform.engine.support.hierarchical.HierarchicalTestExecutor.execute(HierarchicalTestExecutor.java:57)
	at org.junit.platform.engine.support.hierarchical.HierarchicalTestEngine.execute(HierarchicalTestEngine.java:54)
	at org.junit.platform.launcher.core.EngineExecutionOrchestrator.executeEngine(EngineExecutionOrchestrator.java:230)
	at org.junit.platform.launcher.core.EngineExecutionOrchestrator.failOrExecuteEngine(EngineExecutionOrchestrator.java:204)
	at org.junit.platform.launcher.core.EngineExecutionOrchestrator.execute(EngineExecutionOrchestrator.java:172)
	at org.junit.platform.launcher.core.EngineExecutionOrchestrator.execute(EngineExecutionOrchestrator.java:101)
	at org.junit.platform.launcher.core.EngineExecutionOrchestrator.lambda$execute$0(EngineExecutionOrchestrator.java:64)
	at org.junit.platform.launcher.core.EngineExecutionOrchestrator.withInterceptedStreams(EngineExecutionOrchestrator.java:150)
	at org.junit.platform.launcher.core.EngineExecutionOrchestrator.execute(EngineExecutionOrchestrator.java:63)
	at org.junit.platform.launcher.core.DefaultLauncher.execute(DefaultLauncher.java:109)
	at org.junit.platform.launcher.core.DefaultLauncher.execute(DefaultLauncher.java:91)
	at org.junit.platform.launcher.core.DelegatingLauncher.execute(DelegatingLauncher.java:47)
	at org.junit.platform.launcher.core.InterceptingLauncher.lambda$execute$1(InterceptingLauncher.java:39)
	at org.junit.platform.launcher.core.ClasspathAlignmentCheckingLauncherInterceptor.intercept(ClasspathAlignmentCheckingLauncherInterceptor.java:25)
	at org.junit.platform.launcher.core.InterceptingLauncher.execute(InterceptingLauncher.java:38)
	at org.junit.platform.launcher.core.DelegatingLauncher.execute(DelegatingLauncher.java:47)
	at org.apache.maven.surefire.junitplatform.LazyLauncher.execute(LazyLauncher.java:56)
	at org.apache.maven.surefire.junitplatform.JUnitPlatformProvider.execute(JUnitPlatformProvider.java:184)
	at org.apache.maven.surefire.junitplatform.JUnitPlatformProvider.invokeAllTests(JUnitPlatformProvider.java:148)
	at org.apache.maven.surefire.junitplatform.JUnitPlatformProvider.invoke(JUnitPlatformProvider.java:122)
	at org.apache.maven.surefire.booter.ForkedBooter.runSuitesInProcess(ForkedBooter.java:385)
	at org.apache.maven.surefire.booter.ForkedBooter.execute(ForkedBooter.java:162)
	at org.apache.maven.surefire.booter.ForkedBooter.run(ForkedBooter.java:507)
	at org.apache.maven.surefire.booter.ForkedBooter.main(ForkedBooter.java:495)

2025-10-17 04:13:26,595 INFO  [vil.cal.ser.CalendarGenerationService] (main) Generating calendar for UserCalendar ID: 5eb17bd4-3c78-45bb-b0ee-c4adbfb864d5, Year: 2025
2025-10-17 04:13:26,595 INFO  [vil.cal.ser.CalendarGenerationService] (main) PDF generated successfully, size: 5 bytes
2025-10-17 04:13:26,595 INFO  [vil.cal.ser.CalendarGenerationService] (main) PDF uploaded successfully to: https://r2.villagecompute.com/calendar-pdfs/test.pdf
2025-10-17 04:13:26,595 INFO  [vil.cal.ser.CalendarGenerationService] (main) Calendar generation complete for UserCalendar ID: 5eb17bd4-3c78-45bb-b0ee-c4adbfb864d5
2025-10-17 04:13:26,600 INFO  [vil.cal.ser.CalendarGenerationService] (main) Generating calendar for UserCalendar ID: ceed40f7-43c9-4579-b2e4-86e6f16196f1, Year: 2025
2025-10-17 04:13:26,600 INFO  [vil.cal.ser.CalendarGenerationService] (main) PDF generated successfully, size: 5 bytes
2025-10-17 04:13:26,600 INFO  [vil.cal.ser.CalendarGenerationService] (main) PDF uploaded successfully to: https://r2.villagecompute.com/calendar-pdfs/test.pdf
2025-10-17 04:13:26,600 INFO  [vil.cal.ser.CalendarGenerationService] (main) Calendar generation complete for UserCalendar ID: ceed40f7-43c9-4579-b2e4-86e6f16196f1
[INFO] Tests run: 10, Failures: 0, Errors: 0, Skipped: 0, Time elapsed: 0.388 s -- in villagecompute.calendar.services.CalendarGenerationServiceTest
2025-10-17 04:13:26,635 INFO  [io.quarkus] (main) village-calendar stopped in 0.034s
[INFO] 
[INFO] Results:
[INFO] 
[ERROR] Failures: 
[ERROR]   AnalyticsRollupTest.testValidEntity_Success:46 expected: not <null>
[ERROR]   CalendarOrderTest.testValidEntity_Success:96 expected: not <null>
[ERROR]   CalendarTemplateTest.testFindActive:197 expected: <2> but was: <5>
[ERROR]   CalendarTemplateTest.testFindActiveTemplates:171 expected: <2> but was: <9>
[ERROR]   CalendarTemplateTest.testRelationships_OneToManyUserCalendars:290 expected: not <null>
[ERROR]   CalendarTemplateTest.testValidEntity_Success:48 expected: not <null>
[ERROR]   CalendarUserTest.testInvalidEntity_EmailTooLong:135 expected: <1> but was: <2>
[ERROR]   CalendarUserTest.testRelationships_CascadePersist:317 expected: not <null>
[ERROR]   CalendarUserTest.testValidEntity_Success:46 expected: not <null>
[ERROR]   DelayedJobTest.testJobLifecycle:250 expected: <0> but was: <3>
[ERROR]   DelayedJobTest.testValidEntity_Success:39 expected: not <null>
[ERROR]   PageViewTest.testCountByPathAndTimeRange:294 expected: <2> but was: <4>
[ERROR]   PageViewTest.testFindByPath:208 expected: <2> but was: <3>
[ERROR]   PageViewTest.testFindByReferrer:261 expected: <2> but was: <3>
[ERROR]   PageViewTest.testFindByTimeRange:235 expected: <2> but was: <7>
[ERROR]   PageViewTest.testValidEntity_Success:66 expected: not <null>
[ERROR]   UserCalendarTest.testRelationships_OneToManyOrders:367 expected: not <null>
[ERROR]   UserCalendarTest.testValidEntity_Success:84 expected: not <null>
[ERROR]   CalendarTemplateRepositoryTest.testFindActiveTemplates:48 expected: <2> but was: <10>
[ERROR]   CalendarTemplateRepositoryTest.testFindByActiveStatus:98 expected: <2> but was: <10>
[ERROR]   CalendarTemplateRepositoryTest.testFindFeaturedTemplates:81 expected: <2> but was: <4>
[ERROR]   CalendarTemplateRepositoryTest.testTemplateOrdering:114 expected: <First> but was: <Not Featured>
[ERROR]   CalendarUserRepositoryTest.testFindActiveUsersSince:93 expected: <1> but was: <2>
[ERROR]   CalendarUserRepositoryTest.testFindByEmail:70 expected: <FACEBOOK> but was: <GOOGLE>
[ERROR]   CalendarUserRepositoryTest.testFindByProvider:109 expected: <2> but was: <3>
[ERROR] Errors: 
[ERROR]   AnalyticsRollupTest.testDecimalPrecision » ArcUndeclaredThrowable Error invoking subclass method
[ERROR]   AnalyticsRollupTest.testFindByMetric:160 » SQLGrammar Could not prepare statement [Table "analytics_rollups" not found; SQL statement:
insert into analytics_rollups (created,dimension_key,dimension_value,metric_name,period_end,period_start,updated,value,version,id) values (?,?,?,?,?,?,?,?,?,?) [42102-230]] [insert into analytics_rollups (created,dimension_key,dimension_value,metric_name,period_end,period_start,updated,value,version,id) values (?,?,?,?,?,?,?,?,?,?)]
[ERROR]   AnalyticsRollupTest.testFindByMetricAndDimension:190 » SQLGrammar Could not prepare statement [Table "analytics_rollups" not found; SQL statement:
insert into analytics_rollups (created,dimension_key,dimension_value,metric_name,period_end,period_start,updated,value,version,id) values (?,?,?,?,?,?,?,?,?,?) [42102-230]] [insert into analytics_rollups (created,dimension_key,dimension_value,metric_name,period_end,period_start,updated,value,version,id) values (?,?,?,?,?,?,?,?,?,?)]
[ERROR]   AnalyticsRollupTest.testFindByMetricAndDimensionValue:226 » SQLGrammar Could not prepare statement [Table "analytics_rollups" not found; SQL statement:
insert into analytics_rollups (created,dimension_key,dimension_value,metric_name,period_end,period_start,updated,value,version,id) values (?,?,?,?,?,?,?,?,?,?) [42102-230]] [insert into analytics_rollups (created,dimension_key,dimension_value,metric_name,period_end,period_start,updated,value,version,id) values (?,?,?,?,?,?,?,?,?,?)]
[ERROR]   AnalyticsRollupTest.testFindByMetricAndTimeRange:293 » SQLGrammar Could not prepare statement [Table "analytics_rollups" not found; SQL statement:
insert into analytics_rollups (created,dimension_key,dimension_value,metric_name,period_end,period_start,updated,value,version,id) values (?,?,?,?,?,?,?,?,?,?) [42102-230]] [insert into analytics_rollups (created,dimension_key,dimension_value,metric_name,period_end,period_start,updated,value,version,id) values (?,?,?,?,?,?,?,?,?,?)]
[ERROR]   AnalyticsRollupTest.testFindByTimeRange:257 » SQLGrammar Could not prepare statement [Table "analytics_rollups" not found; SQL statement:
insert into analytics_rollups (created,dimension_key,dimension_value,metric_name,period_end,period_start,updated,value,version,id) values (?,?,?,?,?,?,?,?,?,?) [42102-230]] [insert into analytics_rollups (created,dimension_key,dimension_value,metric_name,period_end,period_start,updated,value,version,id) values (?,?,?,?,?,?,?,?,?,?)]
[ERROR]   AnalyticsRollupTest.testOptionalDimensionFields » ArcUndeclaredThrowable Error invoking subclass method
[ERROR]   AnalyticsRollupTest.testSumByMetricAndTimeRange:338 » SQLGrammar Could not prepare statement [Table "analytics_rollups" not found; SQL statement:
insert into analytics_rollups (created,dimension_key,dimension_value,metric_name,period_end,period_start,updated,value,version,id) values (?,?,?,?,?,?,?,?,?,?) [42102-230]] [insert into analytics_rollups (created,dimension_key,dimension_value,metric_name,period_end,period_start,updated,value,version,id) values (?,?,?,?,?,?,?,?,?,?)]
[ERROR]   AnalyticsRollupTest.testSumByMetricAndTimeRange_NoResults:352 » SQLGrammar Could not prepare statement [Syntax error in SQL statement "select coalesce(sum(ar1_0.[*]value),0) from analytics_rollups ar1_0 where ar1_0.metric_name=? and ar1_0.period_start>=? and ar1_0.period_end<=? fetch first ? rows only"; expected "identifier"; SQL statement:
select coalesce(sum(ar1_0.value),0) from analytics_rollups ar1_0 where ar1_0.metric_name=? and ar1_0.period_start>=? and ar1_0.period_end<=? fetch first ? rows only [42001-230]] [select coalesce(sum(ar1_0.value),0) from analytics_rollups ar1_0 where ar1_0.metric_name=? and ar1_0.period_start>=? and ar1_0.period_end<=? fetch first ? rows only]
[ERROR]   AnalyticsRollupTest.testUniqueConstraint » ArcUndeclaredThrowable Error invoking subclass method
[ERROR]   CalendarOrderTest.testCancel » ArcUndeclaredThrowable Error invoking subclass method
[ERROR]   CalendarOrderTest.testFindByCalendar:296 » ConstraintViolation could not execute statement [Referential integrity constraint violation: "fk_calendar_orders_calendar: public.calendar_orders FOREIGN KEY(calendar_id) REFERENCES public.user_calendars(id) (UUID 'b09bb0b7-4f2a-4f6b-8361-6fe4e4d68912')"; SQL statement:
insert into calendar_orders (calendar_id,created,notes,paid_at,quantity,shipped_at,shipping_address,status,stripe_charge_id,stripe_payment_intent_id,total_price,unit_price,updated,user_id,version,id) values (?,?,?,?,?,?,?,?,?,?,?,?,?,?,?,?) [23506-230]] [insert into calendar_orders (calendar_id,created,notes,paid_at,quantity,shipped_at,shipping_address,status,stripe_charge_id,stripe_payment_intent_id,total_price,unit_price,updated,user_id,version,id) values (?,?,?,?,?,?,?,?,?,?,?,?,?,?,?,?)]
[ERROR]   CalendarOrderTest.testFindByStatusOrderByCreatedDesc:279 » ConstraintViolation could not execute statement [Referential integrity constraint violation: "fk_calendar_orders_calendar: public.calendar_orders FOREIGN KEY(calendar_id) REFERENCES public.user_calendars(id) (UUID '2e02bdc0-7c44-44a0-9899-1e45a8d188fe')"; SQL statement:
insert into calendar_orders (calendar_id,created,notes,paid_at,quantity,shipped_at,shipping_address,status,stripe_charge_id,stripe_payment_intent_id,total_price,unit_price,updated,user_id,version,id) values (?,?,?,?,?,?,?,?,?,?,?,?,?,?,?,?) [23506-230]] [insert into calendar_orders (calendar_id,created,notes,paid_at,quantity,shipped_at,shipping_address,status,stripe_charge_id,stripe_payment_intent_id,total_price,unit_price,updated,user_id,version,id) values (?,?,?,?,?,?,?,?,?,?,?,?,?,?,?,?)]
[ERROR]   CalendarOrderTest.testFindByStripePaymentIntent:312 » ConstraintViolation could not execute statement [Referential integrity constraint violation: "fk_calendar_orders_calendar: public.calendar_orders FOREIGN KEY(calendar_id) REFERENCES public.user_calendars(id) (UUID '73cff127-0f4d-4c5d-9b43-c740b9710531')"; SQL statement:
insert into calendar_orders (calendar_id,created,notes,paid_at,quantity,shipped_at,shipping_address,status,stripe_charge_id,stripe_payment_intent_id,total_price,unit_price,updated,user_id,version,id) values (?,?,?,?,?,?,?,?,?,?,?,?,?,?,?,?) [23506-230]] [insert into calendar_orders (calendar_id,created,notes,paid_at,quantity,shipped_at,shipping_address,status,stripe_charge_id,stripe_payment_intent_id,total_price,unit_price,updated,user_id,version,id) values (?,?,?,?,?,?,?,?,?,?,?,?,?,?,?,?)]
[ERROR]   CalendarOrderTest.testFindByUser:255 » ConstraintViolation could not execute statement [Referential integrity constraint violation: "fk_calendar_orders_calendar: public.calendar_orders FOREIGN KEY(calendar_id) REFERENCES public.user_calendars(id) (UUID '35745cb1-98ac-4678-ac26-3dc287ede456')"; SQL statement:
insert into calendar_orders (calendar_id,created,notes,paid_at,quantity,shipped_at,shipping_address,status,stripe_charge_id,stripe_payment_intent_id,total_price,unit_price,updated,user_id,version,id) values (?,?,?,?,?,?,?,?,?,?,?,?,?,?,?,?) [23506-230]] [insert into calendar_orders (calendar_id,created,notes,paid_at,quantity,shipped_at,shipping_address,status,stripe_charge_id,stripe_payment_intent_id,total_price,unit_price,updated,user_id,version,id) values (?,?,?,?,?,?,?,?,?,?,?,?,?,?,?,?)]
[ERROR]   CalendarOrderTest.testFindRecentOrders:335 » ConstraintViolation could not execute statement [Referential integrity constraint violation: "fk_calendar_orders_calendar: public.calendar_orders FOREIGN KEY(calendar_id) REFERENCES public.user_calendars(id) (UUID '4b74f506-4c2c-4565-b908-91b05c1664cd')"; SQL statement:
insert into calendar_orders (calendar_id,created,notes,paid_at,quantity,shipped_at,shipping_address,status,stripe_charge_id,stripe_payment_intent_id,total_price,unit_price,updated,user_id,version,id) values (?,?,?,?,?,?,?,?,?,?,?,?,?,?,?,?) [23506-230]] [insert into calendar_orders (calendar_id,created,notes,paid_at,quantity,shipped_at,shipping_address,status,stripe_charge_id,stripe_payment_intent_id,total_price,unit_price,updated,user_id,version,id) values (?,?,?,?,?,?,?,?,?,?,?,?,?,?,?,?)]
[ERROR]   CalendarOrderTest.testIsTerminal_Cancelled » ArcUndeclaredThrowable Error invoking subclass method
[ERROR]   CalendarOrderTest.testIsTerminal_Delivered » ArcUndeclaredThrowable Error invoking subclass method
[ERROR]   CalendarOrderTest.testIsTerminal_Pending » ArcUndeclaredThrowable Error invoking subclass method
[ERROR]   CalendarOrderTest.testJsonbSerialization_NullShippingAddress » ArcUndeclaredThrowable Error invoking subclass method
[ERROR]   CalendarOrderTest.testJsonbSerialization_ShippingAddress » ArcUndeclaredThrowable Error invoking subclass method
[ERROR]   CalendarOrderTest.testMarkAsPaid » ArcUndeclaredThrowable Error invoking subclass method
[ERROR]   CalendarOrderTest.testMarkAsShipped » ArcUndeclaredThrowable Error invoking subclass method
[ERROR]   CalendarOrderTest.testRelationships_ManyToOneCalendar » ArcUndeclaredThrowable Error invoking subclass method
[ERROR]   CalendarOrderTest.testRelationships_ManyToOneUser » ArcUndeclaredThrowable Error invoking subclass method
[ERROR]   CalendarUserTest.testFindActiveUsersSince:220 » ConstraintViolation could not execute statement [Unique index or primary key violation: "public.uk_calendar_users_oauth_INDEX_2 ON public.calendar_users(oauth_provider NULLS LAST, oauth_subject NULLS LAST) VALUES ( /* key:35 */ 'GOOGLE', 'test-subject')"; SQL statement:
insert into calendar_users (created,display_name,email,is_admin,last_login_at,oauth_provider,oauth_subject,profile_image_url,updated,version,id) values (?,?,?,?,?,?,?,?,?,?,?) [23505-230]] [insert into calendar_users (created,display_name,email,is_admin,last_login_at,oauth_provider,oauth_subject,profile_image_url,updated,version,id) values (?,?,?,?,?,?,?,?,?,?,?)]
[ERROR]   CalendarUserTest.testFindAdminUsers:292 » Semantic Could not interpret path expression 'createdAt'
[ERROR]   CalendarUserTest.testFindByEmail:178 » ConstraintViolation could not execute statement [Unique index or primary key violation: "public.uk_calendar_users_oauth_INDEX_2 ON public.calendar_users(oauth_provider NULLS LAST, oauth_subject NULLS LAST) VALUES ( /* key:35 */ 'GOOGLE', 'test-subject')"; SQL statement:
insert into calendar_users (created,display_name,email,is_admin,last_login_at,oauth_provider,oauth_subject,profile_image_url,updated,version,id) values (?,?,?,?,?,?,?,?,?,?,?) [23505-230]] [insert into calendar_users (created,display_name,email,is_admin,last_login_at,oauth_provider,oauth_subject,profile_image_url,updated,version,id) values (?,?,?,?,?,?,?,?,?,?,?)]
[ERROR]   CalendarUserTest.testFindByEmail_NotFound:193 » ConstraintViolation could not execute statement [Unique index or primary key violation: "public.uk_calendar_users_oauth_INDEX_2 ON public.calendar_users(oauth_provider NULLS LAST, oauth_subject NULLS LAST) VALUES ( /* key:35 */ 'GOOGLE', 'test-subject')"; SQL statement:
insert into calendar_users (created,display_name,email,is_admin,last_login_at,oauth_provider,oauth_subject,profile_image_url,updated,version,id) values (?,?,?,?,?,?,?,?,?,?,?) [23505-230]] [insert into calendar_users (created,display_name,email,is_admin,last_login_at,oauth_provider,oauth_subject,profile_image_url,updated,version,id) values (?,?,?,?,?,?,?,?,?,?,?)]
[ERROR]   CalendarUserTest.testFindByOAuthSubject:148 » ConstraintViolation could not execute statement [Unique index or primary key violation: "public.uk_calendar_users_oauth_INDEX_2 ON public.calendar_users(oauth_provider NULLS LAST, oauth_subject NULLS LAST) VALUES ( /* key:35 */ 'GOOGLE', 'test-subject')"; SQL statement:
insert into calendar_users (created,display_name,email,is_admin,last_login_at,oauth_provider,oauth_subject,profile_image_url,updated,version,id) values (?,?,?,?,?,?,?,?,?,?,?) [23505-230]] [insert into calendar_users (created,display_name,email,is_admin,last_login_at,oauth_provider,oauth_subject,profile_image_url,updated,version,id) values (?,?,?,?,?,?,?,?,?,?,?)]
[ERROR]   CalendarUserTest.testFindByOAuthSubject_NotFound:164 » ConstraintViolation could not execute statement [Unique index or primary key violation: "public.uk_calendar_users_oauth_INDEX_2 ON public.calendar_users(oauth_provider NULLS LAST, oauth_subject NULLS LAST) VALUES ( /* key:35 */ 'GOOGLE', 'test-subject')"; SQL statement:
insert into calendar_users (created,display_name,email,is_admin,last_login_at,oauth_provider,oauth_subject,profile_image_url,updated,version,id) values (?,?,?,?,?,?,?,?,?,?,?) [23505-230]] [insert into calendar_users (created,display_name,email,is_admin,last_login_at,oauth_provider,oauth_subject,profile_image_url,updated,version,id) values (?,?,?,?,?,?,?,?,?,?,?)]
[ERROR]   CalendarUserTest.testHasAdminUsers_False:269 » ConstraintViolation could not execute statement [Unique index or primary key violation: "public.uk_calendar_users_oauth_INDEX_2 ON public.calendar_users(oauth_provider NULLS LAST, oauth_subject NULLS LAST) VALUES ( /* key:35 */ 'GOOGLE', 'test-subject')"; SQL statement:
insert into calendar_users (created,display_name,email,is_admin,last_login_at,oauth_provider,oauth_subject,profile_image_url,updated,version,id) values (?,?,?,?,?,?,?,?,?,?,?) [23505-230]] [insert into calendar_users (created,display_name,email,is_admin,last_login_at,oauth_provider,oauth_subject,profile_image_url,updated,version,id) values (?,?,?,?,?,?,?,?,?,?,?)]
[ERROR]   CalendarUserTest.testHasAdminUsers_True:254 » ConstraintViolation could not execute statement [Unique index or primary key violation: "public.uk_calendar_users_oauth_INDEX_2 ON public.calendar_users(oauth_provider NULLS LAST, oauth_subject NULLS LAST) VALUES ( /* key:35 */ 'GOOGLE', 'test-subject')"; SQL statement:
insert into calendar_users (created,display_name,email,is_admin,last_login_at,oauth_provider,oauth_subject,profile_image_url,updated,version,id) values (?,?,?,?,?,?,?,?,?,?,?) [23505-230]] [insert into calendar_users (created,display_name,email,is_admin,last_login_at,oauth_provider,oauth_subject,profile_image_url,updated,version,id) values (?,?,?,?,?,?,?,?,?,?,?)]
[ERROR]   CalendarUserTest.testRelationships_CascadeRemove:339 » TransientPropertyValue Persistent instance of 'villagecompute.calendar.data.models.UserCalendar' references an unsaved transient instance of 'villagecompute.calendar.data.models.CalendarUser' (persist the transient instance before flushing) [villagecompute.calendar.data.models.UserCalendar.user -> villagecompute.calendar.data.models.CalendarUser]
[ERROR]   PageViewTest.testFindByUser:181 » ConstraintViolation could not execute statement [Referential integrity constraint violation: "fk_page_views_user: public.page_views FOREIGN KEY(user_id) REFERENCES public.calendar_users(id) (UUID 'cded5faf-923c-46d2-879c-cd3466eb43f9')"; SQL statement:
insert into page_views (created,path,referrer,session_id,updated,user_id,user_agent,version,id) values (?,?,?,?,?,?,?,?,?) [23506-230]] [insert into page_views (created,path,referrer,session_id,updated,user_id,user_agent,version,id) values (?,?,?,?,?,?,?,?,?)]
[ERROR]   PageViewTest.testRelationships_ManyToOneUser » ArcUndeclaredThrowable Error invoking subclass method
[ERROR]   UserCalendarTest.testCopyForSession » ArcUndeclaredThrowable Error invoking subclass method
[ERROR]   UserCalendarTest.testFindBySession:183 » ConstraintViolation could not execute statement [Referential integrity constraint violation: "fk_user_calendars_template: public.user_calendars FOREIGN KEY(template_id) REFERENCES public.calendar_templates(id) (UUID '9365752f-3fa7-42dd-a39e-ba20e63cf318')"; SQL statement:
insert into user_calendars (configuration,created,generated_pdf_url,generated_svg,is_public,name,session_id,template_id,updated,user_id,version,"year",id) values (?,?,?,?,?,?,?,?,?,?,?,?,?) [23506-230]] [insert into user_calendars (configuration,created,generated_pdf_url,generated_svg,is_public,name,session_id,template_id,updated,user_id,version,"year",id) values (?,?,?,?,?,?,?,?,?,?,?,?,?)]
[ERROR]   UserCalendarTest.testFindBySessionAndName:241 » ConstraintViolation could not execute statement [Referential integrity constraint violation: "fk_user_calendars_template: public.user_calendars FOREIGN KEY(template_id) REFERENCES public.calendar_templates(id) (UUID 'e7ba15e5-58ef-48d7-9626-3949159a1700')"; SQL statement:
insert into user_calendars (configuration,created,generated_pdf_url,generated_svg,is_public,name,session_id,template_id,updated,user_id,version,"year",id) values (?,?,?,?,?,?,?,?,?,?,?,?,?) [23506-230]] [insert into user_calendars (configuration,created,generated_pdf_url,generated_svg,is_public,name,session_id,template_id,updated,user_id,version,"year",id) values (?,?,?,?,?,?,?,?,?,?,?,?,?)]
[ERROR]   UserCalendarTest.testFindByUser:221 » ConstraintViolation could not execute statement [Referential integrity constraint violation: "fk_user_calendars_template: public.user_calendars FOREIGN KEY(template_id) REFERENCES public.calendar_templates(id) (UUID 'e62d75ff-d8e3-407c-8121-b1d5e6b0cd22')"; SQL statement:
insert into user_calendars (configuration,created,generated_pdf_url,generated_svg,is_public,name,session_id,template_id,updated,user_id,version,"year",id) values (?,?,?,?,?,?,?,?,?,?,?,?,?) [23506-230]] [insert into user_calendars (configuration,created,generated_pdf_url,generated_svg,is_public,name,session_id,template_id,updated,user_id,version,"year",id) values (?,?,?,?,?,?,?,?,?,?,?,?,?)]
[ERROR]   UserCalendarTest.testFindByUserAndYear:202 » ConstraintViolation could not execute statement [Referential integrity constraint violation: "fk_user_calendars_template: public.user_calendars FOREIGN KEY(template_id) REFERENCES public.calendar_templates(id) (UUID 'f25142b7-f4ce-4a9d-a5d1-551f0ce5f4b6')"; SQL statement:
insert into user_calendars (configuration,created,generated_pdf_url,generated_svg,is_public,name,session_id,template_id,updated,user_id,version,"year",id) values (?,?,?,?,?,?,?,?,?,?,?,?,?) [23506-230]] [insert into user_calendars (configuration,created,generated_pdf_url,generated_svg,is_public,name,session_id,template_id,updated,user_id,version,"year",id) values (?,?,?,?,?,?,?,?,?,?,?,?,?)]
[ERROR]   UserCalendarTest.testFindPublicById:261 » ConstraintViolation could not execute statement [Referential integrity constraint violation: "fk_user_calendars_template: public.user_calendars FOREIGN KEY(template_id) REFERENCES public.calendar_templates(id) (UUID '0e8bedbc-497e-4942-92ee-1c069d55e1c8')"; SQL statement:
insert into user_calendars (configuration,created,generated_pdf_url,generated_svg,is_public,name,session_id,template_id,updated,user_id,version,"year",id) values (?,?,?,?,?,?,?,?,?,?,?,?,?) [23506-230]] [insert into user_calendars (configuration,created,generated_pdf_url,generated_svg,is_public,name,session_id,template_id,updated,user_id,version,"year",id) values (?,?,?,?,?,?,?,?,?,?,?,?,?)]
[ERROR]   UserCalendarTest.testFindPublicCalendars:286 » ConstraintViolation could not execute statement [Referential integrity constraint violation: "fk_user_calendars_template: public.user_calendars FOREIGN KEY(template_id) REFERENCES public.calendar_templates(id) (UUID '34f5c89b-51fb-4391-9fb9-46d239e0e5dd')"; SQL statement:
insert into user_calendars (configuration,created,generated_pdf_url,generated_svg,is_public,name,session_id,template_id,updated,user_id,version,"year",id) values (?,?,?,?,?,?,?,?,?,?,?,?,?) [23506-230]] [insert into user_calendars (configuration,created,generated_pdf_url,generated_svg,is_public,name,session_id,template_id,updated,user_id,version,"year",id) values (?,?,?,?,?,?,?,?,?,?,?,?,?)]
[ERROR]   UserCalendarTest.testJsonbSerialization » ArcUndeclaredThrowable Error invoking subclass method
[ERROR]   UserCalendarTest.testJsonbSerialization_NullJson » ArcUndeclaredThrowable Error invoking subclass method
[ERROR]   UserCalendarTest.testRelationships_CascadeRemoveOrders:392 » TransientPropertyValue Persistent instance of 'villagecompute.calendar.data.models.CalendarOrder' references an unsaved transient instance of 'villagecompute.calendar.data.models.UserCalendar' (persist the transient instance before flushing) [villagecompute.calendar.data.models.CalendarOrder.calendar -> villagecompute.calendar.data.models.UserCalendar]
[ERROR]   UserCalendarTest.testRelationships_ManyToOneTemplate » ArcUndeclaredThrowable Error invoking subclass method
[ERROR]   UserCalendarTest.testRelationships_ManyToOneUser » ArcUndeclaredThrowable Error invoking subclass method
[ERROR]   CalendarOrderRepositoryTest.testFindByCalendar:119 » ConstraintViolation could not execute statement [Referential integrity constraint violation: "fk_calendar_orders_calendar: public.calendar_orders FOREIGN KEY(calendar_id) REFERENCES public.user_calendars(id) (UUID '9651c055-9ac7-446a-9c0b-56a0c3d7599a')"; SQL statement:
insert into calendar_orders (calendar_id,created,notes,paid_at,quantity,shipped_at,shipping_address,status,stripe_charge_id,stripe_payment_intent_id,total_price,unit_price,updated,user_id,version,id) values (?,?,?,?,?,?,?,?,?,?,?,?,?,?,?,?) [23506-230]] [insert into calendar_orders (calendar_id,created,notes,paid_at,quantity,shipped_at,shipping_address,status,stripe_charge_id,stripe_payment_intent_id,total_price,unit_price,updated,user_id,version,id) values (?,?,?,?,?,?,?,?,?,?,?,?,?,?,?,?)]
[ERROR]   CalendarOrderRepositoryTest.testFindByStatusOrderByCreatedDesc:89 » ConstraintViolation could not execute statement [Referential integrity constraint violation: "fk_calendar_orders_calendar: public.calendar_orders FOREIGN KEY(calendar_id) REFERENCES public.user_calendars(id) (UUID 'd44020d1-0843-482f-a01d-3bbb2c2eb07e')"; SQL statement:
insert into calendar_orders (calendar_id,created,notes,paid_at,quantity,shipped_at,shipping_address,status,stripe_charge_id,stripe_payment_intent_id,total_price,unit_price,updated,user_id,version,id) values (?,?,?,?,?,?,?,?,?,?,?,?,?,?,?,?) [23506-230]] [insert into calendar_orders (calendar_id,created,notes,paid_at,quantity,shipped_at,shipping_address,status,stripe_charge_id,stripe_payment_intent_id,total_price,unit_price,updated,user_id,version,id) values (?,?,?,?,?,?,?,?,?,?,?,?,?,?,?,?)]
[ERROR]   CalendarOrderRepositoryTest.testFindByStripePaymentIntent:134 » ConstraintViolation could not execute statement [Referential integrity constraint violation: "fk_calendar_orders_calendar: public.calendar_orders FOREIGN KEY(calendar_id) REFERENCES public.user_calendars(id) (UUID 'a37ceb56-8e6d-4637-812e-a6807a2f2bd3')"; SQL statement:
insert into calendar_orders (calendar_id,created,notes,paid_at,quantity,shipped_at,shipping_address,status,stripe_charge_id,stripe_payment_intent_id,total_price,unit_price,updated,user_id,version,id) values (?,?,?,?,?,?,?,?,?,?,?,?,?,?,?,?) [23506-230]] [insert into calendar_orders (calendar_id,created,notes,paid_at,quantity,shipped_at,shipping_address,status,stripe_charge_id,stripe_payment_intent_id,total_price,unit_price,updated,user_id,version,id) values (?,?,?,?,?,?,?,?,?,?,?,?,?,?,?,?)]
[ERROR]   CalendarOrderRepositoryTest.testFindByUser:104 » ConstraintViolation could not execute statement [Referential integrity constraint violation: "fk_calendar_orders_calendar: public.calendar_orders FOREIGN KEY(calendar_id) REFERENCES public.user_calendars(id) (UUID '292b4e8e-4327-49fd-abf0-bcaf0ff4f9ce')"; SQL statement:
insert into calendar_orders (calendar_id,created,notes,paid_at,quantity,shipped_at,shipping_address,status,stripe_charge_id,stripe_payment_intent_id,total_price,unit_price,updated,user_id,version,id) values (?,?,?,?,?,?,?,?,?,?,?,?,?,?,?,?) [23506-230]] [insert into calendar_orders (calendar_id,created,notes,paid_at,quantity,shipped_at,shipping_address,status,stripe_charge_id,stripe_payment_intent_id,total_price,unit_price,updated,user_id,version,id) values (?,?,?,?,?,?,?,?,?,?,?,?,?,?,?,?)]
[ERROR]   CalendarOrderRepositoryTest.testFindByUserAndStatus:211 » ConstraintViolation could not execute statement [Referential integrity constraint violation: "fk_calendar_orders_calendar: public.calendar_orders FOREIGN KEY(calendar_id) REFERENCES public.user_calendars(id) (UUID '4ffe23d4-016b-454f-b8a4-4324f265feb1')"; SQL statement:
insert into calendar_orders (calendar_id,created,notes,paid_at,quantity,shipped_at,shipping_address,status,stripe_charge_id,stripe_payment_intent_id,total_price,unit_price,updated,user_id,version,id) values (?,?,?,?,?,?,?,?,?,?,?,?,?,?,?,?) [23506-230]] [insert into calendar_orders (calendar_id,created,notes,paid_at,quantity,shipped_at,shipping_address,status,stripe_charge_id,stripe_payment_intent_id,total_price,unit_price,updated,user_id,version,id) values (?,?,?,?,?,?,?,?,?,?,?,?,?,?,?,?)]
[ERROR]   CalendarOrderRepositoryTest.testFindPaidNotShipped:195 » ConstraintViolation could not execute statement [Referential integrity constraint violation: "fk_calendar_orders_calendar: public.calendar_orders FOREIGN KEY(calendar_id) REFERENCES public.user_calendars(id) (UUID 'e76ea93c-5579-458b-901c-6180b502fbfd')"; SQL statement:
insert into calendar_orders (calendar_id,created,notes,paid_at,quantity,shipped_at,shipping_address,status,stripe_charge_id,stripe_payment_intent_id,total_price,unit_price,updated,user_id,version,id) values (?,?,?,?,?,?,?,?,?,?,?,?,?,?,?,?) [23506-230]] [insert into calendar_orders (calendar_id,created,notes,paid_at,quantity,shipped_at,shipping_address,status,stripe_charge_id,stripe_payment_intent_id,total_price,unit_price,updated,user_id,version,id) values (?,?,?,?,?,?,?,?,?,?,?,?,?,?,?,?)]
[ERROR]   CalendarOrderRepositoryTest.testFindPendingOrders:177 » ConstraintViolation could not execute statement [Referential integrity constraint violation: "fk_calendar_orders_calendar: public.calendar_orders FOREIGN KEY(calendar_id) REFERENCES public.user_calendars(id) (UUID '6d742c24-987f-4508-857d-43ee91c3bfc7')"; SQL statement:
insert into calendar_orders (calendar_id,created,notes,paid_at,quantity,shipped_at,shipping_address,status,stripe_charge_id,stripe_payment_intent_id,total_price,unit_price,updated,user_id,version,id) values (?,?,?,?,?,?,?,?,?,?,?,?,?,?,?,?) [23506-230]] [insert into calendar_orders (calendar_id,created,notes,paid_at,quantity,shipped_at,shipping_address,status,stripe_charge_id,stripe_payment_intent_id,total_price,unit_price,updated,user_id,version,id) values (?,?,?,?,?,?,?,?,?,?,?,?,?,?,?,?)]
[ERROR]   CalendarOrderRepositoryTest.testFindRecentOrders:155 » ConstraintViolation could not execute statement [Referential integrity constraint violation: "fk_calendar_orders_calendar: public.calendar_orders FOREIGN KEY(calendar_id) REFERENCES public.user_calendars(id) (UUID '96530971-7444-4210-a6c3-ad82ddc4836c')"; SQL statement:
insert into calendar_orders (calendar_id,created,notes,paid_at,quantity,shipped_at,shipping_address,status,stripe_charge_id,stripe_payment_intent_id,total_price,unit_price,updated,user_id,version,id) values (?,?,?,?,?,?,?,?,?,?,?,?,?,?,?,?) [23506-230]] [insert into calendar_orders (calendar_id,created,notes,paid_at,quantity,shipped_at,shipping_address,status,stripe_charge_id,stripe_payment_intent_id,total_price,unit_price,updated,user_id,version,id) values (?,?,?,?,?,?,?,?,?,?,?,?,?,?,?,?)]
[ERROR]   CalendarOrderRepositoryTest.testOrderHelperMethods:229 » ConstraintViolation could not execute statement [Referential integrity constraint violation: "fk_calendar_orders_calendar: public.calendar_orders FOREIGN KEY(calendar_id) REFERENCES public.user_calendars(id) (UUID '0c0ef36c-4b3e-41be-9b36-4614955cfd85')"; SQL statement:
insert into calendar_orders (calendar_id,created,notes,paid_at,quantity,shipped_at,shipping_address,status,stripe_charge_id,stripe_payment_intent_id,total_price,unit_price,updated,user_id,version,id) values (?,?,?,?,?,?,?,?,?,?,?,?,?,?,?,?) [23506-230]] [insert into calendar_orders (calendar_id,created,notes,paid_at,quantity,shipped_at,shipping_address,status,stripe_charge_id,stripe_payment_intent_id,total_price,unit_price,updated,user_id,version,id) values (?,?,?,?,?,?,?,?,?,?,?,?,?,?,?,?)]
[ERROR]   UserCalendarRepositoryTest.testFindBySession:112 » ConstraintViolation could not execute statement [Referential integrity constraint violation: "fk_user_calendars_template: public.user_calendars FOREIGN KEY(template_id) REFERENCES public.calendar_templates(id) (UUID '8ef3ced8-427b-40b5-9398-453895807ec8')"; SQL statement:
insert into user_calendars (configuration,created,generated_pdf_url,generated_svg,is_public,name,session_id,template_id,updated,user_id,version,"year",id) values (?,?,?,?,?,?,?,?,?,?,?,?,?) [23506-230]] [insert into user_calendars (configuration,created,generated_pdf_url,generated_svg,is_public,name,session_id,template_id,updated,user_id,version,"year",id) values (?,?,?,?,?,?,?,?,?,?,?,?,?)]
[ERROR]   UserCalendarRepositoryTest.testFindByTemplate:172 » ConstraintViolation could not execute statement [Referential integrity constraint violation: "fk_user_calendars_template: public.user_calendars FOREIGN KEY(template_id) REFERENCES public.calendar_templates(id) (UUID '6fc7f582-7be1-4748-8164-940e6dad5691')"; SQL statement:
insert into user_calendars (configuration,created,generated_pdf_url,generated_svg,is_public,name,session_id,template_id,updated,user_id,version,"year",id) values (?,?,?,?,?,?,?,?,?,?,?,?,?) [23506-230]] [insert into user_calendars (configuration,created,generated_pdf_url,generated_svg,is_public,name,session_id,template_id,updated,user_id,version,"year",id) values (?,?,?,?,?,?,?,?,?,?,?,?,?)]
[ERROR]   UserCalendarRepositoryTest.testFindByUser:89 » ConstraintViolation could not execute statement [Referential integrity constraint violation: "fk_user_calendars_template: public.user_calendars FOREIGN KEY(template_id) REFERENCES public.calendar_templates(id) (UUID 'ef69f396-5709-4c8a-bb6c-ef0e074458f0')"; SQL statement:
insert into user_calendars (configuration,created,generated_pdf_url,generated_svg,is_public,name,session_id,template_id,updated,user_id,version,"year",id) values (?,?,?,?,?,?,?,?,?,?,?,?,?) [23506-230]] [insert into user_calendars (configuration,created,generated_pdf_url,generated_svg,is_public,name,session_id,template_id,updated,user_id,version,"year",id) values (?,?,?,?,?,?,?,?,?,?,?,?,?)]
[ERROR]   UserCalendarRepositoryTest.testFindByUserAndYear:73 » ConstraintViolation could not execute statement [Referential integrity constraint violation: "fk_user_calendars_template: public.user_calendars FOREIGN KEY(template_id) REFERENCES public.calendar_templates(id) (UUID '317fc0e4-add7-4991-bc90-46c724f9bd22')"; SQL statement:
insert into user_calendars (configuration,created,generated_pdf_url,generated_svg,is_public,name,session_id,template_id,updated,user_id,version,"year",id) values (?,?,?,?,?,?,?,?,?,?,?,?,?) [23506-230]] [insert into user_calendars (configuration,created,generated_pdf_url,generated_svg,is_public,name,session_id,template_id,updated,user_id,version,"year",id) values (?,?,?,?,?,?,?,?,?,?,?,?,?)]
[ERROR]   UserCalendarRepositoryTest.testFindByYear:188 » ConstraintViolation could not execute statement [Referential integrity constraint violation: "fk_user_calendars_template: public.user_calendars FOREIGN KEY(template_id) REFERENCES public.calendar_templates(id) (UUID '55d8d082-c547-4d27-8e05-457152fd3eee')"; SQL statement:
insert into user_calendars (configuration,created,generated_pdf_url,generated_svg,is_public,name,session_id,template_id,updated,user_id,version,"year",id) values (?,?,?,?,?,?,?,?,?,?,?,?,?) [23506-230]] [insert into user_calendars (configuration,created,generated_pdf_url,generated_svg,is_public,name,session_id,template_id,updated,user_id,version,"year",id) values (?,?,?,?,?,?,?,?,?,?,?,?,?)]
[ERROR]   UserCalendarRepositoryTest.testFindPublicById:132 » ConstraintViolation could not execute statement [Referential integrity constraint violation: "fk_user_calendars_template: public.user_calendars FOREIGN KEY(template_id) REFERENCES public.calendar_templates(id) (UUID 'b5aab825-44af-452f-b9fe-bbcb6727be7d')"; SQL statement:
insert into user_calendars (configuration,created,generated_pdf_url,generated_svg,is_public,name,session_id,template_id,updated,user_id,version,"year",id) values (?,?,?,?,?,?,?,?,?,?,?,?,?) [23506-230]] [insert into user_calendars (configuration,created,generated_pdf_url,generated_svg,is_public,name,session_id,template_id,updated,user_id,version,"year",id) values (?,?,?,?,?,?,?,?,?,?,?,?,?)]
[ERROR]   UserCalendarRepositoryTest.testFindPublicCalendars:157 » ConstraintViolation could not execute statement [Referential integrity constraint violation: "fk_user_calendars_template: public.user_calendars FOREIGN KEY(template_id) REFERENCES public.calendar_templates(id) (UUID 'fb6aa143-0e81-4ffc-ab7e-8ee9fa63ca88')"; SQL statement:
insert into user_calendars (configuration,created,generated_pdf_url,generated_svg,is_public,name,session_id,template_id,updated,user_id,version,"year",id) values (?,?,?,?,?,?,?,?,?,?,?,?,?) [23506-230]] [insert into user_calendars (configuration,created,generated_pdf_url,generated_svg,is_public,name,session_id,template_id,updated,user_id,version,"year",id) values (?,?,?,?,?,?,?,?,?,?,?,?,?)]
[INFO] 
[ERROR] Tests run: 220, Failures: 25, Errors: 64, Skipped: 0
[INFO] 
[INFO] ------------------------------------------------------------------------
[INFO] BUILD FAILURE
[INFO] ------------------------------------------------------------------------
[INFO] Total time:  30.646 s
[INFO] Finished at: 2025-10-17T04:13:27-04:00
[INFO] ------------------------------------------------------------------------
[ERROR] Failed to execute goal org.apache.maven.plugins:maven-surefire-plugin:3.5.2:test (default-test) on project village-calendar: There are test failures.
[ERROR] 
[ERROR] See /Users/tea/dev/VillageCompute/code/village-calendar/target/surefire-reports for the individual test results.
[ERROR] See dump files (if any exist) [date].dump, [date]-jvmRun[N].dump and [date].dumpstream.
[ERROR] -> [Help 1]
[ERROR] 
[ERROR] To see the full stack trace of the errors, re-run Maven with the -e switch.
[ERROR] Re-run Maven using the -X switch to enable full debug logging.
[ERROR] 
[ERROR] For more information about the errors and possible solutions, please read the following articles:
[ERROR] [Help 1] http://cwiki.apache.org/confluence/display/MAVEN/MojoFailureException
